
[Licensing::Module] Trying to connect to existing licensing client channel...
Built from '6000.5/staging' branch; Version is '6000.5.7f1 (017862109af0) revision 96354'; Using compiler version '194234433'; Build Type 'Release'
[Licensing::IpcConnector] Channel LicenseClient-<redacted> doesn't exist
OS: 'Windows 11  (10.0.26200) Professional' Language: 'pt' Physical Memory: 32690 MB
BatchMode: 1, IsHumanControllingUs: 0, StartBugReporterOnCrash: 0, Is64bit: 1
System  architecture: x64
Process architecture: x64
Date: 2026-08-17T22:17:01Z
[Licensing::Module] Successfully launched the LicensingClient (PId: <redacted>)

COMMAND LINE ARGUMENTS:
<local-path>
-batchmode
-nographics
-projectPath
<local-path>\tileset-conflict
-logFile
<local-path>\unity-stage3-tileset-conflict.log
Successfully changed project path to: <local-path>\tileset-conflict
<local-path>
[UnityMemory] Configuration Parameters - Can be set up in boot.config
    "memorysetup-temp-allocator-size-gi-baking-worker=262144"
    "memorysetup-temp-allocator-size-gi-baking-worker=262144"
    "memorysetup-temp-allocator-size-gi-baking-worker=262144"
    "memorysetup-temp-allocator-size-gi-baking-worker=262144"
    "memorysetup-temp-allocator-size-gi-baking-worker=262144"
    "memorysetup-temp-allocator-size-nav-mesh-worker=65536"
    "memorysetup-temp-allocator-size-audio-worker=65536"
    "memorysetup-temp-allocator-size-cloud-worker=32768"
    "memorysetup-temp-allocator-size-gfx=262144"
    "memorysetup-temp-allocator-size-preload-manager=33554432"
    "memorysetup-allocator-temp-initial-block-size-main=262144"
    "memorysetup-allocator-temp-initial-block-size-worker=262144"
    "memorysetup-temp-allocator-size-job-worker=262144"
    "memorysetup-temp-allocator-size-background-worker=32768"
    "memorysetup-bucket-allocator-granularity=16"
    "memorysetup-bucket-allocator-bucket-count=8"
    "memorysetup-bucket-allocator-block-size=33554432"
    "memorysetup-bucket-allocator-block-count=8"
    "memorysetup-main-allocator-block-size=16777216"
    "memorysetup-thread-allocator-block-size=16777216"
    "memorysetup-main-allocator-mimalloc-enabled=0"
    "memorysetup-gfx-main-allocator-block-size=16777216"
    "memorysetup-gfx-thread-allocator-block-size=16777216"
    "memorysetup-cache-allocator-block-size=4194304"
    "memorysetup-typetree-allocator-block-size=2097152"
    "memorysetup-profiler-bucket-allocator-granularity=16"
    "memorysetup-profiler-bucket-allocator-bucket-count=8"
    "memorysetup-profiler-bucket-allocator-block-size=33554432"
    "memorysetup-profiler-bucket-allocator-block-count=8"
    "memorysetup-profiler-allocator-block-size=16777216"
    "memorysetup-profiler-editor-allocator-block-size=1048576"
    "memorysetup-temp-allocator-size-main=16777216"
    "memorysetup-job-temp-allocator-block-size=2097152"
    "memorysetup-job-temp-allocator-block-size-background=1048576"
    "memorysetup-job-temp-allocator-reduction-small-platforms=262144"
Logging is directed to a specific file, skipping project log.<redacted-player-connection>

<redacted-player-connection>"[IP] <network-address> [Port] 55505 [Flags] 2 [Guid] 2013755716 [EditorId] 2013755716 [Version] 1048832 [Id] WindowsEditor(<redacted>) [Debug] 1 [PackageName] WindowsEditor [ProjectName] Editor" 

<redacted-player-connection>"[IP] <network-address> [Port] 55505 [Flags] 2 [Guid] 2013755716 [EditorId] 2013755716 [Version] 1048832 [Id] WindowsEditor(<redacted>) [Debug] 1 [PackageName] WindowsEditor [ProjectName] Editor" 

<redacted-player-connection>"[IP] <network-address> [Port] 55505 [Flags] 2 [Guid] 2013755716 [EditorId] 2013755716 [Version] 1048832 [Id] WindowsEditor(<redacted>) [Debug] 1 [PackageName] WindowsEditor [ProjectName] Editor" 

<redacted-player-connection>"[IP] <network-address> [Port] 55505 [Flags] 2 [Guid] 2013755716 [EditorId] 2013755716 [Version] 1048832 [Id] WindowsEditor(<redacted>) [Debug] 1 [PackageName] WindowsEditor [ProjectName] Editor" 

<redacted-player-connection>
<redacted-player-connection>
Input System module state changed to: Initialized.
[Physics::Module] Initialized fallback backend.
[Physics::Module] Id: 0xdecafbad
Starting IPC server.
Waiting for clients to connect on \\.\pipe\Unity-LicenseClient-<redacted>, press Ctrl-C to exit.
[Licensing::IpcConnector] Successfully connected to: "LicenseClient-<redacted>" at "2026-08-17T22:17:02.0839879Z"
[Package Manager] Connected to IPC stream "Upm-22016" after 0.3 seconds.
[Licensing::Module] Licensing is not yet initialized.
[Licensing::Client] Code 10 while verifying Licensing Client signature (process Id: <redacted>, path: "<local-path>")
[Licensing::Module] LicensingClient has failed validation; ignoring
[Licensing::Client] Handshaking with LicensingClient:
  Version:                 1.18.1+9fbee8e
  Session Id:<redacted>
  Correlation Id:<redacted>
  External correlation Id:<redacted>
  Machine Id:<redacted>
[Licensing::Module] Successfully connected to LicensingClient on channel: "LicenseClient-<redacted>" (connect: 0.37s, validation: 0.04s, handshake: 0.03s)
[Licensing::IpcConnector] Successfully connected to: "LicenseClient-<redacted>" at "2026-08-17T22:17:02.1626657Z"
[Licensing::Module] Connected to LicensingClient (PId: <redacted>, launch time: 0.01, total connection time: 0.45s)
[Licensing::Module] Error: Access token is unavailable; failed to update
[Licensing::Client] Successfully resolved entitlement details
[Licensing::Module] License group:
  Id: 4674131544823-UnityPersXXXX
  Product: Unity Personal
  Type: Assigned
  Expiration: Unlimited
[Licensing::Client] Successfully updated license, isAsync: True, time: 0.02
[Licensing::Client] Successfully resolved entitlement details
[Licensing::Module] Licensing Background thread has ended after 0.50s
[Licensing::Module] Licensing is initialized (took 0.09s).
[Licensing::Client] Successfully resolved entitlement details
Library Redirect Path: Library/
Rebuilding Library because the asset database could not be found!
[Physics::Module] Selected backend.
[Physics::Module] Name: PhysX
[Physics::Module] Id: 0xf2b8ea05
[Physics::Module] SDK Version: 4.1.2
[Physics::Module] Integration Version: 1.0.0
[Physics::Module] Threading Mode: Multi-Threaded
Initialize engine version: 6000.5.7f1 (017862109af0)
[Subsystems] Discovering subsystems at path <local-path>
[Subsystems] Discovering subsystems at path <local-path>
Forcing GfxDevice: Null
GfxDevice: creating device client; kGfxThreadingModeNonThreaded
NullGfxDevice:
    Version:  NULL 1.0 [1.0]
    Renderer: Null Device
    Vendor:   Unity Technologies
Initialize mono
Mono path[0] = '<local-path>
Mono path[1] = '<local-path>
Mono path[2] = '<local-path>
Mono config path = '<local-path>
Using monoOptions --debugger-agent=transport=dt_socket,embedding=1,server=y,suspend=n,address=<network-address>:56016
CodeReloadManager initialized
ImportWorker Server TCP listen port: 0
AcceleratorClientConnectionCallback - disconnected - :0
Begin MonoManager ReloadAssembly
Registering precompiled unity dll's ...
Register platform support module: <local-path>
Register platform support module: <local-path>
Registered in 0.006159 seconds.
Native extension for WindowsStandalone target not found
Native extension for WebGL target not found
Package Manager log level set to [2]
ScheduleIndexationOnStartup MainProcess:False IndexOnStartup:False
Mono: successfully reloaded assembly
- Finished resetting the current domain, in  0.392 seconds
Domain Reload Profiling: 1065ms
	BeginReloadAssembly (207ms)
		CreateAndSetChildDomain (26ms)
	RebuildCommonClasses (5ms)
	RebuildNativeTypeToScriptingClass (18ms)
	initialDomainReloadingComplete (110ms)
	LoadAllAssembliesAndSetupDomain (330ms)
		LoadAssemblies (170ms)
		AnalyzeDomain (228ms)
			TypeCache.Refresh (226ms)
				TypeCache.ScanAssembly (212ms)
	FinalizeReload (395ms)
		SetupLoadedEditorAssemblies (0ms)
			InitializePlatformSupportModulesInManaged (3ms)
			BeforeProcessingInitializeOnLoad (94ms)
			ProcessInitializeOnLoadAttributes (105ms)
			ProcessInitializeOnLoadMethodAttributes (118ms)
[Licensing::Client] Successfully resolved entitlement details
Application.AssetDatabase Initial Refresh Start
[Package Manager] Done resolving packages in 0.51 seconds
[Licensing::Client] Successfully resolved entitlement details
[Package Manager] Lock file was created
[Package Manager] Registered 1 packages:
  Local packages:
    com.neoeng.dtrace@file:<repo>\integrations\unity\package\com.neoeng.dtrace (location: <repo>\integrations\unity\package\com.neoeng.dtrace)
[Subsystems] No new subsystems found in resolved package list.
[Package Manager] Done registering packages in 0.00 seconds
AcceleratorClientConnectionCallback - disconnected - :0
[ScriptCompilation] Requested script compilation because: Assembly Definition File(s) changed
[ScriptCompilation] Requested script compilation because: AssetDatabase observed changes in script compilation related files
info: Microsoft.Hosting.Lifetime[14]
      Now listening on: htt<local-path>
info: Microsoft.Hosting.Lifetime[0]
      Application started. Press Ctrl+C to shut down.
info: Microsoft.Hosting.Lifetime[0]
      Hosting environment: Production
info: Microsoft.Hosting.Lifetime[0]
      Content root path: <local-path>\tileset-conflict
info: Microsoft.AspNetCore.Hosting.Diagnostics[1]
      Request starting HTTP/2 POST htt<local-path>
info: Microsoft.AspNetCore.Routing.EndpointMiddleware[0]
      Executing endpoint 'gRPC - /UnityILPP.PostProcessing/Ping'
info: Microsoft.AspNetCore.Routing.EndpointMiddleware[1]
      Executed endpoint 'gRPC - /UnityILPP.PostProcessing/Ping'
info: Microsoft.AspNetCore.Hosting.Diagnostics[2]
      Request finished HTTP/2 POST htt<local-path>
Starting: <local-path>"Library/Bee/1900b0aE.dag" --continue-on-failure --profile="Library/Bee/backend1.traceevents" ScriptAssemblies
WorkingDir: <local-path>
ExitCode: 4 Duration: 0s38ms
[             ] Require frontend run.  Library/Bee/1900b0aE.dag couldn't be loaded
DisplayProgressbar: Compiling Scripts
Starting: <local-path>"<local-path>" "Library/Bee/1900b0aE.dag.json" "Library/Bee/1900b0aE-inputdata.json" "Library\Bee\buildprogram0.traceevents"
WorkingDir: <local-path>
ExitCode: 0 Duration: 0s238ms
Starting: <local-path>"Library/Bee/1900b0aE.dag" --continue-on-failure --dagfilejson="Library\Bee\1900b0aE.dag.json" --profile="Library/Bee/backend2.traceevents" ScriptAssemblies
WorkingDir: <local-path>
ExitCode: 0 Duration: 4s276ms
Finished compiling graph: 179 nodes, 794 flattened edges (776 ToBuild, 6 ToUse), maximum node priority 24
[  1/176    0s] MovedFromExtractor Library/Bee/artifacts/mvdfrm/UnityEditor.ShaderFoundryModule.dll_597B3810C6A1EA97.mvfrm
[  2/176    0s] MovedFromExtractor Library/Bee/artifacts/mvdfrm/UnityEditor.SafeModeModule.dll_45C769F6FF45AC21.mvfrm
[  3/176    0s] MovedFromExtractor Library/Bee/artifacts/mvdfrm/UnityEditor.ShaderBuildSettingsModule.dll_6CE3BB4B63CFCCEF.mvfrm
[  4/176    0s] MovedFromExtractor Library/Bee/artifacts/mvdfrm/UnityEditor.SketchUpModule.dll_2DDC4F474A774838.mvfrm
[  5/176    0s] MovedFromExtractor Library/Bee/artifacts/mvdfrm/UnityEditor.ShaderCompilationModule.dll_8BD4C024CDC49D21.mvfrm
[  6/176    0s] MovedFromExtractor Library/Bee/artifacts/mvdfrm/UnityEditor.SpriteMaskModule.dll_52C550464C6836D2.mvfrm
[  7/176    0s] MovedFromExtractor Library/Bee/artifacts/mvdfrm/UnityEditor.TerrainModule.dll_E965A41AD55F18F8.mvfrm
[  8/176    0s] MovedFromExtractor Library/Bee/artifacts/mvdfrm/UnityEditor.QuickSearchModule.dll_0E3FB034F2FA8E88.mvfrm
[  9/176    0s] MovedFromExtractor Library/Bee/artifacts/mvdfrm/UnityEditor.SubstanceModule.dll_77857F2E15A99E33.mvfrm
[ 10/176    0s] MovedFromExtractor Library/Bee/artifacts/mvdfrm/UnityEditor.TextCoreFontEngineModule.dll_5584907521D02D1E.mvfrm
[ 11/176    0s] MovedFromExtractor Library/Bee/artifacts/mvdfrm/UnityEditor.SceneViewModule.dll_0C55D55C7B149334.mvfrm
[ 12/176    0s] MovedFromExtractor Library/Bee/artifacts/mvdfrm/UnityEditor.SpriteShapeModule.dll_65C440F1F8C96AFF.mvfrm
[ 13/176    0s] MovedFromExtractor Library/Bee/artifacts/mvdfrm/UnityEditor.TextCoreTextEngineModule.dll_9D6CC6E6B153E63C.mvfrm
[ 14/176    0s] MovedFromExtractor Library/Bee/artifacts/mvdfrm/UnityEditor.TextRenderingModule.dll_643E8A08F64F1F62.mvfrm
[ 15/176    0s] MovedFromExtractor Library/Bee/artifacts/mvdfrm/UnityEditor.TilemapModule.dll_88620B9BED1BFA01.mvfrm
[ 16/176    0s] MovedFromExtractor Library/Bee/artifacts/mvdfrm/UnityEditor.SceneTemplateModule.dll_1A9B67CDA3F26E09.mvfrm
[ 17/176    0s] MovedFromExtractor Library/Bee/artifacts/mvdfrm/UnityEditor.PropertiesModule.dll_96D41CF49DE40594.mvfrm
[ 18/176    0s] MovedFromExtractor Library/Bee/artifacts/mvdfrm/UnityEditor.ProjectAuditorModule.dll_55D011101AD2D826.mvfrm
[ 19/176    0s] MovedFromExtractor Library/Bee/artifacts/mvdfrm/UnityEngine.InsightsModule.dll_DAA4F5080D8DD327.mvfrm
[ 20/176    0s] MovedFromExtractor Library/Bee/artifacts/mvdfrm/UnityEditor.QuickInstallModule.dll_E870CF5853AAF76F.mvfrm
[ 21/176    0s] MovedFromExtractor Library/Bee/artifacts/mvdfrm/UnityEditor.PhysicsModule.dll_CF1F28ABFFA0D00A.mvfrm
[ 22/176    0s] MovedFromExtractor Library/Bee/artifacts/mvdfrm/UnityEditor.MultiplayerModule.dll_CC0B3023FBEEC06D.mvfrm
[ 23/176    0s] MovedFromExtractor Library/Bee/artifacts/mvdfrm/UnityEditor.PlayModeModule.dll_8BBB5BB09E0EBB88.mvfrm
[ 24/176    0s] MovedFromExtractor Library/Bee/artifacts/mvdfrm/UnityEditor.Physics2DModule.dll_32EB6D851BCBE07C.mvfrm
[ 25/176    0s] MovedFromExtractor Library/Bee/artifacts/mvdfrm/UnityEditor.PresetsUIModule.dll_890C2B36884A1E2B.mvfrm
[ 26/176    0s] MovedFromExtractor Library/Bee/artifacts/mvdfrm/UnityEditor.PhysicsCore2DModule.dll_AEC3B8E88A15076B.mvfrm
[ 27/176    0s] MovedFromExtractor Library/Bee/artifacts/mvdfrm/UnityEditor.HierarchyModule.dll_BB19F93043D104E8.mvfrm
[ 28/176    0s] MovedFromExtractor Library/Bee/artifacts/mvdfrm/UnityEditor.MediaModule.dll_BD7E9226B571C0A7.mvfrm
[ 29/176    0s] MovedFromExtractor Library/Bee/artifacts/mvdfrm/UnityEditor.LightingModule.dll_3FCEE1735231754D.mvfrm
[ 30/176    0s] MovedFromExtractor Library/Bee/artifacts/mvdfrm/UnityEditor.GraphicsStateCollectionSerializerModule.dll_1F4A5F0762D36DE9.mvfrm
[ 31/176    0s] MovedFromExtractor Library/Bee/artifacts/mvdfrm/UnityEditor.MathematicsModule.dll_7177C170B79F2A29.mvfrm
[ 32/176    0s] MovedFromExtractor Library/Bee/artifacts/mvdfrm/UnityEditor.GridModule.dll_4D8EE9F7B6C08597.mvfrm
[ 33/176    0s] MovedFromExtractor Library/Bee/artifacts/mvdfrm/UnityEditor.GenericRemoteModule.dll_570137188D143B80.mvfrm
[ 34/176    0s] MovedFromExtractor Library/Bee/artifacts/mvdfrm/UnityEditor.EmbreeModule.dll_325107F39E868BE9.mvfrm
[ 35/176    0s] MovedFromExtractor Library/Bee/artifacts/mvdfrm/UnityEditor.GIModule.dll_C1D63A79B11DBE43.mvfrm
[ 36/176    0s] MovedFromExtractor Library/Bee/artifacts/mvdfrm/UnityEditor.GraphToolkitModule.dll_256E65C402D3B7C1.mvfrm
[ 37/176    0s] MovedFromExtractor Library/Bee/artifacts/mvdfrm/UnityEditor.GraphViewModule.dll_CDA5F25485F1C626.mvfrm
[ 38/176    0s] MovedFromExtractor Library/Bee/artifacts/mvdfrm/UnityEditor.EditorToolbarModule.dll_F6FBF70FA505C3D1.mvfrm
[ 39/176    0s] MovedFromExtractor Library/Bee/artifacts/mvdfrm/UnityEditor.DeviceSimulatorModule.dll_ADE4E55F9DD1D021.mvfrm
[ 40/176    0s] MovedFromExtractor Library/Bee/artifacts/mvdfrm/UnityEditor.CoreBusinessMetricsModule.dll_E4A86E1CB717CAA7.mvfrm
[ 41/176    0s] MovedFromExtractor Library/Bee/artifacts/mvdfrm/UnityEditor.BuildProfileModule.dll_099181191224893C.mvfrm
[ 42/176    0s] MovedFromExtractor Library/Bee/artifacts/mvdfrm/UnityEditor.DiagnosticsModule.dll_83302F279A23922F.mvfrm
[ 43/176    0s] MovedFromExtractor Library/Bee/artifacts/mvdfrm/UnityEditor.AssetComplianceModule.dll_E6BFF54E188DB44E.mvfrm
[ 44/176    0s] MovedFromExtractor Library/Bee/artifacts/mvdfrm/UnityEditor.ContentLoadModule.dll_E5796CD811A9DAE2.mvfrm
[ 45/176    0s] MovedFromExtractor Library/Bee/artifacts/mvdfrm/UnityEditor.AdaptivePerformanceModule.dll_64BD74A290D09BAD.mvfrm
[ 46/176    0s] MovedFromExtractor Library/Bee/artifacts/mvdfrm/UnityEditor.AccessibilityModule.dll_C0FFE13D2B701281.mvfrm
[ 47/176    0s] MovedFromExtractor Library/Bee/artifacts/mvdfrm/UnityEditor.ClothModule.dll_58A6D590114216FD.mvfrm
[ 48/176    0s] MovedFromExtractor Library/Bee/artifacts/mvdfrm/UnityEditor.CoreModule.dll_701DCE099E6BEFA0.mvfrm
[ 49/176    0s] MovedFromExtractor Library/Bee/artifacts/mvdfrm/UnityEditor.AIModule.dll_2999F16C156ED629.mvfrm
[ 50/176    0s] MovedFromExtractor Library/Bee/artifacts/mvdfrm/UnityEditor.WebGL.Extensions.dll_4D57E384C9B75910.mvfrm
[ 51/176    0s] MovedFromExtractor Library/Bee/artifacts/mvdfrm/Unity.Scripting.dll_6312751106B582E1.mvfrm
[ 52/176    0s] MovedFromExtractor Library/Bee/artifacts/mvdfrm/UnityEditor.WindowsStandalone.Extensions.dll_51E76FAEAFB11C00.mvfrm
[ 53/176    0s] MovedFromExtractor Library/Bee/artifacts/mvdfrm/UnityEditor.Graphs.dll_E035D55896AED9D2.mvfrm
[ 54/176    0s] MovedFromExtractor Library/Bee/artifacts/mvdfrm/UnityEngine.UnityConnectModule.dll_F22B129E31906F01.mvfrm
[ 55/176    0s] MovedFromExtractor Library/Bee/artifacts/mvdfrm/UnityEngine.VirtualTexturingModule.dll_FC0F60CE6D32C5A9.mvfrm
[ 56/176    0s] MovedFromExtractor Library/Bee/artifacts/mvdfrm/UnityEngine.VFXModule.dll_ABC6154FD31E85D0.mvfrm
[ 57/176    0s] MovedFromExtractor Library/Bee/artifacts/mvdfrm/UnityEngine.UnityAnalyticsCommonModule.dll_52088BBDF19918E8.mvfrm
[ 58/176    0s] MovedFromExtractor Library/Bee/artifacts/mvdfrm/UnityEngine.UnityConsentModule.dll_C3D0A9CA3E9B0551.mvfrm
[ 59/176    0s] MovedFromExtractor Library/Bee/artifacts/mvdfrm/UnityEngine.U2DRuntimeModule.dll_8EFD74B6ED4FAE3D.mvfrm
[ 60/176    0s] MovedFromExtractor Library/Bee/artifacts/mvdfrm/UnityEngine.TextCoreFontEngineModule.dll_D3E40BC834CDEBE9.mvfrm
[ 61/176    0s] MovedFromExtractor Library/Bee/artifacts/mvdfrm/UnityEngine.dll_A9B10FE8A27D34DA.mvfrm
[ 62/176    0s] MovedFromExtractor Library/Bee/artifacts/mvdfrm/UnityEngine.TextCoreTextEngineModule.dll_1BCC4239C451A507.mvfrm
[ 63/176    0s] MovedFromExtractor Library/Bee/artifacts/mvdfrm/UnityEngine.TextRenderingModule.dll_F07F7C306F47A287.mvfrm
[ 64/176    0s] MovedFromExtractor Library/Bee/artifacts/mvdfrm/UnityEngine.UnityCurlModule.dll_CF480FAED0628CB9.mvfrm
[ 65/176    0s] MovedFromExtractor Library/Bee/artifacts/mvdfrm/UnityEngine.SpriteShapeModule.dll_6B8A10810B037B84.mvfrm
[ 66/176    0s] MovedFromExtractor Library/Bee/artifacts/mvdfrm/UnityEngine.TLSModule.dll_2AE77CE0FCB11C63.mvfrm
[ 67/176    0s] MovedFromExtractor Library/Bee/artifacts/mvdfrm/UnityEngine.SubstanceModule.dll_2D6B7016FB295018.mvfrm
[ 68/176    0s] MovedFromExtractor Library/Bee/artifacts/mvdfrm/UnityEngine.StreamingModule.dll_50C05BCDAFD6520A.mvfrm
[ 69/176    0s] MovedFromExtractor Library/Bee/artifacts/mvdfrm/UnityEngine.SpriteMaskModule.dll_5373BD8E4EAC501D.mvfrm
[ 70/176    0s] MovedFromExtractor Library/Bee/artifacts/mvdfrm/UnityEngine.SharedInternalsModule.dll_A394E45706DF90E9.mvfrm
[ 71/176    0s] MovedFromExtractor Library/Bee/artifacts/mvdfrm/UnityEngine.ScriptingModule.dll_B34CC743DFD6497F.mvfrm
[ 72/176    0s] MovedFromExtractor Library/Bee/artifacts/mvdfrm/UnityEngine.RenderAs2DModule.dll_D8BA4CC27F826916.mvfrm
[ 73/176    0s] MovedFromExtractor Library/Bee/artifacts/mvdfrm/UnityEngine.ShaderVariantAnalyticsModule.dll_4CC5DB256676EEB2.mvfrm
[ 74/176    0s] MovedFromExtractor Library/Bee/artifacts/mvdfrm/UnityEngine.MultiplayerModule.dll_D1D0FFB30E28D0F2.mvfrm
[ 75/176    0s] MovedFromExtractor Library/Bee/artifacts/mvdfrm/UnityEngine.PhysicsBackendPhysXModule.dll_FF60F0E5AED23171.mvfrm
[ 76/176    0s] MovedFromExtractor Library/Bee/artifacts/mvdfrm/UnityEngine.PerformanceReportingModule.dll_B6C9CE79D7B07A8A.mvfrm
[ 77/176    0s] MovedFromExtractor Library/Bee/artifacts/mvdfrm/UnityEngine.RuntimeInitializeOnLoadManagerInitializerModule.dll_32FB239C5BF3452A.mvfrm
[ 78/176    0s] MovedFromExtractor Library/Bee/artifacts/mvdfrm/UnityEngine.MathematicsModule.dll_773D90FFC9D93AAE.mvfrm
[ 79/176    0s] MovedFromExtractor Library/Bee/artifacts/mvdfrm/UnityEngine.PropertiesModule.dll_97828A3CA0281EDF.mvfrm
[ 80/176    0s] MovedFromExtractor Library/Bee/artifacts/mvdfrm/UnityEngine.MarshallingModule.dll_FA9181BB398970CC.mvfrm
[ 81/176    0s] MovedFromExtractor Library/Bee/artifacts/mvdfrm/UnityEditor.GridAndSnapModule.dll_8CE915A91D884F1E.mvfrm
[ 82/176    0s] MovedFromExtractor Library/Bee/artifacts/mvdfrm/UnityEngine.LocalizationModule.dll_C2B4CDF7800C3415.mvfrm
[ 83/176    0s] MovedFromExtractor Library/Bee/artifacts/mvdfrm/UnityEngine.InputForUIModule.dll_6CF9A5178D5D575F.mvfrm
[ 84/176    0s] MovedFromExtractor Library/Bee/artifacts/mvdfrm/UnityEngine.InputLegacyModule.dll_E36DFE44ED52F96B.mvfrm
[ 85/176    0s] MovedFromExtractor Library/Bee/artifacts/mvdfrm/UnityEngine.InputModule.dll_1E60FCA9DEDA8D62.mvfrm
[ 86/176    0s] MovedFromExtractor Library/Bee/artifacts/mvdfrm/UnityEngine.GridModule.dll_70AFBD4A5EC5F0C2.mvfrm
[ 87/176    0s] MovedFromExtractor Library/Bee/artifacts/mvdfrm/UnityEngine.GraphicsStateCollectionSerializerModule.dll_283E2BF72FD2B74E.mvfrm
[ 88/176    0s] MovedFromExtractor Library/Bee/artifacts/mvdfrm/UnityEngine.IdentifiersModule.dll_2AB26B1C17DA1192.mvfrm
[ 89/176    0s] MovedFromExtractor Library/Bee/artifacts/mvdfrm/UnityEngine.GIModule.dll_0044CC091C9AF20E.mvfrm
[ 90/176    0s] MovedFromExtractor Library/Bee/artifacts/mvdfrm/UnityEngine.GameCenterModule.dll_6A474AFE2D3CBAA3.mvfrm
[ 91/176    0s] MovedFromExtractor Library/Bee/artifacts/mvdfrm/UnityEngine.HotReloadModule.dll_1D742C833B81B64E.mvfrm
[ 92/176    0s] MovedFromExtractor Library/Bee/artifacts/mvdfrm/UnityEngine.DSPGraphModule.dll_462F8DE0F57154C9.mvfrm
[ 93/176    0s] MovedFromExtractor Library/Bee/artifacts/mvdfrm/UnityEngine.CrashReportingModule.dll_732D7EF974151B43.mvfrm
[ 94/176    0s] MovedFromExtractor Library/Bee/artifacts/mvdfrm/UnityEngine.ContentLoadModule.dll_EB3F3C6723E3EB67.mvfrm
[ 95/176    0s] MovedFromExtractor Library/Bee/artifacts/mvdfrm/UnityEngine.CoreModule.dll_933EA15C46715ACB.mvfrm
[ 96/176    0s] MovedFromExtractor Library/Bee/artifacts/mvdfrm/UnityEngine.ClusterRendererModule.dll_B391A7D10D8CDDA5.mvfrm
[ 97/176    0s] MovedFromExtractor Library/Bee/artifacts/mvdfrm/UnityEngine.ClusterInputModule.dll_846803A4E890411C.mvfrm
[ 98/176    0s] WriteText Library/Bee/artifacts/1900b0aE.dag/NeoEngDTrace.Runtime.rsp2
[ 99/176    0s] MovedFromExtractor Library/Bee/artifacts/mvdfrm/UnityEditor.XRModule.dll_AA9E79239CAAAEAB.mvfrm
[100/176    0s] WriteText Library/Bee/artifacts/1900b0aE.dag/NeoEngDTrace.Runtime.UnityAdditionalFile.txt
[101/176    0s] WriteText Library/Bee/artifacts/1900b0aE.dag/NeoEngDTrace.Runtime.dll.mvfrm.rsp
[102/176    0s] WriteText Library/Bee/artifacts/1900b0aE.dag/NeoEngDTrace.Runtime.rsp
[103/176    0s] MovedFromExtractor Library/Bee/artifacts/mvdfrm/UnityEngine.ARModule.dll_217B47FEDE0968BD.mvfrm
[104/176    0s] MovedFromExtractor Library/Bee/artifacts/mvdfrm/UnityEditor.VideoModule.dll_16C7FCFFF9B753BE.mvfrm
[105/176    0s] MovedFromExtractor Library/Bee/artifacts/mvdfrm/UnityEditor.dll_770CC9104409A7F5.mvfrm
[106/176    0s] MovedFromExtractor Library/Bee/artifacts/mvdfrm/UnityEditor.UmbraModule.dll_6C9324ADC44BE38C.mvfrm
[107/176    0s] MovedFromExtractor Library/Bee/artifacts/mvdfrm/UnityEditor.UIElementsModule.dll_C1B118101DDC5ADC.mvfrm
[108/176    0s] MovedFromExtractor Library/Bee/artifacts/mvdfrm/UnityEditor.UnityConnectModule.dll_04CB8E8F37086E56.mvfrm
[109/176    0s] MovedFromExtractor Library/Bee/artifacts/mvdfrm/UnityEditor.UIToolkitAuthoringModule.dll_88DB25024056B0DE.mvfrm
[110/176    0s] MovedFromExtractor Library/Bee/artifacts/mvdfrm/UnityEditor.UIElementsSamplesModule.dll_80065DACEAC0A851.mvfrm
[111/176    0s] MovedFromExtractor Library/Bee/artifacts/mvdfrm/UnityEditor.VFXModule.dll_9FA472FC636E77CB.mvfrm
[112/176    0s] MovedFromExtractor Library/Bee/artifacts/mvdfrm/UnityEditor.TreeModule.dll_CDC9C318263184DF.mvfrm
[113/176    0s] MovedFromExtractor Library/Bee/artifacts/mvdfrm/UnityEditor.UIBuilderModule.dll_222E9F70F8AA3F5A.mvfrm
[114/176    0s] MovedFromExtractor Library/Bee/artifacts/mvdfrm/UnityEditor.VectorGraphicsModule.dll_A2629CDF5840890F.mvfrm
[115/176    0s] MovedFromExtractor Library/Bee/artifacts/mvdfrm/UnityEditor.UIAutomationModule.dll_BA327009AE9851FC.mvfrm
[116/176    0s] MovedFromExtractor Library/Bee/artifacts/mvdfrm/UnityEditor.U2DModule.dll_CB7D1DDF990AD82A.mvfrm
[117/176    0s] MovedFromExtractor Library/Bee/artifacts/mvdfrm/UnityEngine.UnityWebRequestAudioModule.dll_2EC622585E1B4522.mvfrm
[118/176    0s] MovedFromExtractor Library/Bee/artifacts/mvdfrm/UnityEngine.AnimationModule.dll_9C2B6E7D604E9ACC.mvfrm
[119/176    0s] MovedFromExtractor Library/Bee/artifacts/mvdfrm/UnityEngine.AccessibilityModule.dll_4D40D364A46895A6.mvfrm
[120/176    0s] MovedFromExtractor Library/Bee/artifacts/mvdfrm/UnityEngine.AdaptivePerformanceModule.dll_254D0958CC15EEB2.mvfrm
[121/176    0s] MovedFromExtractor Library/Bee/artifacts/mvdfrm/UnityEngine.AndroidJNIModule.dll_3FFA00E366FBC9B2.mvfrm
[122/176    0s] MovedFromExtractor Library/Bee/artifacts/mvdfrm/UnityEngine.AMDModule.dll_2C57B97BD580A110.mvfrm
[123/176    0s] MovedFromExtractor Library/Bee/artifacts/mvdfrm/UnityEngine.AIModule.dll_680882FB80EC09F4.mvfrm
[124/176    0s] MovedFromExtractor Library/Bee/artifacts/mvdfrm/UnityEngine.XRModule.dll_E90D0AB30827E276.mvfrm
[125/176    0s] MovedFromExtractor Library/Bee/artifacts/mvdfrm/UnityEngine.VideoModule.dll_DCF4B9642B348463.mvfrm
[126/176    0s] MovedFromExtractor Library/Bee/artifacts/mvdfrm/UnityEngine.HierarchyCoreModule.dll_C45B703F1315EE9C.mvfrm
[127/176    0s] MovedFromExtractor Library/Bee/artifacts/mvdfrm/UnityEngine.VehiclesModule.dll_B8A125F6FD3A5343.mvfrm
[128/176    0s] MovedFromExtractor Library/Bee/artifacts/mvdfrm/UnityEngine.VectorGraphicsModule.dll_5D86FE7A742D1D1A.mvfrm
[129/176    0s] MovedFromExtractor Library/Bee/artifacts/mvdfrm/UnityEngine.WindModule.dll_098D7C84D7A7D934.mvfrm
[130/176    0s] MovedFromExtractor Library/Bee/artifacts/mvdfrm/UnityEngine.UnityWebRequestWWWModule.dll_E68E8795B4116173.mvfrm
[131/176    0s] MovedFromExtractor Library/Bee/artifacts/mvdfrm/UnityEngine.UnityWebRequestTextureModule.dll_8C0BBD74BAAAB337.mvfrm
[132/176    0s] MovedFromExtractor-Combine Library/Bee/artifacts/1900b0aE.dag/NeoEngDTrace.Runtime.dll.mvfrm
[133/176    0s] MovedFromExtractor Library/Bee/artifacts/mvdfrm/UnityEngine.UnityWebRequestModule.dll_3122AD2B9AA63018.mvfrm
[134/176    0s] MovedFromExtractor Library/Bee/artifacts/mvdfrm/UnityEngine.UmbraModule.dll_32BFE111F5C91431.mvfrm
[135/176    0s] MovedFromExtractor Library/Bee/artifacts/mvdfrm/UnityEngine.UnityWebRequestAssetBundleModule.dll_FA63CAE127646D5E.mvfrm
[136/176    0s] MovedFromExtractor Library/Bee/artifacts/mvdfrm/UnityEngine.UnityAnalyticsModule.dll_E5DF390F8E4DF8CD.mvfrm
[137/176    0s] MovedFromExtractor Library/Bee/artifacts/mvdfrm/UnityEngine.UIModule.dll_637C2128DD330FA0.mvfrm
[138/176    0s] MovedFromExtractor Library/Bee/artifacts/mvdfrm/UnityEngine.TilemapModule.dll_7ADCC446522AE146.mvfrm
[139/176    0s] MovedFromExtractor Library/Bee/artifacts/mvdfrm/UnityEngine.TerrainPhysicsModule.dll_C6BA7118FB69A15E.mvfrm
[140/176    0s] MovedFromExtractor Library/Bee/artifacts/mvdfrm/UnityEngine.SubsystemsModule.dll_BE2123F01CF43830.mvfrm
[141/176    0s] MovedFromExtractor Library/Bee/artifacts/mvdfrm/UnityEngine.TerrainModule.dll_DBE05CC53A6E003D.mvfrm
[142/176    0s] MovedFromExtractor Library/Bee/artifacts/mvdfrm/UnityEngine.UIElementsModule.dll_C25F855820207427.mvfrm
[143/176    0s] WriteText Library/Bee/artifacts/1900b0aE.dag/NeoEngDTrace.Editor.rsp2
[144/176    0s] WriteText Library/Bee/artifacts/1900b0aE.dag/NeoEngDTrace.Editor.UnityAdditionalFile.txt
[145/176    0s] WriteText Library/Bee/artifacts/1900b0aE.dag/NeoEngDTrace.Editor.dll.mvfrm.rsp
[146/176    0s] WriteText Library/Bee/artifacts/1900b0aE.dag/NeoEngDTrace.Editor.rsp
[147/176    0s] WriteText Library/Bee/artifacts/1900b0aE.dag/Assembly-CSharp-Editor.rsp2
[148/176    0s] WriteText Library/Bee/artifacts/1900b0aE.dag/Assembly-CSharp-Editor.UnityAdditionalFile.txt
[149/176    0s] WriteText Library/Bee/artifacts/1900b0aE.dag/Assembly-CSharp-Editor.dll.mvfrm.rsp
[150/176    0s] WriteText Library/Bee/artifacts/1900b0aE.dag/Assembly-CSharp-Editor.rsp
[151/176    0s] MovedFromExtractor Library/Bee/artifacts/mvdfrm/UnityEngine.PhysicsModule.dll_C199E15664AFB74F.mvfrm
[152/176    0s] MovedFromExtractor Library/Bee/artifacts/mvdfrm/UnityEngine.ScreenCaptureModule.dll_C7400A25B8102292.mvfrm
[153/176    0s] MovedFromExtractor Library/Bee/artifacts/mvdfrm/UnityEngine.NVIDIAModule.dll_8A621FDAFC23A697.mvfrm
[154/176    0s] MovedFromExtractor Library/Bee/artifacts/mvdfrm/UnityEngine.PhysicsCore2DModule.dll_3B04AB10030D8A90.mvfrm
[155/176    0s] MovedFromExtractor Library/Bee/artifacts/mvdfrm/UnityEngine.Physics2DModule.dll_E8D15E6E014B9261.mvfrm
[156/176    0s] MovedFromExtractor Library/Bee/artifacts/mvdfrm/UnityEngine.ParticleSystemModule.dll_C63FC845E226A6D1.mvfrm
[156/176    0s] Csc Library/Bee/artifacts/1900b0aE.dag/NeoEngDTrace.Runtime.dll (+2 others) [CacheHit ea9348f0fe8b213c08943f3e026a608b00000000000000000000000000000006]
[157/176    0s] Csc Library/Bee/artifacts/1900b0aE.dag/NeoEngDTrace.Runtime.dll (+2 others)
[159/176    0s] CopyFiles Library/ScriptAssemblies/NeoEngDTrace.Runtime.pdb
[160/176    0s] MovedFromExtractor Library/Bee/artifacts/mvdfrm/UnityEngine.ImageConversionModule.dll_1F83A5818FB19599.mvfrm
[161/176    0s] MovedFromExtractor Library/Bee/artifacts/mvdfrm/UnityEngine.JSONSerializeModule.dll_AD585CA0A3A3F630.mvfrm
[162/176    0s] MovedFromExtractor Library/Bee/artifacts/mvdfrm/UnityEngine.IMGUIModule.dll_F04AD4602ED3FC9F.mvfrm
[163/176    0s] MovedFromExtractor Library/Bee/artifacts/mvdfrm/UnityEngine.HierarchyModule.dll_70FFEA192950B6CD.mvfrm
[164/176    0s] CopyFiles Library/ScriptAssemblies/NeoEngDTrace.Runtime.dll
[165/176    0s] MovedFromExtractor Library/Bee/artifacts/mvdfrm/UnityEngine.DirectorModule.dll_40DE2C77831083A8.mvfrm
[166/176    0s] MovedFromExtractor Library/Bee/artifacts/mvdfrm/UnityEngine.ClothModule.dll_1ED391F442BF47A2.mvfrm
[167/176    0s] MovedFromExtractor Library/Bee/artifacts/mvdfrm/UnityEngine.AudioModule.dll_B7EB34F968A268BE.mvfrm
[168/176    0s] MovedFromExtractor Library/Bee/artifacts/mvdfrm/UnityEngine.AssetBundleModule.dll_5228E3265561437A.mvfrm
[169/176    0s] MovedFromExtractor-Combine Library/Bee/artifacts/1900b0aE.dag/Assembly-CSharp-Editor.dll.mvfrm
[170/176    0s] MovedFromExtractor-Combine Library/Bee/artifacts/1900b0aE.dag/NeoEngDTrace.Editor.dll.mvfrm
[169/176    0s] Csc Library/Bee/artifacts/1900b0aE.dag/NeoEngDTrace.Editor.dll (+2 others) [CacheHit 78fcb3289e701f346b89ecc8266af7ed00000000000000000000000000000006]
[171/176    0s] Csc Library/Bee/artifacts/1900b0aE.dag/NeoEngDTrace.Editor.dll (+2 others)
[173/176    0s] CopyFiles Library/ScriptAssemblies/NeoEngDTrace.Editor.pdb
[174/176    0s] CopyFiles Library/ScriptAssemblies/NeoEngDTrace.Editor.dll
[175/176    1s] Csc Library/Bee/artifacts/1900b0aE.dag/Assembly-CSharp-Editor.dll (+2 others)
[176/176    0s] CopyFiles Library/ScriptAssemblies/Assembly-CSharp-Editor.pdb
[177/176    0s] CopyFiles Library/ScriptAssemblies/Assembly-CSharp-Editor.dll
*** Tundra build success (4.25 seconds), 173 items updated, 176 evaluated
AssetDatabase: script compilation time: 5.315815s
Begin MonoManager ReloadAssembly
Total cache size 173462740
Total cache size after purge 173462740, took 00:00:00.4638079
Importing 'GUID: 00000000000000001000000000000000 - Path: Assets' with importer (DefaultImporter)
Imported 'GUID: 00000000000000001000000000000000' -> (Import Result ID: 'd4b99c274a2bfd195a0fab07a219813d') in 0.013 seconds [static dependencies only]. Details - ImportResultOutputID=931399766a3d35f20ee4474945b75a67 DependenciesID=b70de132a7282aafa7414a97dcffc9e1 StaticDependenciesID=f5f353ad10b41c84dbd766055d9989c6 
Importing 'GUID: 00000000000000002000000000000000 - Path: ProjectSettings/InputManager.asset' with importer (LibraryAssetImporter)
Imported 'GUID: 00000000000000002000000000000000' -> (Import Result ID: '122dd9edfa1375de805a66904857642d') in 0.002 seconds [static dependencies only]. Details - ImportResultOutputID=0290babc70dea6fa2c98f564a251f1f8 DependenciesID=e13aed5572a9dfc6d157cca70707a022 StaticDependenciesID=233ebbccf2adc0a5c1ca8885eb2bc052 
Importing 'GUID: 00000000000000003000000000000000 - Path: ProjectSettings/TagManager.asset' with importer (LibraryAssetImporter)
Imported 'GUID: 00000000000000003000000000000000' -> (Import Result ID: 'e7f16330ab18354fa5c6c22588bd6b9e') in 0.001 seconds [static dependencies only]. Details - ImportResultOutputID=fd6696bcbef029973bb12ace65e33982 DependenciesID=f35365170e5d58c444badbe1c8e8a4fc StaticDependenciesID=bcd866a7c3956a26e77b74cfbc6210b0 
Importing 'GUID: 00000000000000004000000000000000 - Path: ProjectSettings/ProjectSettings.asset' with importer (LibraryAssetImporter)
Imported 'GUID: 00000000000000004000000000000000' -> (Import Result ID: '475f31fe9468ef1a8977c62cd4194919') in 0.001 seconds [static dependencies only]. Details - ImportResultOutputID=276a810dac73e1f29404d5e5f692e214 DependenciesID=46d655bd1831640138acbe516e56efb0 StaticDependenciesID=f1d681c5b0319bffa2aebccdc769c377 
Importing 'GUID: 00000000000000006000000000000000 - Path: ProjectSettings/AudioManager.asset' with importer (LibraryAssetImporter)
Imported 'GUID: 00000000000000006000000000000000' -> (Import Result ID: '222655a7ee09c701162a4a03301f329d') in 0.001 seconds [static dependencies only]. Details - ImportResultOutputID=acca44841ee8003c72d524064efb6e35 DependenciesID=1c867fc2eb1e33cbab379e9914026e24 StaticDependenciesID=c60a58a77039892abca1222b4524d2f6 
Importing 'GUID: 00000000000000007000000000000000 - Path: ProjectSettings/TimeManager.asset' with importer (LibraryAssetImporter)
Imported 'GUID: 00000000000000007000000000000000' -> (Import Result ID: 'b7cea43959c5a70f6cafb9d7bbf07204') in 0.001 seconds [static dependencies only]. Details - ImportResultOutputID=bcbe57e6eed4f14d697ceae3e9a4ee48 DependenciesID=b41fcbca90521a4ef76dc45abd5ee30f StaticDependenciesID=de80ff743d967013c06205e8643638c7 
Importing 'GUID: 00000000000000008000000000000000 - Path: ProjectSettings/DynamicsManager.asset' with importer (LibraryAssetImporter)
Imported 'GUID: 00000000000000008000000000000000' -> (Import Result ID: '01117e187546a80035e1d4d46e76d0d3') in 0.001 seconds [static dependencies only]. Details - ImportResultOutputID=af765d07e318cf68f695edacf91778bd DependenciesID=a72988d2a4e3c003a30c86e53a954198 StaticDependenciesID=7292a8773e09fece8a4831b39fe2006c 
Importing 'GUID: 00000000000000009000000000000000 - Path: ProjectSettings/QualitySettings.asset' with importer (LibraryAssetImporter)
Imported 'GUID: 00000000000000009000000000000000' -> (Import Result ID: '88b1caad7788adf2b3f6920226537fe1') in 0.001 seconds [static dependencies only]. Details - ImportResultOutputID=7b12711da11c94ad897442b4820d3f7b DependenciesID=253c850b96121a2945831e0885510615 StaticDependenciesID=3c048ebdf1fe67a565e3878bb03d32b6 
Importing 'GUID: 0000000000000000b000000000000000 - Path: ProjectSettings/EditorBuildSettings.asset' with importer (LibraryAssetImporter)
Imported 'GUID: 0000000000000000b000000000000000' -> (Import Result ID: '2e292a13dea8a88f7a8fdfa7e245ba03') in 0.001 seconds [static dependencies only]. Details - ImportResultOutputID=4647dd083cfc32cebcd7526e8846440c DependenciesID=3dbde5f0d39015c9d271c66bfeeb76cc StaticDependenciesID=bb1b3efeaa1814676e759f4b719a3637 
Importing 'GUID: 0000000000000000c000000000000000 - Path: ProjectSettings/EditorSettings.asset' with importer (LibraryAssetImporter)
Imported 'GUID: 0000000000000000c000000000000000' -> (Import Result ID: '27524ee8e486f2ffa050ba352ec7e2de') in 0.001 seconds [static dependencies only]. Details - ImportResultOutputID=fc08cc28cef36a03227c22ef67b54535 DependenciesID=a67e6951b1ff849fa93892b67cc04f3f StaticDependenciesID=6659f09da2fad0badc637a74ebfda2e2 
Importing 'GUID: 00000000000000004100000000000000 - Path: ProjectSettings/NavMeshAreas.asset' with importer (LibraryAssetImporter)
Imported 'GUID: 00000000000000004100000000000000' -> (Import Result ID: '46b5ec913a38468a6faec06896eae508') in 0.001 seconds [static dependencies only]. Details - ImportResultOutputID=90afd57cd2fd79df9534381ff5673272 DependenciesID=45d1aa60824ee9d69c2ca37e825a726b StaticDependenciesID=768cfffea40bf388eb2d762e3a890cea 
Importing 'GUID: 00000000000000005100000000000000 - Path: ProjectSettings/Physics2DSettings.asset' with importer (LibraryAssetImporter)
Imported 'GUID: 00000000000000005100000000000000' -> (Import Result ID: 'f668ca342e7e36520c736e6ebc6d382e') in 0.001 seconds [static dependencies only]. Details - ImportResultOutputID=51a8098361d5b0c1ab07bfc06e51f152 DependenciesID=cd9e79e3e3be26effd12085751c8f2bc StaticDependenciesID=4736f57993cccbae888eab25ec373e17 
Importing 'GUID: 00000000000000006100000000000000 - Path: ProjectSettings/GraphicsSettings.asset' with importer (LibraryAssetImporter)
Imported 'GUID: 00000000000000006100000000000000' -> (Import Result ID: '5bb79f5634c411213397437dc71f837f') in 0.001 seconds [static dependencies only]. Details - ImportResultOutputID=f9600466f06a676b7a4f639f6629ea48 DependenciesID=472884dae36dd4fa4029e0bfee54bb70 StaticDependenciesID=ce3f9b9b0558aee0455f15fbe1679d2d 
Importing 'GUID: 00000000000000007100000000000000 - Path: ProjectSettings/ClusterInputManager.asset' with importer (LibraryAssetImporter)
Imported 'GUID: 00000000000000007100000000000000' -> (Import Result ID: '6012ce5603f09e577aed0b98e99b19f6') in 0.001 seconds [static dependencies only]. Details - ImportResultOutputID=8ce0cedd10b8cd8471ed9838bfc872ed DependenciesID=2eeb3818bb72d92466f5f953bb62736b StaticDependenciesID=c84399ef936c24c7ddc46cfba0d9b6f9 
Importing 'GUID: 0000000000000000a100000000000000 - Path: ProjectSettings/UnityConnectSettings.asset' with importer (LibraryAssetImporter)
Imported 'GUID: 0000000000000000a100000000000000' -> (Import Result ID: '33ae2595f4bf6fdbcda99d991731ec59') in 0.001 seconds [static dependencies only]. Details - ImportResultOutputID=1989c27f310e62ee2c72d63f16a698d0 DependenciesID=95e5490b10cfbf0a98389d7a454554a7 StaticDependenciesID=e5799262eb4150d572a91320e9a15e14 
Importing 'GUID: 0000000000000000b100000000000000 - Path: ProjectSettings/PresetManager.asset' with importer (LibraryAssetImporter)
Imported 'GUID: 0000000000000000b100000000000000' -> (Import Result ID: '28ecaa07aa0626f067ead5bd138d0a69') in 0.001 seconds [static dependencies only]. Details - ImportResultOutputID=d271a469f14af9d29dbd89abc966f7ef DependenciesID=8e056439a10f7126afa94c46042b091c StaticDependenciesID=7b53acc339a522b0da4196921a41418e 
Importing 'GUID: 0000000000000000c100000000000000 - Path: ProjectSettings/VFXManager.asset' with importer (LibraryAssetImporter)
Imported 'GUID: 0000000000000000c100000000000000' -> (Import Result ID: '500a0c5a3eb90d0a1d5ec47a16bbfe30') in 0.001 seconds [static dependencies only]. Details - ImportResultOutputID=d5b1cc1b236d3087c4a5fc9e9cb18618 DependenciesID=ffec35c0b81aa3428ad4fd0a1cdbca40 StaticDependenciesID=73a7f55396d42bbd23b84f522c611c91 
Importing 'GUID: 0000000000000000d100000000000000 - Path: ProjectSettings/VersionControlSettings.asset' with importer (LibraryAssetImporter)
Imported 'GUID: 0000000000000000d100000000000000' -> (Import Result ID: '81e35fcbfa4800506724c99876c7088b') in 0.001 seconds [static dependencies only]. Details - ImportResultOutputID=0a19189542c4b1aa9afad4d76b36cbef DependenciesID=29b26ee47832bf1b39596302c61ef4b2 StaticDependenciesID=b5510de9c562b6e15681a7bd79c2c32e 
Importing 'GUID: 0000000000000000f100000000000000 - Path: ProjectSettings/MemorySettings.asset' with importer (LibraryAssetImporter)
Imported 'GUID: 0000000000000000f100000000000000' -> (Import Result ID: '0f1581ae83325c6e5d0e8c4cb170be96') in 0.001 seconds [static dependencies only]. Details - ImportResultOutputID=078c9215d0d3f7dcc6c2ea9c2e21e93e DependenciesID=bb7f7f7d6491522ddc09486deb395807 StaticDependenciesID=38dc31482a1c8109a46f25220dfbe454 
Importing 'GUID: 00000000000000000200000000000000 - Path: ProjectSettings/MultiplayerManager.asset' with importer (LibraryAssetImporter)
Imported 'GUID: 00000000000000000200000000000000' -> (Import Result ID: '6e3bb7f61b2e132c4c79fbeb19a1d328') in 0.001 seconds [static dependencies only]. Details - ImportResultOutputID=cc8bc420ff0fb13a9534be625b324364 DependenciesID=64d1db0c7eff66154c45d867da4ad13d StaticDependenciesID=5a00061f5d03ec70885cdd29485be38f 
Importing 'GUID: 00000000000000001200000000000000 - Path: ProjectSettings/PhysicsCoreProjectSettings2D.asset' with importer (LibraryAssetImporter)
Imported 'GUID: 00000000000000001200000000000000' -> (Import Result ID: '7db99f4ef78df8eea254cce16e190be4') in 0.001 seconds [static dependencies only]. Details - ImportResultOutputID=07b8874da21d0d67c4347d012422ba62 DependenciesID=c35a41b4dbc5a4a21cd219ec06d595b2 StaticDependenciesID=d7f6b6ebc14df93041ab7a97c0c9c64b 
Importing 'GUID: 00000000000000002300000000000000 - Path: Library/BuildInstructions' with importer (DefaultImporter)
Imported 'GUID: 00000000000000002300000000000000' -> (Import Result ID: 'd414f514f549833c39aae7152c59aeb3') in 0.001 seconds [static dependencies only]. Details - ImportResultOutputID=d2da4dbe7433590953d90148eb4e1f22 DependenciesID=f91b153018f3a82b66ea2319cf957f42 StaticDependenciesID=ef352f98b66d8f5b312774c3ee71f599 
Importing 'GUID: 98b0a0cf5a1935bbaf60b9ac5a93abf8 - Path: Packages/com.neoeng.dtrace' with importer (DefaultImporter)
Imported 'GUID: 98b0a0cf5a1935bbaf60b9ac5a93abf8' -> (Import Result ID: 'd50b9e85004c8b0d45f25aecb9f10b74') in 0.001 seconds [static dependencies only]. Details - ImportResultOutputID=b6c4c185d9143dbe567c72c348d914c3 DependenciesID=c03fa5a395e4ae0b9c79cd71e742299d StaticDependenciesID=8b213288238789005e26ac911b72df79 
Importing 'GUID: 894b8ff6599d04945919bdbecc3061b8 - Path: Assets/animation_input' with importer (DefaultImporter)
Imported 'GUID: 894b8ff6599d04945919bdbecc3061b8' -> (Import Result ID: 'e9efebbccf551d785771cae5efb7adb1') in 0.010 seconds [static dependencies only]. Details - ImportResultOutputID=cae5b5827db0d33ee3453589944d558c DependenciesID=6577337afec68d97feb4495e44351e3a StaticDependenciesID=d9ad99f7d8cbee4948bc856cdf39b763 
Importing 'GUID: b97310cbc60aa5642b1d6423454b8951 - Path: Assets/Editor' with importer (DefaultImporter)
Imported 'GUID: b97310cbc60aa5642b1d6423454b8951' -> (Import Result ID: '509349b361cb4f1d0bd9cb657c74c3a0') in 0.009 seconds [static dependencies only]. Details - ImportResultOutputID=7b31800b7325ca59559f378932a5a0d9 DependenciesID=1188eca41fa224efbb97f55d646e44bf StaticDependenciesID=ffdcf0896c94828ee5967d3c5c47c673 
Importing 'GUID: bbecd34974a928443ba0beeb9a858513 - Path: Assets/NeoEngInput' with importer (DefaultImporter)
Imported 'GUID: bbecd34974a928443ba0beeb9a858513' -> (Import Result ID: '145c28a8b535f3b9c997fead206d042d') in 0.009 seconds [static dependencies only]. Details - ImportResultOutputID=399c0f421bb208fa422a7ba59b222f08 DependenciesID=a3f11d04f602cac478e48e63bb0317d8 StaticDependenciesID=778e7be13db6a774e9ed74838b2e958d 
Importing 'GUID: fc4adcd6e0928014db8f0f97412b0939 - Path: Assets/frames' with importer (DefaultImporter)
Imported 'GUID: fc4adcd6e0928014db8f0f97412b0939' -> (Import Result ID: '2e43ec1f428e0847cb61e3b02691f0ce') in 0.009 seconds [static dependencies only]. Details - ImportResultOutputID=25e97d15eba87eeaa7396b40e4b30a33 DependenciesID=c04ec630da528deeb90f3bd7784188b1 StaticDependenciesID=dd108a37f7408222ee313179f5f6e2d2 
Importing 'GUID: 6e21d7dddcf826347b1c2deee8873b72 - Path: Packages/com.neoeng.dtrace/Editor' with importer (DefaultImporter)
Imported 'GUID: 6e21d7dddcf826347b1c2deee8873b72' -> (Import Result ID: '6c9916ed1d404efb0dd2fb2608b0b744') in 0.001 seconds [static dependencies only]. Details - ImportResultOutputID=d96fe135304bd8e86432b47eebfed8bd DependenciesID=dad63c2b45cec5162db767a47efe5519 StaticDependenciesID=c23c7dec6407c8a12544e0cc89b4daa6 
Importing 'GUID: 1f0a2e6f903ed2744b7335c190dd9010 - Path: Packages/com.neoeng.dtrace/Runtime' with importer (DefaultImporter)
Imported 'GUID: 1f0a2e6f903ed2744b7335c190dd9010' -> (Import Result ID: 'a7f3e7b90c0ddcbba2bb127d5e57d547') in 0.002 seconds [static dependencies only]. Details - ImportResultOutputID=5e6f01b66698b8aa5d494ebb1446ee4d DependenciesID=c3016889d88ee2fb4a39db21b4a5920e StaticDependenciesID=0f5fa5dc4df8931baf2effe211f8639d 
Importing 'GUID: 89566322e2ee35f4b838703dc7f05a10 - Path: Packages/com.neoeng.dtrace/Runtime/NeoEngDTrace.Runtime.asmdef' with importer (AssemblyDefinitionImporter)
Imported 'GUID: 89566322e2ee35f4b838703dc7f05a10' -> (Import Result ID: '628f52f995bcda421be89b585dd0f111') in 0.002 seconds [static dependencies only]. Details - ImportResultOutputID=9c4d44037f6324c1b040159c4bbe049d DependenciesID=46e9ea51a91f82d976798aa2a6702085 StaticDependenciesID=754e99df77ff6d2abf88d57453cbfe12 
Importing 'GUID: db48c8a94bd60b947b9c3368b52aac33 - Path: Packages/com.neoeng.dtrace/Editor/NeoEngDTrace.Editor.asmdef' with importer (AssemblyDefinitionImporter)
Imported 'GUID: db48c8a94bd60b947b9c3368b52aac33' -> (Import Result ID: '66df88169f45bb94f44dcebe84a87c15') in 0.002 seconds [static dependencies only]. Details - ImportResultOutputID=366b3f9ec22b45499f47695f70b758f7 DependenciesID=b5a717b05b2820435e5c723c5cc80473 StaticDependenciesID=5f306aa7170af30109b853a865e7bbdb 
Native extension for WindowsStandalone target not found
Native extension for WebGL target not found
ScheduleIndexationOnStartup MainProcess:True IndexOnStartup:True
Mono: successfully reloaded assembly
- Finished resetting the current domain, in  0.426 seconds
Domain Reload Profiling: 948ms
	BeginReloadAssembly (278ms)
		DisableScriptedObjects (32ms)
		CreateAndSetChildDomain (40ms)
	RebuildCommonClasses (8ms)
	RebuildNativeTypeToScriptingClass (17ms)
	initialDomainReloadingComplete (73ms)
	LoadAllAssembliesAndSetupDomain (143ms)
		LoadAssemblies (164ms)
		AnalyzeDomain (9ms)
			TypeCache.Refresh (4ms)
			BuildScriptInfoCaches (3ms)
	FinalizeReload (428ms)
		SetupLoadedEditorAssemblies (0ms)
			BeforeProcessingInitializeOnLoad (89ms)
			ProcessInitializeOnLoadAttributes (73ms)
			ProcessInitializeOnLoadMethodAttributes (74ms)
			AfterProcessingInitializeOnLoad (24ms)
		AwakeInstancesAfterBackupRestoration (24ms)
Importing 'GUID: 00000000000000005000000000000000 - Path: Library/BuildPlayer.prefs' with importer (DefaultImporter)
Imported 'GUID: 00000000000000005000000000000000' -> (Import Result ID: '968deb36040bbb7258278f93cba63355') in 0.007 seconds [static dependencies only]. Details - ImportResultOutputID=1f9c19b30680da8dab47159f77a4e657 DependenciesID=08a1ec4b674aa66bb1ce753815d843ed StaticDependenciesID=d072ca1f0d6ee50a54e7e140cc588a10 
Importing 'GUID: c0a187f44c5858c45823168379368a81 - Path: Assets/animation_input/frame_0.png' with importer (TextureImporter)
Imported 'GUID: c0a187f44c5858c45823168379368a81' -> (Import Result ID: 'd24505e19bc7b50bd0139083a19c3c50') in 0.021 seconds [static and dynamic dependencies]. Details - ImportResultOutputID=a14e83500da885c316453c3289957e9d DependenciesID=8e60f46076d63ca6e539e4a0a0a77aaa StaticDependenciesID=8fff1e17c2a43281284351370828ebd7 
Importing 'GUID: b405675beff13d54880e79e9a896b60b - Path: Assets/frames/frame_0001.png' with importer (TextureImporter)
Imported 'GUID: b405675beff13d54880e79e9a896b60b' -> (Import Result ID: 'de21e162eab94d7e509db1c7f5fcf743') in 0.010 seconds [static and dynamic dependencies]. Details - ImportResultOutputID=9f81471cb787c71088470732fa085977 DependenciesID=0b887a50c62bd521d898d4da5b5df44c StaticDependenciesID=ce51bdd17a2aba63c05b1e9975342710 
Importing 'GUID: 0a7024a270ad55c458da337c4ad9c0a1 - Path: Assets/source.png' with importer (TextureImporter)
Imported 'GUID: 0a7024a270ad55c458da337c4ad9c0a1' -> (Import Result ID: '989ec86ed1ae8532c2cdae1ff9b19bee') in 0.010 seconds [static and dynamic dependencies]. Details - ImportResultOutputID=2d26a6828a410a886cb9f6bcc0328c57 DependenciesID=8210e4bf2ef9ef48a874e7cb08b7f9fd StaticDependenciesID=40313a33c1cce806c26ffbcf0153d16c 
Importing 'GUID: 4b445f121380b2341a3422c7564a6689 - Path: Assets/animation_input/frame_1.png' with importer (TextureImporter)
Imported 'GUID: 4b445f121380b2341a3422c7564a6689' -> (Import Result ID: 'b8efc246e33a51058e671d6dcdd110c2') in 0.010 seconds [static and dynamic dependencies]. Details - ImportResultOutputID=138611996938aec4b173bf517bfeb39c DependenciesID=5db7d882e84f95defcb84af3adb37b13 StaticDependenciesID=7a093b2c762f4636aeb249d052bc1a23 
Importing 'GUID: de540f318e14f8c4f86da25a2a19500c - Path: Assets/frames/frame_0000.png' with importer (TextureImporter)
Imported 'GUID: de540f318e14f8c4f86da25a2a19500c' -> (Import Result ID: '200c0a707d9715541c3f4af393d79668') in 0.011 seconds [static and dynamic dependencies]. Details - ImportResultOutputID=f0580df64c85a125135f8f90639eb9d0 DependenciesID=8f7139102c0477129d1fa17396aba87a StaticDependenciesID=b6599e966508af7b67f2ce00f550d357 
Importing 'GUID: 216385aee1ce67c48876839104e9bc85 - Path: Packages/com.neoeng.dtrace/README.md' with importer (TextScriptImporter)
Imported 'GUID: 216385aee1ce67c48876839104e9bc85' -> (Import Result ID: '3153ad16d5559bbb26cfb7bd0c72aedb') in 0.002 seconds [static dependencies only]. Details - ImportResultOutputID=7a18c799650a19085748ff6cab33df05 DependenciesID=2b17eaee171889f416cfd0157ab395a1 StaticDependenciesID=ca03a2722bbe30bbe0b7e0b8d041f78a 
Importing 'GUID: 868335a53be07e842a25ed959b1b8bd1 - Path: Assets/frames/animation.json' with importer (TextScriptImporter)
Imported 'GUID: 868335a53be07e842a25ed959b1b8bd1' -> (Import Result ID: 'b6900efb6a7e92e2cfabf7755c578550') in 0.009 seconds [static dependencies only]. Details - ImportResultOutputID=11d7fc27f83379b98f98bb9c6609c2ea DependenciesID=895858ccef2b215028b41bfe1aeebf9b StaticDependenciesID=08df16b3c873cc07fdc41e0c2d7d2a88 
Importing 'GUID: 3ce275752c8ea7144aa046b9e356de89 - Path: Packages/com.neoeng.dtrace/package.json' with importer (PackageManifestImporter)
Imported 'GUID: 3ce275752c8ea7144aa046b9e356de89' -> (Import Result ID: '51240aa114e3e9993e6fb47684a14839') in 0.002 seconds [static dependencies only]. Details - ImportResultOutputID=4559b875f090ac2275feaacc02d514d5 DependenciesID=cbfde069c36de0dd9491991ae0d187b9 StaticDependenciesID=5ad163b283f1626bef5be24e0b56fcb9 
Importing 'GUID: 5ef9db5d23b7b4947a470cbd2f5e867d - Path: Assets/NeoEngInput/hero.ndt.integration.json' with importer (TextScriptImporter)
Imported 'GUID: 5ef9db5d23b7b4947a470cbd2f5e867d' -> (Import Result ID: 'd55816fb6bf09793d2d1d3890048b5ee') in 0.010 seconds [static dependencies only]. Details - ImportResultOutputID=84942a0243e25b027a5a8a325decdc7e DependenciesID=43c2a86b4beed97fec054156e2e5d300 StaticDependenciesID=15ade3e6494843f7f871eb9b50bab960 
Starting new worker id: 0 with log in <local-path>
Loading style catalogs (6)
	StyleSheets/Extensions/base/common.uss
	UIPackageResources/StyleSheets/Default/Variables/Public/common.uss
	StyleSheets/Northstar/common.uss
	StyleSheets/Extensions/fonts/inter.uss
	StyleSheets/Extensions/base/dark.uss
	UIPackageResources/StyleSheets/Default/Northstar/Palette/dark.uss

Asset Pipeline Refresh (id=af480b59ae0f0e44ea64f2fde7cca9b3): Total: 7.480 seconds - Initiated by InitialRefreshV2(ForceSynchronousImport)
	(Values over 0.05ms)
	Summary:
		Imports: total=41 (actual=41, local cache=0, cache server=0)
		Asset DB Process Time: managed=5 ms, native=825 ms
		Asset DB Callback time: managed=160 ms, native=545 ms
		Scripting: domain reloads=1, domain reload time=600 ms, compile time=5318 ms, other=24 ms
		Project Asset Count: scripts=31, non-scripts=10
		Asset File Changes: new=52, changed=52, moved=0, deleted=0
		Scan Filter Count: 0
	InvokePackagesCallback: 521.712ms
	ApplyChangesToAssetFolders: 0.547ms
	Scan: 108.433ms
	Collect global state as custom dependencies: 12.519ms
	OnSourceAssetsModified: 0.694ms
	CategorizeScriptCompilationAssets: 0.074ms
	ProcessAssetsWithTransientArtifactChanges: 0.524ms
	CategorizeAssets: 0.319ms
	CompileScripts: 5317.658ms
	ImportOutOfDateAssets: 628.341ms (437.868ms without children)
		ImportManagerImport: 176.024ms (4.677ms without children)
			UpdateCategorizedAssets: 0.076ms
		UnloadImportedAssets: 0.404ms
		ImportSchedulerStart: 14.024ms
	PostProcessAllAssets: 207.825ms
		VersionControlSettings.HiddenFilePostprocess 4.380ms
		AssemblyValidation.PostprocessAllAssets 0.763ms
		PostProcessCallbackCreateDeferredMaterials 0.062ms
		ShaderAssetModifiedCallback 0.055ms
		RaytracingShaderImportPostprocess 0.051ms
		MonoPostProcessAllAssets: 159.126ms
			StyleCatalogPostProcessor.OnPostprocessAllAssets 109.751ms
			AssetPostprocessor.OnPostprocessAllAssets 14.099ms
			WindowAssetPostprocessingWatcher.OnPostprocessAllAssets 8.630ms
			BuilderAssetPostprocessor.OnPostprocessAllAssets 5.489ms
			AssetChangedListener.OnPostprocessAllAssets 2.595ms
			SyncVS.PostprocessSyncProject 2.151ms
			TextAssetPostProcessor.OnPostprocessAllAssets 1.985ms
			RetainedModeAssetPostprocessor.OnPostprocessAllAssets 1.273ms
			EditModeScopePostprocessor.OnPostprocessAllAssets 1.001ms
			SpeedTree9Postprocessor.OnPostprocessAllAssets 0.948ms
			AutoSyncPostprocessor.OnPostprocessAllAssets 0.494ms
			ArtifactBrowserPostProcessor.OnPostprocessAllAssets 0.490ms
			ReferencedClipsPostProcessor.OnPostprocessAllAssets 0.439ms
			AudioMixerPostprocessor.OnPostprocessAllAssets 0.283ms
			AssetEvents.OnPostprocessAllAssets 0.249ms
			TerrainToolbarOverlayPostProcessor.OnPostprocessAllAssets 0.226ms
			AssetDatabaseCallbacks.OnPostprocessAllAssets 0.209ms
			SpeedTreePostProcessor.OnPostprocessAllAssets 0.171ms
			ConfigAssetsTracker.OnPostprocessAllAssets 0.145ms
			ScenarioDriftAssetsTracker.OnPostprocessAllAssets 0.137ms
			RenderPipelineGlobalSettingsPostprocessor.OnPostprocessAllAssets 0.088ms
			AudioContainerPostProcessor.OnPostprocessAllAssets 0.074ms
	PostAssetChangesProfiler: 1.369ms
	UnloadStreamsBegin: 1.199ms
	PersistCurrentRevisions: 0.052ms
	Untracked: 685.228ms

Application.AssetDatabase Initial Refresh End
Scanning for USB devices : 11.331ms
Initializing Unity extensions:
[MODES] ModeService[none].Initialize
[MODES] ModeService[none].LoadModes
[MODES] Loading mode Default (0) for mode-current-id-tileset-conflict
Unloading 3 Unused Serialized files (Serialized files now loaded: 0)
Unloading 25 unused Assets / (0.5 MB). Loaded Objects now: 677.
Memory consumption went from 188.3 MB to 187.7 MB.
Total: 4.850800 ms (FindLiveObjects: 0.035000 ms CreateObjectMapping: 0.008000 ms MarkObjects: 4.624900 ms  DeleteObjects: 0.177700 ms)

Microsoft Media Foundation video decoding to texture disabled: graphics device is Null, only Direct3D 11 and Direct3D 12 (only on desktop) are supported for hardware-accelerated video decoding.
[Project] Loading completed in 9.725 seconds
	Project init time: 				9.526 seconds
		Template init time: 		0.000 seconds
		Package Manager init time: 		0.348 seconds
		Asset Database init time: 		0.325 seconds
		Global illumination init time: 	0.002 seconds
		Assemblies load time: 			1.158 seconds
		Unity extensions init time: 	0.000 seconds
		Asset Database refresh time: 	7.480 seconds
	Scene opening time: 			0.084 seconds
##utp:{"type":"ProjectInfo","version":2,"phase":"Immediate","time":1787005031421,"processId: <redacted>,"projectLoad":9.7251177,"projectInit":9.526304,"templateInit":0.0,"packageManagerInit":0.3481106,"assetDatabaseInit":0.3251154,"globalIlluminationInit":0.0024324,"assembliesLoad":1.1577092,"unityExtensionsInit":0.0002915,"assetDatabaseRefresh":7.4803413,"sceneOpening":0.0836353}
##utp:{"type":"EditorInfo","version":2,"phase":"Immediate","time":1787005031421,"processId: <redacted>,"editorVersion":"6000.5.7f1 (017862109af0)","branch":"6000.5/staging","buildType":"Release","platform":"Windows"}
[MODES] ModeService[default].LoadModes
[Licensing::Client] Successfully resolved entitlement details
Importing 'GUID: 6e1b9d44d6f06574fa43c9ef3a26b212 - Path: Assets/NeoEngGenerated' with importer (DefaultImporter)
Imported 'GUID: 6e1b9d44d6f06574fa43c9ef3a26b212' -> (Import Result ID: '669f02a926357d4b165fa0cde545d4f8') in 0.011 seconds [static dependencies only]. Details - ImportResultOutputID=59a7a183178c6426c89a5efd61006664 DependenciesID=7ddda7ccd8fbe6d0d14ce2637d0ef0ef StaticDependenciesID=f69de8b24a0f021478e263ad41d16f7e 
Asset Pipeline Refresh (id=6487e9ca00fa8de42a9d32e57813c2b3): Total: 0.080 seconds - Initiated by RefreshV2(NoUpdateAssetOptions)
Importing 'GUID: 0a7024a270ad55c458da337c4ad9c0a1 - Path: Assets/source.png' with importer (TextureImporter)
Imported 'GUID: 0a7024a270ad55c458da337c4ad9c0a1' -> (Import Result ID: '989ec86ed1ae8532c2cdae1ff9b19bee') in 0.001 seconds [static and dynamic dependencies]. Details - ImportResultOutputID=2d26a6828a410a886cb9f6bcc0328c57 DependenciesID=8210e4bf2ef9ef48a874e7cb08b7f9fd StaticDependenciesID=40313a33c1cce806c26ffbcf0153d16c 
Asset Pipeline Refresh (id=52568a401d44a0b40b875f2610b4e9f1): Total: 0.018 seconds - Initiated by StopAssetImportingV2(NoUpdateAssetOptions)
Importing 'GUID: 33ad4de71746c0944979539ef0d262dc - Path: Assets/NeoEngGenerated/hero.sprite.asset' with importer (NativeFormatImporter)
Imported 'GUID: 33ad4de71746c0944979539ef0d262dc' -> (Import Result ID: '325d93118d3abd7ddfb0355235699b06') in 0.003 seconds [static dependencies only]. Details - ImportResultOutputID=b22361596e0cd1544de47f7ad9ebf4f9 DependenciesID=f2ca6f33955a8600272d296fd7b74596 StaticDependenciesID=66ea6678bbf53bc2d1b8958ff24c0234 
Asset Pipeline Refresh (id=444ce594cddb22945a456844dbdcdd1f): Total: 0.025 seconds - Initiated by StopAssetImportingV2(NoUpdateAssetOptions)
Importing 'GUID: bbc97fbce4c4b444581a1eb3dca9eff5 - Path: Assets/NeoEngGenerated/hero.metadata.asset' with importer (NativeFormatImporter)
Imported 'GUID: bbc97fbce4c4b444581a1eb3dca9eff5' -> (Import Result ID: 'f7cdc0c272a0f1ee5058feec4d2f0e9d') in 0.003 seconds [static dependencies only]. Details - ImportResultOutputID=32d8350fb28cf230a785a156cd55b7eb DependenciesID=620adfb88ef3b18b2ef2686563b48a34 StaticDependenciesID=a90bc2debad5834ab2f6b67258dfd7e7 
Asset Pipeline Refresh (id=c34f0f7aeb6f192498c70f4e780efc0b): Total: 0.025 seconds - Initiated by StopAssetImportingV2(NoUpdateAssetOptions)
Importing 'GUID: 92cb5582be6b2b04aa99472fed993c98 - Path: Assets/NeoEngGenerated/hero.prefab' with importer (PrefabImporter)
Imported 'GUID: 92cb5582be6b2b04aa99472fed993c98' -> (Import Result ID: '236ce030f978df8b791a56dc1fd04976') in 0.017 seconds [static and dynamic dependencies]. Details - ImportResultOutputID=0bd3562b72665bc139fb0d2b83fc5dc8 DependenciesID=d479e519c75ce52fbec3f19b8ad56556 StaticDependenciesID=00ccdc68b910520ea929f677d141ca43 
Asset Pipeline Refresh (id=4d748423740d5664e99d4bbf16ed80d9): Total: 0.042 seconds - Initiated by StopAssetImportingV2(NoUpdateAssetOptions)
Importing 'GUID: de540f318e14f8c4f86da25a2a19500c - Path: Assets/frames/frame_0000.png' with importer (TextureImporter)
Imported 'GUID: de540f318e14f8c4f86da25a2a19500c' -> (Import Result ID: '200c0a707d9715541c3f4af393d79668') in 0.001 seconds [static and dynamic dependencies]. Details - ImportResultOutputID=f0580df64c85a125135f8f90639eb9d0 DependenciesID=8f7139102c0477129d1fa17396aba87a StaticDependenciesID=b6599e966508af7b67f2ce00f550d357 
Asset Pipeline Refresh (id=a9c3bb0be2afcf64b97d530c638bc891): Total: 0.020 seconds - Initiated by StopAssetImportingV2(NoUpdateAssetOptions)
Importing 'GUID: b405675beff13d54880e79e9a896b60b - Path: Assets/frames/frame_0001.png' with importer (TextureImporter)
Imported 'GUID: b405675beff13d54880e79e9a896b60b' -> (Import Result ID: 'de21e162eab94d7e509db1c7f5fcf743') in 0.001 seconds [static and dynamic dependencies]. Details - ImportResultOutputID=9f81471cb787c71088470732fa085977 DependenciesID=0b887a50c62bd521d898d4da5b5df44c StaticDependenciesID=ce51bdd17a2aba63c05b1e9975342710 
Asset Pipeline Refresh (id=fc44548154ff5e94ebec8f0a0d30491a): Total: 0.019 seconds - Initiated by StopAssetImportingV2(NoUpdateAssetOptions)
Importing 'GUID: 0a7024a270ad55c458da337c4ad9c0a1 - Path: Assets/source.png' with importer (TextureImporter)
Imported 'GUID: 0a7024a270ad55c458da337c4ad9c0a1' -> (Import Result ID: '989ec86ed1ae8532c2cdae1ff9b19bee') in 0.001 seconds [static and dynamic dependencies]. Details - ImportResultOutputID=2d26a6828a410a886cb9f6bcc0328c57 DependenciesID=8210e4bf2ef9ef48a874e7cb08b7f9fd StaticDependenciesID=40313a33c1cce806c26ffbcf0153d16c 
Asset Pipeline Refresh (id=781757a2d5daa8f40ab648854dacfb95): Total: 0.019 seconds - Initiated by StopAssetImportingV2(NoUpdateAssetOptions)
Importing 'GUID: 0a7024a270ad55c458da337c4ad9c0a1 - Path: Assets/source.png' with importer (TextureImporter)
Imported 'GUID: 0a7024a270ad55c458da337c4ad9c0a1' -> (Import Result ID: '989ec86ed1ae8532c2cdae1ff9b19bee') in 0.001 seconds [static and dynamic dependencies]. Details - ImportResultOutputID=2d26a6828a410a886cb9f6bcc0328c57 DependenciesID=8210e4bf2ef9ef48a874e7cb08b7f9fd StaticDependenciesID=40313a33c1cce806c26ffbcf0153d16c 
Asset Pipeline Refresh (id=c0474fb5998f7ec478a6272cb9b44ef9): Total: 0.018 seconds - Initiated by StopAssetImportingV2(NoUpdateAssetOptions)
Importing 'GUID: de540f318e14f8c4f86da25a2a19500c - Path: Assets/frames/frame_0000.png' with importer (TextureImporter)
Imported 'GUID: de540f318e14f8c4f86da25a2a19500c' -> (Import Result ID: '200c0a707d9715541c3f4af393d79668') in 0.001 seconds [static and dynamic dependencies]. Details - ImportResultOutputID=f0580df64c85a125135f8f90639eb9d0 DependenciesID=8f7139102c0477129d1fa17396aba87a StaticDependenciesID=b6599e966508af7b67f2ce00f550d357 
Asset Pipeline Refresh (id=5d3e66d626a7b6240853c42f395a363e): Total: 0.018 seconds - Initiated by StopAssetImportingV2(NoUpdateAssetOptions)
Importing 'GUID: 8e1e687c2b577084f950d609bf458559 - Path: Assets/NeoEngGenerated/hero_animation.animation' with importer (DefaultImporter)
Imported 'GUID: 8e1e687c2b577084f950d609bf458559' -> (Import Result ID: '47ab96319e71f98e7a2a6ca6552aeb65') in 0.015 seconds [static dependencies only]. Details - ImportResultOutputID=d416fd7a49b41d6b11a9c11466a30345 DependenciesID=44da5bebf35c49e707d73da71328927d StaticDependenciesID=1446f67f2856e22307775b7d56ce3081 
Importing 'GUID: c6fcb6f882a1fbf429e92ad666a402aa - Path: Assets/NeoEngGenerated/hero_animation.animation/frame_0000.sprite.asset' with importer (NativeFormatImporter)
Imported 'GUID: c6fcb6f882a1fbf429e92ad666a402aa' -> (Import Result ID: 'd9d1857ed00a24d5d75e78e5f2136488') in 0.001 seconds [static dependencies only]. Details - ImportResultOutputID=9be3c670da5882da63d85e767c28570f DependenciesID=c04491f89c030d46f05665d129916149 StaticDependenciesID=23e25704bad3897758fcd609a9e6e2c3 
Asset Pipeline Refresh (id=d2c14a365233c9944ab581ae43d84f96): Total: 0.045 seconds - Initiated by StopAssetImportingV2(NoUpdateAssetOptions)
Importing 'GUID: b405675beff13d54880e79e9a896b60b - Path: Assets/frames/frame_0001.png' with importer (TextureImporter)
Imported 'GUID: b405675beff13d54880e79e9a896b60b' -> (Import Result ID: 'de21e162eab94d7e509db1c7f5fcf743') in 0.001 seconds [static and dynamic dependencies]. Details - ImportResultOutputID=9f81471cb787c71088470732fa085977 DependenciesID=0b887a50c62bd521d898d4da5b5df44c StaticDependenciesID=ce51bdd17a2aba63c05b1e9975342710 
Asset Pipeline Refresh (id=573551bae870a6a41a4195106ba6302f): Total: 0.019 seconds - Initiated by StopAssetImportingV2(NoUpdateAssetOptions)
Importing 'GUID: 6b2a92dbdc3ec684fbae6b09ed8fa271 - Path: Assets/NeoEngGenerated/hero_animation.animation/frame_0001.sprite.asset' with importer (NativeFormatImporter)
Imported 'GUID: 6b2a92dbdc3ec684fbae6b09ed8fa271' -> (Import Result ID: '58a7b17fe85eee602473c3f0ac46d4b9') in 0.001 seconds [static dependencies only]. Details - ImportResultOutputID=8fe0d7e9c622c88a03c4b7dfa6954c0a DependenciesID=2b405087f732cedcfde0573bc1b80c49 StaticDependenciesID=4d18e2bb18a40e5f224ce4ffafde2da5 
Asset Pipeline Refresh (id=bd8344378a631f140bf1fd0b4d8f0a02): Total: 0.023 seconds - Initiated by StopAssetImportingV2(NoUpdateAssetOptions)
Importing 'GUID: ace7587fc1058f74fbb5c8cf2435483b - Path: Assets/NeoEngGenerated/hero_animation.animation/hero_animation.metadata.asset' with importer (NativeFormatImporter)
Imported 'GUID: ace7587fc1058f74fbb5c8cf2435483b' -> (Import Result ID: '5d6b496392b745ccd09dec3010ace43d') in 0.002 seconds [static dependencies only]. Details - ImportResultOutputID=3700f79b7799b1d16c8901a3a7741bee DependenciesID=a056e3d1cda85e5f5d667ca2445e7703 StaticDependenciesID=073f0f4629dbdc0ce66057b60ddba386 
Asset Pipeline Refresh (id=3371cf306cd312944be79c2554aaa52c): Total: 0.025 seconds - Initiated by StopAssetImportingV2(NoUpdateAssetOptions)
Importing 'GUID: 631fdfccbb5bad441aca96904627b098 - Path: Assets/NeoEngGenerated/hero_animation.animation/hero_animation.anim' with importer (NativeFormatImporter)
Imported 'GUID: 631fdfccbb5bad441aca96904627b098' -> (Import Result ID: 'e2ce75f92e24bc0c56521fd5d2d0e44b') in 0.002 seconds [static dependencies only]. Details - ImportResultOutputID=75d336ff3d7fff8ff80d3580d7f7b30d DependenciesID=c8cb7cf7eee008c6c447b5fa47382257 StaticDependenciesID=2c3bb6a20b919c5086186675be637b9f 
Asset Pipeline Refresh (id=0eb49615ab8da9943b676b3196bd8173): Total: 0.025 seconds - Initiated by StopAssetImportingV2(NoUpdateAssetOptions)
Importing 'GUID: 1d96be543a79f0041a93dc296c0d24df - Path: Assets/NeoEngGenerated/hero_animation.animation/hero_animation.controller' with importer (NativeFormatImporter)
Imported 'GUID: 1d96be543a79f0041a93dc296c0d24df' -> (Import Result ID: 'bac0efcc81620836354d6b3c4d71d063') in 0.002 seconds [static dependencies only]. Details - ImportResultOutputID=155371ca80bf8606e3e3a0c8197909c4 DependenciesID=4a78973a4b4f6192e2a4a7144be45b21 StaticDependenciesID=8313d41f85f5554dd23bcd1cb2743b66 
Asset Pipeline Refresh (id=d9acd9e6ed0f2e740b44e460f48a5c23): Total: 0.024 seconds - Initiated by StopAssetImportingV2(NoUpdateAssetOptions)
Importing 'GUID: 1d96be543a79f0041a93dc296c0d24df - Path: Assets/NeoEngGenerated/hero_animation.animation/hero_animation.controller' with importer (NativeFormatImporter)
Imported 'GUID: 1d96be543a79f0041a93dc296c0d24df' -> (Import Result ID: '19cd301c4a93ea5c80405fb788d6548e') in 0.001 seconds [static dependencies only]. Details - ImportResultOutputID=155371ca80bf8606e3e3a0c8197909c4 DependenciesID=349db87494001457e86a4c8b5e4cdb20 StaticDependenciesID=7d7160e6d851a379a364b55acdd0e414 
Asset Pipeline Refresh (id=40bfd723b5923fb46abd120950b741b5): Total: 0.019 seconds - Initiated by StopAssetImportingV2(NoUpdateAssetOptions)
Importing 'GUID: 2ba60edeb4dafcf4393f24502b323238 - Path: Assets/NeoEngGenerated/hero_animation.animation/hero_animation.prefab' with importer (PrefabImporter)
Imported 'GUID: 2ba60edeb4dafcf4393f24502b323238' -> (Import Result ID: '863e5e7d905359b3f7e89940d1cc0d89') in 0.017 seconds [static and dynamic dependencies]. Details - ImportResultOutputID=8c5a52d01e1016c31f0fb0947e9426b9 DependenciesID=7e9d53cff14d548c850b8ed0566edfdc StaticDependenciesID=5865aae8b1dd298d400ae283ba2a6350 
Asset Pipeline Refresh (id=4d42b3015e850fe498af25f6725a65ac): Total: 0.041 seconds - Initiated by StopAssetImportingV2(NoUpdateAssetOptions)
Importing 'GUID: 0a7024a270ad55c458da337c4ad9c0a1 - Path: Assets/source.png' with importer (TextureImporter)
Imported 'GUID: 0a7024a270ad55c458da337c4ad9c0a1' -> (Import Result ID: '989ec86ed1ae8532c2cdae1ff9b19bee') in 0.001 seconds [static and dynamic dependencies]. Details - ImportResultOutputID=2d26a6828a410a886cb9f6bcc0328c57 DependenciesID=8210e4bf2ef9ef48a874e7cb08b7f9fd StaticDependenciesID=40313a33c1cce806c26ffbcf0153d16c 
Asset Pipeline Refresh (id=ee8c7355a876c5b408d0155a9e8d371d): Total: 0.019 seconds - Initiated by StopAssetImportingV2(NoUpdateAssetOptions)
Importing 'GUID: bc6ce03fe0d86834eb88d3690db2c4d8 - Path: Assets/NeoEngGenerated/hero_tileset.tileset' with importer (DefaultImporter)
Imported 'GUID: bc6ce03fe0d86834eb88d3690db2c4d8' -> (Import Result ID: '38d6d11751d6741ef8611c2837f8be7d') in 0.013 seconds [static dependencies only]. Details - ImportResultOutputID=c4016decabfff35dcc0395f12a94bcf7 DependenciesID=6dbaba7c580a8ba902c4b55f7c1d7fe0 StaticDependenciesID=a4f8efae9b5e7c897a9aee0d8eb60282 
Importing 'GUID: 7ebec2a2741003d44a30c5656c0ce510 - Path: Assets/NeoEngGenerated/hero_tileset.tileset/tile_0000.sprite.asset' with importer (NativeFormatImporter)
Imported 'GUID: 7ebec2a2741003d44a30c5656c0ce510' -> (Import Result ID: 'c57ebe5bf4c00d42601d83b6cdba6a55') in 0.002 seconds [static dependencies only]. Details - ImportResultOutputID=ec2808c34fc3274baa8178c2f69d7028 DependenciesID=bcefa2f7060544dc0e3426e3cd51b8cb StaticDependenciesID=3336dd9c123d902458def9fa8ed1dd96 
Asset Pipeline Refresh (id=b0929d1370f86cd4a8f831f873d2165e): Total: 0.041 seconds - Initiated by StopAssetImportingV2(NoUpdateAssetOptions)
Importing 'GUID: 85fc76f6d96881f4f8a6101c85991381 - Path: Assets/NeoEngGenerated/hero_tileset.tileset/tile_0000.tile.asset' with importer (NativeFormatImporter)
Imported 'GUID: 85fc76f6d96881f4f8a6101c85991381' -> (Import Result ID: '1af988097be2762f1c286b8edbe4c1be') in 0.001 seconds [static dependencies only]. Details - ImportResultOutputID=3aeb7dd5938cc6c28860d59ad66e5c63 DependenciesID=f21f089cf0459eedbc06e252439f9b59 StaticDependenciesID=26075567974af58a62bc42087a1c603a 
Asset Pipeline Refresh (id=1dda276565511ea48a4097541fbdc3d1): Total: 0.022 seconds - Initiated by StopAssetImportingV2(NoUpdateAssetOptions)
Importing 'GUID: 0a7024a270ad55c458da337c4ad9c0a1 - Path: Assets/source.png' with importer (TextureImporter)
Imported 'GUID: 0a7024a270ad55c458da337c4ad9c0a1' -> (Import Result ID: '989ec86ed1ae8532c2cdae1ff9b19bee') in 0.001 seconds [static and dynamic dependencies]. Details - ImportResultOutputID=2d26a6828a410a886cb9f6bcc0328c57 DependenciesID=8210e4bf2ef9ef48a874e7cb08b7f9fd StaticDependenciesID=40313a33c1cce806c26ffbcf0153d16c 
Asset Pipeline Refresh (id=ba8fa50e40a021841bea9f406fe59fe0): Total: 0.018 seconds - Initiated by StopAssetImportingV2(NoUpdateAssetOptions)
Importing 'GUID: e24e05887feb90f41bd835268bbcf21b - Path: Assets/NeoEngGenerated/hero_tileset.tileset/tile_0001.sprite.asset' with importer (NativeFormatImporter)
Imported 'GUID: e24e05887feb90f41bd835268bbcf21b' -> (Import Result ID: '5dfee54d0a793647218e588da06675e3') in 0.002 seconds [static dependencies only]. Details - ImportResultOutputID=1c0e4117970aedce9d5128fb1a661a38 DependenciesID=94baef39a69f076827dfce7d45eeab9e StaticDependenciesID=b4258eecdb709f3e3ae1d5db39bc509f 
Asset Pipeline Refresh (id=827f3c85beb599f4cbec829797bf9d54): Total: 0.023 seconds - Initiated by StopAssetImportingV2(NoUpdateAssetOptions)
Importing 'GUID: 15fe43332160e054689b46c4e88d96ad - Path: Assets/NeoEngGenerated/hero_tileset.tileset/tile_0001.tile.asset' with importer (NativeFormatImporter)
Imported 'GUID: 15fe43332160e054689b46c4e88d96ad' -> (Import Result ID: 'd3ae9126309516aeeceefdf2b8747d4c') in 0.001 seconds [static dependencies only]. Details - ImportResultOutputID=ca5387b61c31aac7afcd784994df1ec0 DependenciesID=83c6247e49cbaf27eacbd0764a754e1e StaticDependenciesID=1fc6d938ee2508257a0c7c5c1627dae4 
Asset Pipeline Refresh (id=941ffff38dd53e74280d5dafca54bca3): Total: 0.023 seconds - Initiated by StopAssetImportingV2(NoUpdateAssetOptions)
Importing 'GUID: 163c61f93d2dd4e4381d1631b8208cd0 - Path: Assets/NeoEngGenerated/hero_tileset.tileset/hero_tileset.metadata.asset' with importer (NativeFormatImporter)
Imported 'GUID: 163c61f93d2dd4e4381d1631b8208cd0' -> (Import Result ID: '8ebfe67ee3de2f3bfbf89746a74938f2') in 0.002 seconds [static dependencies only]. Details - ImportResultOutputID=f3363e2de2abd3fbed3a068e2847e177 DependenciesID=06db5a09d7d03b4167646bc2a9867f5f StaticDependenciesID=d1b206c7b9c5338af84528973fc3fd07 
Asset Pipeline Refresh (id=de97a14fb2ba8a540977fea1c4e9ee1f): Total: 0.022 seconds - Initiated by StopAssetImportingV2(NoUpdateAssetOptions)
Importing 'GUID: 050273a16825cf14ea4e5ac7c0e5f99f - Path: Assets/NeoEngGenerated/hero_tileset.tileset/hero_tileset.prefab' with importer (PrefabImporter)
Imported 'GUID: 050273a16825cf14ea4e5ac7c0e5f99f' -> (Import Result ID: '71706f6207d5a3d2fca14f282008250d') in 0.014 seconds [static and dynamic dependencies]. Details - ImportResultOutputID=b1dfb12b9222bff18a7e83e974808e72 DependenciesID=e3b7a91f4f12a2ca69a275428f9856f4 StaticDependenciesID=40462f5b109490d989b6a46dd6d1ef7a 
Asset Pipeline Refresh (id=2a3da8f22892ea14ca1f96d097d4e009): Total: 0.039 seconds - Initiated by StopAssetImportingV2(NoUpdateAssetOptions)
Asset Pipeline Refresh (id=26bda3aed90adca40a8feff8fce3c5a0): Total: 0.033 seconds - Initiated by RefreshV2(ForceUpdate)
Loaded scene 'Library/Unused/25deb5becba06d84984fc471a0295de4'
	Deserialize:            0.370 ms
	Integration:            1.794 ms
	Integration of assets:  0.001 ms
	Thread Wait Time:       19.578 ms
	Total Operation Time:   21.743 ms
Importing 'GUID: 050273a16825cf14ea4e5ac7c0e5f99f - Path: Assets/NeoEngGenerated/hero_tileset.tileset/hero_tileset.prefab' with importer (PrefabImporter)
Imported 'GUID: 050273a16825cf14ea4e5ac7c0e5f99f' -> (Import Result ID: '7ef3b27924f7adb7eb85338abed32b83') in 0.003 seconds [static and dynamic dependencies]. Details - ImportResultOutputID=58728d690a6b11e46814dcba515dca2b DependenciesID=5e38fdc3254570cdf151528ab29ade57 StaticDependenciesID=1b95893cef1e5fc09169f78bc935161b 
Asset Pipeline Refresh (id=63403a21182f22e4f8c17bcd125da1b8): Total: 0.033 seconds - Initiated by StopAssetImportingV2(NoUpdateAssetOptions)
Asset Pipeline Refresh (id=eb2ca975df5c3524b8557411eaffab97): Total: 0.019 seconds - Initiated by RefreshV2(ForceUpdate)
Importing 'GUID: 0a7024a270ad55c458da337c4ad9c0a1 - Path: Assets/source.png' with importer (TextureImporter)
Imported 'GUID: 0a7024a270ad55c458da337c4ad9c0a1' -> (Import Result ID: '989ec86ed1ae8532c2cdae1ff9b19bee') in 0.002 seconds [static and dynamic dependencies]. Details - ImportResultOutputID=2d26a6828a410a886cb9f6bcc0328c57 DependenciesID=8210e4bf2ef9ef48a874e7cb08b7f9fd StaticDependenciesID=40313a33c1cce806c26ffbcf0153d16c 
Asset Pipeline Refresh (id=d516170ab448e684fbef8885f8700854): Total: 0.020 seconds - Initiated by StopAssetImportingV2(NoUpdateAssetOptions)
Importing 'GUID: de540f318e14f8c4f86da25a2a19500c - Path: Assets/frames/frame_0000.png' with importer (TextureImporter)
Imported 'GUID: de540f318e14f8c4f86da25a2a19500c' -> (Import Result ID: '200c0a707d9715541c3f4af393d79668') in 0.001 seconds [static and dynamic dependencies]. Details - ImportResultOutputID=f0580df64c85a125135f8f90639eb9d0 DependenciesID=8f7139102c0477129d1fa17396aba87a StaticDependenciesID=b6599e966508af7b67f2ce00f550d357 
Asset Pipeline Refresh (id=11b403ef1fbeafb43a5e8ddc78cc59bd): Total: 0.018 seconds - Initiated by StopAssetImportingV2(NoUpdateAssetOptions)
Importing 'GUID: b405675beff13d54880e79e9a896b60b - Path: Assets/frames/frame_0001.png' with importer (TextureImporter)
Imported 'GUID: b405675beff13d54880e79e9a896b60b' -> (Import Result ID: 'de21e162eab94d7e509db1c7f5fcf743') in 0.002 seconds [static and dynamic dependencies]. Details - ImportResultOutputID=9f81471cb787c71088470732fa085977 DependenciesID=0b887a50c62bd521d898d4da5b5df44c StaticDependenciesID=ce51bdd17a2aba63c05b1e9975342710 
Asset Pipeline Refresh (id=0273c69e57b9ded45aae46c07e5723f7): Total: 0.021 seconds - Initiated by StopAssetImportingV2(NoUpdateAssetOptions)
Importing 'GUID: 0a7024a270ad55c458da337c4ad9c0a1 - Path: Assets/source.png' with importer (TextureImporter)
Imported 'GUID: 0a7024a270ad55c458da337c4ad9c0a1' -> (Import Result ID: '989ec86ed1ae8532c2cdae1ff9b19bee') in 0.002 seconds [static and dynamic dependencies]. Details - ImportResultOutputID=2d26a6828a410a886cb9f6bcc0328c57 DependenciesID=8210e4bf2ef9ef48a874e7cb08b7f9fd StaticDependenciesID=40313a33c1cce806c26ffbcf0153d16c 
Asset Pipeline Refresh (id=dce5af247c4ea31419f35729d50deaf1): Total: 0.019 seconds - Initiated by StopAssetImportingV2(NoUpdateAssetOptions)
Importing 'GUID: 0a7024a270ad55c458da337c4ad9c0a1 - Path: Assets/source.png' with importer (TextureImporter)
Imported 'GUID: 0a7024a270ad55c458da337c4ad9c0a1' -> (Import Result ID: '989ec86ed1ae8532c2cdae1ff9b19bee') in 0.001 seconds [static and dynamic dependencies]. Details - ImportResultOutputID=2d26a6828a410a886cb9f6bcc0328c57 DependenciesID=8210e4bf2ef9ef48a874e7cb08b7f9fd StaticDependenciesID=40313a33c1cce806c26ffbcf0153d16c 
Asset Pipeline Refresh (id=93c89cabb8b427f49b58789832f0c28d): Total: 0.020 seconds - Initiated by StopAssetImportingV2(NoUpdateAssetOptions)
Worker ready: AssetImportWorkerHW0 0
Asset Pipeline Refresh (id=18527d9c0901ecd4b9e26f65cd820433): Total: 0.041 seconds - Initiated by RefreshV2(ForceUpdate)
UNITY_STAGE3_TILESET_CONFLICT_BLOCKED=PASS
UnityEngine.Debug:ExtractStackTraceNoAlloc (byte*,int,string)
UnityEngine.StackTraceUtility:ExtractStackTrace ()
UnityEngine.DebugLogHandler:Internal_Log (UnityEngine.LogType,UnityEngine.LogOption,string,UnityEngine.Object)
UnityEngine.DebugLogHandler:LogFormat (UnityEngine.LogType,UnityEngine.Object,string,object[])
UnityEngine.Logger:Log (UnityEngine.LogType,object)
UnityEngine.Debug:Log (object)
NeoEngStage3Runner:RunConflict (bool) (at Assets/Editor/NeoEngStage3Runner.cs:143)
NeoEngStage3Runner:Begin () (at Assets/Editor/NeoEngStage3Runner.cs:30)
UnityEditor.EditorApplication:Internal_CallDelayFunctions ()

(Filename: Assets/Editor/NeoEngStage3Runner.cs Line: 143)

MonoPathRemapper: Attempts to remap: 5091; Successful remaps: 0
Serialized file version minimum: 23, current 23
[Physics::Module] Cleanup current backend.
[Physics::Module] Id: 0xf2b8ea05
Input System module state changed to: ShutdownInProgress.
Input Polling Thread exited.
Input System module state changed to: Shutdown.
[Licensing::IpcConnector] LicenseClient-<redacted> channel disconnected successfully.
[Licensing::IpcConnector] LicenseClient-<redacted> channel disconnected successfully.
Shut down.
AcceleratorClientConnectionCallback - disconnected - :0
Cleanup mono
CodeReloadManager destroyed
abort_threads: Failed aborting id: 000000000000115C, mono_thread_manage will ignore it

abort_threads: Failed aborting id: 0000000000006BEC, mono_thread_manage will ignore it

abort_threads: Failed aborting id: 000000000000115C, mono_thread_manage will ignore it

abort_threads: Failed aborting id: 0000000000006BEC, mono_thread_manage will ignore it

debugger-agent: Unable to listen on 3216
Checking for leaked weakptr:
  Found no leaked weakptrs.
[Package Manager] Server process was shutdown
##utp:{"type":"MemoryLeaks","version":2,"phase":"Immediate","time":1787005034023,"processId: <redacted>,"allocatedMemory":11412273,"memoryLabels":[{"Default":172498},{"Permanent":15516},{"NewDelete":65763},{"Thread":4197560},{"Manager":33605},{"VertexData":8},{"Geometry":816},{"Texture":24},{"Shader":831192},{"Material":24},{"GfxDevice":55328},{"Animation":5816},{"Audio":1544},{"FreeType":8},{"FontEngine":736},{"Physics":2146},{"Physics2D":16},{"Serialization":912},{"Input":42840},{"JobScheduler":256},{"TextLib":280},{"Mono":48},{"ScriptingNativeRuntime":674964},{"BaseObject":1627168},{"Resource":1208},{"Renderer":3080},{"Transform":4685},{"File":1032},{"WebCam":616},{"Culling":32},{"Terrain":11442},{"Wind":24},{"STL":40},{"String":37348},{"StaticString":3808},{"Utility":2673782},{"Curl":2559},{"PoolAlloc":2168},{"AI":80},{"TypeTree":17165},{"CodeReload":448},{"RuntimeInitializeOnLoadManager":64},{"Sprites":102},{"SpriteAtlas":120},{"GI":7816},{"Director":3432},{"CloudService":16424},{"WebRequest":552},{"VR":47114},{"SceneManager":608},{"Video":64},{"LazyScriptCache":32},{"Camera":17},{"Secure":2377},{"Image":65536},{"SerializationCache":1576},{"APIUpdating":10320},{"Subsystems":336},{"VirtualTexturing":57888},{"StaticSafetyDebugInfo":278528},{"Analytics":552},{"Hierarchy":1176},{"UIElements":72},{"CoreStats":13688},{"Identifiers":6768},{"Gui":128},{"EditorUtility":98480},{"VersionControl":8},{"Undo":931},{"AssetDatabase":252521},{"AssetImporter":40},{"EditorGi":328},{"UnityConnect":38929},{"Upm":1912},{"UpmDiagnostics":8},{"AssetCompliance":64},{"DrivenProperties":72},{"LocalIPC":211},{"ProfilerEditor":9746},{"CoreBusinessMetrics":3500},{"Windowing":456},{"Licensing":1232},{"AssetReference":32},{"IPCStream":32}]}
