
[Licensing::Module] Trying to connect to existing licensing client channel...
Built from '6000.5/staging' branch; Version is '6000.5.7f1 (017862109af0) revision 96354'; Using compiler version '194234433'; Build Type 'Release'
OS: 'Windows 11  (10.0.26200) Professional' Language: 'pt' Physical Memory: 32690 MB
[Licensing::IpcConnector] Channel LicenseClient-<redacted> doesn't exist
BatchMode: 1, IsHumanControllingUs: 0, StartBugReporterOnCrash: 0, Is64bit: 1
System  architecture: x64
Process architecture: x64
Date: 2026-08-17T22:16:35Z
[Licensing::Module] Successfully launched the LicensingClient (PId: <redacted>)

COMMAND LINE ARGUMENTS:
<local-path>
-batchmode
-nographics
-projectPath
<local-path>\positive
-logFile
<local-path>\unity-stage3-positive.log
Successfully changed project path to: <local-path>\positive
<local-path>
[UnityMemory] Configuration Parameters - Can be set up in boot.config
    "memorysetup-temp-allocator-size-gi-baking-worker=262144"
    "memorysetup-temp-allocator-size-gi-baking-worker=262144"
    "memorysetup-temp-allocator-size-gi-baking-worker=262144"
    "memorysetup-temp-allocator-size-gi-baking-worker=262144"
    "memorysetup-temp-allocator-size-gi-baking-worker=262144"
    "memorysetup-temp-allocator-size-nav-mesh-worker=65536"
    "memorysetup-temp-allocator-size-audio-worker=65536"
    "memorysetup-temp-allocator-size-cloud-worker=32768"
    "memorysetup-temp-allocator-size-gfx=262144"
    "memorysetup-temp-allocator-size-preload-manager=33554432"
    "memorysetup-allocator-temp-initial-block-size-main=262144"
    "memorysetup-allocator-temp-initial-block-size-worker=262144"
    "memorysetup-temp-allocator-size-job-worker=262144"
    "memorysetup-temp-allocator-size-background-worker=32768"
    "memorysetup-bucket-allocator-granularity=16"
    "memorysetup-bucket-allocator-bucket-count=8"
    "memorysetup-bucket-allocator-block-size=33554432"
    "memorysetup-bucket-allocator-block-count=8"
    "memorysetup-main-allocator-block-size=16777216"
    "memorysetup-thread-allocator-block-size=16777216"
    "memorysetup-main-allocator-mimalloc-enabled=0"
    "memorysetup-gfx-main-allocator-block-size=16777216"
    "memorysetup-gfx-thread-allocator-block-size=16777216"
    "memorysetup-cache-allocator-block-size=4194304"
    "memorysetup-typetree-allocator-block-size=2097152"
    "memorysetup-profiler-bucket-allocator-granularity=16"
    "memorysetup-profiler-bucket-allocator-bucket-count=8"
    "memorysetup-profiler-bucket-allocator-block-size=33554432"
    "memorysetup-profiler-bucket-allocator-block-count=8"
    "memorysetup-profiler-allocator-block-size=16777216"
    "memorysetup-profiler-editor-allocator-block-size=1048576"
    "memorysetup-temp-allocator-size-main=16777216"
    "memorysetup-job-temp-allocator-block-size=2097152"
    "memorysetup-job-temp-allocator-block-size-background=1048576"
    "memorysetup-job-temp-allocator-reduction-small-platforms=262144"
Logging is directed to a specific file, skipping project log.<redacted-player-connection>

<redacted-player-connection>"[IP] <network-address> [Port] 55505 [Flags] 2 [Guid] 2405744523 [EditorId] 2405744523 [Version] 1048832 [Id] WindowsEditor(<redacted>) [Debug] 1 [PackageName] WindowsEditor [ProjectName] Editor" 

<redacted-player-connection>"[IP] <network-address> [Port] 55505 [Flags] 2 [Guid] 2405744523 [EditorId] 2405744523 [Version] 1048832 [Id] WindowsEditor(<redacted>) [Debug] 1 [PackageName] WindowsEditor [ProjectName] Editor" 

<redacted-player-connection>"[IP] <network-address> [Port] 55505 [Flags] 2 [Guid] 2405744523 [EditorId] 2405744523 [Version] 1048832 [Id] WindowsEditor(<redacted>) [Debug] 1 [PackageName] WindowsEditor [ProjectName] Editor" 

<redacted-player-connection>"[IP] <network-address> [Port] 55505 [Flags] 2 [Guid] 2405744523 [EditorId] 2405744523 [Version] 1048832 [Id] WindowsEditor(<redacted>) [Debug] 1 [PackageName] WindowsEditor [ProjectName] Editor" 

<redacted-player-connection>
<redacted-player-connection>
Input System module state changed to: Initialized.
[Physics::Module] Initialized fallback backend.
[Physics::Module] Id: 0xdecafbad
Starting IPC server.
Waiting for clients to connect on \\.\pipe\Unity-LicenseClient-<redacted>, press Ctrl-C to exit.
[Licensing::IpcConnector] Successfully connected to: "LicenseClient-<redacted>" at "2026-08-17T22:16:36.1123559Z"
[Licensing::Client] Code 10 while verifying Licensing Client signature (process Id: <redacted>, path: "<local-path>")
[Licensing::Module] LicensingClient has failed validation; ignoring
[Package Manager] Connected to IPC stream "Upm-23392" after 0.3 seconds.
[Licensing::Module] Licensing is not yet initialized.
[Licensing::Client] Handshaking with LicensingClient:
  Version:                 1.18.1+9fbee8e
  Session Id:<redacted>
  Correlation Id:<redacted>
  External correlation Id:<redacted>
  Machine Id:<redacted>
[Licensing::Module] Successfully connected to LicensingClient on channel: "LicenseClient-<redacted>" (connect: 0.37s, validation: 0.06s, handshake: 0.04s)
[Licensing::IpcConnector] Successfully connected to: "LicenseClient-<redacted>" at "2026-08-17T22:16:36.2109Z"
[Licensing::Module] Connected to LicensingClient (PId: <redacted>, launch time: 0.01, total connection time: 0.47s)
[Licensing::Module] Error: Access token is unavailable; failed to update
[Licensing::Client] Successfully resolved entitlement details
[Licensing::Module] License group:
  Id: 4674131544823-UnityPersXXXX
  Product: Unity Personal
  Type: Assigned
  Expiration: Unlimited
[Licensing::Client] Successfully updated license, isAsync: True, time: 0.01
[Licensing::Client] Successfully resolved entitlement details
[Licensing::Module] Licensing Background thread has ended after 0.52s
[Licensing::Module] Licensing is initialized (took 0.08s).
[Licensing::Client] Successfully resolved entitlement details
Library Redirect Path: Library/
Rebuilding Library because the asset database could not be found!
[Physics::Module] Selected backend.
[Physics::Module] Name: PhysX
[Physics::Module] Id: 0xf2b8ea05
[Physics::Module] SDK Version: 4.1.2
[Physics::Module] Integration Version: 1.0.0
[Physics::Module] Threading Mode: Multi-Threaded
Initialize engine version: 6000.5.7f1 (017862109af0)
[Subsystems] Discovering subsystems at path <local-path>
[Subsystems] Discovering subsystems at path <local-path>
Forcing GfxDevice: Null
GfxDevice: creating device client; kGfxThreadingModeNonThreaded
NullGfxDevice:
    Version:  NULL 1.0 [1.0]
    Renderer: Null Device
    Vendor:   Unity Technologies
Initialize mono
Mono path[0] = '<local-path>
Mono path[1] = '<local-path>
Mono path[2] = '<local-path>
Mono config path = '<local-path>
Using monoOptions --debugger-agent=transport=dt_socket,embedding=1,server=y,suspend=n,address=<network-address>:56392
CodeReloadManager initialized
ImportWorker Server TCP listen port: 0
AcceleratorClientConnectionCallback - disconnected - :0
Begin MonoManager ReloadAssembly
Registering precompiled unity dll's ...
Register platform support module: <local-path>
Register platform support module: <local-path>
Registered in 0.006565 seconds.
Native extension for WindowsStandalone target not found
Native extension for WebGL target not found
Package Manager log level set to [2]
ScheduleIndexationOnStartup MainProcess:False IndexOnStartup:False
Mono: successfully reloaded assembly
- Finished resetting the current domain, in  0.397 seconds
Domain Reload Profiling: 1052ms
	BeginReloadAssembly (188ms)
		CreateAndSetChildDomain (9ms)
	RebuildCommonClasses (5ms)
	RebuildNativeTypeToScriptingClass (17ms)
	initialDomainReloadingComplete (113ms)
	LoadAllAssembliesAndSetupDomain (328ms)
		LoadAssemblies (169ms)
		AnalyzeDomain (229ms)
			TypeCache.Refresh (227ms)
				TypeCache.ScanAssembly (213ms)
	FinalizeReload (400ms)
		SetupLoadedEditorAssemblies (0ms)
			InitializePlatformSupportModulesInManaged (3ms)
			BeforeProcessingInitializeOnLoad (95ms)
			ProcessInitializeOnLoadAttributes (106ms)
			ProcessInitializeOnLoadMethodAttributes (121ms)
[Licensing::Client] Successfully resolved entitlement details
Application.AssetDatabase Initial Refresh Start
[Package Manager] Done resolving packages in 0.54 seconds
[Licensing::Client] Successfully resolved entitlement details
[Package Manager] Lock file was created
[Package Manager] Registered 1 packages:
  Local packages:
    com.neoeng.dtrace@file:<repo>\integrations\unity\package\com.neoeng.dtrace (location: <repo>\integrations\unity\package\com.neoeng.dtrace)
[Subsystems] No new subsystems found in resolved package list.
[Package Manager] Done registering packages in 0.00 seconds
AcceleratorClientConnectionCallback - disconnected - :0
[ScriptCompilation] Requested script compilation because: Assembly Definition File(s) changed
[ScriptCompilation] Requested script compilation because: AssetDatabase observed changes in script compilation related files
info: Microsoft.Hosting.Lifetime[14]
      Now listening on: htt<local-path>
info: Microsoft.Hosting.Lifetime[0]
      Application started. Press Ctrl+C to shut down.
info: Microsoft.Hosting.Lifetime[0]
      Hosting environment: Production
info: Microsoft.Hosting.Lifetime[0]
      Content root path: <local-path>\positive
info: Microsoft.AspNetCore.Hosting.Diagnostics[1]
      Request starting HTTP/2 POST htt<local-path>
info: Microsoft.AspNetCore.Routing.EndpointMiddleware[0]
      Executing endpoint 'gRPC - /UnityILPP.PostProcessing/Ping'
info: Microsoft.AspNetCore.Routing.EndpointMiddleware[1]
      Executed endpoint 'gRPC - /UnityILPP.PostProcessing/Ping'
info: Microsoft.AspNetCore.Hosting.Diagnostics[2]
      Request finished HTTP/2 POST htt<local-path>
Starting: <local-path>"Library/Bee/1900b0aE.dag" --continue-on-failure --profile="Library/Bee/backend1.traceevents" ScriptAssemblies
WorkingDir: <local-path>
ExitCode: 4 Duration: 0s44ms
[             ] Require frontend run.  Library/Bee/1900b0aE.dag couldn't be loaded
DisplayProgressbar: Compiling Scripts
Starting: <local-path>"<local-path>" "Library/Bee/1900b0aE.dag.json" "Library/Bee/1900b0aE-inputdata.json" "Library\Bee\buildprogram0.traceevents"
WorkingDir: <local-path>
ExitCode: 0 Duration: 0s244ms
Starting: <local-path>"Library/Bee/1900b0aE.dag" --continue-on-failure --dagfilejson="Library\Bee\1900b0aE.dag.json" --profile="Library/Bee/backend2.traceevents" ScriptAssemblies
WorkingDir: <local-path>
ExitCode: 0 Duration: 4s555ms
Finished compiling graph: 179 nodes, 794 flattened edges (776 ToBuild, 6 ToUse), maximum node priority 24
[  1/176    0s] MovedFromExtractor Library/Bee/artifacts/mvdfrm/UnityEditor.ShaderBuildSettingsModule.dll_6CE3BB4B63CFCCEF.mvfrm
[  2/176    0s] MovedFromExtractor Library/Bee/artifacts/mvdfrm/UnityEditor.TextCoreTextEngineModule.dll_9D6CC6E6B153E63C.mvfrm
[  3/176    0s] MovedFromExtractor Library/Bee/artifacts/mvdfrm/UnityEditor.SafeModeModule.dll_45C769F6FF45AC21.mvfrm
[  4/176    0s] MovedFromExtractor Library/Bee/artifacts/mvdfrm/UnityEditor.SpriteMaskModule.dll_52C550464C6836D2.mvfrm
[  5/176    0s] MovedFromExtractor Library/Bee/artifacts/mvdfrm/UnityEditor.SubstanceModule.dll_77857F2E15A99E33.mvfrm
[  6/176    0s] MovedFromExtractor Library/Bee/artifacts/mvdfrm/UnityEditor.QuickSearchModule.dll_0E3FB034F2FA8E88.mvfrm
[  7/176    0s] MovedFromExtractor Library/Bee/artifacts/mvdfrm/UnityEditor.TextRenderingModule.dll_643E8A08F64F1F62.mvfrm
[  8/176    0s] MovedFromExtractor Library/Bee/artifacts/mvdfrm/UnityEditor.ShaderFoundryModule.dll_597B3810C6A1EA97.mvfrm
[  9/176    0s] MovedFromExtractor Library/Bee/artifacts/mvdfrm/UnityEditor.TilemapModule.dll_88620B9BED1BFA01.mvfrm
[ 10/176    0s] MovedFromExtractor Library/Bee/artifacts/mvdfrm/UnityEditor.SketchUpModule.dll_2DDC4F474A774838.mvfrm
[ 11/176    0s] MovedFromExtractor Library/Bee/artifacts/mvdfrm/UnityEditor.TextCoreFontEngineModule.dll_5584907521D02D1E.mvfrm
[ 12/176    0s] MovedFromExtractor Library/Bee/artifacts/mvdfrm/UnityEditor.SpriteShapeModule.dll_65C440F1F8C96AFF.mvfrm
[ 13/176    0s] MovedFromExtractor Library/Bee/artifacts/mvdfrm/UnityEditor.TerrainModule.dll_E965A41AD55F18F8.mvfrm
[ 14/176    0s] MovedFromExtractor Library/Bee/artifacts/mvdfrm/UnityEditor.SceneViewModule.dll_0C55D55C7B149334.mvfrm
[ 15/176    0s] MovedFromExtractor Library/Bee/artifacts/mvdfrm/UnityEditor.SceneTemplateModule.dll_1A9B67CDA3F26E09.mvfrm
[ 16/176    0s] MovedFromExtractor Library/Bee/artifacts/mvdfrm/UnityEditor.ShaderCompilationModule.dll_8BD4C024CDC49D21.mvfrm
[ 17/176    0s] MovedFromExtractor Library/Bee/artifacts/mvdfrm/UnityEditor.QuickInstallModule.dll_E870CF5853AAF76F.mvfrm
[ 18/176    0s] MovedFromExtractor Library/Bee/artifacts/mvdfrm/UnityEditor.PropertiesModule.dll_96D41CF49DE40594.mvfrm
[ 19/176    0s] MovedFromExtractor Library/Bee/artifacts/mvdfrm/UnityEngine.InsightsModule.dll_DAA4F5080D8DD327.mvfrm
[ 20/176    0s] MovedFromExtractor Library/Bee/artifacts/mvdfrm/UnityEditor.ProjectAuditorModule.dll_55D011101AD2D826.mvfrm
[ 21/176    0s] MovedFromExtractor Library/Bee/artifacts/mvdfrm/UnityEditor.PhysicsModule.dll_CF1F28ABFFA0D00A.mvfrm
[ 22/176    0s] MovedFromExtractor Library/Bee/artifacts/mvdfrm/UnityEditor.PhysicsCore2DModule.dll_AEC3B8E88A15076B.mvfrm
[ 23/176    0s] MovedFromExtractor Library/Bee/artifacts/mvdfrm/UnityEditor.PresetsUIModule.dll_890C2B36884A1E2B.mvfrm
[ 24/176    0s] MovedFromExtractor Library/Bee/artifacts/mvdfrm/UnityEditor.Physics2DModule.dll_32EB6D851BCBE07C.mvfrm
[ 25/176    0s] MovedFromExtractor Library/Bee/artifacts/mvdfrm/UnityEditor.PlayModeModule.dll_8BBB5BB09E0EBB88.mvfrm
[ 26/176    0s] MovedFromExtractor Library/Bee/artifacts/mvdfrm/UnityEditor.HierarchyModule.dll_BB19F93043D104E8.mvfrm
[ 27/176    0s] MovedFromExtractor Library/Bee/artifacts/mvdfrm/UnityEditor.GraphicsStateCollectionSerializerModule.dll_1F4A5F0762D36DE9.mvfrm
[ 28/176    0s] MovedFromExtractor Library/Bee/artifacts/mvdfrm/UnityEditor.GridModule.dll_4D8EE9F7B6C08597.mvfrm
[ 29/176    0s] MovedFromExtractor Library/Bee/artifacts/mvdfrm/UnityEditor.MultiplayerModule.dll_CC0B3023FBEEC06D.mvfrm
[ 30/176    0s] MovedFromExtractor Library/Bee/artifacts/mvdfrm/UnityEditor.MediaModule.dll_BD7E9226B571C0A7.mvfrm
[ 31/176    0s] MovedFromExtractor Library/Bee/artifacts/mvdfrm/UnityEditor.MathematicsModule.dll_7177C170B79F2A29.mvfrm
[ 32/176    0s] MovedFromExtractor Library/Bee/artifacts/mvdfrm/UnityEditor.LightingModule.dll_3FCEE1735231754D.mvfrm
[ 33/176    0s] MovedFromExtractor Library/Bee/artifacts/mvdfrm/UnityEditor.GraphViewModule.dll_CDA5F25485F1C626.mvfrm
[ 34/176    0s] MovedFromExtractor Library/Bee/artifacts/mvdfrm/UnityEditor.EmbreeModule.dll_325107F39E868BE9.mvfrm
[ 35/176    0s] MovedFromExtractor Library/Bee/artifacts/mvdfrm/UnityEditor.GraphToolkitModule.dll_256E65C402D3B7C1.mvfrm
[ 36/176    0s] MovedFromExtractor Library/Bee/artifacts/mvdfrm/UnityEditor.GenericRemoteModule.dll_570137188D143B80.mvfrm
[ 37/176    0s] MovedFromExtractor Library/Bee/artifacts/mvdfrm/UnityEditor.DiagnosticsModule.dll_83302F279A23922F.mvfrm
[ 38/176    0s] MovedFromExtractor Library/Bee/artifacts/mvdfrm/UnityEditor.GIModule.dll_C1D63A79B11DBE43.mvfrm
[ 39/176    0s] MovedFromExtractor Library/Bee/artifacts/mvdfrm/UnityEditor.EditorToolbarModule.dll_F6FBF70FA505C3D1.mvfrm
[ 40/176    0s] MovedFromExtractor Library/Bee/artifacts/mvdfrm/UnityEditor.CoreBusinessMetricsModule.dll_E4A86E1CB717CAA7.mvfrm
[ 41/176    0s] MovedFromExtractor Library/Bee/artifacts/mvdfrm/UnityEditor.DeviceSimulatorModule.dll_ADE4E55F9DD1D021.mvfrm
[ 42/176    0s] MovedFromExtractor Library/Bee/artifacts/mvdfrm/UnityEditor.ClothModule.dll_58A6D590114216FD.mvfrm
[ 43/176    0s] MovedFromExtractor Library/Bee/artifacts/mvdfrm/UnityEditor.ContentLoadModule.dll_E5796CD811A9DAE2.mvfrm
[ 44/176    0s] MovedFromExtractor Library/Bee/artifacts/mvdfrm/UnityEditor.AssetComplianceModule.dll_E6BFF54E188DB44E.mvfrm
[ 45/176    0s] MovedFromExtractor Library/Bee/artifacts/mvdfrm/UnityEditor.BuildProfileModule.dll_099181191224893C.mvfrm
[ 46/176    0s] MovedFromExtractor Library/Bee/artifacts/mvdfrm/UnityEditor.AdaptivePerformanceModule.dll_64BD74A290D09BAD.mvfrm
[ 47/176    0s] MovedFromExtractor Library/Bee/artifacts/mvdfrm/UnityEditor.CoreModule.dll_701DCE099E6BEFA0.mvfrm
[ 48/176    0s] MovedFromExtractor Library/Bee/artifacts/mvdfrm/UnityEditor.AccessibilityModule.dll_C0FFE13D2B701281.mvfrm
[ 49/176    0s] MovedFromExtractor Library/Bee/artifacts/mvdfrm/UnityEditor.AIModule.dll_2999F16C156ED629.mvfrm
[ 50/176    0s] MovedFromExtractor Library/Bee/artifacts/mvdfrm/UnityEditor.Graphs.dll_E035D55896AED9D2.mvfrm
[ 51/176    0s] MovedFromExtractor Library/Bee/artifacts/mvdfrm/Unity.Scripting.dll_6312751106B582E1.mvfrm
[ 52/176    0s] MovedFromExtractor Library/Bee/artifacts/mvdfrm/UnityEditor.WebGL.Extensions.dll_4D57E384C9B75910.mvfrm
[ 53/176    0s] MovedFromExtractor Library/Bee/artifacts/mvdfrm/UnityEngine.dll_A9B10FE8A27D34DA.mvfrm
[ 54/176    0s] MovedFromExtractor Library/Bee/artifacts/mvdfrm/UnityEditor.WindowsStandalone.Extensions.dll_51E76FAEAFB11C00.mvfrm
[ 55/176    0s] MovedFromExtractor Library/Bee/artifacts/mvdfrm/UnityEngine.VFXModule.dll_ABC6154FD31E85D0.mvfrm
[ 56/176    0s] MovedFromExtractor Library/Bee/artifacts/mvdfrm/UnityEngine.VirtualTexturingModule.dll_FC0F60CE6D32C5A9.mvfrm
[ 57/176    0s] MovedFromExtractor Library/Bee/artifacts/mvdfrm/UnityEngine.UnityConnectModule.dll_F22B129E31906F01.mvfrm
[ 58/176    0s] MovedFromExtractor Library/Bee/artifacts/mvdfrm/UnityEngine.UnityConsentModule.dll_C3D0A9CA3E9B0551.mvfrm
[ 59/176    0s] MovedFromExtractor Library/Bee/artifacts/mvdfrm/UnityEngine.UnityCurlModule.dll_CF480FAED0628CB9.mvfrm
[ 60/176    0s] MovedFromExtractor Library/Bee/artifacts/mvdfrm/UnityEngine.TextCoreFontEngineModule.dll_D3E40BC834CDEBE9.mvfrm
[ 61/176    0s] MovedFromExtractor Library/Bee/artifacts/mvdfrm/UnityEngine.U2DRuntimeModule.dll_8EFD74B6ED4FAE3D.mvfrm
[ 62/176    0s] MovedFromExtractor Library/Bee/artifacts/mvdfrm/UnityEngine.TextRenderingModule.dll_F07F7C306F47A287.mvfrm
[ 63/176    0s] MovedFromExtractor Library/Bee/artifacts/mvdfrm/UnityEngine.TextCoreTextEngineModule.dll_1BCC4239C451A507.mvfrm
[ 64/176    0s] MovedFromExtractor Library/Bee/artifacts/mvdfrm/UnityEngine.UnityAnalyticsCommonModule.dll_52088BBDF19918E8.mvfrm
[ 65/176    0s] MovedFromExtractor Library/Bee/artifacts/mvdfrm/UnityEngine.TLSModule.dll_2AE77CE0FCB11C63.mvfrm
[ 66/176    0s] MovedFromExtractor Library/Bee/artifacts/mvdfrm/UnityEngine.SubstanceModule.dll_2D6B7016FB295018.mvfrm
[ 67/176    0s] MovedFromExtractor Library/Bee/artifacts/mvdfrm/UnityEngine.StreamingModule.dll_50C05BCDAFD6520A.mvfrm
[ 68/176    0s] MovedFromExtractor Library/Bee/artifacts/mvdfrm/UnityEngine.SharedInternalsModule.dll_A394E45706DF90E9.mvfrm
[ 69/176    0s] MovedFromExtractor Library/Bee/artifacts/mvdfrm/UnityEngine.ScriptingModule.dll_B34CC743DFD6497F.mvfrm
[ 70/176    0s] MovedFromExtractor Library/Bee/artifacts/mvdfrm/UnityEngine.SpriteMaskModule.dll_5373BD8E4EAC501D.mvfrm
[ 71/176    0s] MovedFromExtractor Library/Bee/artifacts/mvdfrm/UnityEngine.SpriteShapeModule.dll_6B8A10810B037B84.mvfrm
[ 72/176    0s] MovedFromExtractor Library/Bee/artifacts/mvdfrm/UnityEngine.ShaderVariantAnalyticsModule.dll_4CC5DB256676EEB2.mvfrm
[ 73/176    0s] MovedFromExtractor Library/Bee/artifacts/mvdfrm/UnityEngine.RuntimeInitializeOnLoadManagerInitializerModule.dll_32FB239C5BF3452A.mvfrm
[ 74/176    0s] MovedFromExtractor Library/Bee/artifacts/mvdfrm/UnityEngine.PhysicsBackendPhysXModule.dll_FF60F0E5AED23171.mvfrm
[ 75/176    0s] MovedFromExtractor Library/Bee/artifacts/mvdfrm/UnityEngine.PropertiesModule.dll_97828A3CA0281EDF.mvfrm
[ 76/176    0s] MovedFromExtractor Library/Bee/artifacts/mvdfrm/UnityEngine.RenderAs2DModule.dll_D8BA4CC27F826916.mvfrm
[ 77/176    0s] MovedFromExtractor Library/Bee/artifacts/mvdfrm/UnityEngine.PerformanceReportingModule.dll_B6C9CE79D7B07A8A.mvfrm
[ 78/176    0s] MovedFromExtractor Library/Bee/artifacts/mvdfrm/UnityEngine.MarshallingModule.dll_FA9181BB398970CC.mvfrm
[ 79/176    0s] MovedFromExtractor Library/Bee/artifacts/mvdfrm/UnityEngine.MultiplayerModule.dll_D1D0FFB30E28D0F2.mvfrm
[ 80/176    0s] MovedFromExtractor Library/Bee/artifacts/mvdfrm/UnityEngine.MathematicsModule.dll_773D90FFC9D93AAE.mvfrm
[ 81/176    0s] MovedFromExtractor Library/Bee/artifacts/mvdfrm/UnityEngine.LocalizationModule.dll_C2B4CDF7800C3415.mvfrm
[ 82/176    0s] MovedFromExtractor Library/Bee/artifacts/mvdfrm/UnityEditor.GridAndSnapModule.dll_8CE915A91D884F1E.mvfrm
[ 83/176    0s] MovedFromExtractor Library/Bee/artifacts/mvdfrm/UnityEngine.InputModule.dll_1E60FCA9DEDA8D62.mvfrm
[ 84/176    0s] MovedFromExtractor Library/Bee/artifacts/mvdfrm/UnityEngine.InputLegacyModule.dll_E36DFE44ED52F96B.mvfrm
[ 85/176    0s] MovedFromExtractor Library/Bee/artifacts/mvdfrm/UnityEngine.HotReloadModule.dll_1D742C833B81B64E.mvfrm
[ 86/176    0s] MovedFromExtractor Library/Bee/artifacts/mvdfrm/UnityEngine.InputForUIModule.dll_6CF9A5178D5D575F.mvfrm
[ 87/176    0s] MovedFromExtractor Library/Bee/artifacts/mvdfrm/UnityEngine.GraphicsStateCollectionSerializerModule.dll_283E2BF72FD2B74E.mvfrm
[ 88/176    0s] MovedFromExtractor Library/Bee/artifacts/mvdfrm/UnityEngine.DSPGraphModule.dll_462F8DE0F57154C9.mvfrm
[ 89/176    0s] MovedFromExtractor Library/Bee/artifacts/mvdfrm/UnityEngine.IdentifiersModule.dll_2AB26B1C17DA1192.mvfrm
[ 90/176    0s] MovedFromExtractor Library/Bee/artifacts/mvdfrm/UnityEngine.GridModule.dll_70AFBD4A5EC5F0C2.mvfrm
[ 91/176    0s] MovedFromExtractor Library/Bee/artifacts/mvdfrm/UnityEngine.GIModule.dll_0044CC091C9AF20E.mvfrm
[ 92/176    0s] MovedFromExtractor Library/Bee/artifacts/mvdfrm/UnityEngine.GameCenterModule.dll_6A474AFE2D3CBAA3.mvfrm
[ 93/176    0s] MovedFromExtractor Library/Bee/artifacts/mvdfrm/UnityEngine.CrashReportingModule.dll_732D7EF974151B43.mvfrm
[ 94/176    0s] MovedFromExtractor Library/Bee/artifacts/mvdfrm/UnityEngine.ClusterRendererModule.dll_B391A7D10D8CDDA5.mvfrm
[ 95/176    0s] MovedFromExtractor Library/Bee/artifacts/mvdfrm/UnityEngine.ContentLoadModule.dll_EB3F3C6723E3EB67.mvfrm
[ 96/176    0s] MovedFromExtractor Library/Bee/artifacts/mvdfrm/UnityEngine.CoreModule.dll_933EA15C46715ACB.mvfrm
[ 97/176    0s] MovedFromExtractor Library/Bee/artifacts/mvdfrm/UnityEngine.ClusterInputModule.dll_846803A4E890411C.mvfrm
[ 98/176    0s] WriteText Library/Bee/artifacts/1900b0aE.dag/NeoEngDTrace.Runtime.rsp2
[ 99/176    0s] WriteText Library/Bee/artifacts/1900b0aE.dag/NeoEngDTrace.Runtime.UnityAdditionalFile.txt
[100/176    0s] WriteText Library/Bee/artifacts/1900b0aE.dag/NeoEngDTrace.Runtime.dll.mvfrm.rsp
[101/176    0s] WriteText Library/Bee/artifacts/1900b0aE.dag/NeoEngDTrace.Runtime.rsp
[102/176    0s] MovedFromExtractor Library/Bee/artifacts/mvdfrm/UnityEngine.ARModule.dll_217B47FEDE0968BD.mvfrm
[103/176    0s] MovedFromExtractor Library/Bee/artifacts/mvdfrm/UnityEditor.dll_770CC9104409A7F5.mvfrm
[104/176    0s] MovedFromExtractor Library/Bee/artifacts/mvdfrm/UnityEditor.XRModule.dll_AA9E79239CAAAEAB.mvfrm
[105/176    0s] MovedFromExtractor Library/Bee/artifacts/mvdfrm/UnityEditor.UnityConnectModule.dll_04CB8E8F37086E56.mvfrm
[106/176    0s] MovedFromExtractor Library/Bee/artifacts/mvdfrm/UnityEditor.VFXModule.dll_9FA472FC636E77CB.mvfrm
[107/176    0s] MovedFromExtractor Library/Bee/artifacts/mvdfrm/UnityEditor.VideoModule.dll_16C7FCFFF9B753BE.mvfrm
[108/176    0s] MovedFromExtractor Library/Bee/artifacts/mvdfrm/UnityEditor.VectorGraphicsModule.dll_A2629CDF5840890F.mvfrm
[109/176    0s] MovedFromExtractor Library/Bee/artifacts/mvdfrm/UnityEditor.UmbraModule.dll_6C9324ADC44BE38C.mvfrm
[110/176    0s] MovedFromExtractor Library/Bee/artifacts/mvdfrm/UnityEditor.UIToolkitAuthoringModule.dll_88DB25024056B0DE.mvfrm
[111/176    0s] MovedFromExtractor Library/Bee/artifacts/mvdfrm/UnityEditor.UIElementsModule.dll_C1B118101DDC5ADC.mvfrm
[112/176    0s] MovedFromExtractor Library/Bee/artifacts/mvdfrm/UnityEditor.UIElementsSamplesModule.dll_80065DACEAC0A851.mvfrm
[113/176    0s] MovedFromExtractor Library/Bee/artifacts/mvdfrm/UnityEditor.UIBuilderModule.dll_222E9F70F8AA3F5A.mvfrm
[114/176    0s] MovedFromExtractor Library/Bee/artifacts/mvdfrm/UnityEditor.U2DModule.dll_CB7D1DDF990AD82A.mvfrm
[115/176    0s] MovedFromExtractor Library/Bee/artifacts/mvdfrm/UnityEditor.TreeModule.dll_CDC9C318263184DF.mvfrm
[116/176    0s] MovedFromExtractor Library/Bee/artifacts/mvdfrm/UnityEditor.UIAutomationModule.dll_BA327009AE9851FC.mvfrm
[117/176    0s] MovedFromExtractor Library/Bee/artifacts/mvdfrm/UnityEngine.UnityWebRequestAudioModule.dll_2EC622585E1B4522.mvfrm
[118/176    0s] MovedFromExtractor Library/Bee/artifacts/mvdfrm/UnityEngine.AnimationModule.dll_9C2B6E7D604E9ACC.mvfrm
[119/176    0s] MovedFromExtractor Library/Bee/artifacts/mvdfrm/UnityEngine.AdaptivePerformanceModule.dll_254D0958CC15EEB2.mvfrm
[120/176    0s] MovedFromExtractor Library/Bee/artifacts/mvdfrm/UnityEngine.AndroidJNIModule.dll_3FFA00E366FBC9B2.mvfrm
[121/176    0s] MovedFromExtractor Library/Bee/artifacts/mvdfrm/UnityEngine.AccessibilityModule.dll_4D40D364A46895A6.mvfrm
[122/176    0s] MovedFromExtractor Library/Bee/artifacts/mvdfrm/UnityEngine.AMDModule.dll_2C57B97BD580A110.mvfrm
[123/176    0s] MovedFromExtractor Library/Bee/artifacts/mvdfrm/UnityEngine.AIModule.dll_680882FB80EC09F4.mvfrm
[124/176    0s] MovedFromExtractor Library/Bee/artifacts/mvdfrm/UnityEngine.XRModule.dll_E90D0AB30827E276.mvfrm
[125/176    0s] MovedFromExtractor Library/Bee/artifacts/mvdfrm/UnityEngine.HierarchyCoreModule.dll_C45B703F1315EE9C.mvfrm
[126/176    0s] MovedFromExtractor Library/Bee/artifacts/mvdfrm/UnityEngine.VehiclesModule.dll_B8A125F6FD3A5343.mvfrm
[127/176    0s] MovedFromExtractor Library/Bee/artifacts/mvdfrm/UnityEngine.VideoModule.dll_DCF4B9642B348463.mvfrm
[128/176    0s] MovedFromExtractor Library/Bee/artifacts/mvdfrm/UnityEngine.WindModule.dll_098D7C84D7A7D934.mvfrm
[129/176    0s] MovedFromExtractor Library/Bee/artifacts/mvdfrm/UnityEngine.UnityWebRequestTextureModule.dll_8C0BBD74BAAAB337.mvfrm
[130/176    0s] MovedFromExtractor Library/Bee/artifacts/mvdfrm/UnityEngine.VectorGraphicsModule.dll_5D86FE7A742D1D1A.mvfrm
[131/176    0s] MovedFromExtractor Library/Bee/artifacts/mvdfrm/UnityEngine.UnityWebRequestWWWModule.dll_E68E8795B4116173.mvfrm
[132/176    0s] MovedFromExtractor-Combine Library/Bee/artifacts/1900b0aE.dag/NeoEngDTrace.Runtime.dll.mvfrm
[133/176    0s] MovedFromExtractor Library/Bee/artifacts/mvdfrm/UnityEngine.UnityWebRequestModule.dll_3122AD2B9AA63018.mvfrm
[134/176    0s] MovedFromExtractor Library/Bee/artifacts/mvdfrm/UnityEngine.UnityAnalyticsModule.dll_E5DF390F8E4DF8CD.mvfrm
[135/176    0s] MovedFromExtractor Library/Bee/artifacts/mvdfrm/UnityEngine.UmbraModule.dll_32BFE111F5C91431.mvfrm
[136/176    0s] MovedFromExtractor Library/Bee/artifacts/mvdfrm/UnityEngine.UnityWebRequestAssetBundleModule.dll_FA63CAE127646D5E.mvfrm
[137/176    0s] MovedFromExtractor Library/Bee/artifacts/mvdfrm/UnityEngine.UIModule.dll_637C2128DD330FA0.mvfrm
[138/176    0s] MovedFromExtractor Library/Bee/artifacts/mvdfrm/UnityEngine.TerrainPhysicsModule.dll_C6BA7118FB69A15E.mvfrm
[139/176    0s] MovedFromExtractor Library/Bee/artifacts/mvdfrm/UnityEngine.TilemapModule.dll_7ADCC446522AE146.mvfrm
[140/176    0s] MovedFromExtractor Library/Bee/artifacts/mvdfrm/UnityEngine.SubsystemsModule.dll_BE2123F01CF43830.mvfrm
[141/176    0s] MovedFromExtractor Library/Bee/artifacts/mvdfrm/UnityEngine.TerrainModule.dll_DBE05CC53A6E003D.mvfrm
[142/176    0s] MovedFromExtractor Library/Bee/artifacts/mvdfrm/UnityEngine.ScreenCaptureModule.dll_C7400A25B8102292.mvfrm
[143/176    0s] MovedFromExtractor Library/Bee/artifacts/mvdfrm/UnityEngine.PhysicsModule.dll_C199E15664AFB74F.mvfrm
[144/176    0s] WriteText Library/Bee/artifacts/1900b0aE.dag/NeoEngDTrace.Editor.rsp2
[145/176    0s] WriteText Library/Bee/artifacts/1900b0aE.dag/NeoEngDTrace.Editor.UnityAdditionalFile.txt
[146/176    0s] WriteText Library/Bee/artifacts/1900b0aE.dag/NeoEngDTrace.Editor.dll.mvfrm.rsp
[147/176    0s] WriteText Library/Bee/artifacts/1900b0aE.dag/NeoEngDTrace.Editor.rsp
[148/176    0s] WriteText Library/Bee/artifacts/1900b0aE.dag/Assembly-CSharp-Editor.rsp2
[149/176    0s] WriteText Library/Bee/artifacts/1900b0aE.dag/Assembly-CSharp-Editor.UnityAdditionalFile.txt
[150/176    0s] WriteText Library/Bee/artifacts/1900b0aE.dag/Assembly-CSharp-Editor.dll.mvfrm.rsp
[151/176    0s] WriteText Library/Bee/artifacts/1900b0aE.dag/Assembly-CSharp-Editor.rsp
[152/176    0s] MovedFromExtractor Library/Bee/artifacts/mvdfrm/UnityEngine.ParticleSystemModule.dll_C63FC845E226A6D1.mvfrm
[153/176    0s] MovedFromExtractor Library/Bee/artifacts/mvdfrm/UnityEngine.UIElementsModule.dll_C25F855820207427.mvfrm
[154/176    0s] MovedFromExtractor Library/Bee/artifacts/mvdfrm/UnityEngine.PhysicsCore2DModule.dll_3B04AB10030D8A90.mvfrm
[155/176    0s] MovedFromExtractor Library/Bee/artifacts/mvdfrm/UnityEngine.NVIDIAModule.dll_8A621FDAFC23A697.mvfrm
[156/176    0s] MovedFromExtractor Library/Bee/artifacts/mvdfrm/UnityEngine.Physics2DModule.dll_E8D15E6E014B9261.mvfrm
[157/176    0s] MovedFromExtractor Library/Bee/artifacts/mvdfrm/UnityEngine.JSONSerializeModule.dll_AD585CA0A3A3F630.mvfrm
[157/176    0s] Csc Library/Bee/artifacts/1900b0aE.dag/NeoEngDTrace.Runtime.dll (+2 others) [CacheHit ea9348f0fe8b213c08943f3e026a608b00000000000000000000000000000006]
[158/176    0s] Csc Library/Bee/artifacts/1900b0aE.dag/NeoEngDTrace.Runtime.dll (+2 others)
[160/176    0s] CopyFiles Library/ScriptAssemblies/NeoEngDTrace.Runtime.pdb
[161/176    0s] MovedFromExtractor Library/Bee/artifacts/mvdfrm/UnityEngine.ImageConversionModule.dll_1F83A5818FB19599.mvfrm
[162/176    0s] MovedFromExtractor Library/Bee/artifacts/mvdfrm/UnityEngine.ClothModule.dll_1ED391F442BF47A2.mvfrm
[163/176    0s] MovedFromExtractor Library/Bee/artifacts/mvdfrm/UnityEngine.HierarchyModule.dll_70FFEA192950B6CD.mvfrm
[164/176    0s] MovedFromExtractor Library/Bee/artifacts/mvdfrm/UnityEngine.IMGUIModule.dll_F04AD4602ED3FC9F.mvfrm
[165/176    0s] CopyFiles Library/ScriptAssemblies/NeoEngDTrace.Runtime.dll
[166/176    0s] MovedFromExtractor Library/Bee/artifacts/mvdfrm/UnityEngine.DirectorModule.dll_40DE2C77831083A8.mvfrm
[167/176    0s] MovedFromExtractor Library/Bee/artifacts/mvdfrm/UnityEngine.AssetBundleModule.dll_5228E3265561437A.mvfrm
[168/176    0s] MovedFromExtractor Library/Bee/artifacts/mvdfrm/UnityEngine.AudioModule.dll_B7EB34F968A268BE.mvfrm
[169/176    0s] MovedFromExtractor-Combine Library/Bee/artifacts/1900b0aE.dag/Assembly-CSharp-Editor.dll.mvfrm
[170/176    0s] MovedFromExtractor-Combine Library/Bee/artifacts/1900b0aE.dag/NeoEngDTrace.Editor.dll.mvfrm
[           0s] Csc Library/Bee/artifacts/1900b0aE.dag/NeoEngDTrace.Editor.dll (+2 others) [CacheMiss 78fcb3289e701f346b89ecc8266af7ed00000000000000000000000000000006]
[171/176    1s] Csc Library/Bee/artifacts/1900b0aE.dag/NeoEngDTrace.Editor.dll (+2 others)
[           0s] Csc Library/Bee/artifacts/1900b0aE.dag/NeoEngDTrace.Editor.dll (+2 others) [CacheWrite 78fcb3289e701f346b89ecc8266af7ed00000000000000000000000000000006]
[172/176    0s] CopyFiles Library/ScriptAssemblies/NeoEngDTrace.Editor.pdb
[173/176    0s] CopyFiles Library/ScriptAssemblies/NeoEngDTrace.Editor.dll
[174/176    0s] Csc Library/Bee/artifacts/1900b0aE.dag/Assembly-CSharp-Editor.dll (+2 others)
[175/176    0s] CopyFiles Library/ScriptAssemblies/Assembly-CSharp-Editor.pdb
[176/176    0s] CopyFiles Library/ScriptAssemblies/Assembly-CSharp-Editor.dll
*** Tundra build success (4.53 seconds), 174 items updated, 176 evaluated
AssetDatabase: script compilation time: 5.606567s
Begin MonoManager ReloadAssembly
Importing 'GUID: 00000000000000001000000000000000 - Path: Assets' with importer (DefaultImporter)
Imported 'GUID: 00000000000000001000000000000000' -> (Import Result ID: 'd4b99c274a2bfd195a0fab07a219813d') in 0.014 seconds [static dependencies only]. Details - ImportResultOutputID=931399766a3d35f20ee4474945b75a67 DependenciesID=b70de132a7282aafa7414a97dcffc9e1 StaticDependenciesID=f5f353ad10b41c84dbd766055d9989c6 
Importing 'GUID: 00000000000000002000000000000000 - Path: ProjectSettings/InputManager.asset' with importer (LibraryAssetImporter)
Imported 'GUID: 00000000000000002000000000000000' -> (Import Result ID: '122dd9edfa1375de805a66904857642d') in 0.003 seconds [static dependencies only]. Details - ImportResultOutputID=0290babc70dea6fa2c98f564a251f1f8 DependenciesID=e13aed5572a9dfc6d157cca70707a022 StaticDependenciesID=233ebbccf2adc0a5c1ca8885eb2bc052 
Importing 'GUID: 00000000000000003000000000000000 - Path: ProjectSettings/TagManager.asset' with importer (LibraryAssetImporter)
Imported 'GUID: 00000000000000003000000000000000' -> (Import Result ID: 'e7f16330ab18354fa5c6c22588bd6b9e') in 0.001 seconds [static dependencies only]. Details - ImportResultOutputID=fd6696bcbef029973bb12ace65e33982 DependenciesID=f35365170e5d58c444badbe1c8e8a4fc StaticDependenciesID=bcd866a7c3956a26e77b74cfbc6210b0 
Importing 'GUID: 00000000000000004000000000000000 - Path: ProjectSettings/ProjectSettings.asset' with importer (LibraryAssetImporter)
Imported 'GUID: 00000000000000004000000000000000' -> (Import Result ID: 'dbf8df9bef125b857a843a89fc8de4ea') in 0.001 seconds [static dependencies only]. Details - ImportResultOutputID=276a810dac73e1f29404d5e5f692e214 DependenciesID=e9efa32c5164b9d3a228d26698252550 StaticDependenciesID=e262d485c2aa7636dbdd7fcf05d457e5 
Importing 'GUID: 00000000000000006000000000000000 - Path: ProjectSettings/AudioManager.asset' with importer (LibraryAssetImporter)
Imported 'GUID: 00000000000000006000000000000000' -> (Import Result ID: '222655a7ee09c701162a4a03301f329d') in 0.001 seconds [static dependencies only]. Details - ImportResultOutputID=acca44841ee8003c72d524064efb6e35 DependenciesID=1c867fc2eb1e33cbab379e9914026e24 StaticDependenciesID=c60a58a77039892abca1222b4524d2f6 
Importing 'GUID: 00000000000000007000000000000000 - Path: ProjectSettings/TimeManager.asset' with importer (LibraryAssetImporter)
Imported 'GUID: 00000000000000007000000000000000' -> (Import Result ID: 'b7cea43959c5a70f6cafb9d7bbf07204') in 0.001 seconds [static dependencies only]. Details - ImportResultOutputID=bcbe57e6eed4f14d697ceae3e9a4ee48 DependenciesID=b41fcbca90521a4ef76dc45abd5ee30f StaticDependenciesID=de80ff743d967013c06205e8643638c7 
Importing 'GUID: 00000000000000008000000000000000 - Path: ProjectSettings/DynamicsManager.asset' with importer (LibraryAssetImporter)
Imported 'GUID: 00000000000000008000000000000000' -> (Import Result ID: '01117e187546a80035e1d4d46e76d0d3') in 0.001 seconds [static dependencies only]. Details - ImportResultOutputID=af765d07e318cf68f695edacf91778bd DependenciesID=a72988d2a4e3c003a30c86e53a954198 StaticDependenciesID=7292a8773e09fece8a4831b39fe2006c 
Importing 'GUID: 00000000000000009000000000000000 - Path: ProjectSettings/QualitySettings.asset' with importer (LibraryAssetImporter)
Imported 'GUID: 00000000000000009000000000000000' -> (Import Result ID: '88b1caad7788adf2b3f6920226537fe1') in 0.001 seconds [static dependencies only]. Details - ImportResultOutputID=7b12711da11c94ad897442b4820d3f7b DependenciesID=253c850b96121a2945831e0885510615 StaticDependenciesID=3c048ebdf1fe67a565e3878bb03d32b6 
Importing 'GUID: 0000000000000000b000000000000000 - Path: ProjectSettings/EditorBuildSettings.asset' with importer (LibraryAssetImporter)
Imported 'GUID: 0000000000000000b000000000000000' -> (Import Result ID: '2e292a13dea8a88f7a8fdfa7e245ba03') in 0.001 seconds [static dependencies only]. Details - ImportResultOutputID=4647dd083cfc32cebcd7526e8846440c DependenciesID=3dbde5f0d39015c9d271c66bfeeb76cc StaticDependenciesID=bb1b3efeaa1814676e759f4b719a3637 
Importing 'GUID: 0000000000000000c000000000000000 - Path: ProjectSettings/EditorSettings.asset' with importer (LibraryAssetImporter)
Imported 'GUID: 0000000000000000c000000000000000' -> (Import Result ID: '27524ee8e486f2ffa050ba352ec7e2de') in 0.001 seconds [static dependencies only]. Details - ImportResultOutputID=fc08cc28cef36a03227c22ef67b54535 DependenciesID=a67e6951b1ff849fa93892b67cc04f3f StaticDependenciesID=6659f09da2fad0badc637a74ebfda2e2 
Importing 'GUID: 00000000000000004100000000000000 - Path: ProjectSettings/NavMeshAreas.asset' with importer (LibraryAssetImporter)
Imported 'GUID: 00000000000000004100000000000000' -> (Import Result ID: '46b5ec913a38468a6faec06896eae508') in 0.001 seconds [static dependencies only]. Details - ImportResultOutputID=90afd57cd2fd79df9534381ff5673272 DependenciesID=45d1aa60824ee9d69c2ca37e825a726b StaticDependenciesID=768cfffea40bf388eb2d762e3a890cea 
Importing 'GUID: 00000000000000005100000000000000 - Path: ProjectSettings/Physics2DSettings.asset' with importer (LibraryAssetImporter)
Imported 'GUID: 00000000000000005100000000000000' -> (Import Result ID: 'f668ca342e7e36520c736e6ebc6d382e') in 0.001 seconds [static dependencies only]. Details - ImportResultOutputID=51a8098361d5b0c1ab07bfc06e51f152 DependenciesID=cd9e79e3e3be26effd12085751c8f2bc StaticDependenciesID=4736f57993cccbae888eab25ec373e17 
Importing 'GUID: 00000000000000006100000000000000 - Path: ProjectSettings/GraphicsSettings.asset' with importer (LibraryAssetImporter)
Imported 'GUID: 00000000000000006100000000000000' -> (Import Result ID: '5bb79f5634c411213397437dc71f837f') in 0.001 seconds [static dependencies only]. Details - ImportResultOutputID=f9600466f06a676b7a4f639f6629ea48 DependenciesID=472884dae36dd4fa4029e0bfee54bb70 StaticDependenciesID=ce3f9b9b0558aee0455f15fbe1679d2d 
Importing 'GUID: 00000000000000007100000000000000 - Path: ProjectSettings/ClusterInputManager.asset' with importer (LibraryAssetImporter)
Imported 'GUID: 00000000000000007100000000000000' -> (Import Result ID: '6012ce5603f09e577aed0b98e99b19f6') in 0.001 seconds [static dependencies only]. Details - ImportResultOutputID=8ce0cedd10b8cd8471ed9838bfc872ed DependenciesID=2eeb3818bb72d92466f5f953bb62736b StaticDependenciesID=c84399ef936c24c7ddc46cfba0d9b6f9 
Importing 'GUID: 0000000000000000a100000000000000 - Path: ProjectSettings/UnityConnectSettings.asset' with importer (LibraryAssetImporter)
Imported 'GUID: 0000000000000000a100000000000000' -> (Import Result ID: '33ae2595f4bf6fdbcda99d991731ec59') in 0.001 seconds [static dependencies only]. Details - ImportResultOutputID=1989c27f310e62ee2c72d63f16a698d0 DependenciesID=95e5490b10cfbf0a98389d7a454554a7 StaticDependenciesID=e5799262eb4150d572a91320e9a15e14 
Importing 'GUID: 0000000000000000b100000000000000 - Path: ProjectSettings/PresetManager.asset' with importer (LibraryAssetImporter)
Imported 'GUID: 0000000000000000b100000000000000' -> (Import Result ID: '28ecaa07aa0626f067ead5bd138d0a69') in 0.001 seconds [static dependencies only]. Details - ImportResultOutputID=d271a469f14af9d29dbd89abc966f7ef DependenciesID=8e056439a10f7126afa94c46042b091c StaticDependenciesID=7b53acc339a522b0da4196921a41418e 
Importing 'GUID: 0000000000000000c100000000000000 - Path: ProjectSettings/VFXManager.asset' with importer (LibraryAssetImporter)
Imported 'GUID: 0000000000000000c100000000000000' -> (Import Result ID: '500a0c5a3eb90d0a1d5ec47a16bbfe30') in 0.001 seconds [static dependencies only]. Details - ImportResultOutputID=d5b1cc1b236d3087c4a5fc9e9cb18618 DependenciesID=ffec35c0b81aa3428ad4fd0a1cdbca40 StaticDependenciesID=73a7f55396d42bbd23b84f522c611c91 
Importing 'GUID: 0000000000000000d100000000000000 - Path: ProjectSettings/VersionControlSettings.asset' with importer (LibraryAssetImporter)
Imported 'GUID: 0000000000000000d100000000000000' -> (Import Result ID: '81e35fcbfa4800506724c99876c7088b') in 0.001 seconds [static dependencies only]. Details - ImportResultOutputID=0a19189542c4b1aa9afad4d76b36cbef DependenciesID=29b26ee47832bf1b39596302c61ef4b2 StaticDependenciesID=b5510de9c562b6e15681a7bd79c2c32e 
Importing 'GUID: 0000000000000000f100000000000000 - Path: ProjectSettings/MemorySettings.asset' with importer (LibraryAssetImporter)
Imported 'GUID: 0000000000000000f100000000000000' -> (Import Result ID: '0f1581ae83325c6e5d0e8c4cb170be96') in 0.001 seconds [static dependencies only]. Details - ImportResultOutputID=078c9215d0d3f7dcc6c2ea9c2e21e93e DependenciesID=bb7f7f7d6491522ddc09486deb395807 StaticDependenciesID=38dc31482a1c8109a46f25220dfbe454 
Importing 'GUID: 00000000000000000200000000000000 - Path: ProjectSettings/MultiplayerManager.asset' with importer (LibraryAssetImporter)
Imported 'GUID: 00000000000000000200000000000000' -> (Import Result ID: '6e3bb7f61b2e132c4c79fbeb19a1d328') in 0.001 seconds [static dependencies only]. Details - ImportResultOutputID=cc8bc420ff0fb13a9534be625b324364 DependenciesID=64d1db0c7eff66154c45d867da4ad13d StaticDependenciesID=5a00061f5d03ec70885cdd29485be38f 
Importing 'GUID: 00000000000000001200000000000000 - Path: ProjectSettings/PhysicsCoreProjectSettings2D.asset' with importer (LibraryAssetImporter)
Imported 'GUID: 00000000000000001200000000000000' -> (Import Result ID: '7db99f4ef78df8eea254cce16e190be4') in 0.001 seconds [static dependencies only]. Details - ImportResultOutputID=07b8874da21d0d67c4347d012422ba62 DependenciesID=c35a41b4dbc5a4a21cd219ec06d595b2 StaticDependenciesID=d7f6b6ebc14df93041ab7a97c0c9c64b 
Importing 'GUID: 00000000000000002300000000000000 - Path: Library/BuildInstructions' with importer (DefaultImporter)
Imported 'GUID: 00000000000000002300000000000000' -> (Import Result ID: 'd414f514f549833c39aae7152c59aeb3') in 0.002 seconds [static dependencies only]. Details - ImportResultOutputID=d2da4dbe7433590953d90148eb4e1f22 DependenciesID=f91b153018f3a82b66ea2319cf957f42 StaticDependenciesID=ef352f98b66d8f5b312774c3ee71f599 
Importing 'GUID: 94ca619966180274aa9658f7687614cf - Path: Assets/Editor' with importer (DefaultImporter)
Imported 'GUID: 94ca619966180274aa9658f7687614cf' -> (Import Result ID: 'c03b96cd82ad7c8d482f3279de59645f') in 0.010 seconds [static dependencies only]. Details - ImportResultOutputID=9839355e85a9d3797bb8d40d102924a3 DependenciesID=7ab2cc7c57ae5add92de877266bca7d2 StaticDependenciesID=ef89fc7c0e2e2495a3943b5e834fcbd6 
Importing 'GUID: 65898fbf6a481f343aa1c66dff2bb289 - Path: Assets/frames' with importer (DefaultImporter)
Imported 'GUID: 65898fbf6a481f343aa1c66dff2bb289' -> (Import Result ID: '7df9a3fd9f6bb19b1177fa733b932b6f') in 0.009 seconds [static dependencies only]. Details - ImportResultOutputID=e396bd9684f5ba06583b6b47928494ff DependenciesID=8512dbcf6891f9871a48ca17b2a62420 StaticDependenciesID=a5e2f59295b213b756b887dc8a9918c8 
Importing 'GUID: f54231a70cb7ad9429ad312be9c71895 - Path: Assets/NeoEngInput' with importer (DefaultImporter)
Imported 'GUID: f54231a70cb7ad9429ad312be9c71895' -> (Import Result ID: '505fe80b2e8e562119545d6894485b0d') in 0.011 seconds [static dependencies only]. Details - ImportResultOutputID=32937ed4380819b8ebd6b492a7a35cc3 DependenciesID=1b15a5e08553cf8401bb887e52e4236e StaticDependenciesID=ed80a5b9549f6770eecb262c43f5b497 
Importing 'GUID: f6fbd97f2d9df1041a973170ffd6ba4a - Path: Assets/animation_input' with importer (DefaultImporter)
Imported 'GUID: f6fbd97f2d9df1041a973170ffd6ba4a' -> (Import Result ID: '5f027cd8089443f9b48bab4de59a8bff') in 0.008 seconds [static dependencies only]. Details - ImportResultOutputID=ea547b3b1459aafb412e7b80429d4d62 DependenciesID=099d7dcc1aebcc67df59e9cbb231fe72 StaticDependenciesID=8f11b07c9c0d9e96c046122d350158b2 
Importing 'GUID: 98b0a0cf5a1935bbaf60b9ac5a93abf8 - Path: Packages/com.neoeng.dtrace' with importer (DefaultImporter)
Imported 'GUID: 98b0a0cf5a1935bbaf60b9ac5a93abf8' -> (Import Result ID: 'd50b9e85004c8b0d45f25aecb9f10b74') in 0.002 seconds [static dependencies only]. Details - ImportResultOutputID=b6c4c185d9143dbe567c72c348d914c3 DependenciesID=c03fa5a395e4ae0b9c79cd71e742299d StaticDependenciesID=8b213288238789005e26ac911b72df79 
Importing 'GUID: 6e21d7dddcf826347b1c2deee8873b72 - Path: Packages/com.neoeng.dtrace/Editor' with importer (DefaultImporter)
Imported 'GUID: 6e21d7dddcf826347b1c2deee8873b72' -> (Import Result ID: '6c9916ed1d404efb0dd2fb2608b0b744') in 0.001 seconds [static dependencies only]. Details - ImportResultOutputID=d96fe135304bd8e86432b47eebfed8bd DependenciesID=dad63c2b45cec5162db767a47efe5519 StaticDependenciesID=c23c7dec6407c8a12544e0cc89b4daa6 
Importing 'GUID: 1f0a2e6f903ed2744b7335c190dd9010 - Path: Packages/com.neoeng.dtrace/Runtime' with importer (DefaultImporter)
Imported 'GUID: 1f0a2e6f903ed2744b7335c190dd9010' -> (Import Result ID: 'a7f3e7b90c0ddcbba2bb127d5e57d547') in 0.002 seconds [static dependencies only]. Details - ImportResultOutputID=5e6f01b66698b8aa5d494ebb1446ee4d DependenciesID=c3016889d88ee2fb4a39db21b4a5920e StaticDependenciesID=0f5fa5dc4df8931baf2effe211f8639d 
Importing 'GUID: 89566322e2ee35f4b838703dc7f05a10 - Path: Packages/com.neoeng.dtrace/Runtime/NeoEngDTrace.Runtime.asmdef' with importer (AssemblyDefinitionImporter)
Imported 'GUID: 89566322e2ee35f4b838703dc7f05a10' -> (Import Result ID: '628f52f995bcda421be89b585dd0f111') in 0.002 seconds [static dependencies only]. Details - ImportResultOutputID=9c4d44037f6324c1b040159c4bbe049d DependenciesID=46e9ea51a91f82d976798aa2a6702085 StaticDependenciesID=754e99df77ff6d2abf88d57453cbfe12 
Importing 'GUID: db48c8a94bd60b947b9c3368b52aac33 - Path: Packages/com.neoeng.dtrace/Editor/NeoEngDTrace.Editor.asmdef' with importer (AssemblyDefinitionImporter)
Imported 'GUID: db48c8a94bd60b947b9c3368b52aac33' -> (Import Result ID: '66df88169f45bb94f44dcebe84a87c15') in 0.002 seconds [static dependencies only]. Details - ImportResultOutputID=366b3f9ec22b45499f47695f70b758f7 DependenciesID=b5a717b05b2820435e5c723c5cc80473 StaticDependenciesID=5f306aa7170af30109b853a865e7bbdb 
Native extension for WindowsStandalone target not found
Native extension for WebGL target not found
ScheduleIndexationOnStartup MainProcess:True IndexOnStartup:True
Mono: successfully reloaded assembly
- Finished resetting the current domain, in  0.429 seconds
Domain Reload Profiling: 1057ms
	BeginReloadAssembly (385ms)
		DisableScriptedObjects (32ms)
		CreateAndSetChildDomain (147ms)
	RebuildCommonClasses (8ms)
	RebuildNativeTypeToScriptingClass (17ms)
	initialDomainReloadingComplete (73ms)
	LoadAllAssembliesAndSetupDomain (141ms)
		LoadAssemblies (163ms)
		AnalyzeDomain (9ms)
			TypeCache.Refresh (4ms)
			BuildScriptInfoCaches (3ms)
	FinalizeReload (432ms)
		SetupLoadedEditorAssemblies (0ms)
			InitializePlatformSupportModulesInManaged (3ms)
			BeforeProcessingInitializeOnLoad (92ms)
			ProcessInitializeOnLoadAttributes (78ms)
			ProcessInitializeOnLoadMethodAttributes (69ms)
			AfterProcessingInitializeOnLoad (23ms)
		AwakeInstancesAfterBackupRestoration (24ms)
Importing 'GUID: 00000000000000005000000000000000 - Path: Library/BuildPlayer.prefs' with importer (DefaultImporter)
Imported 'GUID: 00000000000000005000000000000000' -> (Import Result ID: '968deb36040bbb7258278f93cba63355') in 0.008 seconds [static dependencies only]. Details - ImportResultOutputID=1f9c19b30680da8dab47159f77a4e657 DependenciesID=08a1ec4b674aa66bb1ce753815d843ed StaticDependenciesID=d072ca1f0d6ee50a54e7e140cc588a10 
Importing 'GUID: 26f2687a09ec30748b6d4d5a0324357a - Path: Assets/source.png' with importer (TextureImporter)
Imported 'GUID: 26f2687a09ec30748b6d4d5a0324357a' -> (Import Result ID: 'e6c6227484a08a8e4058251c8516ee52') in 0.022 seconds [static and dynamic dependencies]. Details - ImportResultOutputID=1ef4082076a2f3ae97d7608c8a249927 DependenciesID=637ba5a01a40f65259c99059ec215869 StaticDependenciesID=edcbe5b110789ac90573cc193737b570 
Importing 'GUID: a6cd2cc92ebf39f449469a73c08d61b6 - Path: Assets/animation_input/frame_0.png' with importer (TextureImporter)
Imported 'GUID: a6cd2cc92ebf39f449469a73c08d61b6' -> (Import Result ID: 'ac8d2c0c8fa9f0ee25921e70353bfe54') in 0.011 seconds [static and dynamic dependencies]. Details - ImportResultOutputID=b38b91a2bbe36fd7a578439ac3b43b8d DependenciesID=3cfb4e9bfe7c3725c0b148f652befd10 StaticDependenciesID=ac6d31fc7bd012eff58da2867e7e485e 
Importing 'GUID: 4bda08f6c3ed6a548b8706f0ed8c90fd - Path: Assets/frames/frame_0001.png' with importer (TextureImporter)
Imported 'GUID: 4bda08f6c3ed6a548b8706f0ed8c90fd' -> (Import Result ID: 'e0b29f65f035f71efc66cabb31392687') in 0.011 seconds [static and dynamic dependencies]. Details - ImportResultOutputID=45fc421a10a4b2f9993efa10a3e8e93a DependenciesID=40ee18580793e7f86e78bd1d90c50ba0 StaticDependenciesID=801f22fc0a3d3cb28172a79f428e670e 
Importing 'GUID: 3cfcbbd826004ee438995e2d33c9d5ce - Path: Assets/frames/frame_0000.png' with importer (TextureImporter)
Imported 'GUID: 3cfcbbd826004ee438995e2d33c9d5ce' -> (Import Result ID: '22269622fa098234cbe6ce8d0dae2348') in 0.010 seconds [static and dynamic dependencies]. Details - ImportResultOutputID=450de022b2c0d523011dcff1ad494ac2 DependenciesID=37ed2c0e60b3afda4f8ef19e62cf2f83 StaticDependenciesID=232ce4931ee2f084d4e48cb142d85323 
Importing 'GUID: 8d6fe00d712bda84d83d1bfdd4f39055 - Path: Assets/animation_input/frame_1.png' with importer (TextureImporter)
Imported 'GUID: 8d6fe00d712bda84d83d1bfdd4f39055' -> (Import Result ID: 'a9aece89c01b421480f92189a4f91b4d') in 0.011 seconds [static and dynamic dependencies]. Details - ImportResultOutputID=cd42d1f170210249ba5e233c15426f28 DependenciesID=9d0245ea64cf6675781c25d63aefe271 StaticDependenciesID=12a09e4918cf80d228c5597ff1724fe1 
Importing 'GUID: 216385aee1ce67c48876839104e9bc85 - Path: Packages/com.neoeng.dtrace/README.md' with importer (TextScriptImporter)
Imported 'GUID: 216385aee1ce67c48876839104e9bc85' -> (Import Result ID: '3153ad16d5559bbb26cfb7bd0c72aedb') in 0.003 seconds [static dependencies only]. Details - ImportResultOutputID=7a18c799650a19085748ff6cab33df05 DependenciesID=2b17eaee171889f416cfd0157ab395a1 StaticDependenciesID=ca03a2722bbe30bbe0b7e0b8d041f78a 
Importing 'GUID: 45692191fbc0cb44980fcde8b3346894 - Path: Assets/frames/animation.json' with importer (TextScriptImporter)
Imported 'GUID: 45692191fbc0cb44980fcde8b3346894' -> (Import Result ID: 'e12d52aef45f2fb0086015f6452b767c') in 0.011 seconds [static dependencies only]. Details - ImportResultOutputID=5af1ba110e11f9998fdbd8765a6aff63 DependenciesID=5c890dcd342ecc7255a4fbcf18c1b9c7 StaticDependenciesID=0ff269241304b3936b2b7e042e58f2f4 
Importing 'GUID: 3ce275752c8ea7144aa046b9e356de89 - Path: Packages/com.neoeng.dtrace/package.json' with importer (PackageManifestImporter)
Imported 'GUID: 3ce275752c8ea7144aa046b9e356de89' -> (Import Result ID: '51240aa114e3e9993e6fb47684a14839') in 0.003 seconds [static dependencies only]. Details - ImportResultOutputID=4559b875f090ac2275feaacc02d514d5 DependenciesID=cbfde069c36de0dd9491991ae0d187b9 StaticDependenciesID=5ad163b283f1626bef5be24e0b56fcb9 
Importing 'GUID: ff6fbdbc54d66c44b842acfb0f2738e6 - Path: Assets/NeoEngInput/hero.ndt.integration.json' with importer (TextScriptImporter)
Imported 'GUID: ff6fbdbc54d66c44b842acfb0f2738e6' -> (Import Result ID: '124b304851b131f344362f1e2e3ea96f') in 0.010 seconds [static dependencies only]. Details - ImportResultOutputID=63ac9fecc2a2bdbd02391537fc8612ee DependenciesID=51cb808726ed71819961ecf3008e9a8b StaticDependenciesID=3e99fb1afdd4a1031d5c998b81d481a6 
Starting new worker id: 0 with log in <local-path>
Loading style catalogs (6)
	StyleSheets/Extensions/base/common.uss
	UIPackageResources/StyleSheets/Default/Variables/Public/common.uss
	StyleSheets/Northstar/common.uss
	StyleSheets/Extensions/fonts/inter.uss
	StyleSheets/Extensions/base/dark.uss
	UIPackageResources/StyleSheets/Default/Northstar/Palette/dark.uss

Asset Pipeline Refresh (id=d87b145274e618f4c983682afd4f4553): Total: 7.912 seconds - Initiated by InitialRefreshV2(ForceSynchronousImport)
	(Values over 0.05ms)
	Summary:
		Imports: total=41 (actual=41, local cache=0, cache server=0)
		Asset DB Process Time: managed=5 ms, native=846 ms
		Asset DB Callback time: managed=151 ms, native=574 ms
		Scripting: domain reloads=1, domain reload time=701 ms, compile time=5608 ms, other=24 ms
		Project Asset Count: scripts=31, non-scripts=10
		Asset File Changes: new=52, changed=52, moved=0, deleted=0
		Scan Filter Count: 0
	InvokePackagesCallback: 551.778ms
	ApplyChangesToAssetFolders: 0.584ms
	Scan: 110.585ms
	Collect global state as custom dependencies: 12.553ms
	OnSourceAssetsModified: 0.690ms
	CategorizeScriptCompilationAssets: 0.074ms
	ProcessAssetsWithTransientArtifactChanges: 0.467ms
	CategorizeAssets: 0.290ms
	CompileScripts: 5608.466ms
	ImportOutOfDateAssets: 643.744ms (438.941ms without children)
		ImportManagerImport: 190.560ms (4.893ms without children)
			UpdateCategorizedAssets: 0.081ms
		UnloadImportedAssets: 0.313ms
		ImportSchedulerStart: 13.911ms
	PostProcessAllAssets: 196.619ms
		VersionControlSettings.HiddenFilePostprocess 4.563ms
		AssemblyValidation.PostprocessAllAssets 0.765ms
		PostProcessCallbackCreateDeferredMaterials 0.061ms
		ShaderAssetModifiedCallback 0.055ms
		SpeedTreeImporter.PostprocessAllAssets 0.051ms
		RaytracingShaderImportPostprocess 0.051ms
		MonoPostProcessAllAssets: 149.965ms
			StyleCatalogPostProcessor.OnPostprocessAllAssets 105.370ms
			AssetPostprocessor.OnPostprocessAllAssets 11.789ms
			WindowAssetPostprocessingWatcher.OnPostprocessAllAssets 7.447ms
			BuilderAssetPostprocessor.OnPostprocessAllAssets 5.242ms
			SyncVS.PostprocessSyncProject 2.305ms
			AssetChangedListener.OnPostprocessAllAssets 2.269ms
			TextAssetPostProcessor.OnPostprocessAllAssets 1.855ms
			RetainedModeAssetPostprocessor.OnPostprocessAllAssets 1.278ms
			EditModeScopePostprocessor.OnPostprocessAllAssets 0.987ms
			SpeedTree9Postprocessor.OnPostprocessAllAssets 0.807ms
			ArtifactBrowserPostProcessor.OnPostprocessAllAssets 0.494ms
			AutoSyncPostprocessor.OnPostprocessAllAssets 0.487ms
			ReferencedClipsPostProcessor.OnPostprocessAllAssets 0.291ms
			AudioMixerPostprocessor.OnPostprocessAllAssets 0.284ms
			AssetEvents.OnPostprocessAllAssets 0.234ms
			TerrainToolbarOverlayPostProcessor.OnPostprocessAllAssets 0.218ms
			AssetDatabaseCallbacks.OnPostprocessAllAssets 0.159ms
			SpeedTreePostProcessor.OnPostprocessAllAssets 0.144ms
			ConfigAssetsTracker.OnPostprocessAllAssets 0.144ms
			ScenarioDriftAssetsTracker.OnPostprocessAllAssets 0.130ms
			RenderPipelineGlobalSettingsPostprocessor.OnPostprocessAllAssets 0.086ms
			AudioContainerPostProcessor.OnPostprocessAllAssets 0.072ms
	PostAssetChangesProfiler: 0.812ms
	UnloadStreamsBegin: 1.115ms
	PersistCurrentRevisions: 0.053ms
	Untracked: 787.048ms

Application.AssetDatabase Initial Refresh End
Scanning for USB devices : 11.066ms
Initializing Unity extensions:
[MODES] ModeService[none].Initialize
[MODES] ModeService[none].LoadModes
[MODES] Loading mode Default (0) for mode-current-id-positive
Unloading 3 Unused Serialized files (Serialized files now loaded: 0)
Unloading 25 unused Assets / (0.5 MB). Loaded Objects now: 677.
Memory consumption went from 187.2 MB to 186.7 MB.
Total: 4.775200 ms (FindLiveObjects: 0.035700 ms CreateObjectMapping: 0.007000 ms MarkObjects: 4.543500 ms  DeleteObjects: 0.183800 ms)

Microsoft Media Foundation video decoding to texture disabled: graphics device is Null, only Direct3D 11 and Direct3D 12 (only on desktop) are supported for hardware-accelerated video decoding.
[Project] Loading completed in 10.178 seconds
	Project init time: 				9.974 seconds
		Template init time: 		0.000 seconds
		Package Manager init time: 		0.353 seconds
		Asset Database init time: 		0.349 seconds
		Global illumination init time: 	0.002 seconds
		Assemblies load time: 			1.145 seconds
		Unity extensions init time: 	0.000 seconds
		Asset Database refresh time: 	7.912 seconds
	Scene opening time: 			0.079 seconds
##utp:{"type":"ProjectInfo","version":2,"phase":"Immediate","time":1787005005904,"processId: <redacted>,"projectLoad":10.1784847,"projectInit":9.9743262,"templateInit":0.0,"packageManagerInit":0.3526464,"assetDatabaseInit":0.3489428,"globalIlluminationInit":0.0024628,"assembliesLoad":1.1454063,"unityExtensionsInit":0.0003221,"assetDatabaseRefresh":7.9117444,"sceneOpening":0.0790899}
##utp:{"type":"EditorInfo","version":2,"phase":"Immediate","time":1787005005904,"processId: <redacted>,"editorVersion":"6000.5.7f1 (017862109af0)","branch":"6000.5/staging","buildType":"Release","platform":"Windows"}
[MODES] ModeService[default].LoadModes
[Licensing::Client] Successfully resolved entitlement details
Importing 'GUID: f771a12ae03b3944e890372f1e1bb6ed - Path: Assets/NeoEngGenerated' with importer (DefaultImporter)
Imported 'GUID: f771a12ae03b3944e890372f1e1bb6ed' -> (Import Result ID: '3f98af49c0f280984e6084a2603fbd51') in 0.010 seconds [static dependencies only]. Details - ImportResultOutputID=6375a8c5f1bb954d1ecd151edbaedf3b DependenciesID=14511c963dfc75e86962aecc86e30dca StaticDependenciesID=ea767ca4d9ef588f13c774ff44ddc399 
Asset Pipeline Refresh (id=12a2c3fb8bbe6044e911bf4622f64a11): Total: 0.084 seconds - Initiated by RefreshV2(NoUpdateAssetOptions)
Importing 'GUID: 26f2687a09ec30748b6d4d5a0324357a - Path: Assets/source.png' with importer (TextureImporter)
Imported 'GUID: 26f2687a09ec30748b6d4d5a0324357a' -> (Import Result ID: 'e6c6227484a08a8e4058251c8516ee52') in 0.001 seconds [static and dynamic dependencies]. Details - ImportResultOutputID=1ef4082076a2f3ae97d7608c8a249927 DependenciesID=637ba5a01a40f65259c99059ec215869 StaticDependenciesID=edcbe5b110789ac90573cc193737b570 
Asset Pipeline Refresh (id=caf70b52ba488724386d11b724603244): Total: 0.018 seconds - Initiated by StopAssetImportingV2(NoUpdateAssetOptions)
Importing 'GUID: 00831dd7227bd9348b81e4b0b1a609b5 - Path: Assets/NeoEngGenerated/hero.sprite.asset' with importer (NativeFormatImporter)
Imported 'GUID: 00831dd7227bd9348b81e4b0b1a609b5' -> (Import Result ID: 'c1a5909a24ce833594707cebb77ee024') in 0.003 seconds [static dependencies only]. Details - ImportResultOutputID=13cfbc8cfd04214fb05f4bcd61a8aa58 DependenciesID=86fef553cd2f63f22fe3bd9c80fca4a7 StaticDependenciesID=753e02fd7bf52c6b30eba6252d9266bd 
Asset Pipeline Refresh (id=e76468c642483e1469bf188d6d5754f4): Total: 0.022 seconds - Initiated by StopAssetImportingV2(NoUpdateAssetOptions)
Importing 'GUID: 94aa5cabd3e12124ba5dda5d00b95428 - Path: Assets/NeoEngGenerated/hero.metadata.asset' with importer (NativeFormatImporter)
Imported 'GUID: 94aa5cabd3e12124ba5dda5d00b95428' -> (Import Result ID: 'e0e9364864f4a14b353c488815425493') in 0.003 seconds [static dependencies only]. Details - ImportResultOutputID=821fd9dccfbef0774d2d22885ac02991 DependenciesID=4a0cc157c916ebf40b8091b8de51b88e StaticDependenciesID=8535b6646328e71a9c339f851a39f8ad 
Asset Pipeline Refresh (id=ddcb7fab71ce89b4094c026ac54c842d): Total: 0.022 seconds - Initiated by StopAssetImportingV2(NoUpdateAssetOptions)
Importing 'GUID: 6f63242531e41a04e8eef2cc3c5da0a4 - Path: Assets/NeoEngGenerated/hero.prefab' with importer (PrefabImporter)
Imported 'GUID: 6f63242531e41a04e8eef2cc3c5da0a4' -> (Import Result ID: 'b28d2e7d0107ef26c28af8e85c5b8074') in 0.014 seconds [static and dynamic dependencies]. Details - ImportResultOutputID=e9ed140fcc68f40eec436a1418bb2467 DependenciesID=dddd2b51156df72008e0c21ae0c46424 StaticDependenciesID=b21cd14de9f283d2592950c4d70b8c58 
Asset Pipeline Refresh (id=cd2562ac6f08ccc42bcf6ee96c013501): Total: 0.036 seconds - Initiated by StopAssetImportingV2(NoUpdateAssetOptions)
Importing 'GUID: 3cfcbbd826004ee438995e2d33c9d5ce - Path: Assets/frames/frame_0000.png' with importer (TextureImporter)
Imported 'GUID: 3cfcbbd826004ee438995e2d33c9d5ce' -> (Import Result ID: '22269622fa098234cbe6ce8d0dae2348') in 0.001 seconds [static and dynamic dependencies]. Details - ImportResultOutputID=450de022b2c0d523011dcff1ad494ac2 DependenciesID=37ed2c0e60b3afda4f8ef19e62cf2f83 StaticDependenciesID=232ce4931ee2f084d4e48cb142d85323 
Asset Pipeline Refresh (id=c088dd264838d2f4b9eb74d0c0a3ce40): Total: 0.017 seconds - Initiated by StopAssetImportingV2(NoUpdateAssetOptions)
Importing 'GUID: 4bda08f6c3ed6a548b8706f0ed8c90fd - Path: Assets/frames/frame_0001.png' with importer (TextureImporter)
Imported 'GUID: 4bda08f6c3ed6a548b8706f0ed8c90fd' -> (Import Result ID: 'e0b29f65f035f71efc66cabb31392687') in 0.001 seconds [static and dynamic dependencies]. Details - ImportResultOutputID=45fc421a10a4b2f9993efa10a3e8e93a DependenciesID=40ee18580793e7f86e78bd1d90c50ba0 StaticDependenciesID=801f22fc0a3d3cb28172a79f428e670e 
Asset Pipeline Refresh (id=4209e35324b317f4bba34cf118d48fe9): Total: 0.017 seconds - Initiated by StopAssetImportingV2(NoUpdateAssetOptions)
Importing 'GUID: 26f2687a09ec30748b6d4d5a0324357a - Path: Assets/source.png' with importer (TextureImporter)
Imported 'GUID: 26f2687a09ec30748b6d4d5a0324357a' -> (Import Result ID: 'e6c6227484a08a8e4058251c8516ee52') in 0.001 seconds [static and dynamic dependencies]. Details - ImportResultOutputID=1ef4082076a2f3ae97d7608c8a249927 DependenciesID=637ba5a01a40f65259c99059ec215869 StaticDependenciesID=edcbe5b110789ac90573cc193737b570 
Asset Pipeline Refresh (id=b85e00b331340524b8c7c8bd89dbfb06): Total: 0.019 seconds - Initiated by StopAssetImportingV2(NoUpdateAssetOptions)
Importing 'GUID: 26f2687a09ec30748b6d4d5a0324357a - Path: Assets/source.png' with importer (TextureImporter)
Imported 'GUID: 26f2687a09ec30748b6d4d5a0324357a' -> (Import Result ID: 'e6c6227484a08a8e4058251c8516ee52') in 0.001 seconds [static and dynamic dependencies]. Details - ImportResultOutputID=1ef4082076a2f3ae97d7608c8a249927 DependenciesID=637ba5a01a40f65259c99059ec215869 StaticDependenciesID=edcbe5b110789ac90573cc193737b570 
Asset Pipeline Refresh (id=80e9bc8d6e8524e4488ae31b81d1bc25): Total: 0.017 seconds - Initiated by StopAssetImportingV2(NoUpdateAssetOptions)
Importing 'GUID: 3cfcbbd826004ee438995e2d33c9d5ce - Path: Assets/frames/frame_0000.png' with importer (TextureImporter)
Imported 'GUID: 3cfcbbd826004ee438995e2d33c9d5ce' -> (Import Result ID: '22269622fa098234cbe6ce8d0dae2348') in 0.001 seconds [static and dynamic dependencies]. Details - ImportResultOutputID=450de022b2c0d523011dcff1ad494ac2 DependenciesID=37ed2c0e60b3afda4f8ef19e62cf2f83 StaticDependenciesID=232ce4931ee2f084d4e48cb142d85323 
Asset Pipeline Refresh (id=62e9d99a8bdbbea4a81524fa4ebe80d9): Total: 0.017 seconds - Initiated by StopAssetImportingV2(NoUpdateAssetOptions)
Importing 'GUID: 35339da059fe9e841ad442a93f9bc1ae - Path: Assets/NeoEngGenerated/hero_animation.animation' with importer (DefaultImporter)
Imported 'GUID: 35339da059fe9e841ad442a93f9bc1ae' -> (Import Result ID: '61cf0c513db0c4a1adf2337b9a8a9cf1') in 0.013 seconds [static dependencies only]. Details - ImportResultOutputID=e4153cfe643abb460e600a0e3986cd10 DependenciesID=0e426748d238bd29950de3c02feae4b1 StaticDependenciesID=0d7436a986025bad100fec2c9688b4cf 
Importing 'GUID: 0bb42b9f929825d439255e22e280851e - Path: Assets/NeoEngGenerated/hero_animation.animation/frame_0000.sprite.asset' with importer (NativeFormatImporter)
Imported 'GUID: 0bb42b9f929825d439255e22e280851e' -> (Import Result ID: 'b6ef73acf90668d2e4512f0738c2f89b') in 0.001 seconds [static dependencies only]. Details - ImportResultOutputID=57ef60a11487ffa2b27653bae57f962d DependenciesID=4b537648659ef2d2af3bb6b8cc46abcb StaticDependenciesID=13758074d30258406381ba2d04c38697 
Asset Pipeline Refresh (id=1655c62baa29c174888c742cce67e91f): Total: 0.036 seconds - Initiated by StopAssetImportingV2(NoUpdateAssetOptions)
Importing 'GUID: 4bda08f6c3ed6a548b8706f0ed8c90fd - Path: Assets/frames/frame_0001.png' with importer (TextureImporter)
Imported 'GUID: 4bda08f6c3ed6a548b8706f0ed8c90fd' -> (Import Result ID: 'e0b29f65f035f71efc66cabb31392687') in 0.001 seconds [static and dynamic dependencies]. Details - ImportResultOutputID=45fc421a10a4b2f9993efa10a3e8e93a DependenciesID=40ee18580793e7f86e78bd1d90c50ba0 StaticDependenciesID=801f22fc0a3d3cb28172a79f428e670e 
Asset Pipeline Refresh (id=d41cce571e328a240a8d9595502af1b6): Total: 0.017 seconds - Initiated by StopAssetImportingV2(NoUpdateAssetOptions)
Importing 'GUID: caaf93c60c3175a49af1930f814871b9 - Path: Assets/NeoEngGenerated/hero_animation.animation/frame_0001.sprite.asset' with importer (NativeFormatImporter)
Imported 'GUID: caaf93c60c3175a49af1930f814871b9' -> (Import Result ID: '5be5104bbb0d8e390b03f5198e662108') in 0.001 seconds [static dependencies only]. Details - ImportResultOutputID=91b9b1fd929573a3dd4559d588092275 DependenciesID=ccf1563aba2bd6799bc3c45e6d8d5245 StaticDependenciesID=a238657603994739b0679992fa9fa935 
Asset Pipeline Refresh (id=330a420d724525a4da7c6263c1d9d025): Total: 0.025 seconds - Initiated by StopAssetImportingV2(NoUpdateAssetOptions)
Importing 'GUID: ca52cd3611bd56f4b862a716eec240a5 - Path: Assets/NeoEngGenerated/hero_animation.animation/hero_animation.metadata.asset' with importer (NativeFormatImporter)
Imported 'GUID: ca52cd3611bd56f4b862a716eec240a5' -> (Import Result ID: 'c032f9fd66b324f88e07a3db2993a863') in 0.001 seconds [static dependencies only]. Details - ImportResultOutputID=56e32f5735e5f98e02bc24f5dd4077dd DependenciesID=ec933528428edbc8e58cf25a170c6691 StaticDependenciesID=fa7d87d461a29340e697e2b26f37c59a 
Asset Pipeline Refresh (id=5ecce9ae7f2e4be47ac4301cca1d854c): Total: 0.023 seconds - Initiated by StopAssetImportingV2(NoUpdateAssetOptions)
Importing 'GUID: 77ffe99e5681c5b4bb87485b5fdfc0c0 - Path: Assets/NeoEngGenerated/hero_animation.animation/hero_animation.anim' with importer (NativeFormatImporter)
Imported 'GUID: 77ffe99e5681c5b4bb87485b5fdfc0c0' -> (Import Result ID: '18b8b366a8bac52d4a7505271ec521db') in 0.002 seconds [static dependencies only]. Details - ImportResultOutputID=50150fbd3d8f07433b7cc9a0e05fb3f8 DependenciesID=b3705bb366d122514c85eb92f17a89e3 StaticDependenciesID=da791f4b1b1459f9fd706e6c89cc8ba9 
Asset Pipeline Refresh (id=ad51f58fbe5ef2f4ba9903345ec16ba0): Total: 0.025 seconds - Initiated by StopAssetImportingV2(NoUpdateAssetOptions)
Importing 'GUID: 07c0bc849588c1e4cbf7a0bf35cf953b - Path: Assets/NeoEngGenerated/hero_animation.animation/hero_animation.controller' with importer (NativeFormatImporter)
Imported 'GUID: 07c0bc849588c1e4cbf7a0bf35cf953b' -> (Import Result ID: '46459ff55c5f712e161a6ec1089e5453') in 0.003 seconds [static dependencies only]. Details - ImportResultOutputID=49529e7db29e2b69629a55f86e6923dd DependenciesID=0deabe5ca2916540f3a20fbff5e0bedf StaticDependenciesID=1e994c317be609b6b3c56b22adbe0969 
Asset Pipeline Refresh (id=005a3c0a4a5763742b62b20752c61a99): Total: 0.024 seconds - Initiated by StopAssetImportingV2(NoUpdateAssetOptions)
Importing 'GUID: 07c0bc849588c1e4cbf7a0bf35cf953b - Path: Assets/NeoEngGenerated/hero_animation.animation/hero_animation.controller' with importer (NativeFormatImporter)
Imported 'GUID: 07c0bc849588c1e4cbf7a0bf35cf953b' -> (Import Result ID: '777ad52c82386b3b6389a0fe6abd74e5') in 0.001 seconds [static dependencies only]. Details - ImportResultOutputID=49529e7db29e2b69629a55f86e6923dd DependenciesID=3dcf9aa170ef1c8374dbdd456e5b2f5e StaticDependenciesID=55b426a8ef2f38d184d8dda61aba65e1 
Asset Pipeline Refresh (id=061f3efb07387a4498ed4eced7eb3893): Total: 0.017 seconds - Initiated by StopAssetImportingV2(NoUpdateAssetOptions)
Importing 'GUID: 4f34c9f50100ab343babd7c9a380016b - Path: Assets/NeoEngGenerated/hero_animation.animation/hero_animation.prefab' with importer (PrefabImporter)
Imported 'GUID: 4f34c9f50100ab343babd7c9a380016b' -> (Import Result ID: '3efe8786be1fa4b4a2f896b3e85b1a19') in 0.014 seconds [static and dynamic dependencies]. Details - ImportResultOutputID=aa2545d0ded97f307803ef3ae1b17777 DependenciesID=a61bcb97583d7d2b3b8b4f7242b14901 StaticDependenciesID=b306d1a8d29fc459f2ddbd997c39ec84 
Asset Pipeline Refresh (id=c8d72e3eb5244a64f950a427978a809f): Total: 0.037 seconds - Initiated by StopAssetImportingV2(NoUpdateAssetOptions)
Importing 'GUID: 26f2687a09ec30748b6d4d5a0324357a - Path: Assets/source.png' with importer (TextureImporter)
Imported 'GUID: 26f2687a09ec30748b6d4d5a0324357a' -> (Import Result ID: 'e6c6227484a08a8e4058251c8516ee52') in 0.001 seconds [static and dynamic dependencies]. Details - ImportResultOutputID=1ef4082076a2f3ae97d7608c8a249927 DependenciesID=637ba5a01a40f65259c99059ec215869 StaticDependenciesID=edcbe5b110789ac90573cc193737b570 
Asset Pipeline Refresh (id=27472ece2b11fb74091e40ee1f2abef0): Total: 0.017 seconds - Initiated by StopAssetImportingV2(NoUpdateAssetOptions)
Importing 'GUID: aa1760a217709ab42852e15ddf9a8b91 - Path: Assets/NeoEngGenerated/hero_tileset.tileset' with importer (DefaultImporter)
Imported 'GUID: aa1760a217709ab42852e15ddf9a8b91' -> (Import Result ID: '8cb7f983c68a05ef048dfbaca481039b') in 0.013 seconds [static dependencies only]. Details - ImportResultOutputID=ae6141edce1cf407dcaf4bc0e275a914 DependenciesID=b7e13c6399eb3e5c1ee21aa458de38a6 StaticDependenciesID=c903b0cc942bd804b6b7f937f0a37471 
Importing 'GUID: ac38aad138fcf1d44925d3878bd5128e - Path: Assets/NeoEngGenerated/hero_tileset.tileset/tile_0000.sprite.asset' with importer (NativeFormatImporter)
Imported 'GUID: ac38aad138fcf1d44925d3878bd5128e' -> (Import Result ID: '876bddfcfaf527b10c3f6ba770116e7a') in 0.002 seconds [static dependencies only]. Details - ImportResultOutputID=5fb90e7096db6f13f67885124b8845a8 DependenciesID=bdb9ab82a8de1dc629524c4e1eb62949 StaticDependenciesID=c3ca3c7c09b81cce6c203e9738e35e4b 
Asset Pipeline Refresh (id=ff484050d55393f4d9b0d9c7d3dfaeb9): Total: 0.036 seconds - Initiated by StopAssetImportingV2(NoUpdateAssetOptions)
Importing 'GUID: bc088c97b3f627f4c9397478222df66a - Path: Assets/NeoEngGenerated/hero_tileset.tileset/tile_0000.tile.asset' with importer (NativeFormatImporter)
Imported 'GUID: bc088c97b3f627f4c9397478222df66a' -> (Import Result ID: '64b97234633b4ae7542cbb1d5df0ec6c') in 0.002 seconds [static dependencies only]. Details - ImportResultOutputID=07bdc9862ba5435cb124d0b361435ff6 DependenciesID=17c99a7ad4f06212b91a4d3fcb70ea0a StaticDependenciesID=2e401d9406a6ed9399166da1560eaa8b 
Asset Pipeline Refresh (id=e2926ee8a0ae878449f6d816d02e9bf6): Total: 0.023 seconds - Initiated by StopAssetImportingV2(NoUpdateAssetOptions)
Importing 'GUID: 26f2687a09ec30748b6d4d5a0324357a - Path: Assets/source.png' with importer (TextureImporter)
Imported 'GUID: 26f2687a09ec30748b6d4d5a0324357a' -> (Import Result ID: 'e6c6227484a08a8e4058251c8516ee52') in 0.001 seconds [static and dynamic dependencies]. Details - ImportResultOutputID=1ef4082076a2f3ae97d7608c8a249927 DependenciesID=637ba5a01a40f65259c99059ec215869 StaticDependenciesID=edcbe5b110789ac90573cc193737b570 
Asset Pipeline Refresh (id=275a3fc9735422c41818692b0f66de90): Total: 0.018 seconds - Initiated by StopAssetImportingV2(NoUpdateAssetOptions)
Importing 'GUID: 5f5727c0fee70e340beb56510d0d57cc - Path: Assets/NeoEngGenerated/hero_tileset.tileset/tile_0001.sprite.asset' with importer (NativeFormatImporter)
Imported 'GUID: 5f5727c0fee70e340beb56510d0d57cc' -> (Import Result ID: 'be46d32409fae1b96dc008b1c71645b0') in 0.001 seconds [static dependencies only]. Details - ImportResultOutputID=b799437d334307406b054002be0b2291 DependenciesID=2f77623421b486ec9c30c4515555b1e5 StaticDependenciesID=e8f72d9a112309c85941a4640a11bbeb 
Asset Pipeline Refresh (id=cf791e1b81692ea46b1ebe6a0fd09582): Total: 0.028 seconds - Initiated by StopAssetImportingV2(NoUpdateAssetOptions)
Importing 'GUID: 3f0ab88f1b6b567468caa474e0e30525 - Path: Assets/NeoEngGenerated/hero_tileset.tileset/tile_0001.tile.asset' with importer (NativeFormatImporter)
Imported 'GUID: 3f0ab88f1b6b567468caa474e0e30525' -> (Import Result ID: 'ba80ddb88df8a111ba21427937b3b73b') in 0.001 seconds [static dependencies only]. Details - ImportResultOutputID=3bb1f1ab380bec6f00e628c650ffb7f7 DependenciesID=aa9a0f484f4895d799f87d20b7ea37ab StaticDependenciesID=4bcd84430a5a638092025cd33890f4bc 
Asset Pipeline Refresh (id=5f0a907ffd611af45b0781e73f8ea7b7): Total: 0.022 seconds - Initiated by StopAssetImportingV2(NoUpdateAssetOptions)
Importing 'GUID: 853b272d6ce1c3543ae2378c1f954c17 - Path: Assets/NeoEngGenerated/hero_tileset.tileset/hero_tileset.metadata.asset' with importer (NativeFormatImporter)
Imported 'GUID: 853b272d6ce1c3543ae2378c1f954c17' -> (Import Result ID: '7cf765c7f5df047f6edd1ce8d229ac37') in 0.002 seconds [static dependencies only]. Details - ImportResultOutputID=342424cbac6f9ffe347224deede719bb DependenciesID=e26114447db28cfa391b6d3687299718 StaticDependenciesID=efb0951fa7abadcf7ebb2ea5941d95df 
Asset Pipeline Refresh (id=48143e4a5a7f49a418d09a7ad5a24092): Total: 0.022 seconds - Initiated by StopAssetImportingV2(NoUpdateAssetOptions)
Importing 'GUID: a2131f33c08abb24da4311ee1ffc2cf8 - Path: Assets/NeoEngGenerated/hero_tileset.tileset/hero_tileset.prefab' with importer (PrefabImporter)
Imported 'GUID: a2131f33c08abb24da4311ee1ffc2cf8' -> (Import Result ID: 'e9533d511c7dcaeddaa5f19f6ee1ddab') in 0.014 seconds [static and dynamic dependencies]. Details - ImportResultOutputID=e0dc24d3abb3db7fd6bf3ae8965a6de0 DependenciesID=6eb9993ff9ce6aac46721eafce1fbfb3 StaticDependenciesID=4f2eb8d88f2a0b7b41389a463091d151 
Asset Pipeline Refresh (id=37b14ffcfacb2aa479d70ace02217037): Total: 0.036 seconds - Initiated by StopAssetImportingV2(NoUpdateAssetOptions)
Asset Pipeline Refresh (id=1afd695e62ac6bd4b94ef6a4473b9f20): Total: 0.029 seconds - Initiated by RefreshV2(ForceUpdate)
UNITY_STAGE3_ANIMATION_NATIVE=PASS
UnityEngine.Debug:ExtractStackTraceNoAlloc (byte*,int,string)
UnityEngine.StackTraceUtility:ExtractStackTrace ()
UnityEngine.DebugLogHandler:Internal_Log (UnityEngine.LogType,UnityEngine.LogOption,string,UnityEngine.Object)
UnityEngine.DebugLogHandler:LogFormat (UnityEngine.LogType,UnityEngine.Object,string,object[])
UnityEngine.Logger:Log (UnityEngine.LogType,object)
UnityEngine.Debug:Log (object)
NeoEngStage3Runner:RunPositive () (at Assets/Editor/NeoEngStage3Runner.cs:49)
NeoEngStage3Runner:Begin () (at Assets/Editor/NeoEngStage3Runner.cs:28)
UnityEditor.EditorApplication:Internal_CallDelayFunctions ()

(Filename: Assets/Editor/NeoEngStage3Runner.cs Line: 49)

UNITY_STAGE3_FRAME_COLLISION=PASS
UnityEngine.Debug:ExtractStackTraceNoAlloc (byte*,int,string)
UnityEngine.StackTraceUtility:ExtractStackTrace ()
UnityEngine.DebugLogHandler:Internal_Log (UnityEngine.LogType,UnityEngine.LogOption,string,UnityEngine.Object)
UnityEngine.DebugLogHandler:LogFormat (UnityEngine.LogType,UnityEngine.Object,string,object[])
UnityEngine.Logger:Log (UnityEngine.LogType,object)
UnityEngine.Debug:Log (object)
NeoEngStage3Runner:RunPositive () (at Assets/Editor/NeoEngStage3Runner.cs:50)
NeoEngStage3Runner:Begin () (at Assets/Editor/NeoEngStage3Runner.cs:28)
UnityEditor.EditorApplication:Internal_CallDelayFunctions ()

(Filename: Assets/Editor/NeoEngStage3Runner.cs Line: 50)

UNITY_STAGE3_TILESET_NATIVE=PASS
UnityEngine.Debug:ExtractStackTraceNoAlloc (byte*,int,string)
UnityEngine.StackTraceUtility:ExtractStackTrace ()
UnityEngine.DebugLogHandler:Internal_Log (UnityEngine.LogType,UnityEngine.LogOption,string,UnityEngine.Object)
UnityEngine.DebugLogHandler:LogFormat (UnityEngine.LogType,UnityEngine.Object,string,object[])
UnityEngine.Logger:Log (UnityEngine.LogType,object)
UnityEngine.Debug:Log (object)
NeoEngStage3Runner:RunPositive () (at Assets/Editor/NeoEngStage3Runner.cs:51)
NeoEngStage3Runner:Begin () (at Assets/Editor/NeoEngStage3Runner.cs:28)
UnityEditor.EditorApplication:Internal_CallDelayFunctions ()

(Filename: Assets/Editor/NeoEngStage3Runner.cs Line: 51)

UNITY_STAGE3_TILE_COLLISION=PASS
UnityEngine.Debug:ExtractStackTraceNoAlloc (byte*,int,string)
UnityEngine.StackTraceUtility:ExtractStackTrace ()
UnityEngine.DebugLogHandler:Internal_Log (UnityEngine.LogType,UnityEngine.LogOption,string,UnityEngine.Object)
UnityEngine.DebugLogHandler:LogFormat (UnityEngine.LogType,UnityEngine.Object,string,object[])
UnityEngine.Logger:Log (UnityEngine.LogType,object)
UnityEngine.Debug:Log (object)
NeoEngStage3Runner:RunPositive () (at Assets/Editor/NeoEngStage3Runner.cs:52)
NeoEngStage3Runner:Begin () (at Assets/Editor/NeoEngStage3Runner.cs:28)
UnityEditor.EditorApplication:Internal_CallDelayFunctions ()

(Filename: Assets/Editor/NeoEngStage3Runner.cs Line: 52)

Importing 'GUID: 26f2687a09ec30748b6d4d5a0324357a - Path: Assets/source.png' with importer (TextureImporter)
Imported 'GUID: 26f2687a09ec30748b6d4d5a0324357a' -> (Import Result ID: 'e6c6227484a08a8e4058251c8516ee52') in 0.001 seconds [static and dynamic dependencies]. Details - ImportResultOutputID=1ef4082076a2f3ae97d7608c8a249927 DependenciesID=637ba5a01a40f65259c99059ec215869 StaticDependenciesID=edcbe5b110789ac90573cc193737b570 
Asset Pipeline Refresh (id=dae2920be7ca82c46bfda76d391f7595): Total: 0.018 seconds - Initiated by StopAssetImportingV2(NoUpdateAssetOptions)
Importing 'GUID: 3cfcbbd826004ee438995e2d33c9d5ce - Path: Assets/frames/frame_0000.png' with importer (TextureImporter)
Imported 'GUID: 3cfcbbd826004ee438995e2d33c9d5ce' -> (Import Result ID: '22269622fa098234cbe6ce8d0dae2348') in 0.001 seconds [static and dynamic dependencies]. Details - ImportResultOutputID=450de022b2c0d523011dcff1ad494ac2 DependenciesID=37ed2c0e60b3afda4f8ef19e62cf2f83 StaticDependenciesID=232ce4931ee2f084d4e48cb142d85323 
Asset Pipeline Refresh (id=76ca9db216151c9459d54828725e9e96): Total: 0.018 seconds - Initiated by StopAssetImportingV2(NoUpdateAssetOptions)
Importing 'GUID: 4bda08f6c3ed6a548b8706f0ed8c90fd - Path: Assets/frames/frame_0001.png' with importer (TextureImporter)
Imported 'GUID: 4bda08f6c3ed6a548b8706f0ed8c90fd' -> (Import Result ID: 'e0b29f65f035f71efc66cabb31392687') in 0.001 seconds [static and dynamic dependencies]. Details - ImportResultOutputID=45fc421a10a4b2f9993efa10a3e8e93a DependenciesID=40ee18580793e7f86e78bd1d90c50ba0 StaticDependenciesID=801f22fc0a3d3cb28172a79f428e670e 
Asset Pipeline Refresh (id=78a3bb1da641c2842be2f2c7a9c2e90b): Total: 0.018 seconds - Initiated by StopAssetImportingV2(NoUpdateAssetOptions)
Importing 'GUID: 26f2687a09ec30748b6d4d5a0324357a - Path: Assets/source.png' with importer (TextureImporter)
Imported 'GUID: 26f2687a09ec30748b6d4d5a0324357a' -> (Import Result ID: 'e6c6227484a08a8e4058251c8516ee52') in 0.001 seconds [static and dynamic dependencies]. Details - ImportResultOutputID=1ef4082076a2f3ae97d7608c8a249927 DependenciesID=637ba5a01a40f65259c99059ec215869 StaticDependenciesID=edcbe5b110789ac90573cc193737b570 
Asset Pipeline Refresh (id=70c2d159b5c48d641bfe31ac75c167a4): Total: 0.018 seconds - Initiated by StopAssetImportingV2(NoUpdateAssetOptions)
Importing 'GUID: 26f2687a09ec30748b6d4d5a0324357a - Path: Assets/source.png' with importer (TextureImporter)
Imported 'GUID: 26f2687a09ec30748b6d4d5a0324357a' -> (Import Result ID: 'e6c6227484a08a8e4058251c8516ee52') in 0.001 seconds [static and dynamic dependencies]. Details - ImportResultOutputID=1ef4082076a2f3ae97d7608c8a249927 DependenciesID=637ba5a01a40f65259c99059ec215869 StaticDependenciesID=edcbe5b110789ac90573cc193737b570 
Asset Pipeline Refresh (id=384e499da0ec81247a628a9bfdef9426): Total: 0.018 seconds - Initiated by StopAssetImportingV2(NoUpdateAssetOptions)
Asset Pipeline Refresh (id=f4165bb475f8c274682b90e95cf73034): Total: 0.003 seconds - Initiated by RefreshV2(ForceUpdate)
UNITY_STAGE3_REPEAT=PASS
UnityEngine.Debug:ExtractStackTraceNoAlloc (byte*,int,string)
UnityEngine.StackTraceUtility:ExtractStackTrace ()
UnityEngine.DebugLogHandler:Internal_Log (UnityEngine.LogType,UnityEngine.LogOption,string,UnityEngine.Object)
UnityEngine.DebugLogHandler:LogFormat (UnityEngine.LogType,UnityEngine.Object,string,object[])
UnityEngine.Logger:Log (UnityEngine.LogType,object)
UnityEngine.Debug:Log (object)
NeoEngStage3Runner:RunPositive () (at Assets/Editor/NeoEngStage3Runner.cs:57)
NeoEngStage3Runner:Begin () (at Assets/Editor/NeoEngStage3Runner.cs:28)
UnityEditor.EditorApplication:Internal_CallDelayFunctions ()

(Filename: Assets/Editor/NeoEngStage3Runner.cs Line: 57)

MonoPathRemapper: Attempts to remap: 4939; Successful remaps: 0
Serialized file version minimum: 23, current 23
Worker ready: AssetImportWorkerHW0 0
[Physics::Module] Cleanup current backend.
[Physics::Module] Id: 0xf2b8ea05
Input System module state changed to: ShutdownInProgress.
Input Polling Thread exited.
Input System module state changed to: Shutdown.
[Licensing::IpcConnector] LicenseClient-<redacted> channel disconnected successfully.
[Licensing::IpcConnector] LicenseClient-<redacted> channel disconnected successfully.
Shut down.
AcceleratorClientConnectionCallback - disconnected - :0
Cleanup mono
CodeReloadManager destroyed
abort_threads: Failed aborting id: 00000000000062B8, mono_thread_manage will ignore it

abort_threads: Failed aborting id: 0000000000006828, mono_thread_manage will ignore it

abort_threads: Failed aborting id: 00000000000062B8, mono_thread_manage will ignore it

abort_threads: Failed aborting id: 0000000000006828, mono_thread_manage will ignore it

debugger-agent: Unable to listen on 3376
Checking for leaked weakptr:
  Found no leaked weakptrs.
[Package Manager] Server process was shutdown
##utp:{"type":"MemoryLeaks","version":2,"phase":"Immediate","time":1787005008784,"processId: <redacted>,"allocatedMemory":11411544,"memoryLabels":[{"Default":172498},{"Permanent":15516},{"NewDelete":65763},{"Thread":4197600},{"Manager":33605},{"VertexData":8},{"Geometry":816},{"Texture":24},{"Shader":831192},{"Material":24},{"GfxDevice":55328},{"Animation":10680},{"Audio":1544},{"FreeType":8},{"FontEngine":736},{"Physics":2146},{"Physics2D":16},{"Serialization":912},{"Input":42840},{"JobScheduler":256},{"TextLib":280},{"Mono":48},{"ScriptingNativeRuntime":674964},{"BaseObject":1627168},{"Resource":1208},{"Renderer":3080},{"Transform":4685},{"File":1032},{"WebCam":616},{"Culling":32},{"Terrain":11442},{"Wind":24},{"STL":40},{"String":36872},{"StaticString":3808},{"Utility":2673782},{"Curl":2559},{"PoolAlloc":2168},{"AI":80},{"TypeTree":17165},{"CodeReload":448},{"RuntimeInitializeOnLoadManager":64},{"Sprites":102},{"SpriteAtlas":120},{"GI":7816},{"CloudService":16136},{"WebRequest":589},{"VR":47114},{"SceneManager":608},{"Video":64},{"LazyScriptCache":32},{"Camera":17},{"Secure":2377},{"Image":65536},{"SerializationCache":1576},{"APIUpdating":10320},{"Subsystems":336},{"VirtualTexturing":57888},{"StaticSafetyDebugInfo":278528},{"Analytics":552},{"Hierarchy":1176},{"UIElements":72},{"CoreStats":13688},{"Identifiers":6768},{"Gui":128},{"EditorUtility":98438},{"VersionControl":8},{"Undo":931},{"AssetDatabase":252521},{"AssetImporter":40},{"EditorGi":328},{"UnityConnect":38929},{"Upm":1912},{"UpmDiagnostics":8},{"AssetCompliance":64},{"DrivenProperties":72},{"LocalIPC":211},{"ProfilerEditor":9746},{"CoreBusinessMetrics":3500},{"Windowing":456},{"Licensing":1232},{"AssetReference":32},{"IPCStream":32}]}
