
[Licensing::Module] Trying to connect to existing licensing client channel...
Built from '6000.5/staging' branch; Version is '6000.5.7f1 (017862109af0) revision 96354'; Using compiler version '194234433'; Build Type 'Release'
OS: 'Windows 11  (10.0.26200) Professional' Language: 'pt' Physical Memory: 32690 MB
[Licensing::IpcConnector] Channel LicenseClient-<redacted> doesn't exist
BatchMode: 1, IsHumanControllingUs: 0, StartBugReporterOnCrash: 0, Is64bit: 1
System  architecture: x64
Process architecture: x64
Date: 2026-08-17T22:16:49Z
[Licensing::Module] Successfully launched the LicensingClient (PId: <redacted>)

COMMAND LINE ARGUMENTS:
<local-path>
-batchmode
-nographics
-projectPath
<local-path>\animation-conflict
-logFile
<local-path>\unity-stage3-animation-conflict.log
Successfully changed project path to: <local-path>\animation-conflict
<local-path>
[UnityMemory] Configuration Parameters - Can be set up in boot.config
    "memorysetup-temp-allocator-size-gi-baking-worker=262144"
    "memorysetup-temp-allocator-size-gi-baking-worker=262144"
    "memorysetup-temp-allocator-size-gi-baking-worker=262144"
    "memorysetup-temp-allocator-size-gi-baking-worker=262144"
    "memorysetup-temp-allocator-size-gi-baking-worker=262144"
    "memorysetup-temp-allocator-size-nav-mesh-worker=65536"
    "memorysetup-temp-allocator-size-audio-worker=65536"
    "memorysetup-temp-allocator-size-cloud-worker=32768"
    "memorysetup-temp-allocator-size-gfx=262144"
    "memorysetup-temp-allocator-size-preload-manager=33554432"
    "memorysetup-allocator-temp-initial-block-size-main=262144"
    "memorysetup-allocator-temp-initial-block-size-worker=262144"
    "memorysetup-temp-allocator-size-job-worker=262144"
    "memorysetup-temp-allocator-size-background-worker=32768"
    "memorysetup-bucket-allocator-granularity=16"
    "memorysetup-bucket-allocator-bucket-count=8"
    "memorysetup-bucket-allocator-block-size=33554432"
    "memorysetup-bucket-allocator-block-count=8"
    "memorysetup-main-allocator-block-size=16777216"
    "memorysetup-thread-allocator-block-size=16777216"
    "memorysetup-main-allocator-mimalloc-enabled=0"
    "memorysetup-gfx-main-allocator-block-size=16777216"
    "memorysetup-gfx-thread-allocator-block-size=16777216"
    "memorysetup-cache-allocator-block-size=4194304"
    "memorysetup-typetree-allocator-block-size=2097152"
    "memorysetup-profiler-bucket-allocator-granularity=16"
    "memorysetup-profiler-bucket-allocator-bucket-count=8"
    "memorysetup-profiler-bucket-allocator-block-size=33554432"
    "memorysetup-profiler-bucket-allocator-block-count=8"
    "memorysetup-profiler-allocator-block-size=16777216"
    "memorysetup-profiler-editor-allocator-block-size=1048576"
    "memorysetup-temp-allocator-size-main=16777216"
    "memorysetup-job-temp-allocator-block-size=2097152"
    "memorysetup-job-temp-allocator-block-size-background=1048576"
    "memorysetup-job-temp-allocator-reduction-small-platforms=262144"
Logging is directed to a specific file, skipping project log.<redacted-player-connection>

<redacted-player-connection>"[IP] <network-address> [Port] 55505 [Flags] 2 [Guid] 634637914 [EditorId] 634637914 [Version] 1048832 [Id] WindowsEditor(<redacted>) [Debug] 1 [PackageName] WindowsEditor [ProjectName] Editor" 

<redacted-player-connection>"[IP] <network-address> [Port] 55505 [Flags] 2 [Guid] 634637914 [EditorId] 634637914 [Version] 1048832 [Id] WindowsEditor(<redacted>) [Debug] 1 [PackageName] WindowsEditor [ProjectName] Editor" 

<redacted-player-connection>"[IP] <network-address> [Port] 55505 [Flags] 2 [Guid] 634637914 [EditorId] 634637914 [Version] 1048832 [Id] WindowsEditor(<redacted>) [Debug] 1 [PackageName] WindowsEditor [ProjectName] Editor" 

<redacted-player-connection>"[IP] <network-address> [Port] 55505 [Flags] 2 [Guid] 634637914 [EditorId] 634637914 [Version] 1048832 [Id] WindowsEditor(<redacted>) [Debug] 1 [PackageName] WindowsEditor [ProjectName] Editor" 

<redacted-player-connection>
<redacted-player-connection>
Input System module state changed to: Initialized.
[Physics::Module] Initialized fallback backend.
[Physics::Module] Id: 0xdecafbad
Starting IPC server.
Waiting for clients to connect on \\.\pipe\Unity-LicenseClient-<redacted>, press Ctrl-C to exit.
[Licensing::IpcConnector] Successfully connected to: "LicenseClient-<redacted>" at "2026-08-17T22:16:49.4387808Z"
[Licensing::Client] Code 10 while verifying Licensing Client signature (process Id: <redacted>, path: "<local-path>")
[Licensing::Module] LicensingClient has failed validation; ignoring
[Package Manager] Connected to IPC stream "Upm-33760" after 0.3 seconds.
[Licensing::Module] Licensing is not yet initialized.
[Licensing::Client] Handshaking with LicensingClient:
  Version:                 1.18.1+9fbee8e
  Session Id:<redacted>
  Correlation Id:<redacted>
  External correlation Id:<redacted>
  Machine Id:<redacted>
[Licensing::Module] Successfully connected to LicensingClient on channel: "LicenseClient-<redacted>" (connect: 0.37s, validation: 0.05s, handshake: 0.04s)
[Licensing::IpcConnector] Successfully connected to: "LicenseClient-<redacted>" at "2026-08-17T22:16:49.527155Z"
[Licensing::Module] Connected to LicensingClient (PId: <redacted>, launch time: 0.01, total connection time: 0.46s)
[Licensing::Module] Error: Access token is unavailable; failed to update
[Licensing::Client] Successfully resolved entitlement details
[Licensing::Module] License group:
  Id: 4674131544823-UnityPersXXXX
  Product: Unity Personal
  Type: Assigned
  Expiration: Unlimited
[Licensing::Client] Successfully updated license, isAsync: True, time: 0.01
[Licensing::Client] Successfully resolved entitlement details
[Licensing::Module] Licensing Background thread has ended after 0.49s
[Licensing::Module] Licensing is initialized (took 0.03s).
[Licensing::Client] Successfully resolved entitlement details
Library Redirect Path: Library/
Rebuilding Library because the asset database could not be found!
[Physics::Module] Selected backend.
[Physics::Module] Name: PhysX
[Physics::Module] Id: 0xf2b8ea05
[Physics::Module] SDK Version: 4.1.2
[Physics::Module] Integration Version: 1.0.0
[Physics::Module] Threading Mode: Multi-Threaded
Initialize engine version: 6000.5.7f1 (017862109af0)
[Subsystems] Discovering subsystems at path <local-path>
[Subsystems] Discovering subsystems at path <local-path>
Forcing GfxDevice: Null
GfxDevice: creating device client; kGfxThreadingModeNonThreaded
NullGfxDevice:
    Version:  NULL 1.0 [1.0]
    Renderer: Null Device
    Vendor:   Unity Technologies
Initialize mono
Mono path[0] = '<local-path>
Mono path[1] = '<local-path>
Mono path[2] = '<local-path>
Mono config path = '<local-path>
Using monoOptions --debugger-agent=transport=dt_socket,embedding=1,server=y,suspend=n,address=<network-address>:56760
CodeReloadManager initialized
ImportWorker Server TCP listen port: 0
AcceleratorClientConnectionCallback - disconnected - :0
Begin MonoManager ReloadAssembly
Registering precompiled unity dll's ...
Register platform support module: <local-path>
Register platform support module: <local-path>
Registered in 0.006308 seconds.
Native extension for WindowsStandalone target not found
Native extension for WebGL target not found
Package Manager log level set to [2]
ScheduleIndexationOnStartup MainProcess:False IndexOnStartup:False
Mono: successfully reloaded assembly
- Finished resetting the current domain, in  0.393 seconds
Domain Reload Profiling: 1062ms
	BeginReloadAssembly (209ms)
		CreateAndSetChildDomain (26ms)
	RebuildCommonClasses (5ms)
	RebuildNativeTypeToScriptingClass (17ms)
	initialDomainReloadingComplete (108ms)
	LoadAllAssembliesAndSetupDomain (327ms)
		LoadAssemblies (171ms)
		AnalyzeDomain (224ms)
			TypeCache.Refresh (223ms)
				TypeCache.ScanAssembly (208ms)
	FinalizeReload (396ms)
		SetupLoadedEditorAssemblies (0ms)
			InitializePlatformSupportModulesInManaged (3ms)
			BeforeProcessingInitializeOnLoad (93ms)
			ProcessInitializeOnLoadAttributes (106ms)
			ProcessInitializeOnLoadMethodAttributes (119ms)
[Licensing::Client] Successfully resolved entitlement details
Application.AssetDatabase Initial Refresh Start
[Package Manager] Done resolving packages in 0.49 seconds
[Licensing::Client] Successfully resolved entitlement details
[Package Manager] Lock file was created
[Package Manager] Registered 1 packages:
  Local packages:
    com.neoeng.dtrace@file:<repo>\integrations\unity\package\com.neoeng.dtrace (location: <repo>\integrations\unity\package\com.neoeng.dtrace)
[Subsystems] No new subsystems found in resolved package list.
[Package Manager] Done registering packages in 0.00 seconds
AcceleratorClientConnectionCallback - disconnected - :0
[ScriptCompilation] Requested script compilation because: Assembly Definition File(s) changed
[ScriptCompilation] Requested script compilation because: AssetDatabase observed changes in script compilation related files
info: Microsoft.Hosting.Lifetime[14]
      Now listening on: htt<local-path>
info: Microsoft.Hosting.Lifetime[0]
      Application started. Press Ctrl+C to shut down.
info: Microsoft.Hosting.Lifetime[0]
      Hosting environment: Production
info: Microsoft.Hosting.Lifetime[0]
      Content root path: <local-path>\animation-conflict
info: Microsoft.AspNetCore.Hosting.Diagnostics[1]
      Request starting HTTP/2 POST htt<local-path>
info: Microsoft.AspNetCore.Routing.EndpointMiddleware[0]
      Executing endpoint 'gRPC - /UnityILPP.PostProcessing/Ping'
info: Microsoft.AspNetCore.Routing.EndpointMiddleware[1]
      Executed endpoint 'gRPC - /UnityILPP.PostProcessing/Ping'
info: Microsoft.AspNetCore.Hosting.Diagnostics[2]
      Request finished HTTP/2 POST htt<local-path>
Starting: <local-path>"Library/Bee/1900b0aE.dag" --continue-on-failure --profile="Library/Bee/backend1.traceevents" ScriptAssemblies
WorkingDir: <local-path>
ExitCode: 4 Duration: 0s38ms
[             ] Require frontend run.  Library/Bee/1900b0aE.dag couldn't be loaded
DisplayProgressbar: Compiling Scripts
Starting: <local-path>"<local-path>" "Library/Bee/1900b0aE.dag.json" "Library/Bee/1900b0aE-inputdata.json" "Library\Bee\buildprogram0.traceevents"
WorkingDir: <local-path>
ExitCode: 0 Duration: 0s236ms
Starting: <local-path>"Library/Bee/1900b0aE.dag" --continue-on-failure --dagfilejson="Library\Bee\1900b0aE.dag.json" --profile="Library/Bee/backend2.traceevents" ScriptAssemblies
WorkingDir: <local-path>
ExitCode: 0 Duration: 4s368ms
Finished compiling graph: 179 nodes, 794 flattened edges (776 ToBuild, 6 ToUse), maximum node priority 24
[  1/176    0s] MovedFromExtractor Library/Bee/artifacts/mvdfrm/UnityEditor.TilemapModule.dll_88620B9BED1BFA01.mvfrm
[  2/176    0s] MovedFromExtractor Library/Bee/artifacts/mvdfrm/UnityEditor.SpriteMaskModule.dll_52C550464C6836D2.mvfrm
[  3/176    0s] MovedFromExtractor Library/Bee/artifacts/mvdfrm/UnityEditor.SpriteShapeModule.dll_65C440F1F8C96AFF.mvfrm
[  4/176    0s] MovedFromExtractor Library/Bee/artifacts/mvdfrm/UnityEditor.SceneTemplateModule.dll_1A9B67CDA3F26E09.mvfrm
[  5/176    0s] MovedFromExtractor Library/Bee/artifacts/mvdfrm/UnityEditor.SketchUpModule.dll_2DDC4F474A774838.mvfrm
[  6/176    0s] MovedFromExtractor Library/Bee/artifacts/mvdfrm/UnityEditor.ShaderCompilationModule.dll_8BD4C024CDC49D21.mvfrm
[  7/176    0s] MovedFromExtractor Library/Bee/artifacts/mvdfrm/UnityEditor.SceneViewModule.dll_0C55D55C7B149334.mvfrm
[  8/176    0s] MovedFromExtractor Library/Bee/artifacts/mvdfrm/UnityEditor.SubstanceModule.dll_77857F2E15A99E33.mvfrm
[  9/176    0s] MovedFromExtractor Library/Bee/artifacts/mvdfrm/UnityEditor.ShaderFoundryModule.dll_597B3810C6A1EA97.mvfrm
[ 10/176    0s] MovedFromExtractor Library/Bee/artifacts/mvdfrm/UnityEditor.TextRenderingModule.dll_643E8A08F64F1F62.mvfrm
[ 11/176    0s] MovedFromExtractor Library/Bee/artifacts/mvdfrm/UnityEditor.TerrainModule.dll_E965A41AD55F18F8.mvfrm
[ 12/176    0s] MovedFromExtractor Library/Bee/artifacts/mvdfrm/UnityEditor.ShaderBuildSettingsModule.dll_6CE3BB4B63CFCCEF.mvfrm
[ 13/176    0s] MovedFromExtractor Library/Bee/artifacts/mvdfrm/UnityEditor.TextCoreFontEngineModule.dll_5584907521D02D1E.mvfrm
[ 14/176    0s] MovedFromExtractor Library/Bee/artifacts/mvdfrm/UnityEditor.TextCoreTextEngineModule.dll_9D6CC6E6B153E63C.mvfrm
[ 15/176    0s] MovedFromExtractor Library/Bee/artifacts/mvdfrm/UnityEditor.SafeModeModule.dll_45C769F6FF45AC21.mvfrm
[ 16/176    0s] MovedFromExtractor Library/Bee/artifacts/mvdfrm/UnityEditor.QuickSearchModule.dll_0E3FB034F2FA8E88.mvfrm
[ 17/176    0s] MovedFromExtractor Library/Bee/artifacts/mvdfrm/UnityEditor.QuickInstallModule.dll_E870CF5853AAF76F.mvfrm
[ 18/176    0s] MovedFromExtractor Library/Bee/artifacts/mvdfrm/UnityEditor.PropertiesModule.dll_96D41CF49DE40594.mvfrm
[ 19/176    0s] MovedFromExtractor Library/Bee/artifacts/mvdfrm/UnityEngine.InsightsModule.dll_DAA4F5080D8DD327.mvfrm
[ 20/176    0s] MovedFromExtractor Library/Bee/artifacts/mvdfrm/UnityEditor.PlayModeModule.dll_8BBB5BB09E0EBB88.mvfrm
[ 21/176    0s] MovedFromExtractor Library/Bee/artifacts/mvdfrm/UnityEditor.ProjectAuditorModule.dll_55D011101AD2D826.mvfrm
[ 22/176    0s] MovedFromExtractor Library/Bee/artifacts/mvdfrm/UnityEditor.PhysicsModule.dll_CF1F28ABFFA0D00A.mvfrm
[ 23/176    0s] MovedFromExtractor Library/Bee/artifacts/mvdfrm/UnityEditor.PresetsUIModule.dll_890C2B36884A1E2B.mvfrm
[ 24/176    0s] MovedFromExtractor Library/Bee/artifacts/mvdfrm/UnityEditor.HierarchyModule.dll_BB19F93043D104E8.mvfrm
[ 25/176    0s] MovedFromExtractor Library/Bee/artifacts/mvdfrm/UnityEditor.LightingModule.dll_3FCEE1735231754D.mvfrm
[ 26/176    0s] MovedFromExtractor Library/Bee/artifacts/mvdfrm/UnityEditor.PhysicsCore2DModule.dll_AEC3B8E88A15076B.mvfrm
[ 27/176    0s] MovedFromExtractor Library/Bee/artifacts/mvdfrm/UnityEditor.MediaModule.dll_BD7E9226B571C0A7.mvfrm
[ 28/176    0s] MovedFromExtractor Library/Bee/artifacts/mvdfrm/UnityEditor.GridModule.dll_4D8EE9F7B6C08597.mvfrm
[ 29/176    0s] MovedFromExtractor Library/Bee/artifacts/mvdfrm/UnityEditor.GraphicsStateCollectionSerializerModule.dll_1F4A5F0762D36DE9.mvfrm
[ 30/176    0s] MovedFromExtractor Library/Bee/artifacts/mvdfrm/UnityEditor.MultiplayerModule.dll_CC0B3023FBEEC06D.mvfrm
[ 31/176    0s] MovedFromExtractor Library/Bee/artifacts/mvdfrm/UnityEditor.Physics2DModule.dll_32EB6D851BCBE07C.mvfrm
[ 32/176    0s] MovedFromExtractor Library/Bee/artifacts/mvdfrm/UnityEditor.MathematicsModule.dll_7177C170B79F2A29.mvfrm
[ 33/176    0s] MovedFromExtractor Library/Bee/artifacts/mvdfrm/UnityEditor.GraphViewModule.dll_CDA5F25485F1C626.mvfrm
[ 34/176    0s] MovedFromExtractor Library/Bee/artifacts/mvdfrm/UnityEditor.GenericRemoteModule.dll_570137188D143B80.mvfrm
[ 35/176    0s] MovedFromExtractor Library/Bee/artifacts/mvdfrm/UnityEditor.GraphToolkitModule.dll_256E65C402D3B7C1.mvfrm
[ 36/176    0s] MovedFromExtractor Library/Bee/artifacts/mvdfrm/UnityEditor.EditorToolbarModule.dll_F6FBF70FA505C3D1.mvfrm
[ 37/176    0s] MovedFromExtractor Library/Bee/artifacts/mvdfrm/UnityEditor.GIModule.dll_C1D63A79B11DBE43.mvfrm
[ 38/176    0s] MovedFromExtractor Library/Bee/artifacts/mvdfrm/UnityEditor.EmbreeModule.dll_325107F39E868BE9.mvfrm
[ 39/176    0s] MovedFromExtractor Library/Bee/artifacts/mvdfrm/UnityEditor.DeviceSimulatorModule.dll_ADE4E55F9DD1D021.mvfrm
[ 40/176    0s] MovedFromExtractor Library/Bee/artifacts/mvdfrm/UnityEditor.ContentLoadModule.dll_E5796CD811A9DAE2.mvfrm
[ 41/176    0s] MovedFromExtractor Library/Bee/artifacts/mvdfrm/UnityEditor.DiagnosticsModule.dll_83302F279A23922F.mvfrm
[ 42/176    0s] MovedFromExtractor Library/Bee/artifacts/mvdfrm/UnityEditor.AssetComplianceModule.dll_E6BFF54E188DB44E.mvfrm
[ 43/176    0s] MovedFromExtractor Library/Bee/artifacts/mvdfrm/UnityEditor.CoreBusinessMetricsModule.dll_E4A86E1CB717CAA7.mvfrm
[ 44/176    0s] MovedFromExtractor Library/Bee/artifacts/mvdfrm/UnityEditor.ClothModule.dll_58A6D590114216FD.mvfrm
[ 45/176    0s] MovedFromExtractor Library/Bee/artifacts/mvdfrm/UnityEditor.AccessibilityModule.dll_C0FFE13D2B701281.mvfrm
[ 46/176    0s] MovedFromExtractor Library/Bee/artifacts/mvdfrm/UnityEditor.BuildProfileModule.dll_099181191224893C.mvfrm
[ 47/176    0s] MovedFromExtractor Library/Bee/artifacts/mvdfrm/UnityEditor.CoreModule.dll_701DCE099E6BEFA0.mvfrm
[ 48/176    0s] MovedFromExtractor Library/Bee/artifacts/mvdfrm/UnityEditor.AdaptivePerformanceModule.dll_64BD74A290D09BAD.mvfrm
[ 49/176    0s] MovedFromExtractor Library/Bee/artifacts/mvdfrm/UnityEditor.AIModule.dll_2999F16C156ED629.mvfrm
[ 50/176    0s] MovedFromExtractor Library/Bee/artifacts/mvdfrm/Unity.Scripting.dll_6312751106B582E1.mvfrm
[ 51/176    0s] MovedFromExtractor Library/Bee/artifacts/mvdfrm/UnityEditor.WindowsStandalone.Extensions.dll_51E76FAEAFB11C00.mvfrm
[ 52/176    0s] MovedFromExtractor Library/Bee/artifacts/mvdfrm/UnityEditor.Graphs.dll_E035D55896AED9D2.mvfrm
[ 53/176    0s] MovedFromExtractor Library/Bee/artifacts/mvdfrm/UnityEditor.WebGL.Extensions.dll_4D57E384C9B75910.mvfrm
[ 54/176    0s] MovedFromExtractor Library/Bee/artifacts/mvdfrm/UnityEngine.VFXModule.dll_ABC6154FD31E85D0.mvfrm
[ 55/176    0s] MovedFromExtractor Library/Bee/artifacts/mvdfrm/UnityEngine.dll_A9B10FE8A27D34DA.mvfrm
[ 56/176    0s] MovedFromExtractor Library/Bee/artifacts/mvdfrm/UnityEngine.UnityConnectModule.dll_F22B129E31906F01.mvfrm
[ 57/176    0s] MovedFromExtractor Library/Bee/artifacts/mvdfrm/UnityEngine.UnityConsentModule.dll_C3D0A9CA3E9B0551.mvfrm
[ 58/176    0s] MovedFromExtractor Library/Bee/artifacts/mvdfrm/UnityEngine.VirtualTexturingModule.dll_FC0F60CE6D32C5A9.mvfrm
[ 59/176    0s] MovedFromExtractor Library/Bee/artifacts/mvdfrm/UnityEngine.UnityAnalyticsCommonModule.dll_52088BBDF19918E8.mvfrm
[ 60/176    0s] MovedFromExtractor Library/Bee/artifacts/mvdfrm/UnityEngine.U2DRuntimeModule.dll_8EFD74B6ED4FAE3D.mvfrm
[ 61/176    0s] MovedFromExtractor Library/Bee/artifacts/mvdfrm/UnityEngine.UnityCurlModule.dll_CF480FAED0628CB9.mvfrm
[ 62/176    0s] MovedFromExtractor Library/Bee/artifacts/mvdfrm/UnityEngine.TextCoreFontEngineModule.dll_D3E40BC834CDEBE9.mvfrm
[ 63/176    0s] MovedFromExtractor Library/Bee/artifacts/mvdfrm/UnityEngine.TextRenderingModule.dll_F07F7C306F47A287.mvfrm
[ 64/176    0s] MovedFromExtractor Library/Bee/artifacts/mvdfrm/UnityEngine.TextCoreTextEngineModule.dll_1BCC4239C451A507.mvfrm
[ 65/176    0s] MovedFromExtractor Library/Bee/artifacts/mvdfrm/UnityEngine.TLSModule.dll_2AE77CE0FCB11C63.mvfrm
[ 66/176    0s] MovedFromExtractor Library/Bee/artifacts/mvdfrm/UnityEngine.SubstanceModule.dll_2D6B7016FB295018.mvfrm
[ 67/176    0s] MovedFromExtractor Library/Bee/artifacts/mvdfrm/UnityEngine.StreamingModule.dll_50C05BCDAFD6520A.mvfrm
[ 68/176    0s] MovedFromExtractor Library/Bee/artifacts/mvdfrm/UnityEngine.SpriteShapeModule.dll_6B8A10810B037B84.mvfrm
[ 69/176    0s] MovedFromExtractor Library/Bee/artifacts/mvdfrm/UnityEngine.SpriteMaskModule.dll_5373BD8E4EAC501D.mvfrm
[ 70/176    0s] MovedFromExtractor Library/Bee/artifacts/mvdfrm/UnityEngine.ScriptingModule.dll_B34CC743DFD6497F.mvfrm
[ 71/176    0s] MovedFromExtractor Library/Bee/artifacts/mvdfrm/UnityEngine.SharedInternalsModule.dll_A394E45706DF90E9.mvfrm
[ 72/176    0s] MovedFromExtractor Library/Bee/artifacts/mvdfrm/UnityEngine.ShaderVariantAnalyticsModule.dll_4CC5DB256676EEB2.mvfrm
[ 73/176    0s] MovedFromExtractor Library/Bee/artifacts/mvdfrm/UnityEngine.RenderAs2DModule.dll_D8BA4CC27F826916.mvfrm
[ 74/176    0s] MovedFromExtractor Library/Bee/artifacts/mvdfrm/UnityEngine.RuntimeInitializeOnLoadManagerInitializerModule.dll_32FB239C5BF3452A.mvfrm
[ 75/176    0s] MovedFromExtractor Library/Bee/artifacts/mvdfrm/UnityEngine.PhysicsBackendPhysXModule.dll_FF60F0E5AED23171.mvfrm
[ 76/176    0s] MovedFromExtractor Library/Bee/artifacts/mvdfrm/UnityEngine.MultiplayerModule.dll_D1D0FFB30E28D0F2.mvfrm
[ 77/176    0s] MovedFromExtractor Library/Bee/artifacts/mvdfrm/UnityEngine.PropertiesModule.dll_97828A3CA0281EDF.mvfrm
[ 78/176    0s] MovedFromExtractor Library/Bee/artifacts/mvdfrm/UnityEngine.PerformanceReportingModule.dll_B6C9CE79D7B07A8A.mvfrm
[ 79/176    0s] MovedFromExtractor Library/Bee/artifacts/mvdfrm/UnityEngine.MarshallingModule.dll_FA9181BB398970CC.mvfrm
[ 80/176    0s] MovedFromExtractor Library/Bee/artifacts/mvdfrm/UnityEngine.MathematicsModule.dll_773D90FFC9D93AAE.mvfrm
[ 81/176    0s] MovedFromExtractor Library/Bee/artifacts/mvdfrm/UnityEngine.LocalizationModule.dll_C2B4CDF7800C3415.mvfrm
[ 82/176    0s] MovedFromExtractor Library/Bee/artifacts/mvdfrm/UnityEditor.GridAndSnapModule.dll_8CE915A91D884F1E.mvfrm
[ 83/176    0s] MovedFromExtractor Library/Bee/artifacts/mvdfrm/UnityEngine.InputModule.dll_1E60FCA9DEDA8D62.mvfrm
[ 84/176    0s] MovedFromExtractor Library/Bee/artifacts/mvdfrm/UnityEngine.InputForUIModule.dll_6CF9A5178D5D575F.mvfrm
[ 85/176    0s] MovedFromExtractor Library/Bee/artifacts/mvdfrm/UnityEngine.InputLegacyModule.dll_E36DFE44ED52F96B.mvfrm
[ 86/176    0s] MovedFromExtractor Library/Bee/artifacts/mvdfrm/UnityEngine.HotReloadModule.dll_1D742C833B81B64E.mvfrm
[ 87/176    0s] MovedFromExtractor Library/Bee/artifacts/mvdfrm/UnityEngine.GraphicsStateCollectionSerializerModule.dll_283E2BF72FD2B74E.mvfrm
[ 88/176    0s] MovedFromExtractor Library/Bee/artifacts/mvdfrm/UnityEngine.IdentifiersModule.dll_2AB26B1C17DA1192.mvfrm
[ 89/176    0s] MovedFromExtractor Library/Bee/artifacts/mvdfrm/UnityEngine.GridModule.dll_70AFBD4A5EC5F0C2.mvfrm
[ 90/176    0s] MovedFromExtractor Library/Bee/artifacts/mvdfrm/UnityEngine.GameCenterModule.dll_6A474AFE2D3CBAA3.mvfrm
[ 91/176    0s] MovedFromExtractor Library/Bee/artifacts/mvdfrm/UnityEngine.GIModule.dll_0044CC091C9AF20E.mvfrm
[ 92/176    0s] MovedFromExtractor Library/Bee/artifacts/mvdfrm/UnityEngine.CrashReportingModule.dll_732D7EF974151B43.mvfrm
[ 93/176    0s] MovedFromExtractor Library/Bee/artifacts/mvdfrm/UnityEngine.DSPGraphModule.dll_462F8DE0F57154C9.mvfrm
[ 94/176    0s] MovedFromExtractor Library/Bee/artifacts/mvdfrm/UnityEngine.CoreModule.dll_933EA15C46715ACB.mvfrm
[ 95/176    0s] MovedFromExtractor Library/Bee/artifacts/mvdfrm/UnityEngine.ContentLoadModule.dll_EB3F3C6723E3EB67.mvfrm
[ 96/176    0s] MovedFromExtractor Library/Bee/artifacts/mvdfrm/UnityEngine.ClusterRendererModule.dll_B391A7D10D8CDDA5.mvfrm
[ 97/176    0s] MovedFromExtractor Library/Bee/artifacts/mvdfrm/UnityEngine.ClusterInputModule.dll_846803A4E890411C.mvfrm
[ 98/176    0s] WriteText Library/Bee/artifacts/1900b0aE.dag/NeoEngDTrace.Runtime.rsp2
[ 99/176    0s] WriteText Library/Bee/artifacts/1900b0aE.dag/NeoEngDTrace.Runtime.UnityAdditionalFile.txt
[100/176    0s] WriteText Library/Bee/artifacts/1900b0aE.dag/NeoEngDTrace.Runtime.dll.mvfrm.rsp
[101/176    0s] WriteText Library/Bee/artifacts/1900b0aE.dag/NeoEngDTrace.Runtime.rsp
[102/176    0s] MovedFromExtractor Library/Bee/artifacts/mvdfrm/UnityEngine.ARModule.dll_217B47FEDE0968BD.mvfrm
[103/176    0s] MovedFromExtractor Library/Bee/artifacts/mvdfrm/UnityEditor.dll_770CC9104409A7F5.mvfrm
[104/176    0s] MovedFromExtractor Library/Bee/artifacts/mvdfrm/UnityEditor.VideoModule.dll_16C7FCFFF9B753BE.mvfrm
[105/176    0s] MovedFromExtractor Library/Bee/artifacts/mvdfrm/UnityEditor.XRModule.dll_AA9E79239CAAAEAB.mvfrm
[106/176    0s] MovedFromExtractor Library/Bee/artifacts/mvdfrm/UnityEditor.VectorGraphicsModule.dll_A2629CDF5840890F.mvfrm
[107/176    0s] MovedFromExtractor Library/Bee/artifacts/mvdfrm/UnityEditor.UmbraModule.dll_6C9324ADC44BE38C.mvfrm
[108/176    0s] MovedFromExtractor Library/Bee/artifacts/mvdfrm/UnityEditor.UIElementsSamplesModule.dll_80065DACEAC0A851.mvfrm
[109/176    0s] MovedFromExtractor Library/Bee/artifacts/mvdfrm/UnityEditor.VFXModule.dll_9FA472FC636E77CB.mvfrm
[110/176    0s] MovedFromExtractor Library/Bee/artifacts/mvdfrm/UnityEditor.UnityConnectModule.dll_04CB8E8F37086E56.mvfrm
[111/176    0s] MovedFromExtractor Library/Bee/artifacts/mvdfrm/UnityEditor.UIToolkitAuthoringModule.dll_88DB25024056B0DE.mvfrm
[112/176    0s] MovedFromExtractor Library/Bee/artifacts/mvdfrm/UnityEditor.UIAutomationModule.dll_BA327009AE9851FC.mvfrm
[113/176    0s] MovedFromExtractor Library/Bee/artifacts/mvdfrm/UnityEditor.UIBuilderModule.dll_222E9F70F8AA3F5A.mvfrm
[114/176    0s] MovedFromExtractor Library/Bee/artifacts/mvdfrm/UnityEditor.U2DModule.dll_CB7D1DDF990AD82A.mvfrm
[115/176    0s] MovedFromExtractor Library/Bee/artifacts/mvdfrm/UnityEditor.UIElementsModule.dll_C1B118101DDC5ADC.mvfrm
[116/176    0s] MovedFromExtractor Library/Bee/artifacts/mvdfrm/UnityEditor.TreeModule.dll_CDC9C318263184DF.mvfrm
[117/176    0s] MovedFromExtractor Library/Bee/artifacts/mvdfrm/UnityEngine.UnityWebRequestAudioModule.dll_2EC622585E1B4522.mvfrm
[118/176    0s] MovedFromExtractor Library/Bee/artifacts/mvdfrm/UnityEngine.AndroidJNIModule.dll_3FFA00E366FBC9B2.mvfrm
[119/176    0s] MovedFromExtractor Library/Bee/artifacts/mvdfrm/UnityEngine.AnimationModule.dll_9C2B6E7D604E9ACC.mvfrm
[120/176    0s] MovedFromExtractor Library/Bee/artifacts/mvdfrm/UnityEngine.AdaptivePerformanceModule.dll_254D0958CC15EEB2.mvfrm
[121/176    0s] MovedFromExtractor Library/Bee/artifacts/mvdfrm/UnityEngine.AccessibilityModule.dll_4D40D364A46895A6.mvfrm
[122/176    0s] MovedFromExtractor Library/Bee/artifacts/mvdfrm/UnityEngine.AMDModule.dll_2C57B97BD580A110.mvfrm
[123/176    0s] MovedFromExtractor Library/Bee/artifacts/mvdfrm/UnityEngine.AIModule.dll_680882FB80EC09F4.mvfrm
[124/176    0s] MovedFromExtractor Library/Bee/artifacts/mvdfrm/UnityEngine.XRModule.dll_E90D0AB30827E276.mvfrm
[125/176    0s] MovedFromExtractor Library/Bee/artifacts/mvdfrm/UnityEngine.HierarchyCoreModule.dll_C45B703F1315EE9C.mvfrm
[126/176    0s] MovedFromExtractor Library/Bee/artifacts/mvdfrm/UnityEngine.WindModule.dll_098D7C84D7A7D934.mvfrm
[127/176    0s] MovedFromExtractor Library/Bee/artifacts/mvdfrm/UnityEngine.VehiclesModule.dll_B8A125F6FD3A5343.mvfrm
[128/176    0s] MovedFromExtractor Library/Bee/artifacts/mvdfrm/UnityEngine.UnityWebRequestWWWModule.dll_E68E8795B4116173.mvfrm
[129/176    0s] MovedFromExtractor Library/Bee/artifacts/mvdfrm/UnityEngine.VideoModule.dll_DCF4B9642B348463.mvfrm
[130/176    0s] MovedFromExtractor Library/Bee/artifacts/mvdfrm/UnityEngine.UnityWebRequestTextureModule.dll_8C0BBD74BAAAB337.mvfrm
[131/176    0s] MovedFromExtractor Library/Bee/artifacts/mvdfrm/UnityEngine.VectorGraphicsModule.dll_5D86FE7A742D1D1A.mvfrm
[132/176    0s] MovedFromExtractor-Combine Library/Bee/artifacts/1900b0aE.dag/NeoEngDTrace.Runtime.dll.mvfrm
[133/176    0s] MovedFromExtractor Library/Bee/artifacts/mvdfrm/UnityEngine.UnityWebRequestModule.dll_3122AD2B9AA63018.mvfrm
[134/176    0s] MovedFromExtractor Library/Bee/artifacts/mvdfrm/UnityEngine.UnityWebRequestAssetBundleModule.dll_FA63CAE127646D5E.mvfrm
[135/176    0s] MovedFromExtractor Library/Bee/artifacts/mvdfrm/UnityEngine.UnityAnalyticsModule.dll_E5DF390F8E4DF8CD.mvfrm
[136/176    0s] MovedFromExtractor Library/Bee/artifacts/mvdfrm/UnityEngine.UmbraModule.dll_32BFE111F5C91431.mvfrm
[137/176    0s] MovedFromExtractor Library/Bee/artifacts/mvdfrm/UnityEngine.UIModule.dll_637C2128DD330FA0.mvfrm
[138/176    0s] MovedFromExtractor Library/Bee/artifacts/mvdfrm/UnityEngine.TilemapModule.dll_7ADCC446522AE146.mvfrm
[139/176    0s] MovedFromExtractor Library/Bee/artifacts/mvdfrm/UnityEngine.TerrainModule.dll_DBE05CC53A6E003D.mvfrm
[140/176    0s] MovedFromExtractor Library/Bee/artifacts/mvdfrm/UnityEngine.TerrainPhysicsModule.dll_C6BA7118FB69A15E.mvfrm
[141/176    0s] MovedFromExtractor Library/Bee/artifacts/mvdfrm/UnityEngine.SubsystemsModule.dll_BE2123F01CF43830.mvfrm
[142/176    0s] MovedFromExtractor Library/Bee/artifacts/mvdfrm/UnityEngine.UIElementsModule.dll_C25F855820207427.mvfrm
[143/176    0s] MovedFromExtractor Library/Bee/artifacts/mvdfrm/UnityEngine.ScreenCaptureModule.dll_C7400A25B8102292.mvfrm
[144/176    0s] WriteText Library/Bee/artifacts/1900b0aE.dag/NeoEngDTrace.Editor.rsp2
[145/176    0s] WriteText Library/Bee/artifacts/1900b0aE.dag/NeoEngDTrace.Editor.UnityAdditionalFile.txt
[146/176    0s] WriteText Library/Bee/artifacts/1900b0aE.dag/NeoEngDTrace.Editor.dll.mvfrm.rsp
[147/176    0s] WriteText Library/Bee/artifacts/1900b0aE.dag/NeoEngDTrace.Editor.rsp
[148/176    0s] WriteText Library/Bee/artifacts/1900b0aE.dag/Assembly-CSharp-Editor.rsp2
[149/176    0s] WriteText Library/Bee/artifacts/1900b0aE.dag/Assembly-CSharp-Editor.UnityAdditionalFile.txt
[150/176    0s] WriteText Library/Bee/artifacts/1900b0aE.dag/Assembly-CSharp-Editor.dll.mvfrm.rsp
[151/176    0s] WriteText Library/Bee/artifacts/1900b0aE.dag/Assembly-CSharp-Editor.rsp
[152/176    0s] MovedFromExtractor Library/Bee/artifacts/mvdfrm/UnityEngine.PhysicsCore2DModule.dll_3B04AB10030D8A90.mvfrm
[153/176    0s] MovedFromExtractor Library/Bee/artifacts/mvdfrm/UnityEngine.PhysicsModule.dll_C199E15664AFB74F.mvfrm
[154/176    0s] MovedFromExtractor Library/Bee/artifacts/mvdfrm/UnityEngine.ParticleSystemModule.dll_C63FC845E226A6D1.mvfrm
[155/176    0s] MovedFromExtractor Library/Bee/artifacts/mvdfrm/UnityEngine.Physics2DModule.dll_E8D15E6E014B9261.mvfrm
[156/176    0s] MovedFromExtractor Library/Bee/artifacts/mvdfrm/UnityEngine.NVIDIAModule.dll_8A621FDAFC23A697.mvfrm
[157/176    0s] MovedFromExtractor Library/Bee/artifacts/mvdfrm/UnityEngine.JSONSerializeModule.dll_AD585CA0A3A3F630.mvfrm
[157/176    0s] Csc Library/Bee/artifacts/1900b0aE.dag/NeoEngDTrace.Runtime.dll (+2 others) [CacheHit ea9348f0fe8b213c08943f3e026a608b00000000000000000000000000000006]
[158/176    0s] Csc Library/Bee/artifacts/1900b0aE.dag/NeoEngDTrace.Runtime.dll (+2 others)
[160/176    0s] CopyFiles Library/ScriptAssemblies/NeoEngDTrace.Runtime.pdb
[161/176    0s] MovedFromExtractor Library/Bee/artifacts/mvdfrm/UnityEngine.IMGUIModule.dll_F04AD4602ED3FC9F.mvfrm
[162/176    0s] MovedFromExtractor Library/Bee/artifacts/mvdfrm/UnityEngine.ImageConversionModule.dll_1F83A5818FB19599.mvfrm
[163/176    0s] CopyFiles Library/ScriptAssemblies/NeoEngDTrace.Runtime.dll
[164/176    0s] MovedFromExtractor Library/Bee/artifacts/mvdfrm/UnityEngine.HierarchyModule.dll_70FFEA192950B6CD.mvfrm
[165/176    0s] MovedFromExtractor Library/Bee/artifacts/mvdfrm/UnityEngine.DirectorModule.dll_40DE2C77831083A8.mvfrm
[166/176    0s] MovedFromExtractor Library/Bee/artifacts/mvdfrm/UnityEngine.ClothModule.dll_1ED391F442BF47A2.mvfrm
[167/176    0s] MovedFromExtractor Library/Bee/artifacts/mvdfrm/UnityEngine.AudioModule.dll_B7EB34F968A268BE.mvfrm
[168/176    0s] MovedFromExtractor Library/Bee/artifacts/mvdfrm/UnityEngine.AssetBundleModule.dll_5228E3265561437A.mvfrm
[169/176    0s] MovedFromExtractor-Combine Library/Bee/artifacts/1900b0aE.dag/NeoEngDTrace.Editor.dll.mvfrm
[170/176    0s] MovedFromExtractor-Combine Library/Bee/artifacts/1900b0aE.dag/Assembly-CSharp-Editor.dll.mvfrm
[169/176    0s] Csc Library/Bee/artifacts/1900b0aE.dag/NeoEngDTrace.Editor.dll (+2 others) [CacheHit 78fcb3289e701f346b89ecc8266af7ed00000000000000000000000000000006]
[171/176    0s] Csc Library/Bee/artifacts/1900b0aE.dag/NeoEngDTrace.Editor.dll (+2 others)
[173/176    0s] CopyFiles Library/ScriptAssemblies/NeoEngDTrace.Editor.pdb
[174/176    0s] CopyFiles Library/ScriptAssemblies/NeoEngDTrace.Editor.dll
[175/176    1s] Csc Library/Bee/artifacts/1900b0aE.dag/Assembly-CSharp-Editor.dll (+2 others)
[176/176    0s] CopyFiles Library/ScriptAssemblies/Assembly-CSharp-Editor.pdb
[177/176    0s] CopyFiles Library/ScriptAssemblies/Assembly-CSharp-Editor.dll
*** Tundra build success (4.35 seconds), 173 items updated, 176 evaluated
AssetDatabase: script compilation time: 5.417766s
Begin MonoManager ReloadAssembly
Total cache size 173462740
Total cache size after purge 173462740, took 00:00:00.4668176
Importing 'GUID: 00000000000000001000000000000000 - Path: Assets' with importer (DefaultImporter)
Imported 'GUID: 00000000000000001000000000000000' -> (Import Result ID: 'd4b99c274a2bfd195a0fab07a219813d') in 0.013 seconds [static dependencies only]. Details - ImportResultOutputID=931399766a3d35f20ee4474945b75a67 DependenciesID=b70de132a7282aafa7414a97dcffc9e1 StaticDependenciesID=f5f353ad10b41c84dbd766055d9989c6 
Importing 'GUID: 00000000000000002000000000000000 - Path: ProjectSettings/InputManager.asset' with importer (LibraryAssetImporter)
Imported 'GUID: 00000000000000002000000000000000' -> (Import Result ID: '122dd9edfa1375de805a66904857642d') in 0.002 seconds [static dependencies only]. Details - ImportResultOutputID=0290babc70dea6fa2c98f564a251f1f8 DependenciesID=e13aed5572a9dfc6d157cca70707a022 StaticDependenciesID=233ebbccf2adc0a5c1ca8885eb2bc052 
Importing 'GUID: 00000000000000003000000000000000 - Path: ProjectSettings/TagManager.asset' with importer (LibraryAssetImporter)
Imported 'GUID: 00000000000000003000000000000000' -> (Import Result ID: 'e7f16330ab18354fa5c6c22588bd6b9e') in 0.001 seconds [static dependencies only]. Details - ImportResultOutputID=fd6696bcbef029973bb12ace65e33982 DependenciesID=f35365170e5d58c444badbe1c8e8a4fc StaticDependenciesID=bcd866a7c3956a26e77b74cfbc6210b0 
Importing 'GUID: 00000000000000004000000000000000 - Path: ProjectSettings/ProjectSettings.asset' with importer (LibraryAssetImporter)
Imported 'GUID: 00000000000000004000000000000000' -> (Import Result ID: 'de8adacedb0e5d667c1774a4fe4318b7') in 0.001 seconds [static dependencies only]. Details - ImportResultOutputID=276a810dac73e1f29404d5e5f692e214 DependenciesID=e9e68e01a030ee2b63dff94c4c0fe204 StaticDependenciesID=e72b913578b477ca172a8648e2217ad5 
Importing 'GUID: 00000000000000006000000000000000 - Path: ProjectSettings/AudioManager.asset' with importer (LibraryAssetImporter)
Imported 'GUID: 00000000000000006000000000000000' -> (Import Result ID: '222655a7ee09c701162a4a03301f329d') in 0.001 seconds [static dependencies only]. Details - ImportResultOutputID=acca44841ee8003c72d524064efb6e35 DependenciesID=1c867fc2eb1e33cbab379e9914026e24 StaticDependenciesID=c60a58a77039892abca1222b4524d2f6 
Importing 'GUID: 00000000000000007000000000000000 - Path: ProjectSettings/TimeManager.asset' with importer (LibraryAssetImporter)
Imported 'GUID: 00000000000000007000000000000000' -> (Import Result ID: 'b7cea43959c5a70f6cafb9d7bbf07204') in 0.001 seconds [static dependencies only]. Details - ImportResultOutputID=bcbe57e6eed4f14d697ceae3e9a4ee48 DependenciesID=b41fcbca90521a4ef76dc45abd5ee30f StaticDependenciesID=de80ff743d967013c06205e8643638c7 
Importing 'GUID: 00000000000000008000000000000000 - Path: ProjectSettings/DynamicsManager.asset' with importer (LibraryAssetImporter)
Imported 'GUID: 00000000000000008000000000000000' -> (Import Result ID: '01117e187546a80035e1d4d46e76d0d3') in 0.001 seconds [static dependencies only]. Details - ImportResultOutputID=af765d07e318cf68f695edacf91778bd DependenciesID=a72988d2a4e3c003a30c86e53a954198 StaticDependenciesID=7292a8773e09fece8a4831b39fe2006c 
Importing 'GUID: 00000000000000009000000000000000 - Path: ProjectSettings/QualitySettings.asset' with importer (LibraryAssetImporter)
Imported 'GUID: 00000000000000009000000000000000' -> (Import Result ID: '88b1caad7788adf2b3f6920226537fe1') in 0.001 seconds [static dependencies only]. Details - ImportResultOutputID=7b12711da11c94ad897442b4820d3f7b DependenciesID=253c850b96121a2945831e0885510615 StaticDependenciesID=3c048ebdf1fe67a565e3878bb03d32b6 
Importing 'GUID: 0000000000000000b000000000000000 - Path: ProjectSettings/EditorBuildSettings.asset' with importer (LibraryAssetImporter)
Imported 'GUID: 0000000000000000b000000000000000' -> (Import Result ID: '2e292a13dea8a88f7a8fdfa7e245ba03') in 0.001 seconds [static dependencies only]. Details - ImportResultOutputID=4647dd083cfc32cebcd7526e8846440c DependenciesID=3dbde5f0d39015c9d271c66bfeeb76cc StaticDependenciesID=bb1b3efeaa1814676e759f4b719a3637 
Importing 'GUID: 0000000000000000c000000000000000 - Path: ProjectSettings/EditorSettings.asset' with importer (LibraryAssetImporter)
Imported 'GUID: 0000000000000000c000000000000000' -> (Import Result ID: '27524ee8e486f2ffa050ba352ec7e2de') in 0.001 seconds [static dependencies only]. Details - ImportResultOutputID=fc08cc28cef36a03227c22ef67b54535 DependenciesID=a67e6951b1ff849fa93892b67cc04f3f StaticDependenciesID=6659f09da2fad0badc637a74ebfda2e2 
Importing 'GUID: 00000000000000004100000000000000 - Path: ProjectSettings/NavMeshAreas.asset' with importer (LibraryAssetImporter)
Imported 'GUID: 00000000000000004100000000000000' -> (Import Result ID: '46b5ec913a38468a6faec06896eae508') in 0.001 seconds [static dependencies only]. Details - ImportResultOutputID=90afd57cd2fd79df9534381ff5673272 DependenciesID=45d1aa60824ee9d69c2ca37e825a726b StaticDependenciesID=768cfffea40bf388eb2d762e3a890cea 
Importing 'GUID: 00000000000000005100000000000000 - Path: ProjectSettings/Physics2DSettings.asset' with importer (LibraryAssetImporter)
Imported 'GUID: 00000000000000005100000000000000' -> (Import Result ID: 'f668ca342e7e36520c736e6ebc6d382e') in 0.001 seconds [static dependencies only]. Details - ImportResultOutputID=51a8098361d5b0c1ab07bfc06e51f152 DependenciesID=cd9e79e3e3be26effd12085751c8f2bc StaticDependenciesID=4736f57993cccbae888eab25ec373e17 
Importing 'GUID: 00000000000000006100000000000000 - Path: ProjectSettings/GraphicsSettings.asset' with importer (LibraryAssetImporter)
Imported 'GUID: 00000000000000006100000000000000' -> (Import Result ID: '5bb79f5634c411213397437dc71f837f') in 0.001 seconds [static dependencies only]. Details - ImportResultOutputID=f9600466f06a676b7a4f639f6629ea48 DependenciesID=472884dae36dd4fa4029e0bfee54bb70 StaticDependenciesID=ce3f9b9b0558aee0455f15fbe1679d2d 
Importing 'GUID: 00000000000000007100000000000000 - Path: ProjectSettings/ClusterInputManager.asset' with importer (LibraryAssetImporter)
Imported 'GUID: 00000000000000007100000000000000' -> (Import Result ID: '6012ce5603f09e577aed0b98e99b19f6') in 0.001 seconds [static dependencies only]. Details - ImportResultOutputID=8ce0cedd10b8cd8471ed9838bfc872ed DependenciesID=2eeb3818bb72d92466f5f953bb62736b StaticDependenciesID=c84399ef936c24c7ddc46cfba0d9b6f9 
Importing 'GUID: 0000000000000000a100000000000000 - Path: ProjectSettings/UnityConnectSettings.asset' with importer (LibraryAssetImporter)
Imported 'GUID: 0000000000000000a100000000000000' -> (Import Result ID: '33ae2595f4bf6fdbcda99d991731ec59') in 0.001 seconds [static dependencies only]. Details - ImportResultOutputID=1989c27f310e62ee2c72d63f16a698d0 DependenciesID=95e5490b10cfbf0a98389d7a454554a7 StaticDependenciesID=e5799262eb4150d572a91320e9a15e14 
Importing 'GUID: 0000000000000000b100000000000000 - Path: ProjectSettings/PresetManager.asset' with importer (LibraryAssetImporter)
Imported 'GUID: 0000000000000000b100000000000000' -> (Import Result ID: '28ecaa07aa0626f067ead5bd138d0a69') in 0.001 seconds [static dependencies only]. Details - ImportResultOutputID=d271a469f14af9d29dbd89abc966f7ef DependenciesID=8e056439a10f7126afa94c46042b091c StaticDependenciesID=7b53acc339a522b0da4196921a41418e 
Importing 'GUID: 0000000000000000c100000000000000 - Path: ProjectSettings/VFXManager.asset' with importer (LibraryAssetImporter)
Imported 'GUID: 0000000000000000c100000000000000' -> (Import Result ID: '500a0c5a3eb90d0a1d5ec47a16bbfe30') in 0.001 seconds [static dependencies only]. Details - ImportResultOutputID=d5b1cc1b236d3087c4a5fc9e9cb18618 DependenciesID=ffec35c0b81aa3428ad4fd0a1cdbca40 StaticDependenciesID=73a7f55396d42bbd23b84f522c611c91 
Importing 'GUID: 0000000000000000d100000000000000 - Path: ProjectSettings/VersionControlSettings.asset' with importer (LibraryAssetImporter)
Imported 'GUID: 0000000000000000d100000000000000' -> (Import Result ID: '81e35fcbfa4800506724c99876c7088b') in 0.001 seconds [static dependencies only]. Details - ImportResultOutputID=0a19189542c4b1aa9afad4d76b36cbef DependenciesID=29b26ee47832bf1b39596302c61ef4b2 StaticDependenciesID=b5510de9c562b6e15681a7bd79c2c32e 
Importing 'GUID: 0000000000000000f100000000000000 - Path: ProjectSettings/MemorySettings.asset' with importer (LibraryAssetImporter)
Imported 'GUID: 0000000000000000f100000000000000' -> (Import Result ID: '0f1581ae83325c6e5d0e8c4cb170be96') in 0.001 seconds [static dependencies only]. Details - ImportResultOutputID=078c9215d0d3f7dcc6c2ea9c2e21e93e DependenciesID=bb7f7f7d6491522ddc09486deb395807 StaticDependenciesID=38dc31482a1c8109a46f25220dfbe454 
Importing 'GUID: 00000000000000000200000000000000 - Path: ProjectSettings/MultiplayerManager.asset' with importer (LibraryAssetImporter)
Imported 'GUID: 00000000000000000200000000000000' -> (Import Result ID: '6e3bb7f61b2e132c4c79fbeb19a1d328') in 0.001 seconds [static dependencies only]. Details - ImportResultOutputID=cc8bc420ff0fb13a9534be625b324364 DependenciesID=64d1db0c7eff66154c45d867da4ad13d StaticDependenciesID=5a00061f5d03ec70885cdd29485be38f 
Importing 'GUID: 00000000000000001200000000000000 - Path: ProjectSettings/PhysicsCoreProjectSettings2D.asset' with importer (LibraryAssetImporter)
Imported 'GUID: 00000000000000001200000000000000' -> (Import Result ID: '7db99f4ef78df8eea254cce16e190be4') in 0.001 seconds [static dependencies only]. Details - ImportResultOutputID=07b8874da21d0d67c4347d012422ba62 DependenciesID=c35a41b4dbc5a4a21cd219ec06d595b2 StaticDependenciesID=d7f6b6ebc14df93041ab7a97c0c9c64b 
Importing 'GUID: 00000000000000002300000000000000 - Path: Library/BuildInstructions' with importer (DefaultImporter)
Imported 'GUID: 00000000000000002300000000000000' -> (Import Result ID: 'd414f514f549833c39aae7152c59aeb3') in 0.002 seconds [static dependencies only]. Details - ImportResultOutputID=d2da4dbe7433590953d90148eb4e1f22 DependenciesID=f91b153018f3a82b66ea2319cf957f42 StaticDependenciesID=ef352f98b66d8f5b312774c3ee71f599 
Importing 'GUID: b64afba35faa8974aabc079a569fab4e - Path: Assets/frames' with importer (DefaultImporter)
Imported 'GUID: b64afba35faa8974aabc079a569fab4e' -> (Import Result ID: 'bafda7e3caa5912e6a0d848491f5d6b0') in 0.009 seconds [static dependencies only]. Details - ImportResultOutputID=663ba2de88ea5cd503901749d9323eb2 DependenciesID=fd865655bfd478653f7575512a458f56 StaticDependenciesID=7a375a7acda2b86881bbd7dd4ed58dd6 
Importing 'GUID: 98b0a0cf5a1935bbaf60b9ac5a93abf8 - Path: Packages/com.neoeng.dtrace' with importer (DefaultImporter)
Imported 'GUID: 98b0a0cf5a1935bbaf60b9ac5a93abf8' -> (Import Result ID: 'd50b9e85004c8b0d45f25aecb9f10b74') in 0.001 seconds [static dependencies only]. Details - ImportResultOutputID=b6c4c185d9143dbe567c72c348d914c3 DependenciesID=c03fa5a395e4ae0b9c79cd71e742299d StaticDependenciesID=8b213288238789005e26ac911b72df79 
Importing 'GUID: c929290df5209ba4da0c03d123a701db - Path: Assets/Editor' with importer (DefaultImporter)
Imported 'GUID: c929290df5209ba4da0c03d123a701db' -> (Import Result ID: '2ccf3d4144d7527411890ce8a295718f') in 0.010 seconds [static dependencies only]. Details - ImportResultOutputID=b02c4e58737b9ede387a919009547f93 DependenciesID=d5420d974a0b22a6a417529919119d8a StaticDependenciesID=2b9e1e6596f12e6d4d0d45b1c388caa1 
Importing 'GUID: 2b8bf904fe76b3c42ad6b8748b068188 - Path: Assets/NeoEngInput' with importer (DefaultImporter)
Imported 'GUID: 2b8bf904fe76b3c42ad6b8748b068188' -> (Import Result ID: 'c85f2e6452410a25951b3f17b8b1172b') in 0.010 seconds [static dependencies only]. Details - ImportResultOutputID=5dab2b5987aebee5a50a6f2d062448cf DependenciesID=bdb2fc2a50a32281f7edf1a7d585c9cb StaticDependenciesID=2696b771d3893c4b945b6169b06ba7b7 
Importing 'GUID: 0cd8c30be97b01546858d86b09d0f7a8 - Path: Assets/animation_input' with importer (DefaultImporter)
Imported 'GUID: 0cd8c30be97b01546858d86b09d0f7a8' -> (Import Result ID: '143aff225364643aa72350cd0cfc3593') in 0.008 seconds [static dependencies only]. Details - ImportResultOutputID=a58158ecd58f4fe60ea6c23b72f6e564 DependenciesID=d3f853c5e5ed5be026cdc3018b1be971 StaticDependenciesID=a361fccdbee45faa5ff9b63d2723a3a2 
Importing 'GUID: 6e21d7dddcf826347b1c2deee8873b72 - Path: Packages/com.neoeng.dtrace/Editor' with importer (DefaultImporter)
Imported 'GUID: 6e21d7dddcf826347b1c2deee8873b72' -> (Import Result ID: '6c9916ed1d404efb0dd2fb2608b0b744') in 0.001 seconds [static dependencies only]. Details - ImportResultOutputID=d96fe135304bd8e86432b47eebfed8bd DependenciesID=dad63c2b45cec5162db767a47efe5519 StaticDependenciesID=c23c7dec6407c8a12544e0cc89b4daa6 
Importing 'GUID: 1f0a2e6f903ed2744b7335c190dd9010 - Path: Packages/com.neoeng.dtrace/Runtime' with importer (DefaultImporter)
Imported 'GUID: 1f0a2e6f903ed2744b7335c190dd9010' -> (Import Result ID: 'a7f3e7b90c0ddcbba2bb127d5e57d547') in 0.002 seconds [static dependencies only]. Details - ImportResultOutputID=5e6f01b66698b8aa5d494ebb1446ee4d DependenciesID=c3016889d88ee2fb4a39db21b4a5920e StaticDependenciesID=0f5fa5dc4df8931baf2effe211f8639d 
Importing 'GUID: 89566322e2ee35f4b838703dc7f05a10 - Path: Packages/com.neoeng.dtrace/Runtime/NeoEngDTrace.Runtime.asmdef' with importer (AssemblyDefinitionImporter)
Imported 'GUID: 89566322e2ee35f4b838703dc7f05a10' -> (Import Result ID: '628f52f995bcda421be89b585dd0f111') in 0.002 seconds [static dependencies only]. Details - ImportResultOutputID=9c4d44037f6324c1b040159c4bbe049d DependenciesID=46e9ea51a91f82d976798aa2a6702085 StaticDependenciesID=754e99df77ff6d2abf88d57453cbfe12 
Importing 'GUID: db48c8a94bd60b947b9c3368b52aac33 - Path: Packages/com.neoeng.dtrace/Editor/NeoEngDTrace.Editor.asmdef' with importer (AssemblyDefinitionImporter)
Imported 'GUID: db48c8a94bd60b947b9c3368b52aac33' -> (Import Result ID: '66df88169f45bb94f44dcebe84a87c15') in 0.002 seconds [static dependencies only]. Details - ImportResultOutputID=366b3f9ec22b45499f47695f70b758f7 DependenciesID=b5a717b05b2820435e5c723c5cc80473 StaticDependenciesID=5f306aa7170af30109b853a865e7bbdb 
Native extension for WindowsStandalone target not found
Native extension for WebGL target not found
ScheduleIndexationOnStartup MainProcess:True IndexOnStartup:True
Mono: successfully reloaded assembly
- Finished resetting the current domain, in  0.424 seconds
Domain Reload Profiling: 972ms
	BeginReloadAssembly (310ms)
		DisableScriptedObjects (32ms)
		CreateAndSetChildDomain (70ms)
	RebuildCommonClasses (8ms)
	RebuildNativeTypeToScriptingClass (17ms)
	initialDomainReloadingComplete (73ms)
	LoadAllAssembliesAndSetupDomain (137ms)
		LoadAssemblies (162ms)
		AnalyzeDomain (9ms)
			TypeCache.Refresh (5ms)
			BuildScriptInfoCaches (3ms)
	FinalizeReload (427ms)
		SetupLoadedEditorAssemblies (0ms)
			InitializePlatformSupportModulesInManaged (3ms)
			BeforeProcessingInitializeOnLoad (88ms)
			ProcessInitializeOnLoadAttributes (75ms)
			ProcessInitializeOnLoadMethodAttributes (70ms)
			AfterProcessingInitializeOnLoad (24ms)
		AwakeInstancesAfterBackupRestoration (24ms)
Importing 'GUID: 00000000000000005000000000000000 - Path: Library/BuildPlayer.prefs' with importer (DefaultImporter)
Imported 'GUID: 00000000000000005000000000000000' -> (Import Result ID: '968deb36040bbb7258278f93cba63355') in 0.008 seconds [static dependencies only]. Details - ImportResultOutputID=1f9c19b30680da8dab47159f77a4e657 DependenciesID=08a1ec4b674aa66bb1ce753815d843ed StaticDependenciesID=d072ca1f0d6ee50a54e7e140cc588a10 
Importing 'GUID: 70ca5e2ab4dc9c142a524a33d27b1235 - Path: Assets/frames/frame_0000.png' with importer (TextureImporter)
Imported 'GUID: 70ca5e2ab4dc9c142a524a33d27b1235' -> (Import Result ID: '9f9290153fc846abf7ec6e6062db6782') in 0.021 seconds [static and dynamic dependencies]. Details - ImportResultOutputID=5357ac4df0e2961828e6b3bb9726970d DependenciesID=7aca0dd71afe2d32463f40fad3df8465 StaticDependenciesID=ff265ab191de0c643283e17afe026138 
Importing 'GUID: b273ff0c3dfe92a49a246fb91c1f9ead - Path: Assets/frames/frame_0001.png' with importer (TextureImporter)
Imported 'GUID: b273ff0c3dfe92a49a246fb91c1f9ead' -> (Import Result ID: '12092631a6811577081f556f79093bf5') in 0.012 seconds [static and dynamic dependencies]. Details - ImportResultOutputID=a8ca931ade4497515da579337112399d DependenciesID=80beaaad73e77908e37b81eb3189af2b StaticDependenciesID=0341bea43a5d89fde9d1eeec43392e09 
Importing 'GUID: 571d1b526f6f88548b9a529be35d41e5 - Path: Assets/animation_input/frame_1.png' with importer (TextureImporter)
Imported 'GUID: 571d1b526f6f88548b9a529be35d41e5' -> (Import Result ID: '0d8bf799172fed98e2506805ac858566') in 0.010 seconds [static and dynamic dependencies]. Details - ImportResultOutputID=9f620ccafbfc53a39e7a8a55c949a255 DependenciesID=d48b08fc613a631f3da4b361a4e9907e StaticDependenciesID=1c5fc86258609b2854ffcb15ad49a8eb 
Importing 'GUID: 9b968e07d0cc47443a2b605308819f9a - Path: Assets/source.png' with importer (TextureImporter)
Imported 'GUID: 9b968e07d0cc47443a2b605308819f9a' -> (Import Result ID: '212be245cf16daeb79726a867420bb6c') in 0.010 seconds [static and dynamic dependencies]. Details - ImportResultOutputID=ad707e163df65b9b7d0718d85b35a45c DependenciesID=e43b189729905813755728bc828d8c2e StaticDependenciesID=477643a299f19f7347c6f7e176a261c4 
Importing 'GUID: 5fd81d9d9bd7e4e438f9060d9a5d57fd - Path: Assets/animation_input/frame_0.png' with importer (TextureImporter)
Imported 'GUID: 5fd81d9d9bd7e4e438f9060d9a5d57fd' -> (Import Result ID: 'ba9f48b768bf3203d741b72d64ebc9fc') in 0.010 seconds [static and dynamic dependencies]. Details - ImportResultOutputID=f64b1211807e63e068ddcc30c65ebcec DependenciesID=ab2d9e0a1b5833c245b9ef4c38ccc5fb StaticDependenciesID=0bf440b4cb48e608df578f69554f4d75 
Importing 'GUID: e0bdea3591548374e994c3694f9b7a7e - Path: Assets/frames/animation.json' with importer (TextScriptImporter)
Imported 'GUID: e0bdea3591548374e994c3694f9b7a7e' -> (Import Result ID: '9108aefeb5ca1b4aa569a1689ebb29aa') in 0.010 seconds [static dependencies only]. Details - ImportResultOutputID=a87e8399a938639a35805509b4e5f82b DependenciesID=5cffcd4930bb6910e49b3f5e46875e1f StaticDependenciesID=40131a8147bb35bacf4edb56fc4b269c 
Importing 'GUID: 216385aee1ce67c48876839104e9bc85 - Path: Packages/com.neoeng.dtrace/README.md' with importer (TextScriptImporter)
Imported 'GUID: 216385aee1ce67c48876839104e9bc85' -> (Import Result ID: '3153ad16d5559bbb26cfb7bd0c72aedb') in 0.002 seconds [static dependencies only]. Details - ImportResultOutputID=7a18c799650a19085748ff6cab33df05 DependenciesID=2b17eaee171889f416cfd0157ab395a1 StaticDependenciesID=ca03a2722bbe30bbe0b7e0b8d041f78a 
Importing 'GUID: 29f3c1f6c7a66ae49a2ab54068ff6a3f - Path: Assets/NeoEngInput/hero.ndt.integration.json' with importer (TextScriptImporter)
Imported 'GUID: 29f3c1f6c7a66ae49a2ab54068ff6a3f' -> (Import Result ID: 'ca59110379af93c7da3d9d92e9cb06fa') in 0.009 seconds [static dependencies only]. Details - ImportResultOutputID=76755cbb29db1f8f5be291addc5e263a DependenciesID=96b2f6e7f5a73caa7a3522ad73092518 StaticDependenciesID=5a4e115ee27e54835e8731528b2c1179 
Importing 'GUID: 3ce275752c8ea7144aa046b9e356de89 - Path: Packages/com.neoeng.dtrace/package.json' with importer (PackageManifestImporter)
Imported 'GUID: 3ce275752c8ea7144aa046b9e356de89' -> (Import Result ID: '51240aa114e3e9993e6fb47684a14839') in 0.002 seconds [static dependencies only]. Details - ImportResultOutputID=4559b875f090ac2275feaacc02d514d5 DependenciesID=cbfde069c36de0dd9491991ae0d187b9 StaticDependenciesID=5ad163b283f1626bef5be24e0b56fcb9 
Starting new worker id: 0 with log in <local-path>
Loading style catalogs (6)
	StyleSheets/Extensions/base/common.uss
	UIPackageResources/StyleSheets/Default/Variables/Public/common.uss
	StyleSheets/Northstar/common.uss
	StyleSheets/Extensions/fonts/inter.uss
	StyleSheets/Extensions/base/dark.uss
	UIPackageResources/StyleSheets/Default/Northstar/Palette/dark.uss

Asset Pipeline Refresh (id=e40a9d2c9f96134469436d2449fa6ad3): Total: 7.588 seconds - Initiated by InitialRefreshV2(ForceSynchronousImport)
	(Values over 0.05ms)
	Summary:
		Imports: total=41 (actual=41, local cache=0, cache server=0)
		Asset DB Process Time: managed=5 ms, native=833 ms
		Asset DB Callback time: managed=157 ms, native=522 ms
		Scripting: domain reloads=1, domain reload time=622 ms, compile time=5420 ms, other=27 ms
		Project Asset Count: scripts=31, non-scripts=10
		Asset File Changes: new=52, changed=52, moved=0, deleted=0
		Scan Filter Count: 0
	InvokePackagesCallback: 499.728ms
	ApplyChangesToAssetFolders: 0.513ms
	Scan: 110.543ms
	Collect global state as custom dependencies: 12.749ms
	OnSourceAssetsModified: 0.696ms
	CategorizeScriptCompilationAssets: 0.076ms
	ProcessAssetsWithTransientArtifactChanges: 0.464ms
	CategorizeAssets: 0.295ms
	CompileScripts: 5419.719ms
	ImportOutOfDateAssets: 631.604ms (434.266ms without children)
		ImportManagerImport: 177.084ms (4.651ms without children)
			UpdateCategorizedAssets: 0.080ms
		UnloadImportedAssets: 0.335ms
		ImportSchedulerStart: 19.900ms
	PostProcessAllAssets: 203.710ms
		VersionControlSettings.HiddenFilePostprocess 4.321ms
		AssemblyValidation.PostprocessAllAssets 0.769ms
		LocalizationDatabase.AssetDatabasePostprocessCallback 0.067ms
		PostProcessCallbackCreateDeferredMaterials 0.066ms
		ShaderAssetModifiedCallback 0.056ms
		RaytracingShaderImportPostprocess 0.051ms
		MonoPostProcessAllAssets: 156.137ms
			StyleCatalogPostProcessor.OnPostprocessAllAssets 108.134ms
			AssetPostprocessor.OnPostprocessAllAssets 12.334ms
			WindowAssetPostprocessingWatcher.OnPostprocessAllAssets 7.732ms
			BuilderAssetPostprocessor.OnPostprocessAllAssets 6.816ms
			AssetChangedListener.OnPostprocessAllAssets 2.292ms
			SyncVS.PostprocessSyncProject 2.138ms
			TextAssetPostProcessor.OnPostprocessAllAssets 1.933ms
			RetainedModeAssetPostprocessor.OnPostprocessAllAssets 1.347ms
			EditModeScopePostprocessor.OnPostprocessAllAssets 0.911ms
			SpeedTree9Postprocessor.OnPostprocessAllAssets 0.810ms
			ArtifactBrowserPostProcessor.OnPostprocessAllAssets 0.678ms
			AutoSyncPostprocessor.OnPostprocessAllAssets 0.504ms
			AudioMixerPostprocessor.OnPostprocessAllAssets 0.400ms
			ReferencedClipsPostProcessor.OnPostprocessAllAssets 0.295ms
			AssetEvents.OnPostprocessAllAssets 0.232ms
			TerrainToolbarOverlayPostProcessor.OnPostprocessAllAssets 0.221ms
			AssetDatabaseCallbacks.OnPostprocessAllAssets 0.190ms
			ScenarioDriftAssetsTracker.OnPostprocessAllAssets 0.164ms
			SpeedTreePostProcessor.OnPostprocessAllAssets 0.155ms
			ConfigAssetsTracker.OnPostprocessAllAssets 0.154ms
			RenderPipelineGlobalSettingsPostprocessor.OnPostprocessAllAssets 0.124ms
			AudioContainerPostProcessor.OnPostprocessAllAssets 0.101ms
	PostAssetChangesProfiler: 0.823ms
	UnloadStreamsBegin: 1.119ms
	PersistCurrentRevisions: 0.122ms
	Untracked: 712.240ms

Application.AssetDatabase Initial Refresh End
Scanning for USB devices : 10.718ms
Initializing Unity extensions:
[MODES] ModeService[none].Initialize
[MODES] ModeService[none].LoadModes
[MODES] Loading mode Default (0) for mode-current-id-animation-conflict
Unloading 3 Unused Serialized files (Serialized files now loaded: 0)
Unloading 25 unused Assets / (0.5 MB). Loaded Objects now: 677.
Memory consumption went from 188.1 MB to 187.6 MB.
Total: 5.720700 ms (FindLiveObjects: 0.053900 ms CreateObjectMapping: 0.009600 ms MarkObjects: 5.399700 ms  DeleteObjects: 0.252100 ms)

Microsoft Media Foundation video decoding to texture disabled: graphics device is Null, only Direct3D 11 and Direct3D 12 (only on desktop) are supported for hardware-accelerated video decoding.
[Project] Loading completed in 9.828 seconds
	Project init time: 				9.617 seconds
		Template init time: 		0.000 seconds
		Package Manager init time: 		0.330 seconds
		Asset Database init time: 		0.327 seconds
		Global illumination init time: 	0.002 seconds
		Assemblies load time: 			1.151 seconds
		Unity extensions init time: 	0.000 seconds
		Asset Database refresh time: 	7.589 seconds
	Scene opening time: 			0.083 seconds
##utp:{"type":"ProjectInfo","version":2,"phase":"Immediate","time":1787005018880,"processId: <redacted>,"projectLoad":9.827802499999999,"projectInit":9.6168351,"templateInit":0.0,"packageManagerInit":0.3297003,"assetDatabaseInit":0.3271422,"globalIlluminationInit":0.0023028,"assembliesLoad":1.1512968,"unityExtensionsInit":0.0002856,"assetDatabaseRefresh":7.5885751,"sceneOpening":0.0833456}
##utp:{"type":"EditorInfo","version":2,"phase":"Immediate","time":1787005018880,"processId: <redacted>,"editorVersion":"6000.5.7f1 (017862109af0)","branch":"6000.5/staging","buildType":"Release","platform":"Windows"}
[MODES] ModeService[default].LoadModes
[Licensing::Client] Successfully resolved entitlement details
Importing 'GUID: 16d4d54e42e18de41b86b5003cec979d - Path: Assets/NeoEngGenerated' with importer (DefaultImporter)
Imported 'GUID: 16d4d54e42e18de41b86b5003cec979d' -> (Import Result ID: 'cad88e6385310c8d9903934efebaaff6') in 0.010 seconds [static dependencies only]. Details - ImportResultOutputID=1d6dd9062ff2b27764f0b18df65a7320 DependenciesID=75023b21b5146271a3d444d9c789361e StaticDependenciesID=8aeab9cfde74eab2e70fe2ffd5dd1244 
Asset Pipeline Refresh (id=c0cb107cd3f4e6c4dad1856fde427afb): Total: 0.088 seconds - Initiated by RefreshV2(NoUpdateAssetOptions)
Importing 'GUID: 9b968e07d0cc47443a2b605308819f9a - Path: Assets/source.png' with importer (TextureImporter)
Imported 'GUID: 9b968e07d0cc47443a2b605308819f9a' -> (Import Result ID: '212be245cf16daeb79726a867420bb6c') in 0.001 seconds [static and dynamic dependencies]. Details - ImportResultOutputID=ad707e163df65b9b7d0718d85b35a45c DependenciesID=e43b189729905813755728bc828d8c2e StaticDependenciesID=477643a299f19f7347c6f7e176a261c4 
Asset Pipeline Refresh (id=952eff18b57a7384da53402e4c04b77d): Total: 0.017 seconds - Initiated by StopAssetImportingV2(NoUpdateAssetOptions)
Importing 'GUID: a033cafd758fa724da1c423fb16f81fc - Path: Assets/NeoEngGenerated/hero.sprite.asset' with importer (NativeFormatImporter)
Imported 'GUID: a033cafd758fa724da1c423fb16f81fc' -> (Import Result ID: 'b11887e8e2008fae8d2ffbd120f037a9') in 0.002 seconds [static dependencies only]. Details - ImportResultOutputID=992730305fb3671674a6775b1f9a1529 DependenciesID=393e0d8bfa2d3e881a3f6c973ee4138e StaticDependenciesID=9488f321bbf9e6f3db2c1859d6819c29 
Asset Pipeline Refresh (id=f411d79e27584124c9be7ab3b856c737): Total: 0.023 seconds - Initiated by StopAssetImportingV2(NoUpdateAssetOptions)
Importing 'GUID: a59d5b179b5c02b4b8d29e8fb25ab890 - Path: Assets/NeoEngGenerated/hero.metadata.asset' with importer (NativeFormatImporter)
Imported 'GUID: a59d5b179b5c02b4b8d29e8fb25ab890' -> (Import Result ID: '8911598eda82523c7ddefbc7b034096f') in 0.002 seconds [static dependencies only]. Details - ImportResultOutputID=060230aac8fe4840e2a7e4fd63807a6e DependenciesID=4fc514a2314a545c38e7cbaad3b2c768 StaticDependenciesID=610beef8a9d48951091df321f9a15dc9 
Asset Pipeline Refresh (id=99ca36a5e69b69c4ab5a15a83fda3a5f): Total: 0.024 seconds - Initiated by StopAssetImportingV2(NoUpdateAssetOptions)
Importing 'GUID: e5f7b495ba7e3e44295a45fff461cad0 - Path: Assets/NeoEngGenerated/hero.prefab' with importer (PrefabImporter)
Imported 'GUID: e5f7b495ba7e3e44295a45fff461cad0' -> (Import Result ID: '7dc0dc1d3ddd58910bbbe29c5ad26bd2') in 0.014 seconds [static and dynamic dependencies]. Details - ImportResultOutputID=6681c3b87b5ee5233a558a511c33c0d8 DependenciesID=271e8a98f53713851c5d6b2b4f58bb8a StaticDependenciesID=c03373853efe0b027d8515433045d02a 
Asset Pipeline Refresh (id=75f474410f796ab41957d198f10252f8): Total: 0.036 seconds - Initiated by StopAssetImportingV2(NoUpdateAssetOptions)
Importing 'GUID: 70ca5e2ab4dc9c142a524a33d27b1235 - Path: Assets/frames/frame_0000.png' with importer (TextureImporter)
Imported 'GUID: 70ca5e2ab4dc9c142a524a33d27b1235' -> (Import Result ID: '9f9290153fc846abf7ec6e6062db6782') in 0.001 seconds [static and dynamic dependencies]. Details - ImportResultOutputID=5357ac4df0e2961828e6b3bb9726970d DependenciesID=7aca0dd71afe2d32463f40fad3df8465 StaticDependenciesID=ff265ab191de0c643283e17afe026138 
Asset Pipeline Refresh (id=1140f1d6ea8071e48a115d69c53802f7): Total: 0.018 seconds - Initiated by StopAssetImportingV2(NoUpdateAssetOptions)
Importing 'GUID: b273ff0c3dfe92a49a246fb91c1f9ead - Path: Assets/frames/frame_0001.png' with importer (TextureImporter)
Imported 'GUID: b273ff0c3dfe92a49a246fb91c1f9ead' -> (Import Result ID: '12092631a6811577081f556f79093bf5') in 0.001 seconds [static and dynamic dependencies]. Details - ImportResultOutputID=a8ca931ade4497515da579337112399d DependenciesID=80beaaad73e77908e37b81eb3189af2b StaticDependenciesID=0341bea43a5d89fde9d1eeec43392e09 
Asset Pipeline Refresh (id=0029627ad30beef48b1417c6d7f60953): Total: 0.017 seconds - Initiated by StopAssetImportingV2(NoUpdateAssetOptions)
Importing 'GUID: 9b968e07d0cc47443a2b605308819f9a - Path: Assets/source.png' with importer (TextureImporter)
Imported 'GUID: 9b968e07d0cc47443a2b605308819f9a' -> (Import Result ID: '212be245cf16daeb79726a867420bb6c') in 0.001 seconds [static and dynamic dependencies]. Details - ImportResultOutputID=ad707e163df65b9b7d0718d85b35a45c DependenciesID=e43b189729905813755728bc828d8c2e StaticDependenciesID=477643a299f19f7347c6f7e176a261c4 
Asset Pipeline Refresh (id=88741c0686ad37f43acd453a0c0cfe40): Total: 0.017 seconds - Initiated by StopAssetImportingV2(NoUpdateAssetOptions)
Importing 'GUID: 9b968e07d0cc47443a2b605308819f9a - Path: Assets/source.png' with importer (TextureImporter)
Imported 'GUID: 9b968e07d0cc47443a2b605308819f9a' -> (Import Result ID: '212be245cf16daeb79726a867420bb6c') in 0.001 seconds [static and dynamic dependencies]. Details - ImportResultOutputID=ad707e163df65b9b7d0718d85b35a45c DependenciesID=e43b189729905813755728bc828d8c2e StaticDependenciesID=477643a299f19f7347c6f7e176a261c4 
Asset Pipeline Refresh (id=34a4e8f37c8b1214496a755f962260a4): Total: 0.017 seconds - Initiated by StopAssetImportingV2(NoUpdateAssetOptions)
Importing 'GUID: 70ca5e2ab4dc9c142a524a33d27b1235 - Path: Assets/frames/frame_0000.png' with importer (TextureImporter)
Imported 'GUID: 70ca5e2ab4dc9c142a524a33d27b1235' -> (Import Result ID: '9f9290153fc846abf7ec6e6062db6782') in 0.001 seconds [static and dynamic dependencies]. Details - ImportResultOutputID=5357ac4df0e2961828e6b3bb9726970d DependenciesID=7aca0dd71afe2d32463f40fad3df8465 StaticDependenciesID=ff265ab191de0c643283e17afe026138 
Asset Pipeline Refresh (id=15226da32750d1140a394ef79971b265): Total: 0.017 seconds - Initiated by StopAssetImportingV2(NoUpdateAssetOptions)
Importing 'GUID: 7b8e1b801b427ac42b13ec12b1954ae6 - Path: Assets/NeoEngGenerated/hero_animation.animation' with importer (DefaultImporter)
Imported 'GUID: 7b8e1b801b427ac42b13ec12b1954ae6' -> (Import Result ID: '15fdf75303f03c1e4defaa0027ef40f9') in 0.013 seconds [static dependencies only]. Details - ImportResultOutputID=a63c23e458476511f7c13d1c83ef89c1 DependenciesID=3d9586e80a16f98015ff53686d797a5f StaticDependenciesID=7cfc100b3f0840f1c3f89617a9651b7f 
Importing 'GUID: 360a34e37d6d58f40a1d7c8cea585e38 - Path: Assets/NeoEngGenerated/hero_animation.animation/frame_0000.sprite.asset' with importer (NativeFormatImporter)
Imported 'GUID: 360a34e37d6d58f40a1d7c8cea585e38' -> (Import Result ID: '877387eeebaed718167b149e69103868') in 0.002 seconds [static dependencies only]. Details - ImportResultOutputID=92c25580b3318f55e4a286f8f17b52d2 DependenciesID=afefc1a13ac931d0df8260e3627df22e StaticDependenciesID=4ce2e1d940aabe2abd1d098dfeea71e2 
Asset Pipeline Refresh (id=d39d763a7ec93db4085d34753295aa95): Total: 0.038 seconds - Initiated by StopAssetImportingV2(NoUpdateAssetOptions)
Importing 'GUID: b273ff0c3dfe92a49a246fb91c1f9ead - Path: Assets/frames/frame_0001.png' with importer (TextureImporter)
Imported 'GUID: b273ff0c3dfe92a49a246fb91c1f9ead' -> (Import Result ID: '12092631a6811577081f556f79093bf5') in 0.001 seconds [static and dynamic dependencies]. Details - ImportResultOutputID=a8ca931ade4497515da579337112399d DependenciesID=80beaaad73e77908e37b81eb3189af2b StaticDependenciesID=0341bea43a5d89fde9d1eeec43392e09 
Asset Pipeline Refresh (id=e43211f452ee9854992e350c4611ffa5): Total: 0.019 seconds - Initiated by StopAssetImportingV2(NoUpdateAssetOptions)
Importing 'GUID: 683ab95066cb4c246861b428eb7e1b19 - Path: Assets/NeoEngGenerated/hero_animation.animation/frame_0001.sprite.asset' with importer (NativeFormatImporter)
Imported 'GUID: 683ab95066cb4c246861b428eb7e1b19' -> (Import Result ID: '99109f97d8841dc49620af1a8b21f39e') in 0.002 seconds [static dependencies only]. Details - ImportResultOutputID=2dd4d36e55982800dadf4ff77d5de565 DependenciesID=25de3980b517fe67fa606cd00c7059b3 StaticDependenciesID=a8ed472797bec397668b939908ae5076 
Asset Pipeline Refresh (id=3ead6eb08f4fc61479e7197c0062cb44): Total: 0.021 seconds - Initiated by StopAssetImportingV2(NoUpdateAssetOptions)
Importing 'GUID: b88bec44cdfb1eb499cae6268cda631b - Path: Assets/NeoEngGenerated/hero_animation.animation/hero_animation.metadata.asset' with importer (NativeFormatImporter)
Imported 'GUID: b88bec44cdfb1eb499cae6268cda631b' -> (Import Result ID: '04df523c1e0d4506a1f57cac756df193') in 0.001 seconds [static dependencies only]. Details - ImportResultOutputID=c55cbe00516f0a01ea80973570f40aea DependenciesID=0cc43030c070d183515cbd227803ebb3 StaticDependenciesID=dc41ed87f1949883d1ceb98338f847d2 
Asset Pipeline Refresh (id=2cc04cdfa901fad4883c15acfec6b10c): Total: 0.022 seconds - Initiated by StopAssetImportingV2(NoUpdateAssetOptions)
Importing 'GUID: ddaa70ea96b299b40ac66127471975d5 - Path: Assets/NeoEngGenerated/hero_animation.animation/hero_animation.anim' with importer (NativeFormatImporter)
Imported 'GUID: ddaa70ea96b299b40ac66127471975d5' -> (Import Result ID: '76b72412975a36d17eb56ccb0ec4421c') in 0.002 seconds [static dependencies only]. Details - ImportResultOutputID=fc87dcc95758ef11b3d341dfc2301bbd DependenciesID=4f0670f1162061f5bf76bd8c5734cb17 StaticDependenciesID=633c2152b4f1789ea2da0a5595420e47 
Asset Pipeline Refresh (id=dae4fdfdda21b59478b70e145b42df36): Total: 0.023 seconds - Initiated by StopAssetImportingV2(NoUpdateAssetOptions)
Importing 'GUID: 02a29f49e042cc44ba69a5e9c4deac0e - Path: Assets/NeoEngGenerated/hero_animation.animation/hero_animation.controller' with importer (NativeFormatImporter)
Imported 'GUID: 02a29f49e042cc44ba69a5e9c4deac0e' -> (Import Result ID: '7391b2d15e2af9fa81e60bd86dece0c5') in 0.003 seconds [static dependencies only]. Details - ImportResultOutputID=ba03bcaefbe1eb5d78fefcace9a5d382 DependenciesID=22c127fc053470f96f94c400daed1e2a StaticDependenciesID=19b09e424d0ff9b569f23eb77f760b20 
Asset Pipeline Refresh (id=1dc6105c2b3d9a442935497ec6e7d4d3): Total: 0.022 seconds - Initiated by StopAssetImportingV2(NoUpdateAssetOptions)
Importing 'GUID: 02a29f49e042cc44ba69a5e9c4deac0e - Path: Assets/NeoEngGenerated/hero_animation.animation/hero_animation.controller' with importer (NativeFormatImporter)
Imported 'GUID: 02a29f49e042cc44ba69a5e9c4deac0e' -> (Import Result ID: 'f0961268a04ca1f38a91331d7af7bb6b') in 0.001 seconds [static dependencies only]. Details - ImportResultOutputID=ba03bcaefbe1eb5d78fefcace9a5d382 DependenciesID=4f4bdc852575c55a3aa0055cfd78ddd5 StaticDependenciesID=a49514ddd7745fc35324228ed3ccd4c7 
Asset Pipeline Refresh (id=ec565bd7533c42e4db4a532f3dd6a111): Total: 0.017 seconds - Initiated by StopAssetImportingV2(NoUpdateAssetOptions)
Importing 'GUID: 9f173a3ee07bb6047aa4d836c01885d7 - Path: Assets/NeoEngGenerated/hero_animation.animation/hero_animation.prefab' with importer (PrefabImporter)
Imported 'GUID: 9f173a3ee07bb6047aa4d836c01885d7' -> (Import Result ID: '2a0bf5cf2b65e3dd961ed4fc0a3efb1b') in 0.014 seconds [static and dynamic dependencies]. Details - ImportResultOutputID=1f47314259593c52dacb4e6bff5f82b7 DependenciesID=bf403c5940b0c9a758dec569aa880d3e StaticDependenciesID=35a577a585ae09bc0e4ecc9eaa05b18c 
Asset Pipeline Refresh (id=b33defff255689f4c9c61854952b23c1): Total: 0.036 seconds - Initiated by StopAssetImportingV2(NoUpdateAssetOptions)
Importing 'GUID: 9b968e07d0cc47443a2b605308819f9a - Path: Assets/source.png' with importer (TextureImporter)
Imported 'GUID: 9b968e07d0cc47443a2b605308819f9a' -> (Import Result ID: '212be245cf16daeb79726a867420bb6c') in 0.001 seconds [static and dynamic dependencies]. Details - ImportResultOutputID=ad707e163df65b9b7d0718d85b35a45c DependenciesID=e43b189729905813755728bc828d8c2e StaticDependenciesID=477643a299f19f7347c6f7e176a261c4 
Asset Pipeline Refresh (id=8227b741abf6d5047a87fb28e8ef0891): Total: 0.018 seconds - Initiated by StopAssetImportingV2(NoUpdateAssetOptions)
Importing 'GUID: a2a04917658176f4a90a29eb507f8f10 - Path: Assets/NeoEngGenerated/hero_tileset.tileset' with importer (DefaultImporter)
Imported 'GUID: a2a04917658176f4a90a29eb507f8f10' -> (Import Result ID: '8482ad4800bb33593f1b9702431b0854') in 0.013 seconds [static dependencies only]. Details - ImportResultOutputID=360edc626a4d7d6b575fda5605ee32f8 DependenciesID=c8ea0d1420621aecdbf1304ee4596195 StaticDependenciesID=df20d6a24c1f1d24e0b208c0904772ca 
Importing 'GUID: 41110e31bcad2cf40b434bd1cd09fdfa - Path: Assets/NeoEngGenerated/hero_tileset.tileset/tile_0000.sprite.asset' with importer (NativeFormatImporter)
Imported 'GUID: 41110e31bcad2cf40b434bd1cd09fdfa' -> (Import Result ID: 'f0302b1f152cca03883556b30af1e9bb') in 0.002 seconds [static dependencies only]. Details - ImportResultOutputID=aca36afd7ff007dd0db97c28c2217b98 DependenciesID=908b2253d458072f60b9623769bf808b StaticDependenciesID=9bcc12add5fe247d9b0053e116903e3b 
Asset Pipeline Refresh (id=e453216abda293b4db2ec831b7cb62e7): Total: 0.036 seconds - Initiated by StopAssetImportingV2(NoUpdateAssetOptions)
Importing 'GUID: 2cf74bd793aab9a4a98d27ec3948879b - Path: Assets/NeoEngGenerated/hero_tileset.tileset/tile_0000.tile.asset' with importer (NativeFormatImporter)
Imported 'GUID: 2cf74bd793aab9a4a98d27ec3948879b' -> (Import Result ID: '292e15055c533fdee59dc2115c4df772') in 0.002 seconds [static dependencies only]. Details - ImportResultOutputID=99551d5d97370981f898c7a027489868 DependenciesID=bebbadc28b7b252612ba4563702fbbaa StaticDependenciesID=83af6ddc3a35a5d55930c0020dd55ecc 
Asset Pipeline Refresh (id=fb5fb171da3777548bc4bbf09e81a381): Total: 0.022 seconds - Initiated by StopAssetImportingV2(NoUpdateAssetOptions)
Importing 'GUID: 9b968e07d0cc47443a2b605308819f9a - Path: Assets/source.png' with importer (TextureImporter)
Imported 'GUID: 9b968e07d0cc47443a2b605308819f9a' -> (Import Result ID: '212be245cf16daeb79726a867420bb6c') in 0.001 seconds [static and dynamic dependencies]. Details - ImportResultOutputID=ad707e163df65b9b7d0718d85b35a45c DependenciesID=e43b189729905813755728bc828d8c2e StaticDependenciesID=477643a299f19f7347c6f7e176a261c4 
Asset Pipeline Refresh (id=cfee1f201b5dd614db6a37763c5cb60f): Total: 0.019 seconds - Initiated by StopAssetImportingV2(NoUpdateAssetOptions)
Importing 'GUID: eb887643eaa827643991986ea36da236 - Path: Assets/NeoEngGenerated/hero_tileset.tileset/tile_0001.sprite.asset' with importer (NativeFormatImporter)
Imported 'GUID: eb887643eaa827643991986ea36da236' -> (Import Result ID: '422585e07cbc61242997763c8d75b219') in 0.002 seconds [static dependencies only]. Details - ImportResultOutputID=9e77d2fd9030ae18f66deb0ae0d40262 DependenciesID=bb9a17884cf5f8056a8d484610473258 StaticDependenciesID=d431f5a6d4a9e38ca7ee2121d72f5314 
Asset Pipeline Refresh (id=d52ba7e7965d47040943b93552c16a44): Total: 0.023 seconds - Initiated by StopAssetImportingV2(NoUpdateAssetOptions)
Importing 'GUID: 1fb946435aa02f643a16252d7754cda3 - Path: Assets/NeoEngGenerated/hero_tileset.tileset/tile_0001.tile.asset' with importer (NativeFormatImporter)
Imported 'GUID: 1fb946435aa02f643a16252d7754cda3' -> (Import Result ID: 'a268b6647aba51ee302fb93343dab295') in 0.002 seconds [static dependencies only]. Details - ImportResultOutputID=991e2825e19468e6dd984f5906d7b4f4 DependenciesID=946dca1767c35f07bf747b216a23578d StaticDependenciesID=2055bc5879decf849777142b9466770f 
Asset Pipeline Refresh (id=7b148177fa2251e4799f4524fc0aa18c): Total: 0.025 seconds - Initiated by StopAssetImportingV2(NoUpdateAssetOptions)
Importing 'GUID: 042e3483a81a1284a81af3e87f75d6c4 - Path: Assets/NeoEngGenerated/hero_tileset.tileset/hero_tileset.metadata.asset' with importer (NativeFormatImporter)
Imported 'GUID: 042e3483a81a1284a81af3e87f75d6c4' -> (Import Result ID: '8a93dc37472266fa178a6b0b222b8cf8') in 0.001 seconds [static dependencies only]. Details - ImportResultOutputID=1638282876a17428b0111830eac5de05 DependenciesID=7f0857a90cf90a596c94e018e598203f StaticDependenciesID=b85a31acbf2eb082bbd0b7f95b55dc8b 
Asset Pipeline Refresh (id=e1a640cc0346a48409ee7114f9459290): Total: 0.024 seconds - Initiated by StopAssetImportingV2(NoUpdateAssetOptions)
Importing 'GUID: a3414ce2309d46c4288367bde486adf4 - Path: Assets/NeoEngGenerated/hero_tileset.tileset/hero_tileset.prefab' with importer (PrefabImporter)
Imported 'GUID: a3414ce2309d46c4288367bde486adf4' -> (Import Result ID: 'd90a48c2c73608866a4442307c541355') in 0.016 seconds [static and dynamic dependencies]. Details - ImportResultOutputID=cd55807b231447823edee46aa67c2a49 DependenciesID=40505d3d8eb3b55d1f33d1343da1b8b8 StaticDependenciesID=b2a78637a8d212b97232135429e3ef02 
Asset Pipeline Refresh (id=70466a9cb71544846ba749592b4d931b): Total: 0.037 seconds - Initiated by StopAssetImportingV2(NoUpdateAssetOptions)
Asset Pipeline Refresh (id=dd61d7b45fffce74b844cb6b2f6435a2): Total: 0.034 seconds - Initiated by RefreshV2(ForceUpdate)
Loaded scene 'Library/Unused/3c6681f183a0dc84cb94eb33c6baedcf'
	Deserialize:            0.383 ms
	Integration:            0.380 ms
	Integration of assets:  0.001 ms
	Thread Wait Time:       20.816 ms
	Total Operation Time:   21.581 ms
Importing 'GUID: 9f173a3ee07bb6047aa4d836c01885d7 - Path: Assets/NeoEngGenerated/hero_animation.animation/hero_animation.prefab' with importer (PrefabImporter)
Imported 'GUID: 9f173a3ee07bb6047aa4d836c01885d7' -> (Import Result ID: 'b4e7146f948dc1c984dada5ea0b148c8') in 0.003 seconds [static and dynamic dependencies]. Details - ImportResultOutputID=ed78c01fffac76993483b6ef98a183aa DependenciesID=64fd1bc3a0877d00fb57f9ab150dce87 StaticDependenciesID=3384e1e75555741a76632dc644718861 
Asset Pipeline Refresh (id=b0cd8a193322be1409662d18a94d3087): Total: 0.032 seconds - Initiated by StopAssetImportingV2(NoUpdateAssetOptions)
Asset Pipeline Refresh (id=bbbb47a984ec7264590193a92b6b8c8b): Total: 0.021 seconds - Initiated by RefreshV2(ForceUpdate)
Importing 'GUID: 9b968e07d0cc47443a2b605308819f9a - Path: Assets/source.png' with importer (TextureImporter)
Imported 'GUID: 9b968e07d0cc47443a2b605308819f9a' -> (Import Result ID: '212be245cf16daeb79726a867420bb6c') in 0.002 seconds [static and dynamic dependencies]. Details - ImportResultOutputID=ad707e163df65b9b7d0718d85b35a45c DependenciesID=e43b189729905813755728bc828d8c2e StaticDependenciesID=477643a299f19f7347c6f7e176a261c4 
Asset Pipeline Refresh (id=e748b063e97821343a62aa7caf1e86be): Total: 0.019 seconds - Initiated by StopAssetImportingV2(NoUpdateAssetOptions)
Importing 'GUID: 70ca5e2ab4dc9c142a524a33d27b1235 - Path: Assets/frames/frame_0000.png' with importer (TextureImporter)
Imported 'GUID: 70ca5e2ab4dc9c142a524a33d27b1235' -> (Import Result ID: '9f9290153fc846abf7ec6e6062db6782') in 0.001 seconds [static and dynamic dependencies]. Details - ImportResultOutputID=5357ac4df0e2961828e6b3bb9726970d DependenciesID=7aca0dd71afe2d32463f40fad3df8465 StaticDependenciesID=ff265ab191de0c643283e17afe026138 
Asset Pipeline Refresh (id=6f4d869f8f795a440a974f6c4b73bcd2): Total: 0.020 seconds - Initiated by StopAssetImportingV2(NoUpdateAssetOptions)
Importing 'GUID: b273ff0c3dfe92a49a246fb91c1f9ead - Path: Assets/frames/frame_0001.png' with importer (TextureImporter)
Imported 'GUID: b273ff0c3dfe92a49a246fb91c1f9ead' -> (Import Result ID: '12092631a6811577081f556f79093bf5') in 0.001 seconds [static and dynamic dependencies]. Details - ImportResultOutputID=a8ca931ade4497515da579337112399d DependenciesID=80beaaad73e77908e37b81eb3189af2b StaticDependenciesID=0341bea43a5d89fde9d1eeec43392e09 
Asset Pipeline Refresh (id=0a9dbfc2fc632244b86462d197545b78): Total: 0.020 seconds - Initiated by StopAssetImportingV2(NoUpdateAssetOptions)
Importing 'GUID: 9b968e07d0cc47443a2b605308819f9a - Path: Assets/source.png' with importer (TextureImporter)
Imported 'GUID: 9b968e07d0cc47443a2b605308819f9a' -> (Import Result ID: '212be245cf16daeb79726a867420bb6c') in 0.001 seconds [static and dynamic dependencies]. Details - ImportResultOutputID=ad707e163df65b9b7d0718d85b35a45c DependenciesID=e43b189729905813755728bc828d8c2e StaticDependenciesID=477643a299f19f7347c6f7e176a261c4 
Asset Pipeline Refresh (id=e0992da8a86f5e24dafc3e69ca9951b6): Total: 0.021 seconds - Initiated by StopAssetImportingV2(NoUpdateAssetOptions)
Importing 'GUID: 9b968e07d0cc47443a2b605308819f9a - Path: Assets/source.png' with importer (TextureImporter)
Imported 'GUID: 9b968e07d0cc47443a2b605308819f9a' -> (Import Result ID: '212be245cf16daeb79726a867420bb6c') in 0.001 seconds [static and dynamic dependencies]. Details - ImportResultOutputID=ad707e163df65b9b7d0718d85b35a45c DependenciesID=e43b189729905813755728bc828d8c2e StaticDependenciesID=477643a299f19f7347c6f7e176a261c4 
Asset Pipeline Refresh (id=b842fbac265346746acf520217366149): Total: 0.020 seconds - Initiated by StopAssetImportingV2(NoUpdateAssetOptions)
Worker ready: AssetImportWorkerHW0 0
Asset Pipeline Refresh (id=c485deba3840cb7478eaa9d190e6c547): Total: 0.044 seconds - Initiated by RefreshV2(ForceUpdate)
UNITY_STAGE3_ANIMATION_CONFLICT_BLOCKED=PASS
UnityEngine.Debug:ExtractStackTraceNoAlloc (byte*,int,string)
UnityEngine.StackTraceUtility:ExtractStackTrace ()
UnityEngine.DebugLogHandler:Internal_Log (UnityEngine.LogType,UnityEngine.LogOption,string,UnityEngine.Object)
UnityEngine.DebugLogHandler:LogFormat (UnityEngine.LogType,UnityEngine.Object,string,object[])
UnityEngine.Logger:Log (UnityEngine.LogType,object)
UnityEngine.Debug:Log (object)
NeoEngStage3Runner:RunConflict (bool) (at Assets/Editor/NeoEngStage3Runner.cs:143)
NeoEngStage3Runner:Begin () (at Assets/Editor/NeoEngStage3Runner.cs:29)
UnityEditor.EditorApplication:Internal_CallDelayFunctions ()

(Filename: Assets/Editor/NeoEngStage3Runner.cs Line: 143)

MonoPathRemapper: Attempts to remap: 5084; Successful remaps: 0
Serialized file version minimum: 23, current 23
[Physics::Module] Cleanup current backend.
[Physics::Module] Id: 0xf2b8ea05
Input System module state changed to: ShutdownInProgress.
Input Polling Thread exited.
Input System module state changed to: Shutdown.
[Licensing::IpcConnector] LicenseClient-<redacted> channel disconnected successfully.
[Licensing::IpcConnector] LicenseClient-<redacted> channel disconnected successfully.
Shut down.
AcceleratorClientConnectionCallback - disconnected - :0
Cleanup mono
CodeReloadManager destroyed
abort_threads: Failed aborting id: 00000000000058A0, mono_thread_manage will ignore it

abort_threads: Failed aborting id: 00000000000081F8, mono_thread_manage will ignore it

abort_threads: Failed aborting id: 00000000000058A0, mono_thread_manage will ignore it

abort_threads: Failed aborting id: 00000000000081F8, mono_thread_manage will ignore it

debugger-agent: Unable to listen on 3220
Checking for leaked weakptr:
  Found no leaked weakptrs.
[Package Manager] Server process was shutdown
##utp:{"type":"MemoryLeaks","version":2,"phase":"Immediate","time":1787005021459,"processId: <redacted>,"allocatedMemory":11412284,"memoryLabels":[{"Default":172498},{"Permanent":15516},{"NewDelete":65763},{"Thread":4197560},{"Manager":33605},{"VertexData":8},{"Geometry":816},{"Texture":24},{"Shader":831192},{"Material":24},{"GfxDevice":55328},{"Animation":10680},{"Audio":1544},{"FreeType":8},{"FontEngine":736},{"Physics":2146},{"Physics2D":16},{"Serialization":912},{"Input":42840},{"JobScheduler":256},{"TextLib":280},{"Mono":48},{"ScriptingNativeRuntime":674964},{"BaseObject":1627168},{"Resource":1208},{"Renderer":3080},{"Transform":4685},{"File":1032},{"WebCam":616},{"Culling":32},{"Terrain":11442},{"Wind":24},{"STL":40},{"String":37353},{"StaticString":3808},{"Utility":2673782},{"Curl":2559},{"PoolAlloc":2168},{"AI":80},{"TypeTree":17165},{"CodeReload":448},{"RuntimeInitializeOnLoadManager":64},{"Sprites":102},{"SpriteAtlas":120},{"GI":7816},{"CloudService":16424},{"WebRequest":552},{"VR":47114},{"SceneManager":608},{"Video":64},{"LazyScriptCache":32},{"Camera":17},{"Secure":2377},{"Image":65536},{"SerializationCache":1576},{"APIUpdating":10320},{"Subsystems":336},{"VirtualTexturing":57888},{"StaticSafetyDebugInfo":278528},{"Analytics":552},{"Hierarchy":1176},{"UIElements":72},{"CoreStats":13688},{"Identifiers":6768},{"Gui":128},{"EditorUtility":98486},{"VersionControl":8},{"Undo":931},{"AssetDatabase":252521},{"AssetImporter":40},{"EditorGi":328},{"UnityConnect":38929},{"Upm":1912},{"UpmDiagnostics":8},{"AssetCompliance":64},{"DrivenProperties":72},{"LocalIPC":211},{"ProfilerEditor":9746},{"CoreBusinessMetrics":3500},{"Windowing":456},{"Licensing":1232},{"AssetReference":32},{"IPCStream":32}]}
