
[Licensing::Module] Trying to connect to existing licensing client channel...
Built from '6000.5/staging' branch; Version is '6000.5.7f1 (017862109af0) revision 96354'; Using compiler version '194234433'; Build Type 'Release'
[Licensing::IpcConnector] Channel LicenseClient-<redacted> doesn't exist
OS: 'Windows 11  (10.0.26200) Professional' Language: 'pt' Physical Memory: 32690 MB
BatchMode: 1, IsHumanControllingUs: 0, StartBugReporterOnCrash: 0, Is64bit: 1
System  architecture: x64
Process architecture: x64
Date: 2026-08-17T21:41:31Z
[Licensing::Module] Successfully launched the LicensingClient (PId: <redacted>)

COMMAND LINE ARGUMENTS:
<local-path>
-batchmode
-nographics
-projectPath
<local-path>\positive
-logFile
<local-path>\unity-stage3-positive.log
Successfully changed project path to: <local-path>\positive
<local-path>
[UnityMemory] Configuration Parameters - Can be set up in boot.config
    "memorysetup-temp-allocator-size-gi-baking-worker=262144"
    "memorysetup-temp-allocator-size-gi-baking-worker=262144"
    "memorysetup-temp-allocator-size-gi-baking-worker=262144"
    "memorysetup-temp-allocator-size-gi-baking-worker=262144"
    "memorysetup-temp-allocator-size-gi-baking-worker=262144"
    "memorysetup-temp-allocator-size-nav-mesh-worker=65536"
    "memorysetup-temp-allocator-size-audio-worker=65536"
    "memorysetup-temp-allocator-size-cloud-worker=32768"
    "memorysetup-temp-allocator-size-gfx=262144"
    "memorysetup-temp-allocator-size-preload-manager=33554432"
    "memorysetup-allocator-temp-initial-block-size-main=262144"
    "memorysetup-allocator-temp-initial-block-size-worker=262144"
    "memorysetup-temp-allocator-size-job-worker=262144"
    "memorysetup-temp-allocator-size-background-worker=32768"
    "memorysetup-bucket-allocator-granularity=16"
    "memorysetup-bucket-allocator-bucket-count=8"
    "memorysetup-bucket-allocator-block-size=33554432"
    "memorysetup-bucket-allocator-block-count=8"
    "memorysetup-main-allocator-block-size=16777216"
    "memorysetup-thread-allocator-block-size=16777216"
    "memorysetup-main-allocator-mimalloc-enabled=0"
    "memorysetup-gfx-main-allocator-block-size=16777216"
    "memorysetup-gfx-thread-allocator-block-size=16777216"
    "memorysetup-cache-allocator-block-size=4194304"
    "memorysetup-typetree-allocator-block-size=2097152"
    "memorysetup-profiler-bucket-allocator-granularity=16"
    "memorysetup-profiler-bucket-allocator-bucket-count=8"
    "memorysetup-profiler-bucket-allocator-block-size=33554432"
    "memorysetup-profiler-bucket-allocator-block-count=8"
    "memorysetup-profiler-allocator-block-size=16777216"
    "memorysetup-profiler-editor-allocator-block-size=1048576"
    "memorysetup-temp-allocator-size-main=16777216"
    "memorysetup-job-temp-allocator-block-size=2097152"
    "memorysetup-job-temp-allocator-block-size-background=1048576"
    "memorysetup-job-temp-allocator-reduction-small-platforms=262144"
Logging is directed to a specific file, skipping project log.<redacted-player-connection>

<redacted-player-connection>"[IP] <network-address> [Port] 55504 [Flags] 2 [Guid] 2063442629 [EditorId] 2063442629 [Version] 1048832 [Id] WindowsEditor(<redacted>) [Debug] 1 [PackageName] WindowsEditor [ProjectName] Editor" 

<redacted-player-connection>"[IP] <network-address> [Port] 55504 [Flags] 2 [Guid] 2063442629 [EditorId] 2063442629 [Version] 1048832 [Id] WindowsEditor(<redacted>) [Debug] 1 [PackageName] WindowsEditor [ProjectName] Editor" 

<redacted-player-connection>"[IP] <network-address> [Port] 55504 [Flags] 2 [Guid] 2063442629 [EditorId] 2063442629 [Version] 1048832 [Id] WindowsEditor(<redacted>) [Debug] 1 [PackageName] WindowsEditor [ProjectName] Editor" 

<redacted-player-connection>"[IP] <network-address> [Port] 55504 [Flags] 2 [Guid] 2063442629 [EditorId] 2063442629 [Version] 1048832 [Id] WindowsEditor(<redacted>) [Debug] 1 [PackageName] WindowsEditor [ProjectName] Editor" 

<redacted-player-connection>
<redacted-player-connection>
Input System module state changed to: Initialized.
[Physics::Module] Initialized fallback backend.
[Physics::Module] Id: 0xdecafbad
Starting IPC server.
Waiting for clients to connect on \\.\pipe\Unity-LicenseClient-<redacted>, press Ctrl-C to exit.
[Licensing::IpcConnector] Successfully connected to: "LicenseClient-<redacted>" at "2026-08-17T21:41:32.063412Z"
[Package Manager] Connected to IPC stream "Upm-6344" after 0.3 seconds.
[Licensing::Module] Licensing is not yet initialized.
[Licensing::Client] Code 10 while verifying Licensing Client signature (process Id: <redacted>, path: "<local-path>")
[Licensing::Module] LicensingClient has failed validation; ignoring
[Licensing::Client] Handshaking with LicensingClient:
  Version:                 1.18.1+9fbee8e
  Session Id:<redacted>
  Correlation Id:<redacted>
  External correlation Id:<redacted>
  Machine Id:<redacted>
[Licensing::Module] Successfully connected to LicensingClient on channel: "LicenseClient-<redacted>" (connect: 0.37s, validation: 0.05s, handshake: 0.04s)
[Licensing::IpcConnector] Successfully connected to: "LicenseClient-<redacted>" at "2026-08-17T21:41:32.1519331Z"
[Licensing::Module] Connected to LicensingClient (PId: <redacted>, launch time: 0.01, total connection time: 0.46s)
[Licensing::Module] Error: Access token is unavailable; failed to update
[Licensing::Client] Successfully resolved entitlement details
[Licensing::Module] License group:
  Id: 4674131544823-UnityPersXXXX
  Product: Unity Personal
  Type: Assigned
  Expiration: Unlimited
[Licensing::Client] Successfully updated license, isAsync: True, time: 0.01
[Licensing::Client] Successfully resolved entitlement details
[Licensing::Module] Licensing Background thread has ended after 0.49s
[Licensing::Module] Licensing is initialized (took 0.08s).
[Licensing::Client] Successfully resolved entitlement details
Library Redirect Path: Library/
Rebuilding Library because the asset database could not be found!
[Physics::Module] Selected backend.
[Physics::Module] Name: PhysX
[Physics::Module] Id: 0xf2b8ea05
[Physics::Module] SDK Version: 4.1.2
[Physics::Module] Integration Version: 1.0.0
[Physics::Module] Threading Mode: Multi-Threaded
Initialize engine version: 6000.5.7f1 (017862109af0)
[Subsystems] Discovering subsystems at path <local-path>
[Subsystems] Discovering subsystems at path <local-path>
Forcing GfxDevice: Null
GfxDevice: creating device client; kGfxThreadingModeNonThreaded
NullGfxDevice:
    Version:  NULL 1.0 [1.0]
    Renderer: Null Device
    Vendor:   Unity Technologies
Initialize mono
Mono path[0] = '<local-path>
Mono path[1] = '<local-path>
Mono path[2] = '<local-path>
Mono config path = '<local-path>
Using monoOptions --debugger-agent=transport=dt_socket,embedding=1,server=y,suspend=n,address=<network-address>:56344
CodeReloadManager initialized
ImportWorker Server TCP listen port: 0
AcceleratorClientConnectionCallback - disconnected - :0
Begin MonoManager ReloadAssembly
Registering precompiled unity dll's ...
Register platform support module: <local-path>
Register platform support module: <local-path>
Registered in 0.006120 seconds.
Native extension for WindowsStandalone target not found
Native extension for WebGL target not found
Package Manager log level set to [2]
ScheduleIndexationOnStartup MainProcess:False IndexOnStartup:False
Mono: successfully reloaded assembly
- Finished resetting the current domain, in  0.393 seconds
Domain Reload Profiling: 1063ms
	BeginReloadAssembly (202ms)
		CreateAndSetChildDomain (25ms)
	RebuildCommonClasses (5ms)
	RebuildNativeTypeToScriptingClass (17ms)
	initialDomainReloadingComplete (110ms)
	LoadAllAssembliesAndSetupDomain (334ms)
		LoadAssemblies (165ms)
		AnalyzeDomain (230ms)
			TypeCache.Refresh (229ms)
				TypeCache.ScanAssembly (215ms)
	FinalizeReload (396ms)
		SetupLoadedEditorAssemblies (0ms)
			InitializePlatformSupportModulesInManaged (3ms)
			BeforeProcessingInitializeOnLoad (94ms)
			ProcessInitializeOnLoadAttributes (104ms)
			ProcessInitializeOnLoadMethodAttributes (120ms)
[Licensing::Client] Successfully resolved entitlement details
Application.AssetDatabase Initial Refresh Start
[Package Manager] Done resolving packages in 0.49 seconds
[Licensing::Client] Successfully resolved entitlement details
[Package Manager] Lock file was created
[Package Manager] Registered 1 packages:
  Local packages:
    com.neoeng.dtrace@file:<repo>\integrations\unity\package\com.neoeng.dtrace (location: <repo>\integrations\unity\package\com.neoeng.dtrace)
[Subsystems] No new subsystems found in resolved package list.
[Package Manager] Done registering packages in 0.00 seconds
AcceleratorClientConnectionCallback - disconnected - :0
[ScriptCompilation] Requested script compilation because: Assembly Definition File(s) changed
[ScriptCompilation] Requested script compilation because: AssetDatabase observed changes in script compilation related files
info: Microsoft.Hosting.Lifetime[14]
      Now listening on: htt<local-path>
info: Microsoft.Hosting.Lifetime[0]
      Application started. Press Ctrl+C to shut down.
info: Microsoft.Hosting.Lifetime[0]
      Hosting environment: Production
info: Microsoft.Hosting.Lifetime[0]
      Content root path: <local-path>\positive
info: Microsoft.AspNetCore.Hosting.Diagnostics[1]
      Request starting HTTP/2 POST htt<local-path>
info: Microsoft.AspNetCore.Routing.EndpointMiddleware[0]
      Executing endpoint 'gRPC - /UnityILPP.PostProcessing/Ping'
info: Microsoft.AspNetCore.Routing.EndpointMiddleware[1]
      Executed endpoint 'gRPC - /UnityILPP.PostProcessing/Ping'
info: Microsoft.AspNetCore.Hosting.Diagnostics[2]
      Request finished HTTP/2 POST htt<local-path>
Starting: <local-path>"Library/Bee/1900b0aE.dag" --continue-on-failure --profile="Library/Bee/backend1.traceevents" ScriptAssemblies
WorkingDir: <local-path>
ExitCode: 4 Duration: 0s39ms
[             ] Require frontend run.  Library/Bee/1900b0aE.dag couldn't be loaded
DisplayProgressbar: Compiling Scripts
Starting: <local-path>"<local-path>" "Library/Bee/1900b0aE.dag.json" "Library/Bee/1900b0aE-inputdata.json" "Library\Bee\buildprogram0.traceevents"
WorkingDir: <local-path>
ExitCode: 0 Duration: 0s239ms
Starting: <local-path>"Library/Bee/1900b0aE.dag" --continue-on-failure --dagfilejson="Library\Bee\1900b0aE.dag.json" --profile="Library/Bee/backend2.traceevents" ScriptAssemblies
WorkingDir: <local-path>
ExitCode: 0 Duration: 4s306ms
Finished compiling graph: 179 nodes, 794 flattened edges (776 ToBuild, 6 ToUse), maximum node priority 24
[  1/176    0s] MovedFromExtractor Library/Bee/artifacts/mvdfrm/UnityEditor.SceneTemplateModule.dll_1A9B67CDA3F26E09.mvfrm
[  2/176    0s] MovedFromExtractor Library/Bee/artifacts/mvdfrm/UnityEditor.TextRenderingModule.dll_643E8A08F64F1F62.mvfrm
[  3/176    0s] MovedFromExtractor Library/Bee/artifacts/mvdfrm/UnityEditor.SpriteShapeModule.dll_65C440F1F8C96AFF.mvfrm
[  4/176    0s] MovedFromExtractor Library/Bee/artifacts/mvdfrm/UnityEditor.SafeModeModule.dll_45C769F6FF45AC21.mvfrm
[  5/176    0s] MovedFromExtractor Library/Bee/artifacts/mvdfrm/UnityEditor.SpriteMaskModule.dll_52C550464C6836D2.mvfrm
[  6/176    0s] MovedFromExtractor Library/Bee/artifacts/mvdfrm/UnityEditor.TextCoreFontEngineModule.dll_5584907521D02D1E.mvfrm
[  7/176    0s] MovedFromExtractor Library/Bee/artifacts/mvdfrm/UnityEditor.SceneViewModule.dll_0C55D55C7B149334.mvfrm
[  8/176    0s] MovedFromExtractor Library/Bee/artifacts/mvdfrm/UnityEditor.QuickSearchModule.dll_0E3FB034F2FA8E88.mvfrm
[  9/176    0s] MovedFromExtractor Library/Bee/artifacts/mvdfrm/UnityEditor.ShaderCompilationModule.dll_8BD4C024CDC49D21.mvfrm
[ 10/176    0s] MovedFromExtractor Library/Bee/artifacts/mvdfrm/UnityEditor.ShaderFoundryModule.dll_597B3810C6A1EA97.mvfrm
[ 11/176    0s] MovedFromExtractor Library/Bee/artifacts/mvdfrm/UnityEditor.SubstanceModule.dll_77857F2E15A99E33.mvfrm
[ 12/176    0s] MovedFromExtractor Library/Bee/artifacts/mvdfrm/UnityEditor.ShaderBuildSettingsModule.dll_6CE3BB4B63CFCCEF.mvfrm
[ 13/176    0s] MovedFromExtractor Library/Bee/artifacts/mvdfrm/UnityEditor.SketchUpModule.dll_2DDC4F474A774838.mvfrm
[ 14/176    0s] MovedFromExtractor Library/Bee/artifacts/mvdfrm/UnityEditor.TilemapModule.dll_88620B9BED1BFA01.mvfrm
[ 15/176    0s] MovedFromExtractor Library/Bee/artifacts/mvdfrm/UnityEditor.TextCoreTextEngineModule.dll_9D6CC6E6B153E63C.mvfrm
[ 16/176    0s] MovedFromExtractor Library/Bee/artifacts/mvdfrm/UnityEditor.TerrainModule.dll_E965A41AD55F18F8.mvfrm
[ 17/176    0s] MovedFromExtractor Library/Bee/artifacts/mvdfrm/UnityEditor.QuickInstallModule.dll_E870CF5853AAF76F.mvfrm
[ 18/176    0s] MovedFromExtractor Library/Bee/artifacts/mvdfrm/UnityEditor.PropertiesModule.dll_96D41CF49DE40594.mvfrm
[ 19/176    0s] MovedFromExtractor Library/Bee/artifacts/mvdfrm/UnityEditor.ProjectAuditorModule.dll_55D011101AD2D826.mvfrm
[ 20/176    0s] MovedFromExtractor Library/Bee/artifacts/mvdfrm/UnityEditor.PhysicsModule.dll_CF1F28ABFFA0D00A.mvfrm
[ 21/176    0s] MovedFromExtractor Library/Bee/artifacts/mvdfrm/UnityEditor.Physics2DModule.dll_32EB6D851BCBE07C.mvfrm
[ 22/176    0s] MovedFromExtractor Library/Bee/artifacts/mvdfrm/UnityEditor.PhysicsCore2DModule.dll_AEC3B8E88A15076B.mvfrm
[ 23/176    0s] MovedFromExtractor Library/Bee/artifacts/mvdfrm/UnityEditor.MediaModule.dll_BD7E9226B571C0A7.mvfrm
[ 24/176    0s] MovedFromExtractor Library/Bee/artifacts/mvdfrm/UnityEditor.PlayModeModule.dll_8BBB5BB09E0EBB88.mvfrm
[ 25/176    0s] MovedFromExtractor Library/Bee/artifacts/mvdfrm/UnityEditor.MultiplayerModule.dll_CC0B3023FBEEC06D.mvfrm
[ 26/176    0s] MovedFromExtractor Library/Bee/artifacts/mvdfrm/UnityEngine.InsightsModule.dll_DAA4F5080D8DD327.mvfrm
[ 27/176    0s] MovedFromExtractor Library/Bee/artifacts/mvdfrm/UnityEditor.LightingModule.dll_3FCEE1735231754D.mvfrm
[ 28/176    0s] MovedFromExtractor Library/Bee/artifacts/mvdfrm/UnityEditor.MathematicsModule.dll_7177C170B79F2A29.mvfrm
[ 29/176    0s] MovedFromExtractor Library/Bee/artifacts/mvdfrm/UnityEditor.PresetsUIModule.dll_890C2B36884A1E2B.mvfrm
[ 30/176    0s] MovedFromExtractor Library/Bee/artifacts/mvdfrm/UnityEditor.GridModule.dll_4D8EE9F7B6C08597.mvfrm
[ 31/176    0s] MovedFromExtractor Library/Bee/artifacts/mvdfrm/UnityEditor.GraphicsStateCollectionSerializerModule.dll_1F4A5F0762D36DE9.mvfrm
[ 32/176    0s] MovedFromExtractor Library/Bee/artifacts/mvdfrm/UnityEditor.HierarchyModule.dll_BB19F93043D104E8.mvfrm
[ 33/176    0s] MovedFromExtractor Library/Bee/artifacts/mvdfrm/UnityEditor.GraphViewModule.dll_CDA5F25485F1C626.mvfrm
[ 34/176    0s] MovedFromExtractor Library/Bee/artifacts/mvdfrm/UnityEditor.GenericRemoteModule.dll_570137188D143B80.mvfrm
[ 35/176    0s] MovedFromExtractor Library/Bee/artifacts/mvdfrm/UnityEditor.GraphToolkitModule.dll_256E65C402D3B7C1.mvfrm
[ 36/176    0s] MovedFromExtractor Library/Bee/artifacts/mvdfrm/UnityEditor.EditorToolbarModule.dll_F6FBF70FA505C3D1.mvfrm
[ 37/176    0s] MovedFromExtractor Library/Bee/artifacts/mvdfrm/UnityEditor.CoreBusinessMetricsModule.dll_E4A86E1CB717CAA7.mvfrm
[ 38/176    0s] MovedFromExtractor Library/Bee/artifacts/mvdfrm/UnityEditor.EmbreeModule.dll_325107F39E868BE9.mvfrm
[ 39/176    0s] MovedFromExtractor Library/Bee/artifacts/mvdfrm/UnityEditor.DeviceSimulatorModule.dll_ADE4E55F9DD1D021.mvfrm
[ 40/176    0s] MovedFromExtractor Library/Bee/artifacts/mvdfrm/UnityEditor.DiagnosticsModule.dll_83302F279A23922F.mvfrm
[ 41/176    0s] MovedFromExtractor Library/Bee/artifacts/mvdfrm/UnityEditor.GIModule.dll_C1D63A79B11DBE43.mvfrm
[ 42/176    0s] MovedFromExtractor Library/Bee/artifacts/mvdfrm/UnityEditor.ContentLoadModule.dll_E5796CD811A9DAE2.mvfrm
[ 43/176    0s] MovedFromExtractor Library/Bee/artifacts/mvdfrm/UnityEditor.ClothModule.dll_58A6D590114216FD.mvfrm
[ 44/176    0s] MovedFromExtractor Library/Bee/artifacts/mvdfrm/UnityEditor.AssetComplianceModule.dll_E6BFF54E188DB44E.mvfrm
[ 45/176    0s] MovedFromExtractor Library/Bee/artifacts/mvdfrm/UnityEditor.AdaptivePerformanceModule.dll_64BD74A290D09BAD.mvfrm
[ 46/176    0s] MovedFromExtractor Library/Bee/artifacts/mvdfrm/UnityEditor.BuildProfileModule.dll_099181191224893C.mvfrm
[ 47/176    0s] MovedFromExtractor Library/Bee/artifacts/mvdfrm/UnityEditor.CoreModule.dll_701DCE099E6BEFA0.mvfrm
[ 48/176    0s] MovedFromExtractor Library/Bee/artifacts/mvdfrm/UnityEditor.AccessibilityModule.dll_C0FFE13D2B701281.mvfrm
[ 49/176    0s] MovedFromExtractor Library/Bee/artifacts/mvdfrm/UnityEditor.AIModule.dll_2999F16C156ED629.mvfrm
[ 50/176    0s] MovedFromExtractor Library/Bee/artifacts/mvdfrm/Unity.Scripting.dll_6312751106B582E1.mvfrm
[ 51/176    0s] MovedFromExtractor Library/Bee/artifacts/mvdfrm/UnityEditor.Graphs.dll_E035D55896AED9D2.mvfrm
[ 52/176    0s] MovedFromExtractor Library/Bee/artifacts/mvdfrm/UnityEngine.dll_A9B10FE8A27D34DA.mvfrm
[ 53/176    0s] MovedFromExtractor Library/Bee/artifacts/mvdfrm/UnityEditor.WindowsStandalone.Extensions.dll_51E76FAEAFB11C00.mvfrm
[ 54/176    0s] MovedFromExtractor Library/Bee/artifacts/mvdfrm/UnityEditor.WebGL.Extensions.dll_4D57E384C9B75910.mvfrm
[ 55/176    0s] MovedFromExtractor Library/Bee/artifacts/mvdfrm/UnityEngine.UnityConsentModule.dll_C3D0A9CA3E9B0551.mvfrm
[ 56/176    0s] MovedFromExtractor Library/Bee/artifacts/mvdfrm/UnityEngine.VirtualTexturingModule.dll_FC0F60CE6D32C5A9.mvfrm
[ 57/176    0s] MovedFromExtractor Library/Bee/artifacts/mvdfrm/UnityEngine.VFXModule.dll_ABC6154FD31E85D0.mvfrm
[ 58/176    0s] MovedFromExtractor Library/Bee/artifacts/mvdfrm/UnityEngine.UnityConnectModule.dll_F22B129E31906F01.mvfrm
[ 59/176    0s] MovedFromExtractor Library/Bee/artifacts/mvdfrm/UnityEngine.UnityAnalyticsCommonModule.dll_52088BBDF19918E8.mvfrm
[ 60/176    0s] MovedFromExtractor Library/Bee/artifacts/mvdfrm/UnityEngine.UnityCurlModule.dll_CF480FAED0628CB9.mvfrm
[ 61/176    0s] MovedFromExtractor Library/Bee/artifacts/mvdfrm/UnityEngine.U2DRuntimeModule.dll_8EFD74B6ED4FAE3D.mvfrm
[ 62/176    0s] MovedFromExtractor Library/Bee/artifacts/mvdfrm/UnityEngine.TextCoreTextEngineModule.dll_1BCC4239C451A507.mvfrm
[ 63/176    0s] MovedFromExtractor Library/Bee/artifacts/mvdfrm/UnityEngine.TextRenderingModule.dll_F07F7C306F47A287.mvfrm
[ 64/176    0s] MovedFromExtractor Library/Bee/artifacts/mvdfrm/UnityEngine.TextCoreFontEngineModule.dll_D3E40BC834CDEBE9.mvfrm
[ 65/176    0s] MovedFromExtractor Library/Bee/artifacts/mvdfrm/UnityEngine.SubstanceModule.dll_2D6B7016FB295018.mvfrm
[ 66/176    0s] MovedFromExtractor Library/Bee/artifacts/mvdfrm/UnityEngine.TLSModule.dll_2AE77CE0FCB11C63.mvfrm
[ 67/176    0s] MovedFromExtractor Library/Bee/artifacts/mvdfrm/UnityEngine.StreamingModule.dll_50C05BCDAFD6520A.mvfrm
[ 68/176    0s] MovedFromExtractor Library/Bee/artifacts/mvdfrm/UnityEngine.SpriteShapeModule.dll_6B8A10810B037B84.mvfrm
[ 69/176    0s] MovedFromExtractor Library/Bee/artifacts/mvdfrm/UnityEngine.SharedInternalsModule.dll_A394E45706DF90E9.mvfrm
[ 70/176    0s] MovedFromExtractor Library/Bee/artifacts/mvdfrm/UnityEngine.SpriteMaskModule.dll_5373BD8E4EAC501D.mvfrm
[ 71/176    0s] MovedFromExtractor Library/Bee/artifacts/mvdfrm/UnityEngine.ShaderVariantAnalyticsModule.dll_4CC5DB256676EEB2.mvfrm
[ 72/176    0s] MovedFromExtractor Library/Bee/artifacts/mvdfrm/UnityEngine.ScriptingModule.dll_B34CC743DFD6497F.mvfrm
[ 73/176    0s] MovedFromExtractor Library/Bee/artifacts/mvdfrm/UnityEngine.RenderAs2DModule.dll_D8BA4CC27F826916.mvfrm
[ 74/176    0s] MovedFromExtractor Library/Bee/artifacts/mvdfrm/UnityEngine.RuntimeInitializeOnLoadManagerInitializerModule.dll_32FB239C5BF3452A.mvfrm
[ 75/176    0s] MovedFromExtractor Library/Bee/artifacts/mvdfrm/UnityEngine.MultiplayerModule.dll_D1D0FFB30E28D0F2.mvfrm
[ 76/176    0s] MovedFromExtractor Library/Bee/artifacts/mvdfrm/UnityEngine.PhysicsBackendPhysXModule.dll_FF60F0E5AED23171.mvfrm
[ 77/176    0s] MovedFromExtractor Library/Bee/artifacts/mvdfrm/UnityEngine.PerformanceReportingModule.dll_B6C9CE79D7B07A8A.mvfrm
[ 78/176    0s] MovedFromExtractor Library/Bee/artifacts/mvdfrm/UnityEngine.PropertiesModule.dll_97828A3CA0281EDF.mvfrm
[ 79/176    0s] MovedFromExtractor Library/Bee/artifacts/mvdfrm/UnityEngine.MarshallingModule.dll_FA9181BB398970CC.mvfrm
[ 80/176    0s] MovedFromExtractor Library/Bee/artifacts/mvdfrm/UnityEngine.MathematicsModule.dll_773D90FFC9D93AAE.mvfrm
[ 81/176    0s] MovedFromExtractor Library/Bee/artifacts/mvdfrm/UnityEngine.LocalizationModule.dll_C2B4CDF7800C3415.mvfrm
[ 82/176    0s] MovedFromExtractor Library/Bee/artifacts/mvdfrm/UnityEditor.GridAndSnapModule.dll_8CE915A91D884F1E.mvfrm
[ 83/176    0s] MovedFromExtractor Library/Bee/artifacts/mvdfrm/UnityEngine.InputModule.dll_1E60FCA9DEDA8D62.mvfrm
[ 84/176    0s] MovedFromExtractor Library/Bee/artifacts/mvdfrm/UnityEngine.InputLegacyModule.dll_E36DFE44ED52F96B.mvfrm
[ 85/176    0s] MovedFromExtractor Library/Bee/artifacts/mvdfrm/UnityEngine.InputForUIModule.dll_6CF9A5178D5D575F.mvfrm
[ 86/176    0s] MovedFromExtractor Library/Bee/artifacts/mvdfrm/UnityEngine.IdentifiersModule.dll_2AB26B1C17DA1192.mvfrm
[ 87/176    0s] MovedFromExtractor Library/Bee/artifacts/mvdfrm/UnityEngine.HotReloadModule.dll_1D742C833B81B64E.mvfrm
[ 88/176    0s] MovedFromExtractor Library/Bee/artifacts/mvdfrm/UnityEngine.GraphicsStateCollectionSerializerModule.dll_283E2BF72FD2B74E.mvfrm
[ 89/176    0s] MovedFromExtractor Library/Bee/artifacts/mvdfrm/UnityEngine.GridModule.dll_70AFBD4A5EC5F0C2.mvfrm
[ 90/176    0s] MovedFromExtractor Library/Bee/artifacts/mvdfrm/UnityEngine.GameCenterModule.dll_6A474AFE2D3CBAA3.mvfrm
[ 91/176    0s] MovedFromExtractor Library/Bee/artifacts/mvdfrm/UnityEngine.DSPGraphModule.dll_462F8DE0F57154C9.mvfrm
[ 92/176    0s] MovedFromExtractor Library/Bee/artifacts/mvdfrm/UnityEngine.CrashReportingModule.dll_732D7EF974151B43.mvfrm
[ 93/176    0s] MovedFromExtractor Library/Bee/artifacts/mvdfrm/UnityEngine.GIModule.dll_0044CC091C9AF20E.mvfrm
[ 94/176    0s] MovedFromExtractor Library/Bee/artifacts/mvdfrm/UnityEngine.ClusterRendererModule.dll_B391A7D10D8CDDA5.mvfrm
[ 95/176    0s] MovedFromExtractor Library/Bee/artifacts/mvdfrm/UnityEngine.CoreModule.dll_933EA15C46715ACB.mvfrm
[ 96/176    0s] MovedFromExtractor Library/Bee/artifacts/mvdfrm/UnityEngine.ContentLoadModule.dll_EB3F3C6723E3EB67.mvfrm
[ 97/176    0s] MovedFromExtractor Library/Bee/artifacts/mvdfrm/UnityEngine.ClusterInputModule.dll_846803A4E890411C.mvfrm
[ 98/176    0s] WriteText Library/Bee/artifacts/1900b0aE.dag/NeoEngDTrace.Runtime.rsp2
[ 99/176    0s] WriteText Library/Bee/artifacts/1900b0aE.dag/NeoEngDTrace.Runtime.UnityAdditionalFile.txt
[100/176    0s] WriteText Library/Bee/artifacts/1900b0aE.dag/NeoEngDTrace.Runtime.dll.mvfrm.rsp
[101/176    0s] WriteText Library/Bee/artifacts/1900b0aE.dag/NeoEngDTrace.Runtime.rsp
[102/176    0s] MovedFromExtractor Library/Bee/artifacts/mvdfrm/UnityEngine.ARModule.dll_217B47FEDE0968BD.mvfrm
[103/176    0s] MovedFromExtractor Library/Bee/artifacts/mvdfrm/UnityEditor.dll_770CC9104409A7F5.mvfrm
[104/176    0s] MovedFromExtractor Library/Bee/artifacts/mvdfrm/UnityEditor.XRModule.dll_AA9E79239CAAAEAB.mvfrm
[105/176    0s] MovedFromExtractor Library/Bee/artifacts/mvdfrm/UnityEditor.VideoModule.dll_16C7FCFFF9B753BE.mvfrm
[106/176    0s] MovedFromExtractor Library/Bee/artifacts/mvdfrm/UnityEditor.VectorGraphicsModule.dll_A2629CDF5840890F.mvfrm
[107/176    0s] MovedFromExtractor Library/Bee/artifacts/mvdfrm/UnityEditor.UnityConnectModule.dll_04CB8E8F37086E56.mvfrm
[108/176    0s] MovedFromExtractor Library/Bee/artifacts/mvdfrm/UnityEditor.UmbraModule.dll_6C9324ADC44BE38C.mvfrm
[109/176    0s] MovedFromExtractor Library/Bee/artifacts/mvdfrm/UnityEditor.VFXModule.dll_9FA472FC636E77CB.mvfrm
[110/176    0s] MovedFromExtractor Library/Bee/artifacts/mvdfrm/UnityEditor.UIElementsSamplesModule.dll_80065DACEAC0A851.mvfrm
[111/176    0s] MovedFromExtractor Library/Bee/artifacts/mvdfrm/UnityEditor.UIToolkitAuthoringModule.dll_88DB25024056B0DE.mvfrm
[112/176    0s] MovedFromExtractor Library/Bee/artifacts/mvdfrm/UnityEditor.U2DModule.dll_CB7D1DDF990AD82A.mvfrm
[113/176    0s] MovedFromExtractor Library/Bee/artifacts/mvdfrm/UnityEditor.UIBuilderModule.dll_222E9F70F8AA3F5A.mvfrm
[114/176    0s] MovedFromExtractor Library/Bee/artifacts/mvdfrm/UnityEditor.UIElementsModule.dll_C1B118101DDC5ADC.mvfrm
[115/176    0s] MovedFromExtractor Library/Bee/artifacts/mvdfrm/UnityEditor.UIAutomationModule.dll_BA327009AE9851FC.mvfrm
[116/176    0s] MovedFromExtractor Library/Bee/artifacts/mvdfrm/UnityEditor.TreeModule.dll_CDC9C318263184DF.mvfrm
[117/176    0s] MovedFromExtractor Library/Bee/artifacts/mvdfrm/UnityEngine.UnityWebRequestAudioModule.dll_2EC622585E1B4522.mvfrm
[118/176    0s] MovedFromExtractor Library/Bee/artifacts/mvdfrm/UnityEngine.AnimationModule.dll_9C2B6E7D604E9ACC.mvfrm
[119/176    0s] MovedFromExtractor Library/Bee/artifacts/mvdfrm/UnityEngine.AdaptivePerformanceModule.dll_254D0958CC15EEB2.mvfrm
[120/176    0s] MovedFromExtractor Library/Bee/artifacts/mvdfrm/UnityEngine.AndroidJNIModule.dll_3FFA00E366FBC9B2.mvfrm
[121/176    0s] MovedFromExtractor Library/Bee/artifacts/mvdfrm/UnityEngine.AccessibilityModule.dll_4D40D364A46895A6.mvfrm
[122/176    0s] MovedFromExtractor Library/Bee/artifacts/mvdfrm/UnityEngine.AMDModule.dll_2C57B97BD580A110.mvfrm
[123/176    0s] MovedFromExtractor Library/Bee/artifacts/mvdfrm/UnityEngine.XRModule.dll_E90D0AB30827E276.mvfrm
[124/176    0s] MovedFromExtractor Library/Bee/artifacts/mvdfrm/UnityEngine.AIModule.dll_680882FB80EC09F4.mvfrm
[125/176    0s] MovedFromExtractor Library/Bee/artifacts/mvdfrm/UnityEngine.HierarchyCoreModule.dll_C45B703F1315EE9C.mvfrm
[126/176    0s] MovedFromExtractor Library/Bee/artifacts/mvdfrm/UnityEngine.VideoModule.dll_DCF4B9642B348463.mvfrm
[127/176    0s] MovedFromExtractor Library/Bee/artifacts/mvdfrm/UnityEngine.VehiclesModule.dll_B8A125F6FD3A5343.mvfrm
[128/176    0s] MovedFromExtractor Library/Bee/artifacts/mvdfrm/UnityEngine.WindModule.dll_098D7C84D7A7D934.mvfrm
[129/176    0s] MovedFromExtractor Library/Bee/artifacts/mvdfrm/UnityEngine.VectorGraphicsModule.dll_5D86FE7A742D1D1A.mvfrm
[130/176    0s] MovedFromExtractor Library/Bee/artifacts/mvdfrm/UnityEngine.UnityWebRequestTextureModule.dll_8C0BBD74BAAAB337.mvfrm
[131/176    0s] MovedFromExtractor Library/Bee/artifacts/mvdfrm/UnityEngine.UnityWebRequestWWWModule.dll_E68E8795B4116173.mvfrm
[132/176    0s] MovedFromExtractor-Combine Library/Bee/artifacts/1900b0aE.dag/NeoEngDTrace.Runtime.dll.mvfrm
[133/176    0s] MovedFromExtractor Library/Bee/artifacts/mvdfrm/UnityEngine.UnityWebRequestModule.dll_3122AD2B9AA63018.mvfrm
[134/176    0s] MovedFromExtractor Library/Bee/artifacts/mvdfrm/UnityEngine.UnityWebRequestAssetBundleModule.dll_FA63CAE127646D5E.mvfrm
[135/176    0s] MovedFromExtractor Library/Bee/artifacts/mvdfrm/UnityEngine.UmbraModule.dll_32BFE111F5C91431.mvfrm
[136/176    0s] MovedFromExtractor Library/Bee/artifacts/mvdfrm/UnityEngine.UnityAnalyticsModule.dll_E5DF390F8E4DF8CD.mvfrm
[137/176    0s] MovedFromExtractor Library/Bee/artifacts/mvdfrm/UnityEngine.UIModule.dll_637C2128DD330FA0.mvfrm
[138/176    0s] MovedFromExtractor Library/Bee/artifacts/mvdfrm/UnityEngine.TerrainModule.dll_DBE05CC53A6E003D.mvfrm
[139/176    0s] MovedFromExtractor Library/Bee/artifacts/mvdfrm/UnityEngine.TerrainPhysicsModule.dll_C6BA7118FB69A15E.mvfrm
[140/176    0s] MovedFromExtractor Library/Bee/artifacts/mvdfrm/UnityEngine.TilemapModule.dll_7ADCC446522AE146.mvfrm
[141/176    0s] MovedFromExtractor Library/Bee/artifacts/mvdfrm/UnityEngine.SubsystemsModule.dll_BE2123F01CF43830.mvfrm
[142/176    0s] MovedFromExtractor Library/Bee/artifacts/mvdfrm/UnityEngine.UIElementsModule.dll_C25F855820207427.mvfrm
[143/176    0s] WriteText Library/Bee/artifacts/1900b0aE.dag/NeoEngDTrace.Editor.rsp2
[144/176    0s] WriteText Library/Bee/artifacts/1900b0aE.dag/NeoEngDTrace.Editor.UnityAdditionalFile.txt
[145/176    0s] WriteText Library/Bee/artifacts/1900b0aE.dag/NeoEngDTrace.Editor.dll.mvfrm.rsp
[146/176    0s] WriteText Library/Bee/artifacts/1900b0aE.dag/NeoEngDTrace.Editor.rsp
[147/176    0s] WriteText Library/Bee/artifacts/1900b0aE.dag/Assembly-CSharp-Editor.rsp2
[148/176    0s] WriteText Library/Bee/artifacts/1900b0aE.dag/Assembly-CSharp-Editor.UnityAdditionalFile.txt
[149/176    0s] WriteText Library/Bee/artifacts/1900b0aE.dag/Assembly-CSharp-Editor.dll.mvfrm.rsp
[150/176    0s] WriteText Library/Bee/artifacts/1900b0aE.dag/Assembly-CSharp-Editor.rsp
[151/176    0s] MovedFromExtractor Library/Bee/artifacts/mvdfrm/UnityEngine.Physics2DModule.dll_E8D15E6E014B9261.mvfrm
[152/176    0s] MovedFromExtractor Library/Bee/artifacts/mvdfrm/UnityEngine.PhysicsModule.dll_C199E15664AFB74F.mvfrm
[153/176    0s] MovedFromExtractor Library/Bee/artifacts/mvdfrm/UnityEngine.ParticleSystemModule.dll_C63FC845E226A6D1.mvfrm
[154/176    0s] MovedFromExtractor Library/Bee/artifacts/mvdfrm/UnityEngine.PhysicsCore2DModule.dll_3B04AB10030D8A90.mvfrm
[155/176    0s] MovedFromExtractor Library/Bee/artifacts/mvdfrm/UnityEngine.ScreenCaptureModule.dll_C7400A25B8102292.mvfrm
[156/176    0s] MovedFromExtractor Library/Bee/artifacts/mvdfrm/UnityEngine.NVIDIAModule.dll_8A621FDAFC23A697.mvfrm
[157/176    0s] MovedFromExtractor Library/Bee/artifacts/mvdfrm/UnityEngine.JSONSerializeModule.dll_AD585CA0A3A3F630.mvfrm
[158/176    0s] MovedFromExtractor Library/Bee/artifacts/mvdfrm/UnityEngine.ImageConversionModule.dll_1F83A5818FB19599.mvfrm
[158/176    0s] Csc Library/Bee/artifacts/1900b0aE.dag/NeoEngDTrace.Runtime.dll (+2 others) [CacheHit ea9348f0fe8b213c08943f3e026a608b00000000000000000000000000000006]
[159/176    0s] Csc Library/Bee/artifacts/1900b0aE.dag/NeoEngDTrace.Runtime.dll (+2 others)
[161/176    0s] CopyFiles Library/ScriptAssemblies/NeoEngDTrace.Runtime.pdb
[162/176    0s] MovedFromExtractor Library/Bee/artifacts/mvdfrm/UnityEngine.IMGUIModule.dll_F04AD4602ED3FC9F.mvfrm
[163/176    0s] MovedFromExtractor Library/Bee/artifacts/mvdfrm/UnityEngine.HierarchyModule.dll_70FFEA192950B6CD.mvfrm
[164/176    0s] MovedFromExtractor Library/Bee/artifacts/mvdfrm/UnityEngine.DirectorModule.dll_40DE2C77831083A8.mvfrm
[165/176    0s] CopyFiles Library/ScriptAssemblies/NeoEngDTrace.Runtime.dll
[166/176    0s] MovedFromExtractor Library/Bee/artifacts/mvdfrm/UnityEngine.AudioModule.dll_B7EB34F968A268BE.mvfrm
[167/176    0s] MovedFromExtractor Library/Bee/artifacts/mvdfrm/UnityEngine.ClothModule.dll_1ED391F442BF47A2.mvfrm
[168/176    0s] MovedFromExtractor Library/Bee/artifacts/mvdfrm/UnityEngine.AssetBundleModule.dll_5228E3265561437A.mvfrm
[169/176    0s] MovedFromExtractor-Combine Library/Bee/artifacts/1900b0aE.dag/Assembly-CSharp-Editor.dll.mvfrm
[170/176    0s] MovedFromExtractor-Combine Library/Bee/artifacts/1900b0aE.dag/NeoEngDTrace.Editor.dll.mvfrm
[169/176    0s] Csc Library/Bee/artifacts/1900b0aE.dag/NeoEngDTrace.Editor.dll (+2 others) [CacheHit 78fcb3289e701f346b89ecc80485e9e700000000000000000000000000000006]
[171/176    0s] Csc Library/Bee/artifacts/1900b0aE.dag/NeoEngDTrace.Editor.dll (+2 others)
[173/176    0s] CopyFiles Library/ScriptAssemblies/NeoEngDTrace.Editor.pdb
[174/176    0s] CopyFiles Library/ScriptAssemblies/NeoEngDTrace.Editor.dll
[175/176    1s] Csc Library/Bee/artifacts/1900b0aE.dag/Assembly-CSharp-Editor.dll (+2 others)
[176/176    0s] CopyFiles Library/ScriptAssemblies/Assembly-CSharp-Editor.pdb
[177/176    0s] CopyFiles Library/ScriptAssemblies/Assembly-CSharp-Editor.dll
*** Tundra build success (4.28 seconds), 173 items updated, 176 evaluated
AssetDatabase: script compilation time: 5.327982s
Begin MonoManager ReloadAssembly
Total cache size 173103284
Total cache size after purge 173103284, took 00:00:00.4770691
Importing 'GUID: 00000000000000001000000000000000 - Path: Assets' with importer (DefaultImporter)
Imported 'GUID: 00000000000000001000000000000000' -> (Import Result ID: 'd4b99c274a2bfd195a0fab07a219813d') in 0.013 seconds [static dependencies only]. Details - ImportResultOutputID=931399766a3d35f20ee4474945b75a67 DependenciesID=b70de132a7282aafa7414a97dcffc9e1 StaticDependenciesID=f5f353ad10b41c84dbd766055d9989c6 
Importing 'GUID: 00000000000000002000000000000000 - Path: ProjectSettings/InputManager.asset' with importer (LibraryAssetImporter)
Imported 'GUID: 00000000000000002000000000000000' -> (Import Result ID: '122dd9edfa1375de805a66904857642d') in 0.002 seconds [static dependencies only]. Details - ImportResultOutputID=0290babc70dea6fa2c98f564a251f1f8 DependenciesID=e13aed5572a9dfc6d157cca70707a022 StaticDependenciesID=233ebbccf2adc0a5c1ca8885eb2bc052 
Importing 'GUID: 00000000000000003000000000000000 - Path: ProjectSettings/TagManager.asset' with importer (LibraryAssetImporter)
Imported 'GUID: 00000000000000003000000000000000' -> (Import Result ID: 'e7f16330ab18354fa5c6c22588bd6b9e') in 0.001 seconds [static dependencies only]. Details - ImportResultOutputID=fd6696bcbef029973bb12ace65e33982 DependenciesID=f35365170e5d58c444badbe1c8e8a4fc StaticDependenciesID=bcd866a7c3956a26e77b74cfbc6210b0 
Importing 'GUID: 00000000000000004000000000000000 - Path: ProjectSettings/ProjectSettings.asset' with importer (LibraryAssetImporter)
Imported 'GUID: 00000000000000004000000000000000' -> (Import Result ID: '035b785f033eec1d923d0a48fdf05d32') in 0.001 seconds [static dependencies only]. Details - ImportResultOutputID=276a810dac73e1f29404d5e5f692e214 DependenciesID=e483997207f562bf662b4b376d0e6a12 StaticDependenciesID=f793b018709520bf6fe0f3a17fffbd2f 
Importing 'GUID: 00000000000000006000000000000000 - Path: ProjectSettings/AudioManager.asset' with importer (LibraryAssetImporter)
Imported 'GUID: 00000000000000006000000000000000' -> (Import Result ID: '222655a7ee09c701162a4a03301f329d') in 0.001 seconds [static dependencies only]. Details - ImportResultOutputID=acca44841ee8003c72d524064efb6e35 DependenciesID=1c867fc2eb1e33cbab379e9914026e24 StaticDependenciesID=c60a58a77039892abca1222b4524d2f6 
Importing 'GUID: 00000000000000007000000000000000 - Path: ProjectSettings/TimeManager.asset' with importer (LibraryAssetImporter)
Imported 'GUID: 00000000000000007000000000000000' -> (Import Result ID: 'b7cea43959c5a70f6cafb9d7bbf07204') in 0.001 seconds [static dependencies only]. Details - ImportResultOutputID=bcbe57e6eed4f14d697ceae3e9a4ee48 DependenciesID=b41fcbca90521a4ef76dc45abd5ee30f StaticDependenciesID=de80ff743d967013c06205e8643638c7 
Importing 'GUID: 00000000000000008000000000000000 - Path: ProjectSettings/DynamicsManager.asset' with importer (LibraryAssetImporter)
Imported 'GUID: 00000000000000008000000000000000' -> (Import Result ID: '01117e187546a80035e1d4d46e76d0d3') in 0.001 seconds [static dependencies only]. Details - ImportResultOutputID=af765d07e318cf68f695edacf91778bd DependenciesID=a72988d2a4e3c003a30c86e53a954198 StaticDependenciesID=7292a8773e09fece8a4831b39fe2006c 
Importing 'GUID: 00000000000000009000000000000000 - Path: ProjectSettings/QualitySettings.asset' with importer (LibraryAssetImporter)
Imported 'GUID: 00000000000000009000000000000000' -> (Import Result ID: '88b1caad7788adf2b3f6920226537fe1') in 0.001 seconds [static dependencies only]. Details - ImportResultOutputID=7b12711da11c94ad897442b4820d3f7b DependenciesID=253c850b96121a2945831e0885510615 StaticDependenciesID=3c048ebdf1fe67a565e3878bb03d32b6 
Importing 'GUID: 0000000000000000b000000000000000 - Path: ProjectSettings/EditorBuildSettings.asset' with importer (LibraryAssetImporter)
Imported 'GUID: 0000000000000000b000000000000000' -> (Import Result ID: '2e292a13dea8a88f7a8fdfa7e245ba03') in 0.001 seconds [static dependencies only]. Details - ImportResultOutputID=4647dd083cfc32cebcd7526e8846440c DependenciesID=3dbde5f0d39015c9d271c66bfeeb76cc StaticDependenciesID=bb1b3efeaa1814676e759f4b719a3637 
Importing 'GUID: 0000000000000000c000000000000000 - Path: ProjectSettings/EditorSettings.asset' with importer (LibraryAssetImporter)
Imported 'GUID: 0000000000000000c000000000000000' -> (Import Result ID: '27524ee8e486f2ffa050ba352ec7e2de') in 0.001 seconds [static dependencies only]. Details - ImportResultOutputID=fc08cc28cef36a03227c22ef67b54535 DependenciesID=a67e6951b1ff849fa93892b67cc04f3f StaticDependenciesID=6659f09da2fad0badc637a74ebfda2e2 
Importing 'GUID: 00000000000000004100000000000000 - Path: ProjectSettings/NavMeshAreas.asset' with importer (LibraryAssetImporter)
Imported 'GUID: 00000000000000004100000000000000' -> (Import Result ID: '46b5ec913a38468a6faec06896eae508') in 0.001 seconds [static dependencies only]. Details - ImportResultOutputID=90afd57cd2fd79df9534381ff5673272 DependenciesID=45d1aa60824ee9d69c2ca37e825a726b StaticDependenciesID=768cfffea40bf388eb2d762e3a890cea 
Importing 'GUID: 00000000000000005100000000000000 - Path: ProjectSettings/Physics2DSettings.asset' with importer (LibraryAssetImporter)
Imported 'GUID: 00000000000000005100000000000000' -> (Import Result ID: 'f668ca342e7e36520c736e6ebc6d382e') in 0.001 seconds [static dependencies only]. Details - ImportResultOutputID=51a8098361d5b0c1ab07bfc06e51f152 DependenciesID=cd9e79e3e3be26effd12085751c8f2bc StaticDependenciesID=4736f57993cccbae888eab25ec373e17 
Importing 'GUID: 00000000000000006100000000000000 - Path: ProjectSettings/GraphicsSettings.asset' with importer (LibraryAssetImporter)
Imported 'GUID: 00000000000000006100000000000000' -> (Import Result ID: '5bb79f5634c411213397437dc71f837f') in 0.001 seconds [static dependencies only]. Details - ImportResultOutputID=f9600466f06a676b7a4f639f6629ea48 DependenciesID=472884dae36dd4fa4029e0bfee54bb70 StaticDependenciesID=ce3f9b9b0558aee0455f15fbe1679d2d 
Importing 'GUID: 00000000000000007100000000000000 - Path: ProjectSettings/ClusterInputManager.asset' with importer (LibraryAssetImporter)
Imported 'GUID: 00000000000000007100000000000000' -> (Import Result ID: '6012ce5603f09e577aed0b98e99b19f6') in 0.001 seconds [static dependencies only]. Details - ImportResultOutputID=8ce0cedd10b8cd8471ed9838bfc872ed DependenciesID=2eeb3818bb72d92466f5f953bb62736b StaticDependenciesID=c84399ef936c24c7ddc46cfba0d9b6f9 
Importing 'GUID: 0000000000000000a100000000000000 - Path: ProjectSettings/UnityConnectSettings.asset' with importer (LibraryAssetImporter)
Imported 'GUID: 0000000000000000a100000000000000' -> (Import Result ID: '33ae2595f4bf6fdbcda99d991731ec59') in 0.001 seconds [static dependencies only]. Details - ImportResultOutputID=1989c27f310e62ee2c72d63f16a698d0 DependenciesID=95e5490b10cfbf0a98389d7a454554a7 StaticDependenciesID=e5799262eb4150d572a91320e9a15e14 
Importing 'GUID: 0000000000000000b100000000000000 - Path: ProjectSettings/PresetManager.asset' with importer (LibraryAssetImporter)
Imported 'GUID: 0000000000000000b100000000000000' -> (Import Result ID: '28ecaa07aa0626f067ead5bd138d0a69') in 0.001 seconds [static dependencies only]. Details - ImportResultOutputID=d271a469f14af9d29dbd89abc966f7ef DependenciesID=8e056439a10f7126afa94c46042b091c StaticDependenciesID=7b53acc339a522b0da4196921a41418e 
Importing 'GUID: 0000000000000000c100000000000000 - Path: ProjectSettings/VFXManager.asset' with importer (LibraryAssetImporter)
Imported 'GUID: 0000000000000000c100000000000000' -> (Import Result ID: '500a0c5a3eb90d0a1d5ec47a16bbfe30') in 0.001 seconds [static dependencies only]. Details - ImportResultOutputID=d5b1cc1b236d3087c4a5fc9e9cb18618 DependenciesID=ffec35c0b81aa3428ad4fd0a1cdbca40 StaticDependenciesID=73a7f55396d42bbd23b84f522c611c91 
Importing 'GUID: 0000000000000000d100000000000000 - Path: ProjectSettings/VersionControlSettings.asset' with importer (LibraryAssetImporter)
Imported 'GUID: 0000000000000000d100000000000000' -> (Import Result ID: '81e35fcbfa4800506724c99876c7088b') in 0.001 seconds [static dependencies only]. Details - ImportResultOutputID=0a19189542c4b1aa9afad4d76b36cbef DependenciesID=29b26ee47832bf1b39596302c61ef4b2 StaticDependenciesID=b5510de9c562b6e15681a7bd79c2c32e 
Importing 'GUID: 0000000000000000f100000000000000 - Path: ProjectSettings/MemorySettings.asset' with importer (LibraryAssetImporter)
Imported 'GUID: 0000000000000000f100000000000000' -> (Import Result ID: '0f1581ae83325c6e5d0e8c4cb170be96') in 0.001 seconds [static dependencies only]. Details - ImportResultOutputID=078c9215d0d3f7dcc6c2ea9c2e21e93e DependenciesID=bb7f7f7d6491522ddc09486deb395807 StaticDependenciesID=38dc31482a1c8109a46f25220dfbe454 
Importing 'GUID: 00000000000000000200000000000000 - Path: ProjectSettings/MultiplayerManager.asset' with importer (LibraryAssetImporter)
Imported 'GUID: 00000000000000000200000000000000' -> (Import Result ID: '6e3bb7f61b2e132c4c79fbeb19a1d328') in 0.001 seconds [static dependencies only]. Details - ImportResultOutputID=cc8bc420ff0fb13a9534be625b324364 DependenciesID=64d1db0c7eff66154c45d867da4ad13d StaticDependenciesID=5a00061f5d03ec70885cdd29485be38f 
Importing 'GUID: 00000000000000001200000000000000 - Path: ProjectSettings/PhysicsCoreProjectSettings2D.asset' with importer (LibraryAssetImporter)
Imported 'GUID: 00000000000000001200000000000000' -> (Import Result ID: '7db99f4ef78df8eea254cce16e190be4') in 0.001 seconds [static dependencies only]. Details - ImportResultOutputID=07b8874da21d0d67c4347d012422ba62 DependenciesID=c35a41b4dbc5a4a21cd219ec06d595b2 StaticDependenciesID=d7f6b6ebc14df93041ab7a97c0c9c64b 
Importing 'GUID: 00000000000000002300000000000000 - Path: Library/BuildInstructions' with importer (DefaultImporter)
Imported 'GUID: 00000000000000002300000000000000' -> (Import Result ID: 'd414f514f549833c39aae7152c59aeb3') in 0.001 seconds [static dependencies only]. Details - ImportResultOutputID=d2da4dbe7433590953d90148eb4e1f22 DependenciesID=f91b153018f3a82b66ea2319cf957f42 StaticDependenciesID=ef352f98b66d8f5b312774c3ee71f599 
Importing 'GUID: 046085d5c4e57dc418b33b4a29d01932 - Path: Assets/Editor' with importer (DefaultImporter)
Imported 'GUID: 046085d5c4e57dc418b33b4a29d01932' -> (Import Result ID: '42f83d56d2827684b74b46f12ab5fbb5') in 0.009 seconds [static dependencies only]. Details - ImportResultOutputID=f6f2d28d55e7d67d4261ff341838d2a9 DependenciesID=8683a6056cc6a707f7922b287c8c734b StaticDependenciesID=27eff45ae0b8ae3b57e1fccad1211f33 
Importing 'GUID: 458660a70e3e5684d93d4d38b8395537 - Path: Assets/animation_input' with importer (DefaultImporter)
Imported 'GUID: 458660a70e3e5684d93d4d38b8395537' -> (Import Result ID: '9856da68adc2b04ad36a7f6effd7bcbc') in 0.010 seconds [static dependencies only]. Details - ImportResultOutputID=e0b24ab5f5958c5eb615519fafa64945 DependenciesID=d4f902d7896626ee35b938f39bcb3753 StaticDependenciesID=f7ff27804f548120396d6603d37531b4 
Importing 'GUID: c7dce0d65b55a7d4e8826503b912ce5f - Path: Assets/NeoEngInput' with importer (DefaultImporter)
Imported 'GUID: c7dce0d65b55a7d4e8826503b912ce5f' -> (Import Result ID: 'e0cc1847ae7cb444a1d1021afd711e21') in 0.008 seconds [static dependencies only]. Details - ImportResultOutputID=c6d38511c77fe15d86c21b81232ea852 DependenciesID=05652bd30e3698f03a364a878eeb230e StaticDependenciesID=6adff2563ea09824f288a620a34ec797 
Importing 'GUID: 98b0a0cf5a1935bbaf60b9ac5a93abf8 - Path: Packages/com.neoeng.dtrace' with importer (DefaultImporter)
Imported 'GUID: 98b0a0cf5a1935bbaf60b9ac5a93abf8' -> (Import Result ID: 'd50b9e85004c8b0d45f25aecb9f10b74') in 0.001 seconds [static dependencies only]. Details - ImportResultOutputID=b6c4c185d9143dbe567c72c348d914c3 DependenciesID=c03fa5a395e4ae0b9c79cd71e742299d StaticDependenciesID=8b213288238789005e26ac911b72df79 
Importing 'GUID: df9b32aa971b58341bc6d87d88f789ff - Path: Assets/frames' with importer (DefaultImporter)
Imported 'GUID: df9b32aa971b58341bc6d87d88f789ff' -> (Import Result ID: '58f1181ffe22fac3fa564729813a8006') in 0.008 seconds [static dependencies only]. Details - ImportResultOutputID=61ac9559515d97cc5079b5fbcfb6124c DependenciesID=7b613554e35746c149213015c1c281f0 StaticDependenciesID=574bd0e83d4f6e19dab51a98dcdc2d53 
Importing 'GUID: 6e21d7dddcf826347b1c2deee8873b72 - Path: Packages/com.neoeng.dtrace/Editor' with importer (DefaultImporter)
Imported 'GUID: 6e21d7dddcf826347b1c2deee8873b72' -> (Import Result ID: '6c9916ed1d404efb0dd2fb2608b0b744') in 0.001 seconds [static dependencies only]. Details - ImportResultOutputID=d96fe135304bd8e86432b47eebfed8bd DependenciesID=dad63c2b45cec5162db767a47efe5519 StaticDependenciesID=c23c7dec6407c8a12544e0cc89b4daa6 
Importing 'GUID: 1f0a2e6f903ed2744b7335c190dd9010 - Path: Packages/com.neoeng.dtrace/Runtime' with importer (DefaultImporter)
Imported 'GUID: 1f0a2e6f903ed2744b7335c190dd9010' -> (Import Result ID: 'a7f3e7b90c0ddcbba2bb127d5e57d547') in 0.002 seconds [static dependencies only]. Details - ImportResultOutputID=5e6f01b66698b8aa5d494ebb1446ee4d DependenciesID=c3016889d88ee2fb4a39db21b4a5920e StaticDependenciesID=0f5fa5dc4df8931baf2effe211f8639d 
Importing 'GUID: 89566322e2ee35f4b838703dc7f05a10 - Path: Packages/com.neoeng.dtrace/Runtime/NeoEngDTrace.Runtime.asmdef' with importer (AssemblyDefinitionImporter)
Imported 'GUID: 89566322e2ee35f4b838703dc7f05a10' -> (Import Result ID: '628f52f995bcda421be89b585dd0f111') in 0.002 seconds [static dependencies only]. Details - ImportResultOutputID=9c4d44037f6324c1b040159c4bbe049d DependenciesID=46e9ea51a91f82d976798aa2a6702085 StaticDependenciesID=754e99df77ff6d2abf88d57453cbfe12 
Importing 'GUID: db48c8a94bd60b947b9c3368b52aac33 - Path: Packages/com.neoeng.dtrace/Editor/NeoEngDTrace.Editor.asmdef' with importer (AssemblyDefinitionImporter)
Imported 'GUID: db48c8a94bd60b947b9c3368b52aac33' -> (Import Result ID: '66df88169f45bb94f44dcebe84a87c15') in 0.002 seconds [static dependencies only]. Details - ImportResultOutputID=366b3f9ec22b45499f47695f70b758f7 DependenciesID=b5a717b05b2820435e5c723c5cc80473 StaticDependenciesID=5f306aa7170af30109b853a865e7bbdb 
Native extension for WindowsStandalone target not found
Native extension for WebGL target not found
ScheduleIndexationOnStartup MainProcess:True IndexOnStartup:True
Mono: successfully reloaded assembly
- Finished resetting the current domain, in  0.433 seconds
Domain Reload Profiling: 966ms
	BeginReloadAssembly (286ms)
		DisableScriptedObjects (34ms)
		CreateAndSetChildDomain (42ms)
	RebuildCommonClasses (9ms)
	RebuildNativeTypeToScriptingClass (18ms)
	initialDomainReloadingComplete (77ms)
	LoadAllAssembliesAndSetupDomain (140ms)
		LoadAssemblies (165ms)
		AnalyzeDomain (9ms)
			TypeCache.Refresh (4ms)
			BuildScriptInfoCaches (3ms)
	FinalizeReload (436ms)
		SetupLoadedEditorAssemblies (0ms)
			BeforeProcessingInitializeOnLoad (87ms)
			ProcessInitializeOnLoadAttributes (75ms)
			ProcessInitializeOnLoadMethodAttributes (78ms)
			AfterProcessingInitializeOnLoad (24ms)
		AwakeInstancesAfterBackupRestoration (24ms)
Importing 'GUID: 00000000000000005000000000000000 - Path: Library/BuildPlayer.prefs' with importer (DefaultImporter)
Imported 'GUID: 00000000000000005000000000000000' -> (Import Result ID: '968deb36040bbb7258278f93cba63355') in 0.007 seconds [static dependencies only]. Details - ImportResultOutputID=1f9c19b30680da8dab47159f77a4e657 DependenciesID=08a1ec4b674aa66bb1ce753815d843ed StaticDependenciesID=d072ca1f0d6ee50a54e7e140cc588a10 
Importing 'GUID: 9193cb47a2f2ad9489c4529574d146b5 - Path: Assets/animation_input/frame_1.png' with importer (TextureImporter)
Imported 'GUID: 9193cb47a2f2ad9489c4529574d146b5' -> (Import Result ID: '68c93df674e32a155f78ef801027ed80') in 0.021 seconds [static and dynamic dependencies]. Details - ImportResultOutputID=362aa06e1a0400ac57fdbb7c45904c7f DependenciesID=89d2682db59caca09ce953f67030ec6e StaticDependenciesID=458e8bfa895aa95eaebbbbdd90560583 
Importing 'GUID: d51507bfc4c586646b83d691c2172811 - Path: Assets/frames/frame_0001.png' with importer (TextureImporter)
Imported 'GUID: d51507bfc4c586646b83d691c2172811' -> (Import Result ID: '8da979b0fb5fe9c7f966b47872f22b95') in 0.010 seconds [static and dynamic dependencies]. Details - ImportResultOutputID=cf5d61bc3d1d25eceffb9311e08564b3 DependenciesID=3944ae7f3b1c437e5fa6a3cedc0f9e89 StaticDependenciesID=8c47d565b930f1c9f59c4bdb3f55b80f 
Importing 'GUID: 7b58ec3ae33352d4b841788a13990d53 - Path: Assets/source.png' with importer (TextureImporter)
Imported 'GUID: 7b58ec3ae33352d4b841788a13990d53' -> (Import Result ID: '1b9e771ab29a7316cf8d700a851f707b') in 0.011 seconds [static and dynamic dependencies]. Details - ImportResultOutputID=47c96a96d434c47b843cc94b1cc153b7 DependenciesID=cd57c04c2b38c2e1cc0885af3461f0ef StaticDependenciesID=471f0f1dec86c25206d9bac9f1f813c0 
Importing 'GUID: 9c4b638022512e64288a482799177ae1 - Path: Assets/frames/frame_0000.png' with importer (TextureImporter)
Imported 'GUID: 9c4b638022512e64288a482799177ae1' -> (Import Result ID: 'f784f271796306d5ba5ba3aebc128707') in 0.009 seconds [static and dynamic dependencies]. Details - ImportResultOutputID=a56c367147b2d64f4eb3422c2e380576 DependenciesID=78c435aee7ecc70a8f3e52a719abed50 StaticDependenciesID=01bcd1725be6867aec2c4d9e6374793f 
Importing 'GUID: 4f8b768f144997345ac6610f733bb9c2 - Path: Assets/animation_input/frame_0.png' with importer (TextureImporter)
Imported 'GUID: 4f8b768f144997345ac6610f733bb9c2' -> (Import Result ID: 'b4462e2df6863a973882462d37f55c1f') in 0.011 seconds [static and dynamic dependencies]. Details - ImportResultOutputID=26a37091dd2a8473c58fa6499337b504 DependenciesID=3d8fcfdfe5f60d9c5e3a5a9d3d15d617 StaticDependenciesID=e74efedd3b516811a27427f588759601 
Importing 'GUID: 216385aee1ce67c48876839104e9bc85 - Path: Packages/com.neoeng.dtrace/README.md' with importer (TextScriptImporter)
Imported 'GUID: 216385aee1ce67c48876839104e9bc85' -> (Import Result ID: '3153ad16d5559bbb26cfb7bd0c72aedb') in 0.002 seconds [static dependencies only]. Details - ImportResultOutputID=7a18c799650a19085748ff6cab33df05 DependenciesID=2b17eaee171889f416cfd0157ab395a1 StaticDependenciesID=ca03a2722bbe30bbe0b7e0b8d041f78a 
Importing 'GUID: a36d7e4ce2fa657469fab140728b3617 - Path: Assets/frames/animation.json' with importer (TextScriptImporter)
Imported 'GUID: a36d7e4ce2fa657469fab140728b3617' -> (Import Result ID: 'f85c3120258185cd6c4b70ba2bf556f3') in 0.009 seconds [static dependencies only]. Details - ImportResultOutputID=71b3688b6c92e965639ed126b85d5d10 DependenciesID=c53e8edc21200a98adddd17496bad109 StaticDependenciesID=401a3c4de555ea0d59d40bff8dceb52a 
Importing 'GUID: aaa0135daa5720d48a6c7f4ee52cd770 - Path: Assets/NeoEngInput/hero.ndt.integration.json' with importer (TextScriptImporter)
Imported 'GUID: aaa0135daa5720d48a6c7f4ee52cd770' -> (Import Result ID: 'b25f4339cf162746e64e173b3fb8e1dd') in 0.010 seconds [static dependencies only]. Details - ImportResultOutputID=1d71eac2d04bfb2abd9851ddefc417fb DependenciesID=4ea0e0bc273a80d02e81ff60825da649 StaticDependenciesID=95a14fc7fcdc4a968d613d1e14f3c388 
Importing 'GUID: 3ce275752c8ea7144aa046b9e356de89 - Path: Packages/com.neoeng.dtrace/package.json' with importer (PackageManifestImporter)
Imported 'GUID: 3ce275752c8ea7144aa046b9e356de89' -> (Import Result ID: '51240aa114e3e9993e6fb47684a14839') in 0.003 seconds [static dependencies only]. Details - ImportResultOutputID=4559b875f090ac2275feaacc02d514d5 DependenciesID=cbfde069c36de0dd9491991ae0d187b9 StaticDependenciesID=5ad163b283f1626bef5be24e0b56fcb9 
Starting new worker id: 0 with log in <local-path>
Loading style catalogs (6)
	StyleSheets/Extensions/base/common.uss
	UIPackageResources/StyleSheets/Default/Variables/Public/common.uss
	StyleSheets/Northstar/common.uss
	StyleSheets/Extensions/fonts/inter.uss
	StyleSheets/Extensions/base/dark.uss
	UIPackageResources/StyleSheets/Default/Northstar/Palette/dark.uss

Asset Pipeline Refresh (id=83622f4afd2336e4f8370ac33470eba8): Total: 7.504 seconds - Initiated by InitialRefreshV2(ForceSynchronousImport)
	(Values over 0.05ms)
	Summary:
		Imports: total=41 (actual=41, local cache=0, cache server=0)
		Asset DB Process Time: managed=5 ms, native=833 ms
		Asset DB Callback time: managed=171 ms, native=533 ms
		Scripting: domain reloads=1, domain reload time=606 ms, compile time=5330 ms, other=24 ms
		Project Asset Count: scripts=31, non-scripts=10
		Asset File Changes: new=52, changed=52, moved=0, deleted=0
		Scan Filter Count: 0
	InvokePackagesCallback: 508.454ms
	ApplyChangesToAssetFolders: 0.523ms
	Scan: 109.542ms
	Collect global state as custom dependencies: 12.341ms
	OnSourceAssetsModified: 0.747ms
	CategorizeScriptCompilationAssets: 0.076ms
	ProcessAssetsWithTransientArtifactChanges: 0.603ms
	CategorizeAssets: 0.312ms
	CompileScripts: 5329.824ms
	ImportOutOfDateAssets: 635.892ms (444.242ms without children)
		ImportManagerImport: 178.039ms (4.697ms without children)
			UpdateCategorizedAssets: 0.077ms
		UnloadImportedAssets: 0.311ms
		ImportSchedulerStart: 13.280ms
	PostProcessAllAssets: 220.390ms
		VersionControlSettings.HiddenFilePostprocess 5.147ms
		AssemblyValidation.PostprocessAllAssets 0.974ms
		PostProcessCallbackCreateDeferredMaterials 0.079ms
		ComputeShaderImportPostprocess 0.068ms
		LocalizationDatabase.AssetDatabasePostprocessCallback 0.064ms
		ShaderAssetModifiedCallback 0.055ms
		SpeedTreeImporter.PostprocessAllAssets 0.053ms
		RaytracingShaderImportPostprocess 0.051ms
		MonoPostProcessAllAssets: 170.196ms
			StyleCatalogPostProcessor.OnPostprocessAllAssets 121.527ms
			AssetPostprocessor.OnPostprocessAllAssets 12.455ms
			WindowAssetPostprocessingWatcher.OnPostprocessAllAssets 9.155ms
			BuilderAssetPostprocessor.OnPostprocessAllAssets 5.862ms
			AssetChangedListener.OnPostprocessAllAssets 2.298ms
			SyncVS.PostprocessSyncProject 2.129ms
			TextAssetPostProcessor.OnPostprocessAllAssets 1.933ms
			RetainedModeAssetPostprocessor.OnPostprocessAllAssets 1.774ms
			EditModeScopePostprocessor.OnPostprocessAllAssets 0.929ms
			SpeedTree9Postprocessor.OnPostprocessAllAssets 0.819ms
			ArtifactBrowserPostProcessor.OnPostprocessAllAssets 0.517ms
			AutoSyncPostprocessor.OnPostprocessAllAssets 0.493ms
			ReferencedClipsPostProcessor.OnPostprocessAllAssets 0.438ms
			AudioMixerPostprocessor.OnPostprocessAllAssets 0.380ms
			AssetEvents.OnPostprocessAllAssets 0.244ms
			TerrainToolbarOverlayPostProcessor.OnPostprocessAllAssets 0.222ms
			AssetDatabaseCallbacks.OnPostprocessAllAssets 0.176ms
			RenderPipelineGlobalSettingsPostprocessor.OnPostprocessAllAssets 0.160ms
			SpeedTreePostProcessor.OnPostprocessAllAssets 0.148ms
			ConfigAssetsTracker.OnPostprocessAllAssets 0.146ms
			ScenarioDriftAssetsTracker.OnPostprocessAllAssets 0.133ms
			AudioContainerPostProcessor.OnPostprocessAllAssets 0.074ms
	PostAssetChangesProfiler: 0.822ms
	UnloadStreamsBegin: 1.145ms
	PersistCurrentRevisions: 0.074ms
	Untracked: 689.860ms

Application.AssetDatabase Initial Refresh End
Scanning for USB devices : 10.817ms
Initializing Unity extensions:
[MODES] ModeService[none].Initialize
[MODES] ModeService[none].LoadModes
[MODES] Loading mode Default (0) for mode-current-id-positive
Unloading 3 Unused Serialized files (Serialized files now loaded: 0)
Unloading 25 unused Assets / (0.5 MB). Loaded Objects now: 677.
Memory consumption went from 187.7 MB to 187.2 MB.
Total: 4.881100 ms (FindLiveObjects: 0.036900 ms CreateObjectMapping: 0.007500 ms MarkObjects: 4.645600 ms  DeleteObjects: 0.186900 ms)

Microsoft Media Foundation video decoding to texture disabled: graphics device is Null, only Direct3D 11 and Direct3D 12 (only on desktop) are supported for hardware-accelerated video decoding.
[Project] Loading completed in 9.741 seconds
	Project init time: 				9.549 seconds
		Template init time: 		0.000 seconds
		Package Manager init time: 		0.347 seconds
		Asset Database init time: 		0.332 seconds
		Global illumination init time: 	0.002 seconds
		Assemblies load time: 			1.153 seconds
		Unity extensions init time: 	0.000 seconds
		Asset Database refresh time: 	7.504 seconds
	Scene opening time: 			0.085 seconds
##utp:{"type":"ProjectInfo","version":2,"phase":"Immediate","time":1787002901417,"processId: <redacted>,"projectLoad":9.741329499999999,"projectInit":9.5491938,"templateInit":0.0,"packageManagerInit":0.3471792,"assetDatabaseInit":0.3324514,"globalIlluminationInit":0.0022622,"assembliesLoad":1.1533614,"unityExtensionsInit":0.0003094,"assetDatabaseRefresh":7.5040624,"sceneOpening":0.0846485}
##utp:{"type":"EditorInfo","version":2,"phase":"Immediate","time":1787002901417,"processId: <redacted>,"editorVersion":"6000.5.7f1 (017862109af0)","branch":"6000.5/staging","buildType":"Release","platform":"Windows"}
[MODES] ModeService[default].LoadModes
[Licensing::Client] Successfully resolved entitlement details
Importing 'GUID: 4211416f730aa0945baa614429feb755 - Path: Assets/NeoEngGenerated' with importer (DefaultImporter)
Imported 'GUID: 4211416f730aa0945baa614429feb755' -> (Import Result ID: '226049f12544baa9dc7f68144834b353') in 0.009 seconds [static dependencies only]. Details - ImportResultOutputID=91ce9853fd858547973a01d73bf39b2f DependenciesID=cae27baac4dd3ae5133656ae69b83d3e StaticDependenciesID=c1ac5506a707e1dbf74179217478a20b 
Asset Pipeline Refresh (id=db5eb850430f280459fad386925ffacf): Total: 0.083 seconds - Initiated by RefreshV2(NoUpdateAssetOptions)
Importing 'GUID: 7b58ec3ae33352d4b841788a13990d53 - Path: Assets/source.png' with importer (TextureImporter)
Imported 'GUID: 7b58ec3ae33352d4b841788a13990d53' -> (Import Result ID: '1b9e771ab29a7316cf8d700a851f707b') in 0.001 seconds [static and dynamic dependencies]. Details - ImportResultOutputID=47c96a96d434c47b843cc94b1cc153b7 DependenciesID=cd57c04c2b38c2e1cc0885af3461f0ef StaticDependenciesID=471f0f1dec86c25206d9bac9f1f813c0 
Asset Pipeline Refresh (id=a5c54d5795f972b4e95fef05cce50bc7): Total: 0.017 seconds - Initiated by StopAssetImportingV2(NoUpdateAssetOptions)
Importing 'GUID: b5ec0fa73c569e54c8bbf3da48b0956d - Path: Assets/NeoEngGenerated/hero.sprite.asset' with importer (NativeFormatImporter)
Imported 'GUID: b5ec0fa73c569e54c8bbf3da48b0956d' -> (Import Result ID: 'e08b21bb28ca9a8881384c00a71011eb') in 0.002 seconds [static dependencies only]. Details - ImportResultOutputID=e75330af9af86f63d51836adfd48a56d DependenciesID=bfa42d0cfc902d699118ecee734c9a02 StaticDependenciesID=9281446d18dcd29692e199ca4ca1d446 
Asset Pipeline Refresh (id=c50919a09d4982741b2fd28cec7acc59): Total: 0.023 seconds - Initiated by StopAssetImportingV2(NoUpdateAssetOptions)
Importing 'GUID: cabd22f8f8a186f47a52e57eede26700 - Path: Assets/NeoEngGenerated/hero.metadata.asset' with importer (NativeFormatImporter)
Imported 'GUID: cabd22f8f8a186f47a52e57eede26700' -> (Import Result ID: '8e69872e2f0857a1e709726d56f4f5c6') in 0.002 seconds [static dependencies only]. Details - ImportResultOutputID=3ab038dfdc66571988951a8c2da6b0ef DependenciesID=7a6faea8aaaba24b1daddd3e17f80712 StaticDependenciesID=3713b534731053d126c810454b39daa9 
Asset Pipeline Refresh (id=b06764af144afb446886e86d70f05cb7): Total: 0.022 seconds - Initiated by StopAssetImportingV2(NoUpdateAssetOptions)
Importing 'GUID: 758f99f3eee85464ca5dde5ef26d2dfb - Path: Assets/NeoEngGenerated/hero.prefab' with importer (PrefabImporter)
Imported 'GUID: 758f99f3eee85464ca5dde5ef26d2dfb' -> (Import Result ID: '6b2c3b0ef15341cf1aa94b51271e0b41') in 0.013 seconds [static and dynamic dependencies]. Details - ImportResultOutputID=c83228d6c7c99cf0a2655771f9d44002 DependenciesID=9790fc7bdbdd41e41a9a4bbe3b841188 StaticDependenciesID=9d629c3839a79d0da1f027f88d37be09 
Asset Pipeline Refresh (id=ba6cbaee597a7ae41820d09ae18a0249): Total: 0.038 seconds - Initiated by StopAssetImportingV2(NoUpdateAssetOptions)
Importing 'GUID: 9c4b638022512e64288a482799177ae1 - Path: Assets/frames/frame_0000.png' with importer (TextureImporter)
Imported 'GUID: 9c4b638022512e64288a482799177ae1' -> (Import Result ID: 'f784f271796306d5ba5ba3aebc128707') in 0.001 seconds [static and dynamic dependencies]. Details - ImportResultOutputID=a56c367147b2d64f4eb3422c2e380576 DependenciesID=78c435aee7ecc70a8f3e52a719abed50 StaticDependenciesID=01bcd1725be6867aec2c4d9e6374793f 
Asset Pipeline Refresh (id=1e583b67934285a4e94c9b12887addfa): Total: 0.018 seconds - Initiated by StopAssetImportingV2(NoUpdateAssetOptions)
Importing 'GUID: d51507bfc4c586646b83d691c2172811 - Path: Assets/frames/frame_0001.png' with importer (TextureImporter)
Imported 'GUID: d51507bfc4c586646b83d691c2172811' -> (Import Result ID: '8da979b0fb5fe9c7f966b47872f22b95') in 0.001 seconds [static and dynamic dependencies]. Details - ImportResultOutputID=cf5d61bc3d1d25eceffb9311e08564b3 DependenciesID=3944ae7f3b1c437e5fa6a3cedc0f9e89 StaticDependenciesID=8c47d565b930f1c9f59c4bdb3f55b80f 
Asset Pipeline Refresh (id=c50562ddab86ef34fbb2bfbf4e143264): Total: 0.018 seconds - Initiated by StopAssetImportingV2(NoUpdateAssetOptions)
Importing 'GUID: 7b58ec3ae33352d4b841788a13990d53 - Path: Assets/source.png' with importer (TextureImporter)
Imported 'GUID: 7b58ec3ae33352d4b841788a13990d53' -> (Import Result ID: '1b9e771ab29a7316cf8d700a851f707b') in 0.001 seconds [static and dynamic dependencies]. Details - ImportResultOutputID=47c96a96d434c47b843cc94b1cc153b7 DependenciesID=cd57c04c2b38c2e1cc0885af3461f0ef StaticDependenciesID=471f0f1dec86c25206d9bac9f1f813c0 
Asset Pipeline Refresh (id=3dd46424d4af99c4286e19209a1f68d5): Total: 0.018 seconds - Initiated by StopAssetImportingV2(NoUpdateAssetOptions)
Importing 'GUID: 7b58ec3ae33352d4b841788a13990d53 - Path: Assets/source.png' with importer (TextureImporter)
Imported 'GUID: 7b58ec3ae33352d4b841788a13990d53' -> (Import Result ID: '1b9e771ab29a7316cf8d700a851f707b') in 0.001 seconds [static and dynamic dependencies]. Details - ImportResultOutputID=47c96a96d434c47b843cc94b1cc153b7 DependenciesID=cd57c04c2b38c2e1cc0885af3461f0ef StaticDependenciesID=471f0f1dec86c25206d9bac9f1f813c0 
Asset Pipeline Refresh (id=9e24c90401673eb45b864ad1665f237e): Total: 0.018 seconds - Initiated by StopAssetImportingV2(NoUpdateAssetOptions)
Importing 'GUID: 9c4b638022512e64288a482799177ae1 - Path: Assets/frames/frame_0000.png' with importer (TextureImporter)
Imported 'GUID: 9c4b638022512e64288a482799177ae1' -> (Import Result ID: 'f784f271796306d5ba5ba3aebc128707') in 0.001 seconds [static and dynamic dependencies]. Details - ImportResultOutputID=a56c367147b2d64f4eb3422c2e380576 DependenciesID=78c435aee7ecc70a8f3e52a719abed50 StaticDependenciesID=01bcd1725be6867aec2c4d9e6374793f 
Asset Pipeline Refresh (id=d467585149fed4943ac350495a2fc699): Total: 0.017 seconds - Initiated by StopAssetImportingV2(NoUpdateAssetOptions)
Importing 'GUID: 675dd16cf6b7889428f473c4e2ef7d25 - Path: Assets/NeoEngGenerated/hero_animation.animation' with importer (DefaultImporter)
Imported 'GUID: 675dd16cf6b7889428f473c4e2ef7d25' -> (Import Result ID: 'c56c4611239351b009e02fcfe2c50dc4') in 0.014 seconds [static dependencies only]. Details - ImportResultOutputID=24c2a6dcec0958a6853aa518f8193aac DependenciesID=5dbfc7dc1df0c0a0784f989375ea621e StaticDependenciesID=bcca9c9923780c468541f361042e65a3 
Importing 'GUID: aaa67b16d6267354db11115b0b96a17d - Path: Assets/NeoEngGenerated/hero_animation.animation/frame_0000.sprite.asset' with importer (NativeFormatImporter)
Imported 'GUID: aaa67b16d6267354db11115b0b96a17d' -> (Import Result ID: '71ef7837aa87d20006d3ad00601d5e9e') in 0.002 seconds [static dependencies only]. Details - ImportResultOutputID=951db9e4018525414a25ebf0cd493475 DependenciesID=81fad8cb441db74bdc255fb82199461e StaticDependenciesID=9c093e99a21f2e47017f35835d6f50da 
Asset Pipeline Refresh (id=9c8fe5659468ac84680eeb5363d952fd): Total: 0.040 seconds - Initiated by StopAssetImportingV2(NoUpdateAssetOptions)
Importing 'GUID: d51507bfc4c586646b83d691c2172811 - Path: Assets/frames/frame_0001.png' with importer (TextureImporter)
Imported 'GUID: d51507bfc4c586646b83d691c2172811' -> (Import Result ID: '8da979b0fb5fe9c7f966b47872f22b95') in 0.001 seconds [static and dynamic dependencies]. Details - ImportResultOutputID=cf5d61bc3d1d25eceffb9311e08564b3 DependenciesID=3944ae7f3b1c437e5fa6a3cedc0f9e89 StaticDependenciesID=8c47d565b930f1c9f59c4bdb3f55b80f 
Asset Pipeline Refresh (id=543af44d33a538945994bc7c962ac509): Total: 0.019 seconds - Initiated by StopAssetImportingV2(NoUpdateAssetOptions)
Importing 'GUID: d1e07f58b0def124bb0ac41e0825d2d3 - Path: Assets/NeoEngGenerated/hero_animation.animation/frame_0001.sprite.asset' with importer (NativeFormatImporter)
Imported 'GUID: d1e07f58b0def124bb0ac41e0825d2d3' -> (Import Result ID: '8f79dfb1eb5d7d79238f20391f6db684') in 0.002 seconds [static dependencies only]. Details - ImportResultOutputID=302f74a44f90b49f92ab1df9fa35d2d9 DependenciesID=70f888ff992e3e49f63002f39f922ed6 StaticDependenciesID=fec3ffa03285ca8c5fa6774baa33c17b 
Asset Pipeline Refresh (id=1a9540f8d959de44e9d0b882b093e477): Total: 0.022 seconds - Initiated by StopAssetImportingV2(NoUpdateAssetOptions)
Importing 'GUID: f20be53d7d8a4fb4c8d77a3cb39f33de - Path: Assets/NeoEngGenerated/hero_animation.animation/hero_animation.metadata.asset' with importer (NativeFormatImporter)
Imported 'GUID: f20be53d7d8a4fb4c8d77a3cb39f33de' -> (Import Result ID: '76b3011606e97833e1c91aef11a3446d') in 0.002 seconds [static dependencies only]. Details - ImportResultOutputID=3ced8f7f71f4ed43726853b611e34fb9 DependenciesID=f8381320034022042139aa60b412ba55 StaticDependenciesID=3c91117a54733e3f195ccad0a5c3775e 
Asset Pipeline Refresh (id=6276490fa27e95c47a0aef6448e67c59): Total: 0.023 seconds - Initiated by StopAssetImportingV2(NoUpdateAssetOptions)
Importing 'GUID: eec6c9be9c604f54da0e48cb9e316ad1 - Path: Assets/NeoEngGenerated/hero_animation.animation/hero_animation.anim' with importer (NativeFormatImporter)
Imported 'GUID: eec6c9be9c604f54da0e48cb9e316ad1' -> (Import Result ID: '321532bb5d761da534bbed52fa50da2a') in 0.002 seconds [static dependencies only]. Details - ImportResultOutputID=680d61407f23156fc4f1ccbd3feb3dc7 DependenciesID=2aacb6865ed031213ea3bbfa566c6b6b StaticDependenciesID=4fbcf57a1dbc259a11d2deaeb5e2901f 
Asset Pipeline Refresh (id=89afc7fe77b582741888287918a58510): Total: 0.023 seconds - Initiated by StopAssetImportingV2(NoUpdateAssetOptions)
Importing 'GUID: 7ad8934c7c8845b469db4750e44e9cad - Path: Assets/NeoEngGenerated/hero_animation.animation/hero_animation.controller' with importer (NativeFormatImporter)
Imported 'GUID: 7ad8934c7c8845b469db4750e44e9cad' -> (Import Result ID: '355e4ccc69ca7e2345e51687e52776d0') in 0.003 seconds [static dependencies only]. Details - ImportResultOutputID=fade97bac862b0d20aec4bff25555fec DependenciesID=6000ae286471b158155ff81c66d8ebe7 StaticDependenciesID=a017a839c304aa990e2b49d0c05089d6 
Asset Pipeline Refresh (id=d36e611c5fdc0b544b994ad742c58981): Total: 0.022 seconds - Initiated by StopAssetImportingV2(NoUpdateAssetOptions)
Importing 'GUID: 7ad8934c7c8845b469db4750e44e9cad - Path: Assets/NeoEngGenerated/hero_animation.animation/hero_animation.controller' with importer (NativeFormatImporter)
Imported 'GUID: 7ad8934c7c8845b469db4750e44e9cad' -> (Import Result ID: '5d744d5494f66723df4b6ed8ad8c4d85') in 0.001 seconds [static dependencies only]. Details - ImportResultOutputID=fade97bac862b0d20aec4bff25555fec DependenciesID=ca34d44510d52e295827c204f3a4965c StaticDependenciesID=78833b59494aeb3d6846fa6f0b1742bb 
Asset Pipeline Refresh (id=b030072030d2d8e409e48de375699fab): Total: 0.018 seconds - Initiated by StopAssetImportingV2(NoUpdateAssetOptions)
Importing 'GUID: 3fb653a3acbdecc46ab46c59731e314c - Path: Assets/NeoEngGenerated/hero_animation.animation/hero_animation.prefab' with importer (PrefabImporter)
Imported 'GUID: 3fb653a3acbdecc46ab46c59731e314c' -> (Import Result ID: 'cec623010b48de6afe94a0484508fd7e') in 0.014 seconds [static and dynamic dependencies]. Details - ImportResultOutputID=557684e39f4293f4eea46e946c7aa228 DependenciesID=3140ed5533a48fc3ade2da37ae7623f4 StaticDependenciesID=6d660560bf1cc329845f952eecb05a92 
Asset Pipeline Refresh (id=3e06f5fb2b69e164e95945a9c23ac10d): Total: 0.035 seconds - Initiated by StopAssetImportingV2(NoUpdateAssetOptions)
Importing 'GUID: 7b58ec3ae33352d4b841788a13990d53 - Path: Assets/source.png' with importer (TextureImporter)
Imported 'GUID: 7b58ec3ae33352d4b841788a13990d53' -> (Import Result ID: '1b9e771ab29a7316cf8d700a851f707b') in 0.001 seconds [static and dynamic dependencies]. Details - ImportResultOutputID=47c96a96d434c47b843cc94b1cc153b7 DependenciesID=cd57c04c2b38c2e1cc0885af3461f0ef StaticDependenciesID=471f0f1dec86c25206d9bac9f1f813c0 
Asset Pipeline Refresh (id=ec74ead6fc4fc91439d70353621c2297): Total: 0.017 seconds - Initiated by StopAssetImportingV2(NoUpdateAssetOptions)
Importing 'GUID: 3baa46998976c4748b2f90bd82829081 - Path: Assets/NeoEngGenerated/hero_tileset.tileset' with importer (DefaultImporter)
Imported 'GUID: 3baa46998976c4748b2f90bd82829081' -> (Import Result ID: '9236fac9b0bd79b69df12b7776ceb194') in 0.013 seconds [static dependencies only]. Details - ImportResultOutputID=9deb16d927a37d3ebd6333e360f786bd DependenciesID=84e724746add9c7311bc0d1b92fe232b StaticDependenciesID=c4981ba46a6cd3331096980735f7d441 
Importing 'GUID: bbd5e4b913755854a9ab9be2c01b7195 - Path: Assets/NeoEngGenerated/hero_tileset.tileset/tile_0000.sprite.asset' with importer (NativeFormatImporter)
Imported 'GUID: bbd5e4b913755854a9ab9be2c01b7195' -> (Import Result ID: '22ed0236e857c943820c7f27af0f8c03') in 0.001 seconds [static dependencies only]. Details - ImportResultOutputID=429b58a1b3c0905b00aee0330affce7e DependenciesID=a095ae3e1109e34bec6ba3fc5514f0f1 StaticDependenciesID=dcbf16eb0539fa2454d81b19a0c643c1 
Asset Pipeline Refresh (id=777ef517d06d2c94581af43d6cdd6173): Total: 0.036 seconds - Initiated by StopAssetImportingV2(NoUpdateAssetOptions)
Not allowed to override physics shape on sprite 'tile_0000.sprite'
UnityEngine.Debug:ExtractStackTraceNoAlloc (byte*,int,string)
UnityEngine.StackTraceUtility:ExtractStackTrace ()
UnityEngine.Sprite:OverridePhysicsShapeCount (UnityEngine.Sprite,int)
UnityEngine.Sprite:OverridePhysicsShape (System.Collections.Generic.IList`1<UnityEngine.Vector2[]>)
NeoEng.DTrace.Editor.UnityOptionalResourceImporter:ImportTileset (NeoEng.DTrace.Editor.UnityImportGenerator/IntegrationManifest,string,string,UnityEngine.Texture2D,NeoEng.DTrace.Editor.UnityImportGenerator/ImportResult) (at <local-path>
NeoEng.DTrace.Editor.UnityOptionalResourceImporter:Import (NeoEng.DTrace.Editor.UnityImportGenerator/IntegrationManifest,string,string,UnityEngine.Texture2D,NeoEng.DTrace.Editor.UnityImportGenerator/ImportResult) (at <local-path>
NeoEng.DTrace.Editor.UnityImportGenerator:ImportManifestUnsafe (string) (at <local-path>
NeoEng.DTrace.Editor.UnityImportGenerator:ImportManifest (string) (at <local-path>
NeoEngStage3Runner:RunPositive () (at Assets/Editor/NeoEngStage3Runner.cs:42)
NeoEngStage3Runner:Begin () (at Assets/Editor/NeoEngStage3Runner.cs:27)
UnityEditor.EditorApplication:Internal_CallDelayFunctions ()

[<local-path>

Not allowed to override physics shape on sprite 'tile_0000.sprite'
UnityEngine.Debug:ExtractStackTraceNoAlloc (byte*,int,string)
UnityEngine.StackTraceUtility:ExtractStackTrace ()
UnityEngine.Sprite:OverridePhysicsShape (UnityEngine.Sprite,UnityEngine.Vector2[],int)
UnityEngine.Sprite:OverridePhysicsShape (System.Collections.Generic.IList`1<UnityEngine.Vector2[]>)
NeoEng.DTrace.Editor.UnityOptionalResourceImporter:ImportTileset (NeoEng.DTrace.Editor.UnityImportGenerator/IntegrationManifest,string,string,UnityEngine.Texture2D,NeoEng.DTrace.Editor.UnityImportGenerator/ImportResult) (at <local-path>
NeoEng.DTrace.Editor.UnityOptionalResourceImporter:Import (NeoEng.DTrace.Editor.UnityImportGenerator/IntegrationManifest,string,string,UnityEngine.Texture2D,NeoEng.DTrace.Editor.UnityImportGenerator/ImportResult) (at <local-path>
NeoEng.DTrace.Editor.UnityImportGenerator:ImportManifestUnsafe (string) (at <local-path>
NeoEng.DTrace.Editor.UnityImportGenerator:ImportManifest (string) (at <local-path>
NeoEngStage3Runner:RunPositive () (at Assets/Editor/NeoEngStage3Runner.cs:42)
NeoEngStage3Runner:Begin () (at Assets/Editor/NeoEngStage3Runner.cs:27)
UnityEditor.EditorApplication:Internal_CallDelayFunctions ()

[<local-path>

Importing 'GUID: 0da9ccaf723742f4bafd6e9e09b2076c - Path: Assets/NeoEngGenerated/hero_tileset.tileset/tile_0000.tile.asset' with importer (NativeFormatImporter)
Imported 'GUID: 0da9ccaf723742f4bafd6e9e09b2076c' -> (Import Result ID: '3dad3a76988a7c651bdcb19f146c7354') in 0.002 seconds [static dependencies only]. Details - ImportResultOutputID=8c9c38d738d7d6afc9502fe7709fa887 DependenciesID=5c300d59ffabd3d41316d6454be96ac3 StaticDependenciesID=dff71f0b238b0543ff0e75b34f7144e6 
Asset Pipeline Refresh (id=7528f33892710a740a81749af3a9a752): Total: 0.023 seconds - Initiated by StopAssetImportingV2(NoUpdateAssetOptions)
Importing 'GUID: 7b58ec3ae33352d4b841788a13990d53 - Path: Assets/source.png' with importer (TextureImporter)
Imported 'GUID: 7b58ec3ae33352d4b841788a13990d53' -> (Import Result ID: '1b9e771ab29a7316cf8d700a851f707b') in 0.001 seconds [static and dynamic dependencies]. Details - ImportResultOutputID=47c96a96d434c47b843cc94b1cc153b7 DependenciesID=cd57c04c2b38c2e1cc0885af3461f0ef StaticDependenciesID=471f0f1dec86c25206d9bac9f1f813c0 
Asset Pipeline Refresh (id=809007b955a775449a3db20781b01d65): Total: 0.018 seconds - Initiated by StopAssetImportingV2(NoUpdateAssetOptions)
Importing 'GUID: a51277963b400f04bb81e9b6221b5063 - Path: Assets/NeoEngGenerated/hero_tileset.tileset/tile_0001.sprite.asset' with importer (NativeFormatImporter)
Imported 'GUID: a51277963b400f04bb81e9b6221b5063' -> (Import Result ID: 'acd8ed8fe6af82bfe0ad0f35c67d3d60') in 0.001 seconds [static dependencies only]. Details - ImportResultOutputID=814d167784bcb3b95049e712f8b1b1f4 DependenciesID=c5c1b0c82003d323000b991892d1ac10 StaticDependenciesID=c97409ce003b127d30ec50eb0c6e6758 
Asset Pipeline Refresh (id=c564b52abbd47714482bc8ecd5a0242f): Total: 0.021 seconds - Initiated by StopAssetImportingV2(NoUpdateAssetOptions)
Not allowed to override physics shape on sprite 'tile_0001.sprite'
UnityEngine.Debug:ExtractStackTraceNoAlloc (byte*,int,string)
UnityEngine.StackTraceUtility:ExtractStackTrace ()
UnityEngine.Sprite:OverridePhysicsShapeCount (UnityEngine.Sprite,int)
UnityEngine.Sprite:OverridePhysicsShape (System.Collections.Generic.IList`1<UnityEngine.Vector2[]>)
NeoEng.DTrace.Editor.UnityOptionalResourceImporter:ImportTileset (NeoEng.DTrace.Editor.UnityImportGenerator/IntegrationManifest,string,string,UnityEngine.Texture2D,NeoEng.DTrace.Editor.UnityImportGenerator/ImportResult) (at <local-path>
NeoEng.DTrace.Editor.UnityOptionalResourceImporter:Import (NeoEng.DTrace.Editor.UnityImportGenerator/IntegrationManifest,string,string,UnityEngine.Texture2D,NeoEng.DTrace.Editor.UnityImportGenerator/ImportResult) (at <local-path>
NeoEng.DTrace.Editor.UnityImportGenerator:ImportManifestUnsafe (string) (at <local-path>
NeoEng.DTrace.Editor.UnityImportGenerator:ImportManifest (string) (at <local-path>
NeoEngStage3Runner:RunPositive () (at Assets/Editor/NeoEngStage3Runner.cs:42)
NeoEngStage3Runner:Begin () (at Assets/Editor/NeoEngStage3Runner.cs:27)
UnityEditor.EditorApplication:Internal_CallDelayFunctions ()

[<local-path>

Not allowed to override physics shape on sprite 'tile_0001.sprite'
UnityEngine.Debug:ExtractStackTraceNoAlloc (byte*,int,string)
UnityEngine.StackTraceUtility:ExtractStackTrace ()
UnityEngine.Sprite:OverridePhysicsShape (UnityEngine.Sprite,UnityEngine.Vector2[],int)
UnityEngine.Sprite:OverridePhysicsShape (System.Collections.Generic.IList`1<UnityEngine.Vector2[]>)
NeoEng.DTrace.Editor.UnityOptionalResourceImporter:ImportTileset (NeoEng.DTrace.Editor.UnityImportGenerator/IntegrationManifest,string,string,UnityEngine.Texture2D,NeoEng.DTrace.Editor.UnityImportGenerator/ImportResult) (at <local-path>
NeoEng.DTrace.Editor.UnityOptionalResourceImporter:Import (NeoEng.DTrace.Editor.UnityImportGenerator/IntegrationManifest,string,string,UnityEngine.Texture2D,NeoEng.DTrace.Editor.UnityImportGenerator/ImportResult) (at <local-path>
NeoEng.DTrace.Editor.UnityImportGenerator:ImportManifestUnsafe (string) (at <local-path>
NeoEng.DTrace.Editor.UnityImportGenerator:ImportManifest (string) (at <local-path>
NeoEngStage3Runner:RunPositive () (at Assets/Editor/NeoEngStage3Runner.cs:42)
NeoEngStage3Runner:Begin () (at Assets/Editor/NeoEngStage3Runner.cs:27)
UnityEditor.EditorApplication:Internal_CallDelayFunctions ()

[<local-path>

Importing 'GUID: d5699aa1015af244dac8568693149611 - Path: Assets/NeoEngGenerated/hero_tileset.tileset/tile_0001.tile.asset' with importer (NativeFormatImporter)
Imported 'GUID: d5699aa1015af244dac8568693149611' -> (Import Result ID: '3f7f3ffe7bb4c1262f1c21fc381ac6ed') in 0.002 seconds [static dependencies only]. Details - ImportResultOutputID=8265269c75b897ef56c8e86354e17f67 DependenciesID=0ea4979f38cd1c802d4f5fdb5c7e59d8 StaticDependenciesID=7177f962a4758c26fa867b76032eb2f0 
Asset Pipeline Refresh (id=9e168a9eb6c5dfe4daa3cd31c1aba203): Total: 0.024 seconds - Initiated by StopAssetImportingV2(NoUpdateAssetOptions)
Importing 'GUID: 6c7a5537fd8558b498aced55b72dcfe4 - Path: Assets/NeoEngGenerated/hero_tileset.tileset/hero_tileset.metadata.asset' with importer (NativeFormatImporter)
Imported 'GUID: 6c7a5537fd8558b498aced55b72dcfe4' -> (Import Result ID: 'acb9ff8f3a63da443337789529e77f66') in 0.001 seconds [static dependencies only]. Details - ImportResultOutputID=5879dc7bd6397bc81b85339167d5953a DependenciesID=2ab5cdf3601f2609e52a455813051865 StaticDependenciesID=219087e8724e488607b6d0c018817b04 
Asset Pipeline Refresh (id=af7922421be0be84386c9d8c7aaca08b): Total: 0.021 seconds - Initiated by StopAssetImportingV2(NoUpdateAssetOptions)
Importing 'GUID: f0a3b868c024b6b47bf1417d6349cbbd - Path: Assets/NeoEngGenerated/hero_tileset.tileset/hero_tileset.prefab' with importer (PrefabImporter)
Imported 'GUID: f0a3b868c024b6b47bf1417d6349cbbd' -> (Import Result ID: '554210e44de1ea5f72bbba8445412a3f') in 0.014 seconds [static and dynamic dependencies]. Details - ImportResultOutputID=0601538e8244ea93f39f740719e3620d DependenciesID=3957777937067777b8651ae4cc95fecc StaticDependenciesID=19ef8a90d847af0cf9cc7b8b0a5a2165 
Asset Pipeline Refresh (id=c323abb23f154bd44a6ceaf43cb50ca2): Total: 0.036 seconds - Initiated by StopAssetImportingV2(NoUpdateAssetOptions)
Asset Pipeline Refresh (id=48f3d72e45260fa4b84fbcd14150f0ba): Total: 0.023 seconds - Initiated by RefreshV2(ForceUpdate)
UNITY_STAGE3_ANIMATION_NATIVE=PASS
UnityEngine.Debug:ExtractStackTraceNoAlloc (byte*,int,string)
UnityEngine.StackTraceUtility:ExtractStackTrace ()
UnityEngine.DebugLogHandler:Internal_Log (UnityEngine.LogType,UnityEngine.LogOption,string,UnityEngine.Object)
UnityEngine.DebugLogHandler:LogFormat (UnityEngine.LogType,UnityEngine.Object,string,object[])
UnityEngine.Logger:Log (UnityEngine.LogType,object)
UnityEngine.Debug:Log (object)
NeoEngStage3Runner:RunPositive () (at Assets/Editor/NeoEngStage3Runner.cs:48)
NeoEngStage3Runner:Begin () (at Assets/Editor/NeoEngStage3Runner.cs:27)
UnityEditor.EditorApplication:Internal_CallDelayFunctions ()

(Filename: Assets/Editor/NeoEngStage3Runner.cs Line: 48)

UNITY_STAGE3_FRAME_COLLISION=PASS
UnityEngine.Debug:ExtractStackTraceNoAlloc (byte*,int,string)
UnityEngine.StackTraceUtility:ExtractStackTrace ()
UnityEngine.DebugLogHandler:Internal_Log (UnityEngine.LogType,UnityEngine.LogOption,string,UnityEngine.Object)
UnityEngine.DebugLogHandler:LogFormat (UnityEngine.LogType,UnityEngine.Object,string,object[])
UnityEngine.Logger:Log (UnityEngine.LogType,object)
UnityEngine.Debug:Log (object)
NeoEngStage3Runner:RunPositive () (at Assets/Editor/NeoEngStage3Runner.cs:49)
NeoEngStage3Runner:Begin () (at Assets/Editor/NeoEngStage3Runner.cs:27)
UnityEditor.EditorApplication:Internal_CallDelayFunctions ()

(Filename: Assets/Editor/NeoEngStage3Runner.cs Line: 49)

UNITY_STAGE3_TILESET_NATIVE=PASS
UnityEngine.Debug:ExtractStackTraceNoAlloc (byte*,int,string)
UnityEngine.StackTraceUtility:ExtractStackTrace ()
UnityEngine.DebugLogHandler:Internal_Log (UnityEngine.LogType,UnityEngine.LogOption,string,UnityEngine.Object)
UnityEngine.DebugLogHandler:LogFormat (UnityEngine.LogType,UnityEngine.Object,string,object[])
UnityEngine.Logger:Log (UnityEngine.LogType,object)
UnityEngine.Debug:Log (object)
NeoEngStage3Runner:RunPositive () (at Assets/Editor/NeoEngStage3Runner.cs:50)
NeoEngStage3Runner:Begin () (at Assets/Editor/NeoEngStage3Runner.cs:27)
UnityEditor.EditorApplication:Internal_CallDelayFunctions ()

(Filename: Assets/Editor/NeoEngStage3Runner.cs Line: 50)

UNITY_STAGE3_TILE_COLLISION=PASS
UnityEngine.Debug:ExtractStackTraceNoAlloc (byte*,int,string)
UnityEngine.StackTraceUtility:ExtractStackTrace ()
UnityEngine.DebugLogHandler:Internal_Log (UnityEngine.LogType,UnityEngine.LogOption,string,UnityEngine.Object)
UnityEngine.DebugLogHandler:LogFormat (UnityEngine.LogType,UnityEngine.Object,string,object[])
UnityEngine.Logger:Log (UnityEngine.LogType,object)
UnityEngine.Debug:Log (object)
NeoEngStage3Runner:RunPositive () (at Assets/Editor/NeoEngStage3Runner.cs:51)
NeoEngStage3Runner:Begin () (at Assets/Editor/NeoEngStage3Runner.cs:27)
UnityEditor.EditorApplication:Internal_CallDelayFunctions ()

(Filename: Assets/Editor/NeoEngStage3Runner.cs Line: 51)

Importing 'GUID: 7b58ec3ae33352d4b841788a13990d53 - Path: Assets/source.png' with importer (TextureImporter)
Imported 'GUID: 7b58ec3ae33352d4b841788a13990d53' -> (Import Result ID: '1b9e771ab29a7316cf8d700a851f707b') in 0.001 seconds [static and dynamic dependencies]. Details - ImportResultOutputID=47c96a96d434c47b843cc94b1cc153b7 DependenciesID=cd57c04c2b38c2e1cc0885af3461f0ef StaticDependenciesID=471f0f1dec86c25206d9bac9f1f813c0 
Asset Pipeline Refresh (id=a2bc0745f8e9d774db1b9cae6b8ecaf1): Total: 0.019 seconds - Initiated by StopAssetImportingV2(NoUpdateAssetOptions)
Importing 'GUID: 9c4b638022512e64288a482799177ae1 - Path: Assets/frames/frame_0000.png' with importer (TextureImporter)
Imported 'GUID: 9c4b638022512e64288a482799177ae1' -> (Import Result ID: 'f784f271796306d5ba5ba3aebc128707') in 0.002 seconds [static and dynamic dependencies]. Details - ImportResultOutputID=a56c367147b2d64f4eb3422c2e380576 DependenciesID=78c435aee7ecc70a8f3e52a719abed50 StaticDependenciesID=01bcd1725be6867aec2c4d9e6374793f 
Asset Pipeline Refresh (id=3ac3c70c41b7c8f48abb20ec95a0e20c): Total: 0.020 seconds - Initiated by StopAssetImportingV2(NoUpdateAssetOptions)
Importing 'GUID: d51507bfc4c586646b83d691c2172811 - Path: Assets/frames/frame_0001.png' with importer (TextureImporter)
Imported 'GUID: d51507bfc4c586646b83d691c2172811' -> (Import Result ID: '8da979b0fb5fe9c7f966b47872f22b95') in 0.002 seconds [static and dynamic dependencies]. Details - ImportResultOutputID=cf5d61bc3d1d25eceffb9311e08564b3 DependenciesID=3944ae7f3b1c437e5fa6a3cedc0f9e89 StaticDependenciesID=8c47d565b930f1c9f59c4bdb3f55b80f 
Asset Pipeline Refresh (id=0bf417fc44816fa4a8dbcefe9c07ac37): Total: 0.020 seconds - Initiated by StopAssetImportingV2(NoUpdateAssetOptions)
Importing 'GUID: 7b58ec3ae33352d4b841788a13990d53 - Path: Assets/source.png' with importer (TextureImporter)
Imported 'GUID: 7b58ec3ae33352d4b841788a13990d53' -> (Import Result ID: '1b9e771ab29a7316cf8d700a851f707b') in 0.001 seconds [static and dynamic dependencies]. Details - ImportResultOutputID=47c96a96d434c47b843cc94b1cc153b7 DependenciesID=cd57c04c2b38c2e1cc0885af3461f0ef StaticDependenciesID=471f0f1dec86c25206d9bac9f1f813c0 
Asset Pipeline Refresh (id=248c3efb81c588045aa66c02ffb70875): Total: 0.023 seconds - Initiated by StopAssetImportingV2(NoUpdateAssetOptions)
Importing 'GUID: 7b58ec3ae33352d4b841788a13990d53 - Path: Assets/source.png' with importer (TextureImporter)
Imported 'GUID: 7b58ec3ae33352d4b841788a13990d53' -> (Import Result ID: '1b9e771ab29a7316cf8d700a851f707b') in 0.001 seconds [static and dynamic dependencies]. Details - ImportResultOutputID=47c96a96d434c47b843cc94b1cc153b7 DependenciesID=cd57c04c2b38c2e1cc0885af3461f0ef StaticDependenciesID=471f0f1dec86c25206d9bac9f1f813c0 
Asset Pipeline Refresh (id=57a5b3db2288da2429093556c6eda664): Total: 0.019 seconds - Initiated by StopAssetImportingV2(NoUpdateAssetOptions)
Asset Pipeline Refresh (id=a53508695da4eff4caf8db75b8f9f1b6): Total: 0.004 seconds - Initiated by RefreshV2(ForceUpdate)
UNITY_STAGE3_REPEAT=PASS
UnityEngine.Debug:ExtractStackTraceNoAlloc (byte*,int,string)
UnityEngine.StackTraceUtility:ExtractStackTrace ()
UnityEngine.DebugLogHandler:Internal_Log (UnityEngine.LogType,UnityEngine.LogOption,string,UnityEngine.Object)
UnityEngine.DebugLogHandler:LogFormat (UnityEngine.LogType,UnityEngine.Object,string,object[])
UnityEngine.Logger:Log (UnityEngine.LogType,object)
UnityEngine.Debug:Log (object)
NeoEngStage3Runner:RunPositive () (at Assets/Editor/NeoEngStage3Runner.cs:56)
NeoEngStage3Runner:Begin () (at Assets/Editor/NeoEngStage3Runner.cs:27)
UnityEditor.EditorApplication:Internal_CallDelayFunctions ()

(Filename: Assets/Editor/NeoEngStage3Runner.cs Line: 56)

MonoPathRemapper: Attempts to remap: 4981; Successful remaps: 0
Serialized file version minimum: 23, current 23
Worker ready: AssetImportWorkerHW0 0
[Physics::Module] Cleanup current backend.
[Physics::Module] Id: 0xf2b8ea05
Input System module state changed to: ShutdownInProgress.
Input Polling Thread exited.
Input System module state changed to: Shutdown.
[Licensing::IpcConnector] LicenseClient-<redacted> channel disconnected successfully.
[Licensing::IpcConnector] LicenseClient-<redacted> channel disconnected successfully.
Shut down.
AcceleratorClientConnectionCallback - disconnected - :0
Cleanup mono
CodeReloadManager destroyed
abort_threads: Failed aborting id: 0000000000006564, mono_thread_manage will ignore it

abort_threads: Failed aborting id: 0000000000007C94, mono_thread_manage will ignore it

abort_threads: Failed aborting id: 0000000000006564, mono_thread_manage will ignore it

abort_threads: Failed aborting id: 0000000000007C94, mono_thread_manage will ignore it

debugger-agent: Unable to listen on 3388
Checking for leaked weakptr:
  Found no leaked weakptrs.
[Package Manager] Server process was shutdown
##utp:{"type":"MemoryLeaks","version":2,"phase":"Immediate","time":1787002904205,"processId: <redacted>,"allocatedMemory":11411535,"memoryLabels":[{"Default":172498},{"Permanent":15516},{"NewDelete":65763},{"Thread":4197600},{"Manager":33605},{"VertexData":8},{"Geometry":816},{"Texture":24},{"Shader":831192},{"Material":24},{"GfxDevice":55328},{"Animation":10680},{"Audio":1544},{"FreeType":8},{"FontEngine":736},{"Physics":2146},{"Physics2D":16},{"Serialization":912},{"Input":42840},{"JobScheduler":256},{"TextLib":280},{"Mono":48},{"ScriptingNativeRuntime":674964},{"BaseObject":1627168},{"Resource":1208},{"Renderer":3080},{"Transform":4685},{"File":1032},{"WebCam":616},{"Culling":32},{"Terrain":11442},{"Wind":24},{"STL":40},{"String":36863},{"StaticString":3808},{"Utility":2673782},{"Curl":2559},{"PoolAlloc":2168},{"AI":80},{"TypeTree":17165},{"CodeReload":448},{"RuntimeInitializeOnLoadManager":64},{"Sprites":102},{"SpriteAtlas":120},{"GI":7816},{"CloudService":16136},{"WebRequest":589},{"VR":47114},{"SceneManager":608},{"Video":64},{"LazyScriptCache":32},{"Camera":17},{"Secure":2377},{"Image":65536},{"SerializationCache":1576},{"APIUpdating":10320},{"Subsystems":336},{"VirtualTexturing":57888},{"StaticSafetyDebugInfo":278528},{"Analytics":552},{"Hierarchy":1176},{"UIElements":72},{"CoreStats":13688},{"Identifiers":6768},{"Gui":128},{"EditorUtility":98438},{"VersionControl":8},{"Undo":931},{"AssetDatabase":252521},{"AssetImporter":40},{"EditorGi":328},{"UnityConnect":38929},{"Upm":1912},{"UpmDiagnostics":8},{"AssetCompliance":64},{"DrivenProperties":72},{"LocalIPC":211},{"ProfilerEditor":9746},{"CoreBusinessMetrics":3500},{"Windowing":456},{"Licensing":1232},{"AssetReference":32},{"IPCStream":32}]}
