
[Licensing::Module] Trying to connect to existing licensing client channel...
Built from '6000.5/staging' branch; Version is '6000.5.7f1 (017862109af0) revision 96354'; Using compiler version '194234433'; Build Type 'Release'
OS: 'Windows 11  (10.0.26200) Professional' Language: 'pt' Physical Memory: 32690 MB
[Licensing::IpcConnector] Channel LicenseClient-<redacted> doesn't exist
BatchMode: 1, IsHumanControllingUs: 0, StartBugReporterOnCrash: 0, Is64bit: 1
System  architecture: x64
Process architecture: x64
Date: 2026-08-17T21:41:57Z
[Licensing::Module] Successfully launched the LicensingClient (PId: <redacted>)

COMMAND LINE ARGUMENTS:
<local-path>
-batchmode
-nographics
-projectPath
<local-path>\tileset-conflict
-logFile
<local-path>\unity-stage3-tileset-conflict.log
Successfully changed project path to: <local-path>\tileset-conflict
<local-path>
[UnityMemory] Configuration Parameters - Can be set up in boot.config
    "memorysetup-temp-allocator-size-gi-baking-worker=262144"
    "memorysetup-temp-allocator-size-gi-baking-worker=262144"
    "memorysetup-temp-allocator-size-gi-baking-worker=262144"
    "memorysetup-temp-allocator-size-gi-baking-worker=262144"
    "memorysetup-temp-allocator-size-gi-baking-worker=262144"
    "memorysetup-temp-allocator-size-nav-mesh-worker=65536"
    "memorysetup-temp-allocator-size-audio-worker=65536"
    "memorysetup-temp-allocator-size-cloud-worker=32768"
    "memorysetup-temp-allocator-size-gfx=262144"
    "memorysetup-temp-allocator-size-preload-manager=33554432"
    "memorysetup-allocator-temp-initial-block-size-main=262144"
    "memorysetup-allocator-temp-initial-block-size-worker=262144"
    "memorysetup-temp-allocator-size-job-worker=262144"
    "memorysetup-temp-allocator-size-background-worker=32768"
    "memorysetup-bucket-allocator-granularity=16"
    "memorysetup-bucket-allocator-bucket-count=8"
    "memorysetup-bucket-allocator-block-size=33554432"
    "memorysetup-bucket-allocator-block-count=8"
    "memorysetup-main-allocator-block-size=16777216"
    "memorysetup-thread-allocator-block-size=16777216"
    "memorysetup-main-allocator-mimalloc-enabled=0"
    "memorysetup-gfx-main-allocator-block-size=16777216"
    "memorysetup-gfx-thread-allocator-block-size=16777216"
    "memorysetup-cache-allocator-block-size=4194304"
    "memorysetup-typetree-allocator-block-size=2097152"
    "memorysetup-profiler-bucket-allocator-granularity=16"
    "memorysetup-profiler-bucket-allocator-bucket-count=8"
    "memorysetup-profiler-bucket-allocator-block-size=33554432"
    "memorysetup-profiler-bucket-allocator-block-count=8"
    "memorysetup-profiler-allocator-block-size=16777216"
    "memorysetup-profiler-editor-allocator-block-size=1048576"
    "memorysetup-temp-allocator-size-main=16777216"
    "memorysetup-job-temp-allocator-block-size=2097152"
    "memorysetup-job-temp-allocator-block-size-background=1048576"
    "memorysetup-job-temp-allocator-reduction-small-platforms=262144"
Logging is directed to a specific file, skipping project log.<redacted-player-connection>

<redacted-player-connection>"[IP] <network-address> [Port] 55504 [Flags] 2 [Guid] 2850412401 [EditorId] 2850412401 [Version] 1048832 [Id] WindowsEditor(<redacted>) [Debug] 1 [PackageName] WindowsEditor [ProjectName] Editor" 

<redacted-player-connection>"[IP] <network-address> [Port] 55504 [Flags] 2 [Guid] 2850412401 [EditorId] 2850412401 [Version] 1048832 [Id] WindowsEditor(<redacted>) [Debug] 1 [PackageName] WindowsEditor [ProjectName] Editor" 

<redacted-player-connection>"[IP] <network-address> [Port] 55504 [Flags] 2 [Guid] 2850412401 [EditorId] 2850412401 [Version] 1048832 [Id] WindowsEditor(<redacted>) [Debug] 1 [PackageName] WindowsEditor [ProjectName] Editor" 

<redacted-player-connection>"[IP] <network-address> [Port] 55504 [Flags] 2 [Guid] 2850412401 [EditorId] 2850412401 [Version] 1048832 [Id] WindowsEditor(<redacted>) [Debug] 1 [PackageName] WindowsEditor [ProjectName] Editor" 

<redacted-player-connection>
<redacted-player-connection>
Input System module state changed to: Initialized.
[Physics::Module] Initialized fallback backend.
[Physics::Module] Id: 0xdecafbad
Starting IPC server.
Waiting for clients to connect on \\.\pipe\Unity-LicenseClient-<redacted>, press Ctrl-C to exit.
[Licensing::IpcConnector] Successfully connected to: "LicenseClient-<redacted>" at "2026-08-17T21:41:57.4415956Z"
[Package Manager] Connected to IPC stream "Upm-17224" after 0.3 seconds.
[Licensing::Module] Licensing is not yet initialized.
[Licensing::Client] Code 10 while verifying Licensing Client signature (process Id: <redacted>, path: "<local-path>")
[Licensing::Module] LicensingClient has failed validation; ignoring
[Licensing::Client] Handshaking with LicensingClient:
  Version:                 1.18.1+9fbee8e
  Session Id:<redacted>
  Correlation Id:<redacted>
  External correlation Id:<redacted>
  Machine Id:<redacted>
[Licensing::Module] Successfully connected to LicensingClient on channel: "LicenseClient-<redacted>" (connect: 0.37s, validation: 0.04s, handshake: 0.04s)
[Licensing::IpcConnector] Successfully connected to: "LicenseClient-<redacted>" at "2026-08-17T21:41:57.524456Z"
[Licensing::Module] Connected to LicensingClient (PId: <redacted>, launch time: 0.01, total connection time: 0.46s)
[Licensing::Module] Error: Access token is unavailable; failed to update
[Licensing::Client] Successfully resolved entitlement details
[Licensing::Module] License group:
  Id: 4674131544823-UnityPersXXXX
  Product: Unity Personal
  Type: Assigned
  Expiration: Unlimited
[Licensing::Client] Successfully updated license, isAsync: True, time: 0.01
[Licensing::Client] Successfully resolved entitlement details
[Licensing::Module] Licensing Background thread has ended after 0.49s
[Licensing::Module] Licensing is initialized (took 0.07s).
[Licensing::Client] Successfully resolved entitlement details
Library Redirect Path: Library/
Rebuilding Library because the asset database could not be found!
[Physics::Module] Selected backend.
[Physics::Module] Name: PhysX
[Physics::Module] Id: 0xf2b8ea05
[Physics::Module] SDK Version: 4.1.2
[Physics::Module] Integration Version: 1.0.0
[Physics::Module] Threading Mode: Multi-Threaded
Initialize engine version: 6000.5.7f1 (017862109af0)
[Subsystems] Discovering subsystems at path <local-path>
[Subsystems] Discovering subsystems at path <local-path>
Forcing GfxDevice: Null
GfxDevice: creating device client; kGfxThreadingModeNonThreaded
NullGfxDevice:
    Version:  NULL 1.0 [1.0]
    Renderer: Null Device
    Vendor:   Unity Technologies
Initialize mono
Mono path[0] = '<local-path>
Mono path[1] = '<local-path>
Mono path[2] = '<local-path>
Mono config path = '<local-path>
Using monoOptions --debugger-agent=transport=dt_socket,embedding=1,server=y,suspend=n,address=<network-address>:56224
CodeReloadManager initialized
ImportWorker Server TCP listen port: 0
AcceleratorClientConnectionCallback - disconnected - :0
Begin MonoManager ReloadAssembly
Registering precompiled unity dll's ...
Register platform support module: <local-path>
Register platform support module: <local-path>
Registered in 0.006267 seconds.
Native extension for WindowsStandalone target not found
Native extension for WebGL target not found
Package Manager log level set to [2]
ScheduleIndexationOnStartup MainProcess:False IndexOnStartup:False
Mono: successfully reloaded assembly
- Finished resetting the current domain, in  0.397 seconds
Domain Reload Profiling: 1057ms
	BeginReloadAssembly (200ms)
		CreateAndSetChildDomain (18ms)
	RebuildCommonClasses (5ms)
	RebuildNativeTypeToScriptingClass (17ms)
	initialDomainReloadingComplete (112ms)
	LoadAllAssembliesAndSetupDomain (325ms)
		LoadAssemblies (170ms)
		AnalyzeDomain (226ms)
			TypeCache.Refresh (224ms)
				TypeCache.ScanAssembly (211ms)
	FinalizeReload (399ms)
		SetupLoadedEditorAssemblies (0ms)
			InitializePlatformSupportModulesInManaged (3ms)
			BeforeProcessingInitializeOnLoad (94ms)
			ProcessInitializeOnLoadAttributes (105ms)
			ProcessInitializeOnLoadMethodAttributes (125ms)
[Licensing::Client] Successfully resolved entitlement details
Application.AssetDatabase Initial Refresh Start
[Package Manager] Done resolving packages in 0.51 seconds
[Licensing::Client] Successfully resolved entitlement details
[Package Manager] Lock file was created
[Package Manager] Registered 1 packages:
  Local packages:
    com.neoeng.dtrace@file:<repo>\integrations\unity\package\com.neoeng.dtrace (location: <repo>\integrations\unity\package\com.neoeng.dtrace)
[Subsystems] No new subsystems found in resolved package list.
[Package Manager] Done registering packages in 0.00 seconds
AcceleratorClientConnectionCallback - disconnected - :0
[ScriptCompilation] Requested script compilation because: Assembly Definition File(s) changed
[ScriptCompilation] Requested script compilation because: AssetDatabase observed changes in script compilation related files
info: Microsoft.Hosting.Lifetime[14]
      Now listening on: htt<local-path>
info: Microsoft.Hosting.Lifetime[0]
      Application started. Press Ctrl+C to shut down.
info: Microsoft.Hosting.Lifetime[0]
      Hosting environment: Production
info: Microsoft.Hosting.Lifetime[0]
      Content root path: <local-path>\tileset-conflict
info: Microsoft.AspNetCore.Hosting.Diagnostics[1]
      Request starting HTTP/2 POST htt<local-path>
info: Microsoft.AspNetCore.Routing.EndpointMiddleware[0]
      Executing endpoint 'gRPC - /UnityILPP.PostProcessing/Ping'
info: Microsoft.AspNetCore.Routing.EndpointMiddleware[1]
      Executed endpoint 'gRPC - /UnityILPP.PostProcessing/Ping'
info: Microsoft.AspNetCore.Hosting.Diagnostics[2]
      Request finished HTTP/2 POST htt<local-path>
Starting: <local-path>"Library/Bee/1900b0aE.dag" --continue-on-failure --profile="Library/Bee/backend1.traceevents" ScriptAssemblies
WorkingDir: <local-path>
ExitCode: 4 Duration: 0s45ms
[             ] Require frontend run.  Library/Bee/1900b0aE.dag couldn't be loaded
DisplayProgressbar: Compiling Scripts
Starting: <local-path>"<local-path>" "Library/Bee/1900b0aE.dag.json" "Library/Bee/1900b0aE-inputdata.json" "Library\Bee\buildprogram0.traceevents"
WorkingDir: <local-path>
ExitCode: 0 Duration: 0s241ms
Starting: <local-path>"Library/Bee/1900b0aE.dag" --continue-on-failure --dagfilejson="Library\Bee\1900b0aE.dag.json" --profile="Library/Bee/backend2.traceevents" ScriptAssemblies
WorkingDir: <local-path>
ExitCode: 0 Duration: 4s310ms
Finished compiling graph: 179 nodes, 794 flattened edges (776 ToBuild, 6 ToUse), maximum node priority 24
[  1/176    0s] MovedFromExtractor Library/Bee/artifacts/mvdfrm/UnityEditor.ShaderCompilationModule.dll_8BD4C024CDC49D21.mvfrm
[  2/176    0s] MovedFromExtractor Library/Bee/artifacts/mvdfrm/UnityEditor.TilemapModule.dll_88620B9BED1BFA01.mvfrm
[  3/176    0s] MovedFromExtractor Library/Bee/artifacts/mvdfrm/UnityEditor.ShaderBuildSettingsModule.dll_6CE3BB4B63CFCCEF.mvfrm
[  4/176    0s] MovedFromExtractor Library/Bee/artifacts/mvdfrm/UnityEditor.TextCoreFontEngineModule.dll_5584907521D02D1E.mvfrm
[  5/176    0s] MovedFromExtractor Library/Bee/artifacts/mvdfrm/UnityEditor.TextRenderingModule.dll_643E8A08F64F1F62.mvfrm
[  6/176    0s] MovedFromExtractor Library/Bee/artifacts/mvdfrm/UnityEditor.TextCoreTextEngineModule.dll_9D6CC6E6B153E63C.mvfrm
[  7/176    0s] MovedFromExtractor Library/Bee/artifacts/mvdfrm/UnityEditor.SceneTemplateModule.dll_1A9B67CDA3F26E09.mvfrm
[  8/176    0s] MovedFromExtractor Library/Bee/artifacts/mvdfrm/UnityEditor.SpriteShapeModule.dll_65C440F1F8C96AFF.mvfrm
[  9/176    0s] MovedFromExtractor Library/Bee/artifacts/mvdfrm/UnityEditor.QuickSearchModule.dll_0E3FB034F2FA8E88.mvfrm
[ 10/176    0s] MovedFromExtractor Library/Bee/artifacts/mvdfrm/UnityEditor.SpriteMaskModule.dll_52C550464C6836D2.mvfrm
[ 11/176    0s] MovedFromExtractor Library/Bee/artifacts/mvdfrm/UnityEditor.ShaderFoundryModule.dll_597B3810C6A1EA97.mvfrm
[ 12/176    0s] MovedFromExtractor Library/Bee/artifacts/mvdfrm/UnityEditor.SceneViewModule.dll_0C55D55C7B149334.mvfrm
[ 13/176    0s] MovedFromExtractor Library/Bee/artifacts/mvdfrm/UnityEditor.SafeModeModule.dll_45C769F6FF45AC21.mvfrm
[ 14/176    0s] MovedFromExtractor Library/Bee/artifacts/mvdfrm/UnityEditor.SketchUpModule.dll_2DDC4F474A774838.mvfrm
[ 15/176    0s] MovedFromExtractor Library/Bee/artifacts/mvdfrm/UnityEditor.SubstanceModule.dll_77857F2E15A99E33.mvfrm
[ 16/176    0s] MovedFromExtractor Library/Bee/artifacts/mvdfrm/UnityEditor.TerrainModule.dll_E965A41AD55F18F8.mvfrm
[ 17/176    0s] MovedFromExtractor Library/Bee/artifacts/mvdfrm/UnityEditor.ProjectAuditorModule.dll_55D011101AD2D826.mvfrm
[ 18/176    0s] MovedFromExtractor Library/Bee/artifacts/mvdfrm/UnityEditor.PropertiesModule.dll_96D41CF49DE40594.mvfrm
[ 19/176    0s] MovedFromExtractor Library/Bee/artifacts/mvdfrm/UnityEditor.QuickInstallModule.dll_E870CF5853AAF76F.mvfrm
[ 20/176    0s] MovedFromExtractor Library/Bee/artifacts/mvdfrm/UnityEditor.PresetsUIModule.dll_890C2B36884A1E2B.mvfrm
[ 21/176    0s] MovedFromExtractor Library/Bee/artifacts/mvdfrm/UnityEngine.InsightsModule.dll_DAA4F5080D8DD327.mvfrm
[ 22/176    0s] MovedFromExtractor Library/Bee/artifacts/mvdfrm/UnityEditor.HierarchyModule.dll_BB19F93043D104E8.mvfrm
[ 23/176    0s] MovedFromExtractor Library/Bee/artifacts/mvdfrm/UnityEditor.PhysicsCore2DModule.dll_AEC3B8E88A15076B.mvfrm
[ 24/176    0s] MovedFromExtractor Library/Bee/artifacts/mvdfrm/UnityEditor.PlayModeModule.dll_8BBB5BB09E0EBB88.mvfrm
[ 25/176    0s] MovedFromExtractor Library/Bee/artifacts/mvdfrm/UnityEditor.LightingModule.dll_3FCEE1735231754D.mvfrm
[ 26/176    0s] MovedFromExtractor Library/Bee/artifacts/mvdfrm/UnityEditor.MathematicsModule.dll_7177C170B79F2A29.mvfrm
[ 27/176    0s] MovedFromExtractor Library/Bee/artifacts/mvdfrm/UnityEditor.Physics2DModule.dll_32EB6D851BCBE07C.mvfrm
[ 28/176    0s] MovedFromExtractor Library/Bee/artifacts/mvdfrm/UnityEditor.GraphicsStateCollectionSerializerModule.dll_1F4A5F0762D36DE9.mvfrm
[ 29/176    0s] MovedFromExtractor Library/Bee/artifacts/mvdfrm/UnityEditor.GridModule.dll_4D8EE9F7B6C08597.mvfrm
[ 30/176    0s] MovedFromExtractor Library/Bee/artifacts/mvdfrm/UnityEditor.MultiplayerModule.dll_CC0B3023FBEEC06D.mvfrm
[ 31/176    0s] MovedFromExtractor Library/Bee/artifacts/mvdfrm/UnityEditor.MediaModule.dll_BD7E9226B571C0A7.mvfrm
[ 32/176    0s] MovedFromExtractor Library/Bee/artifacts/mvdfrm/UnityEditor.PhysicsModule.dll_CF1F28ABFFA0D00A.mvfrm
[ 33/176    0s] MovedFromExtractor Library/Bee/artifacts/mvdfrm/UnityEditor.GenericRemoteModule.dll_570137188D143B80.mvfrm
[ 34/176    0s] MovedFromExtractor Library/Bee/artifacts/mvdfrm/UnityEditor.GIModule.dll_C1D63A79B11DBE43.mvfrm
[ 35/176    0s] MovedFromExtractor Library/Bee/artifacts/mvdfrm/UnityEditor.GraphViewModule.dll_CDA5F25485F1C626.mvfrm
[ 36/176    0s] MovedFromExtractor Library/Bee/artifacts/mvdfrm/UnityEditor.EmbreeModule.dll_325107F39E868BE9.mvfrm
[ 37/176    0s] MovedFromExtractor Library/Bee/artifacts/mvdfrm/UnityEditor.GraphToolkitModule.dll_256E65C402D3B7C1.mvfrm
[ 38/176    0s] MovedFromExtractor Library/Bee/artifacts/mvdfrm/UnityEditor.DeviceSimulatorModule.dll_ADE4E55F9DD1D021.mvfrm
[ 39/176    0s] MovedFromExtractor Library/Bee/artifacts/mvdfrm/UnityEditor.EditorToolbarModule.dll_F6FBF70FA505C3D1.mvfrm
[ 40/176    0s] MovedFromExtractor Library/Bee/artifacts/mvdfrm/UnityEditor.CoreBusinessMetricsModule.dll_E4A86E1CB717CAA7.mvfrm
[ 41/176    0s] MovedFromExtractor Library/Bee/artifacts/mvdfrm/UnityEditor.DiagnosticsModule.dll_83302F279A23922F.mvfrm
[ 42/176    0s] MovedFromExtractor Library/Bee/artifacts/mvdfrm/UnityEditor.CoreModule.dll_701DCE099E6BEFA0.mvfrm
[ 43/176    0s] MovedFromExtractor Library/Bee/artifacts/mvdfrm/UnityEditor.AssetComplianceModule.dll_E6BFF54E188DB44E.mvfrm
[ 44/176    0s] MovedFromExtractor Library/Bee/artifacts/mvdfrm/UnityEditor.ClothModule.dll_58A6D590114216FD.mvfrm
[ 45/176    0s] MovedFromExtractor Library/Bee/artifacts/mvdfrm/UnityEditor.AdaptivePerformanceModule.dll_64BD74A290D09BAD.mvfrm
[ 46/176    0s] MovedFromExtractor Library/Bee/artifacts/mvdfrm/UnityEditor.AccessibilityModule.dll_C0FFE13D2B701281.mvfrm
[ 47/176    0s] MovedFromExtractor Library/Bee/artifacts/mvdfrm/UnityEditor.BuildProfileModule.dll_099181191224893C.mvfrm
[ 48/176    0s] MovedFromExtractor Library/Bee/artifacts/mvdfrm/UnityEditor.ContentLoadModule.dll_E5796CD811A9DAE2.mvfrm
[ 49/176    0s] MovedFromExtractor Library/Bee/artifacts/mvdfrm/UnityEditor.Graphs.dll_E035D55896AED9D2.mvfrm
[ 50/176    0s] MovedFromExtractor Library/Bee/artifacts/mvdfrm/UnityEditor.AIModule.dll_2999F16C156ED629.mvfrm
[ 51/176    0s] MovedFromExtractor Library/Bee/artifacts/mvdfrm/Unity.Scripting.dll_6312751106B582E1.mvfrm
[ 52/176    0s] MovedFromExtractor Library/Bee/artifacts/mvdfrm/UnityEditor.WebGL.Extensions.dll_4D57E384C9B75910.mvfrm
[ 53/176    0s] MovedFromExtractor Library/Bee/artifacts/mvdfrm/UnityEditor.WindowsStandalone.Extensions.dll_51E76FAEAFB11C00.mvfrm
[ 54/176    0s] MovedFromExtractor Library/Bee/artifacts/mvdfrm/UnityEngine.dll_A9B10FE8A27D34DA.mvfrm
[ 55/176    0s] MovedFromExtractor Library/Bee/artifacts/mvdfrm/UnityEngine.UnityCurlModule.dll_CF480FAED0628CB9.mvfrm
[ 56/176    0s] MovedFromExtractor Library/Bee/artifacts/mvdfrm/UnityEngine.U2DRuntimeModule.dll_8EFD74B6ED4FAE3D.mvfrm
[ 57/176    0s] MovedFromExtractor Library/Bee/artifacts/mvdfrm/UnityEngine.UnityAnalyticsCommonModule.dll_52088BBDF19918E8.mvfrm
[ 58/176    0s] MovedFromExtractor Library/Bee/artifacts/mvdfrm/UnityEngine.UnityConnectModule.dll_F22B129E31906F01.mvfrm
[ 59/176    0s] MovedFromExtractor Library/Bee/artifacts/mvdfrm/UnityEngine.VFXModule.dll_ABC6154FD31E85D0.mvfrm
[ 60/176    0s] MovedFromExtractor Library/Bee/artifacts/mvdfrm/UnityEngine.VirtualTexturingModule.dll_FC0F60CE6D32C5A9.mvfrm
[ 61/176    0s] MovedFromExtractor Library/Bee/artifacts/mvdfrm/UnityEngine.TextCoreFontEngineModule.dll_D3E40BC834CDEBE9.mvfrm
[ 62/176    0s] MovedFromExtractor Library/Bee/artifacts/mvdfrm/UnityEngine.UnityConsentModule.dll_C3D0A9CA3E9B0551.mvfrm
[ 63/176    0s] MovedFromExtractor Library/Bee/artifacts/mvdfrm/UnityEngine.TextCoreTextEngineModule.dll_1BCC4239C451A507.mvfrm
[ 64/176    0s] MovedFromExtractor Library/Bee/artifacts/mvdfrm/UnityEngine.TextRenderingModule.dll_F07F7C306F47A287.mvfrm
[ 65/176    0s] MovedFromExtractor Library/Bee/artifacts/mvdfrm/UnityEngine.SubstanceModule.dll_2D6B7016FB295018.mvfrm
[ 66/176    0s] MovedFromExtractor Library/Bee/artifacts/mvdfrm/UnityEngine.StreamingModule.dll_50C05BCDAFD6520A.mvfrm
[ 67/176    0s] MovedFromExtractor Library/Bee/artifacts/mvdfrm/UnityEngine.TLSModule.dll_2AE77CE0FCB11C63.mvfrm
[ 68/176    0s] MovedFromExtractor Library/Bee/artifacts/mvdfrm/UnityEngine.SpriteShapeModule.dll_6B8A10810B037B84.mvfrm
[ 69/176    0s] MovedFromExtractor Library/Bee/artifacts/mvdfrm/UnityEngine.SpriteMaskModule.dll_5373BD8E4EAC501D.mvfrm
[ 70/176    0s] MovedFromExtractor Library/Bee/artifacts/mvdfrm/UnityEngine.SharedInternalsModule.dll_A394E45706DF90E9.mvfrm
[ 71/176    0s] MovedFromExtractor Library/Bee/artifacts/mvdfrm/UnityEngine.ShaderVariantAnalyticsModule.dll_4CC5DB256676EEB2.mvfrm
[ 72/176    0s] MovedFromExtractor Library/Bee/artifacts/mvdfrm/UnityEngine.PropertiesModule.dll_97828A3CA0281EDF.mvfrm
[ 73/176    0s] MovedFromExtractor Library/Bee/artifacts/mvdfrm/UnityEngine.RuntimeInitializeOnLoadManagerInitializerModule.dll_32FB239C5BF3452A.mvfrm
[ 74/176    0s] MovedFromExtractor Library/Bee/artifacts/mvdfrm/UnityEngine.PerformanceReportingModule.dll_B6C9CE79D7B07A8A.mvfrm
[ 75/176    0s] MovedFromExtractor Library/Bee/artifacts/mvdfrm/UnityEngine.RenderAs2DModule.dll_D8BA4CC27F826916.mvfrm
[ 76/176    0s] MovedFromExtractor Library/Bee/artifacts/mvdfrm/UnityEngine.MarshallingModule.dll_FA9181BB398970CC.mvfrm
[ 77/176    0s] MovedFromExtractor Library/Bee/artifacts/mvdfrm/UnityEngine.PhysicsBackendPhysXModule.dll_FF60F0E5AED23171.mvfrm
[ 78/176    0s] MovedFromExtractor Library/Bee/artifacts/mvdfrm/UnityEngine.MultiplayerModule.dll_D1D0FFB30E28D0F2.mvfrm
[ 79/176    0s] MovedFromExtractor Library/Bee/artifacts/mvdfrm/UnityEngine.MathematicsModule.dll_773D90FFC9D93AAE.mvfrm
[ 80/176    0s] MovedFromExtractor Library/Bee/artifacts/mvdfrm/UnityEngine.ScriptingModule.dll_B34CC743DFD6497F.mvfrm
[ 81/176    0s] MovedFromExtractor Library/Bee/artifacts/mvdfrm/UnityEngine.LocalizationModule.dll_C2B4CDF7800C3415.mvfrm
[ 82/176    0s] MovedFromExtractor Library/Bee/artifacts/mvdfrm/UnityEditor.GridAndSnapModule.dll_8CE915A91D884F1E.mvfrm
[ 83/176    0s] MovedFromExtractor Library/Bee/artifacts/mvdfrm/UnityEngine.InputModule.dll_1E60FCA9DEDA8D62.mvfrm
[ 84/176    0s] MovedFromExtractor Library/Bee/artifacts/mvdfrm/UnityEngine.IdentifiersModule.dll_2AB26B1C17DA1192.mvfrm
[ 85/176    0s] MovedFromExtractor Library/Bee/artifacts/mvdfrm/UnityEngine.InputForUIModule.dll_6CF9A5178D5D575F.mvfrm
[ 86/176    0s] MovedFromExtractor Library/Bee/artifacts/mvdfrm/UnityEngine.InputLegacyModule.dll_E36DFE44ED52F96B.mvfrm
[ 87/176    0s] MovedFromExtractor Library/Bee/artifacts/mvdfrm/UnityEngine.HotReloadModule.dll_1D742C833B81B64E.mvfrm
[ 88/176    0s] MovedFromExtractor Library/Bee/artifacts/mvdfrm/UnityEngine.GraphicsStateCollectionSerializerModule.dll_283E2BF72FD2B74E.mvfrm
[ 89/176    0s] MovedFromExtractor Library/Bee/artifacts/mvdfrm/UnityEngine.CrashReportingModule.dll_732D7EF974151B43.mvfrm
[ 90/176    0s] MovedFromExtractor Library/Bee/artifacts/mvdfrm/UnityEngine.GridModule.dll_70AFBD4A5EC5F0C2.mvfrm
[ 91/176    0s] MovedFromExtractor Library/Bee/artifacts/mvdfrm/UnityEngine.DSPGraphModule.dll_462F8DE0F57154C9.mvfrm
[ 92/176    0s] MovedFromExtractor Library/Bee/artifacts/mvdfrm/UnityEngine.GameCenterModule.dll_6A474AFE2D3CBAA3.mvfrm
[ 93/176    0s] MovedFromExtractor Library/Bee/artifacts/mvdfrm/UnityEngine.GIModule.dll_0044CC091C9AF20E.mvfrm
[ 94/176    0s] MovedFromExtractor Library/Bee/artifacts/mvdfrm/UnityEngine.ClusterRendererModule.dll_B391A7D10D8CDDA5.mvfrm
[ 95/176    0s] MovedFromExtractor Library/Bee/artifacts/mvdfrm/UnityEngine.ContentLoadModule.dll_EB3F3C6723E3EB67.mvfrm
[ 96/176    0s] MovedFromExtractor Library/Bee/artifacts/mvdfrm/UnityEngine.CoreModule.dll_933EA15C46715ACB.mvfrm
[ 97/176    0s] MovedFromExtractor Library/Bee/artifacts/mvdfrm/UnityEngine.ClusterInputModule.dll_846803A4E890411C.mvfrm
[ 98/176    0s] WriteText Library/Bee/artifacts/1900b0aE.dag/NeoEngDTrace.Runtime.rsp2
[ 99/176    0s] WriteText Library/Bee/artifacts/1900b0aE.dag/NeoEngDTrace.Runtime.UnityAdditionalFile.txt
[100/176    0s] WriteText Library/Bee/artifacts/1900b0aE.dag/NeoEngDTrace.Runtime.dll.mvfrm.rsp
[101/176    0s] WriteText Library/Bee/artifacts/1900b0aE.dag/NeoEngDTrace.Runtime.rsp
[102/176    0s] MovedFromExtractor Library/Bee/artifacts/mvdfrm/UnityEditor.dll_770CC9104409A7F5.mvfrm
[103/176    0s] MovedFromExtractor Library/Bee/artifacts/mvdfrm/UnityEngine.ARModule.dll_217B47FEDE0968BD.mvfrm
[104/176    0s] MovedFromExtractor Library/Bee/artifacts/mvdfrm/UnityEditor.VideoModule.dll_16C7FCFFF9B753BE.mvfrm
[105/176    0s] MovedFromExtractor Library/Bee/artifacts/mvdfrm/UnityEditor.XRModule.dll_AA9E79239CAAAEAB.mvfrm
[106/176    0s] MovedFromExtractor Library/Bee/artifacts/mvdfrm/UnityEditor.VFXModule.dll_9FA472FC636E77CB.mvfrm
[107/176    0s] MovedFromExtractor Library/Bee/artifacts/mvdfrm/UnityEditor.VectorGraphicsModule.dll_A2629CDF5840890F.mvfrm
[108/176    0s] MovedFromExtractor Library/Bee/artifacts/mvdfrm/UnityEditor.UnityConnectModule.dll_04CB8E8F37086E56.mvfrm
[109/176    0s] MovedFromExtractor Library/Bee/artifacts/mvdfrm/UnityEditor.UIElementsSamplesModule.dll_80065DACEAC0A851.mvfrm
[110/176    0s] MovedFromExtractor Library/Bee/artifacts/mvdfrm/UnityEditor.UIToolkitAuthoringModule.dll_88DB25024056B0DE.mvfrm
[111/176    0s] MovedFromExtractor Library/Bee/artifacts/mvdfrm/UnityEditor.UmbraModule.dll_6C9324ADC44BE38C.mvfrm
[112/176    0s] MovedFromExtractor Library/Bee/artifacts/mvdfrm/UnityEditor.UIElementsModule.dll_C1B118101DDC5ADC.mvfrm
[113/176    0s] MovedFromExtractor Library/Bee/artifacts/mvdfrm/UnityEditor.TreeModule.dll_CDC9C318263184DF.mvfrm
[114/176    0s] MovedFromExtractor Library/Bee/artifacts/mvdfrm/UnityEditor.UIBuilderModule.dll_222E9F70F8AA3F5A.mvfrm
[115/176    0s] MovedFromExtractor Library/Bee/artifacts/mvdfrm/UnityEditor.U2DModule.dll_CB7D1DDF990AD82A.mvfrm
[116/176    0s] MovedFromExtractor Library/Bee/artifacts/mvdfrm/UnityEditor.UIAutomationModule.dll_BA327009AE9851FC.mvfrm
[117/176    0s] MovedFromExtractor Library/Bee/artifacts/mvdfrm/UnityEngine.UnityWebRequestAudioModule.dll_2EC622585E1B4522.mvfrm
[118/176    0s] MovedFromExtractor Library/Bee/artifacts/mvdfrm/UnityEngine.AndroidJNIModule.dll_3FFA00E366FBC9B2.mvfrm
[119/176    0s] MovedFromExtractor Library/Bee/artifacts/mvdfrm/UnityEngine.AdaptivePerformanceModule.dll_254D0958CC15EEB2.mvfrm
[120/176    0s] MovedFromExtractor Library/Bee/artifacts/mvdfrm/UnityEngine.AccessibilityModule.dll_4D40D364A46895A6.mvfrm
[121/176    0s] MovedFromExtractor Library/Bee/artifacts/mvdfrm/UnityEngine.AnimationModule.dll_9C2B6E7D604E9ACC.mvfrm
[122/176    0s] MovedFromExtractor Library/Bee/artifacts/mvdfrm/UnityEngine.AMDModule.dll_2C57B97BD580A110.mvfrm
[123/176    0s] MovedFromExtractor Library/Bee/artifacts/mvdfrm/UnityEngine.XRModule.dll_E90D0AB30827E276.mvfrm
[124/176    0s] MovedFromExtractor Library/Bee/artifacts/mvdfrm/UnityEngine.HierarchyCoreModule.dll_C45B703F1315EE9C.mvfrm
[125/176    0s] MovedFromExtractor Library/Bee/artifacts/mvdfrm/UnityEngine.VehiclesModule.dll_B8A125F6FD3A5343.mvfrm
[126/176    0s] MovedFromExtractor Library/Bee/artifacts/mvdfrm/UnityEngine.AIModule.dll_680882FB80EC09F4.mvfrm
[127/176    0s] MovedFromExtractor Library/Bee/artifacts/mvdfrm/UnityEngine.WindModule.dll_098D7C84D7A7D934.mvfrm
[128/176    0s] MovedFromExtractor Library/Bee/artifacts/mvdfrm/UnityEngine.VideoModule.dll_DCF4B9642B348463.mvfrm
[129/176    0s] MovedFromExtractor Library/Bee/artifacts/mvdfrm/UnityEngine.VectorGraphicsModule.dll_5D86FE7A742D1D1A.mvfrm
[130/176    0s] MovedFromExtractor Library/Bee/artifacts/mvdfrm/UnityEngine.UnityWebRequestWWWModule.dll_E68E8795B4116173.mvfrm
[131/176    0s] MovedFromExtractor Library/Bee/artifacts/mvdfrm/UnityEngine.UnityWebRequestTextureModule.dll_8C0BBD74BAAAB337.mvfrm
[132/176    0s] MovedFromExtractor-Combine Library/Bee/artifacts/1900b0aE.dag/NeoEngDTrace.Runtime.dll.mvfrm
[133/176    0s] MovedFromExtractor Library/Bee/artifacts/mvdfrm/UnityEngine.UnityWebRequestModule.dll_3122AD2B9AA63018.mvfrm
[134/176    0s] MovedFromExtractor Library/Bee/artifacts/mvdfrm/UnityEngine.UnityWebRequestAssetBundleModule.dll_FA63CAE127646D5E.mvfrm
[135/176    0s] MovedFromExtractor Library/Bee/artifacts/mvdfrm/UnityEngine.UmbraModule.dll_32BFE111F5C91431.mvfrm
[136/176    0s] MovedFromExtractor Library/Bee/artifacts/mvdfrm/UnityEngine.UIModule.dll_637C2128DD330FA0.mvfrm
[137/176    0s] MovedFromExtractor Library/Bee/artifacts/mvdfrm/UnityEngine.UnityAnalyticsModule.dll_E5DF390F8E4DF8CD.mvfrm
[138/176    0s] MovedFromExtractor Library/Bee/artifacts/mvdfrm/UnityEngine.TerrainPhysicsModule.dll_C6BA7118FB69A15E.mvfrm
[139/176    0s] MovedFromExtractor Library/Bee/artifacts/mvdfrm/UnityEngine.TilemapModule.dll_7ADCC446522AE146.mvfrm
[140/176    0s] MovedFromExtractor Library/Bee/artifacts/mvdfrm/UnityEngine.UIElementsModule.dll_C25F855820207427.mvfrm
[141/176    0s] MovedFromExtractor Library/Bee/artifacts/mvdfrm/UnityEngine.SubsystemsModule.dll_BE2123F01CF43830.mvfrm
[142/176    0s] MovedFromExtractor Library/Bee/artifacts/mvdfrm/UnityEngine.PhysicsModule.dll_C199E15664AFB74F.mvfrm
[143/176    0s] WriteText Library/Bee/artifacts/1900b0aE.dag/NeoEngDTrace.Editor.rsp2
[144/176    0s] WriteText Library/Bee/artifacts/1900b0aE.dag/NeoEngDTrace.Editor.UnityAdditionalFile.txt
[145/176    0s] WriteText Library/Bee/artifacts/1900b0aE.dag/NeoEngDTrace.Editor.dll.mvfrm.rsp
[146/176    0s] WriteText Library/Bee/artifacts/1900b0aE.dag/NeoEngDTrace.Editor.rsp
[147/176    0s] WriteText Library/Bee/artifacts/1900b0aE.dag/Assembly-CSharp-Editor.rsp2
[148/176    0s] WriteText Library/Bee/artifacts/1900b0aE.dag/Assembly-CSharp-Editor.UnityAdditionalFile.txt
[149/176    0s] WriteText Library/Bee/artifacts/1900b0aE.dag/Assembly-CSharp-Editor.dll.mvfrm.rsp
[150/176    0s] WriteText Library/Bee/artifacts/1900b0aE.dag/Assembly-CSharp-Editor.rsp
[151/176    0s] MovedFromExtractor Library/Bee/artifacts/mvdfrm/UnityEngine.TerrainModule.dll_DBE05CC53A6E003D.mvfrm
[152/176    0s] MovedFromExtractor Library/Bee/artifacts/mvdfrm/UnityEngine.Physics2DModule.dll_E8D15E6E014B9261.mvfrm
[153/176    0s] MovedFromExtractor Library/Bee/artifacts/mvdfrm/UnityEngine.ScreenCaptureModule.dll_C7400A25B8102292.mvfrm
[154/176    0s] MovedFromExtractor Library/Bee/artifacts/mvdfrm/UnityEngine.PhysicsCore2DModule.dll_3B04AB10030D8A90.mvfrm
[155/176    0s] MovedFromExtractor Library/Bee/artifacts/mvdfrm/UnityEngine.ParticleSystemModule.dll_C63FC845E226A6D1.mvfrm
[156/176    0s] MovedFromExtractor Library/Bee/artifacts/mvdfrm/UnityEngine.NVIDIAModule.dll_8A621FDAFC23A697.mvfrm
[157/176    0s] MovedFromExtractor Library/Bee/artifacts/mvdfrm/UnityEngine.JSONSerializeModule.dll_AD585CA0A3A3F630.mvfrm
[157/176    0s] Csc Library/Bee/artifacts/1900b0aE.dag/NeoEngDTrace.Runtime.dll (+2 others) [CacheHit ea9348f0fe8b213c08943f3e026a608b00000000000000000000000000000006]
[158/176    0s] Csc Library/Bee/artifacts/1900b0aE.dag/NeoEngDTrace.Runtime.dll (+2 others)
[160/176    0s] MovedFromExtractor Library/Bee/artifacts/mvdfrm/UnityEngine.ImageConversionModule.dll_1F83A5818FB19599.mvfrm
[161/176    0s] CopyFiles Library/ScriptAssemblies/NeoEngDTrace.Runtime.pdb
[162/176    0s] MovedFromExtractor Library/Bee/artifacts/mvdfrm/UnityEngine.HierarchyModule.dll_70FFEA192950B6CD.mvfrm
[163/176    0s] MovedFromExtractor Library/Bee/artifacts/mvdfrm/UnityEngine.IMGUIModule.dll_F04AD4602ED3FC9F.mvfrm
[164/176    0s] MovedFromExtractor Library/Bee/artifacts/mvdfrm/UnityEngine.DirectorModule.dll_40DE2C77831083A8.mvfrm
[165/176    0s] CopyFiles Library/ScriptAssemblies/NeoEngDTrace.Runtime.dll
[166/176    0s] MovedFromExtractor Library/Bee/artifacts/mvdfrm/UnityEngine.ClothModule.dll_1ED391F442BF47A2.mvfrm
[167/176    0s] MovedFromExtractor Library/Bee/artifacts/mvdfrm/UnityEngine.AudioModule.dll_B7EB34F968A268BE.mvfrm
[168/176    0s] MovedFromExtractor Library/Bee/artifacts/mvdfrm/UnityEngine.AssetBundleModule.dll_5228E3265561437A.mvfrm
[169/176    0s] MovedFromExtractor-Combine Library/Bee/artifacts/1900b0aE.dag/Assembly-CSharp-Editor.dll.mvfrm
[170/176    0s] MovedFromExtractor-Combine Library/Bee/artifacts/1900b0aE.dag/NeoEngDTrace.Editor.dll.mvfrm
[169/176    0s] Csc Library/Bee/artifacts/1900b0aE.dag/NeoEngDTrace.Editor.dll (+2 others) [CacheHit 78fcb3289e701f346b89ecc80485e9e700000000000000000000000000000006]
[171/176    0s] Csc Library/Bee/artifacts/1900b0aE.dag/NeoEngDTrace.Editor.dll (+2 others)
[173/176    0s] CopyFiles Library/ScriptAssemblies/NeoEngDTrace.Editor.pdb
[174/176    0s] CopyFiles Library/ScriptAssemblies/NeoEngDTrace.Editor.dll
[175/176    1s] Csc Library/Bee/artifacts/1900b0aE.dag/Assembly-CSharp-Editor.dll (+2 others)
[176/176    0s] CopyFiles Library/ScriptAssemblies/Assembly-CSharp-Editor.pdb
[177/176    0s] CopyFiles Library/ScriptAssemblies/Assembly-CSharp-Editor.dll
*** Tundra build success (4.29 seconds), 173 items updated, 176 evaluated
AssetDatabase: script compilation time: 5.349136s
Begin MonoManager ReloadAssembly
Total cache size 173103284
Total cache size after purge 173103284, took 00:00:00.4619758
Importing 'GUID: 00000000000000001000000000000000 - Path: Assets' with importer (DefaultImporter)
Imported 'GUID: 00000000000000001000000000000000' -> (Import Result ID: 'd4b99c274a2bfd195a0fab07a219813d') in 0.013 seconds [static dependencies only]. Details - ImportResultOutputID=931399766a3d35f20ee4474945b75a67 DependenciesID=b70de132a7282aafa7414a97dcffc9e1 StaticDependenciesID=f5f353ad10b41c84dbd766055d9989c6 
Importing 'GUID: 00000000000000002000000000000000 - Path: ProjectSettings/InputManager.asset' with importer (LibraryAssetImporter)
Imported 'GUID: 00000000000000002000000000000000' -> (Import Result ID: '122dd9edfa1375de805a66904857642d') in 0.002 seconds [static dependencies only]. Details - ImportResultOutputID=0290babc70dea6fa2c98f564a251f1f8 DependenciesID=e13aed5572a9dfc6d157cca70707a022 StaticDependenciesID=233ebbccf2adc0a5c1ca8885eb2bc052 
Importing 'GUID: 00000000000000003000000000000000 - Path: ProjectSettings/TagManager.asset' with importer (LibraryAssetImporter)
Imported 'GUID: 00000000000000003000000000000000' -> (Import Result ID: 'e7f16330ab18354fa5c6c22588bd6b9e') in 0.001 seconds [static dependencies only]. Details - ImportResultOutputID=fd6696bcbef029973bb12ace65e33982 DependenciesID=f35365170e5d58c444badbe1c8e8a4fc StaticDependenciesID=bcd866a7c3956a26e77b74cfbc6210b0 
Importing 'GUID: 00000000000000004000000000000000 - Path: ProjectSettings/ProjectSettings.asset' with importer (LibraryAssetImporter)
Imported 'GUID: 00000000000000004000000000000000' -> (Import Result ID: '9a9ca9a55e74668055abbe17b1bdbfac') in 0.001 seconds [static dependencies only]. Details - ImportResultOutputID=276a810dac73e1f29404d5e5f692e214 DependenciesID=55d08cd3884239777346a3d64991856a StaticDependenciesID=2b089aa0c93266159d20df490fd7d211 
Importing 'GUID: 00000000000000006000000000000000 - Path: ProjectSettings/AudioManager.asset' with importer (LibraryAssetImporter)
Imported 'GUID: 00000000000000006000000000000000' -> (Import Result ID: '222655a7ee09c701162a4a03301f329d') in 0.001 seconds [static dependencies only]. Details - ImportResultOutputID=acca44841ee8003c72d524064efb6e35 DependenciesID=1c867fc2eb1e33cbab379e9914026e24 StaticDependenciesID=c60a58a77039892abca1222b4524d2f6 
Importing 'GUID: 00000000000000007000000000000000 - Path: ProjectSettings/TimeManager.asset' with importer (LibraryAssetImporter)
Imported 'GUID: 00000000000000007000000000000000' -> (Import Result ID: 'b7cea43959c5a70f6cafb9d7bbf07204') in 0.001 seconds [static dependencies only]. Details - ImportResultOutputID=bcbe57e6eed4f14d697ceae3e9a4ee48 DependenciesID=b41fcbca90521a4ef76dc45abd5ee30f StaticDependenciesID=de80ff743d967013c06205e8643638c7 
Importing 'GUID: 00000000000000008000000000000000 - Path: ProjectSettings/DynamicsManager.asset' with importer (LibraryAssetImporter)
Imported 'GUID: 00000000000000008000000000000000' -> (Import Result ID: '01117e187546a80035e1d4d46e76d0d3') in 0.001 seconds [static dependencies only]. Details - ImportResultOutputID=af765d07e318cf68f695edacf91778bd DependenciesID=a72988d2a4e3c003a30c86e53a954198 StaticDependenciesID=7292a8773e09fece8a4831b39fe2006c 
Importing 'GUID: 00000000000000009000000000000000 - Path: ProjectSettings/QualitySettings.asset' with importer (LibraryAssetImporter)
Imported 'GUID: 00000000000000009000000000000000' -> (Import Result ID: '88b1caad7788adf2b3f6920226537fe1') in 0.001 seconds [static dependencies only]. Details - ImportResultOutputID=7b12711da11c94ad897442b4820d3f7b DependenciesID=253c850b96121a2945831e0885510615 StaticDependenciesID=3c048ebdf1fe67a565e3878bb03d32b6 
Importing 'GUID: 0000000000000000b000000000000000 - Path: ProjectSettings/EditorBuildSettings.asset' with importer (LibraryAssetImporter)
Imported 'GUID: 0000000000000000b000000000000000' -> (Import Result ID: '2e292a13dea8a88f7a8fdfa7e245ba03') in 0.001 seconds [static dependencies only]. Details - ImportResultOutputID=4647dd083cfc32cebcd7526e8846440c DependenciesID=3dbde5f0d39015c9d271c66bfeeb76cc StaticDependenciesID=bb1b3efeaa1814676e759f4b719a3637 
Importing 'GUID: 0000000000000000c000000000000000 - Path: ProjectSettings/EditorSettings.asset' with importer (LibraryAssetImporter)
Imported 'GUID: 0000000000000000c000000000000000' -> (Import Result ID: '27524ee8e486f2ffa050ba352ec7e2de') in 0.001 seconds [static dependencies only]. Details - ImportResultOutputID=fc08cc28cef36a03227c22ef67b54535 DependenciesID=a67e6951b1ff849fa93892b67cc04f3f StaticDependenciesID=6659f09da2fad0badc637a74ebfda2e2 
Importing 'GUID: 00000000000000004100000000000000 - Path: ProjectSettings/NavMeshAreas.asset' with importer (LibraryAssetImporter)
Imported 'GUID: 00000000000000004100000000000000' -> (Import Result ID: '46b5ec913a38468a6faec06896eae508') in 0.001 seconds [static dependencies only]. Details - ImportResultOutputID=90afd57cd2fd79df9534381ff5673272 DependenciesID=45d1aa60824ee9d69c2ca37e825a726b StaticDependenciesID=768cfffea40bf388eb2d762e3a890cea 
Importing 'GUID: 00000000000000005100000000000000 - Path: ProjectSettings/Physics2DSettings.asset' with importer (LibraryAssetImporter)
Imported 'GUID: 00000000000000005100000000000000' -> (Import Result ID: 'f668ca342e7e36520c736e6ebc6d382e') in 0.001 seconds [static dependencies only]. Details - ImportResultOutputID=51a8098361d5b0c1ab07bfc06e51f152 DependenciesID=cd9e79e3e3be26effd12085751c8f2bc StaticDependenciesID=4736f57993cccbae888eab25ec373e17 
Importing 'GUID: 00000000000000006100000000000000 - Path: ProjectSettings/GraphicsSettings.asset' with importer (LibraryAssetImporter)
Imported 'GUID: 00000000000000006100000000000000' -> (Import Result ID: '5bb79f5634c411213397437dc71f837f') in 0.001 seconds [static dependencies only]. Details - ImportResultOutputID=f9600466f06a676b7a4f639f6629ea48 DependenciesID=472884dae36dd4fa4029e0bfee54bb70 StaticDependenciesID=ce3f9b9b0558aee0455f15fbe1679d2d 
Importing 'GUID: 00000000000000007100000000000000 - Path: ProjectSettings/ClusterInputManager.asset' with importer (LibraryAssetImporter)
Imported 'GUID: 00000000000000007100000000000000' -> (Import Result ID: '6012ce5603f09e577aed0b98e99b19f6') in 0.001 seconds [static dependencies only]. Details - ImportResultOutputID=8ce0cedd10b8cd8471ed9838bfc872ed DependenciesID=2eeb3818bb72d92466f5f953bb62736b StaticDependenciesID=c84399ef936c24c7ddc46cfba0d9b6f9 
Importing 'GUID: 0000000000000000a100000000000000 - Path: ProjectSettings/UnityConnectSettings.asset' with importer (LibraryAssetImporter)
Imported 'GUID: 0000000000000000a100000000000000' -> (Import Result ID: '33ae2595f4bf6fdbcda99d991731ec59') in 0.001 seconds [static dependencies only]. Details - ImportResultOutputID=1989c27f310e62ee2c72d63f16a698d0 DependenciesID=95e5490b10cfbf0a98389d7a454554a7 StaticDependenciesID=e5799262eb4150d572a91320e9a15e14 
Importing 'GUID: 0000000000000000b100000000000000 - Path: ProjectSettings/PresetManager.asset' with importer (LibraryAssetImporter)
Imported 'GUID: 0000000000000000b100000000000000' -> (Import Result ID: '28ecaa07aa0626f067ead5bd138d0a69') in 0.001 seconds [static dependencies only]. Details - ImportResultOutputID=d271a469f14af9d29dbd89abc966f7ef DependenciesID=8e056439a10f7126afa94c46042b091c StaticDependenciesID=7b53acc339a522b0da4196921a41418e 
Importing 'GUID: 0000000000000000c100000000000000 - Path: ProjectSettings/VFXManager.asset' with importer (LibraryAssetImporter)
Imported 'GUID: 0000000000000000c100000000000000' -> (Import Result ID: '500a0c5a3eb90d0a1d5ec47a16bbfe30') in 0.001 seconds [static dependencies only]. Details - ImportResultOutputID=d5b1cc1b236d3087c4a5fc9e9cb18618 DependenciesID=ffec35c0b81aa3428ad4fd0a1cdbca40 StaticDependenciesID=73a7f55396d42bbd23b84f522c611c91 
Importing 'GUID: 0000000000000000d100000000000000 - Path: ProjectSettings/VersionControlSettings.asset' with importer (LibraryAssetImporter)
Imported 'GUID: 0000000000000000d100000000000000' -> (Import Result ID: '81e35fcbfa4800506724c99876c7088b') in 0.001 seconds [static dependencies only]. Details - ImportResultOutputID=0a19189542c4b1aa9afad4d76b36cbef DependenciesID=29b26ee47832bf1b39596302c61ef4b2 StaticDependenciesID=b5510de9c562b6e15681a7bd79c2c32e 
Importing 'GUID: 0000000000000000f100000000000000 - Path: ProjectSettings/MemorySettings.asset' with importer (LibraryAssetImporter)
Imported 'GUID: 0000000000000000f100000000000000' -> (Import Result ID: '0f1581ae83325c6e5d0e8c4cb170be96') in 0.001 seconds [static dependencies only]. Details - ImportResultOutputID=078c9215d0d3f7dcc6c2ea9c2e21e93e DependenciesID=bb7f7f7d6491522ddc09486deb395807 StaticDependenciesID=38dc31482a1c8109a46f25220dfbe454 
Importing 'GUID: 00000000000000000200000000000000 - Path: ProjectSettings/MultiplayerManager.asset' with importer (LibraryAssetImporter)
Imported 'GUID: 00000000000000000200000000000000' -> (Import Result ID: '6e3bb7f61b2e132c4c79fbeb19a1d328') in 0.001 seconds [static dependencies only]. Details - ImportResultOutputID=cc8bc420ff0fb13a9534be625b324364 DependenciesID=64d1db0c7eff66154c45d867da4ad13d StaticDependenciesID=5a00061f5d03ec70885cdd29485be38f 
Importing 'GUID: 00000000000000001200000000000000 - Path: ProjectSettings/PhysicsCoreProjectSettings2D.asset' with importer (LibraryAssetImporter)
Imported 'GUID: 00000000000000001200000000000000' -> (Import Result ID: '7db99f4ef78df8eea254cce16e190be4') in 0.001 seconds [static dependencies only]. Details - ImportResultOutputID=07b8874da21d0d67c4347d012422ba62 DependenciesID=c35a41b4dbc5a4a21cd219ec06d595b2 StaticDependenciesID=d7f6b6ebc14df93041ab7a97c0c9c64b 
Importing 'GUID: 00000000000000002300000000000000 - Path: Library/BuildInstructions' with importer (DefaultImporter)
Imported 'GUID: 00000000000000002300000000000000' -> (Import Result ID: 'd414f514f549833c39aae7152c59aeb3') in 0.001 seconds [static dependencies only]. Details - ImportResultOutputID=d2da4dbe7433590953d90148eb4e1f22 DependenciesID=f91b153018f3a82b66ea2319cf957f42 StaticDependenciesID=ef352f98b66d8f5b312774c3ee71f599 
Importing 'GUID: 70de284f536fe44459b991bbf60fbccc - Path: Assets/animation_input' with importer (DefaultImporter)
Imported 'GUID: 70de284f536fe44459b991bbf60fbccc' -> (Import Result ID: 'd449995bafd8ffc3ac691b33a0850631') in 0.010 seconds [static dependencies only]. Details - ImportResultOutputID=3419bcf29c22d5028e7019a026c85743 DependenciesID=e0b622a9da73ed0c27f468e199c5d5c3 StaticDependenciesID=ded0bd809c7d51d9ed5a23040f297b5d 
Importing 'GUID: 32e1027377e12184d8c2547bbf2c2635 - Path: Assets/frames' with importer (DefaultImporter)
Imported 'GUID: 32e1027377e12184d8c2547bbf2c2635' -> (Import Result ID: '3e343a75c2fd45968cb78c01f16a5569') in 0.008 seconds [static dependencies only]. Details - ImportResultOutputID=6f5367c6ebba615d0ff03e775fd2cb61 DependenciesID=8b40a068e43357570bb3672e0b0c9eb6 StaticDependenciesID=16de0ba01f9ac18ae279ca9255887903 
Importing 'GUID: c68a1c4bea391b84db86012046ef052e - Path: Assets/NeoEngInput' with importer (DefaultImporter)
Imported 'GUID: c68a1c4bea391b84db86012046ef052e' -> (Import Result ID: 'e77d152fd658595375c1e95ec530d853') in 0.009 seconds [static dependencies only]. Details - ImportResultOutputID=06cf63a9c312f8cc0f402b686782e684 DependenciesID=a474e4da52cd10b8139b9f0245442220 StaticDependenciesID=2ad33da64a8c48f5152d67c65c4c8403 
Importing 'GUID: 98b0a0cf5a1935bbaf60b9ac5a93abf8 - Path: Packages/com.neoeng.dtrace' with importer (DefaultImporter)
Imported 'GUID: 98b0a0cf5a1935bbaf60b9ac5a93abf8' -> (Import Result ID: 'd50b9e85004c8b0d45f25aecb9f10b74') in 0.002 seconds [static dependencies only]. Details - ImportResultOutputID=b6c4c185d9143dbe567c72c348d914c3 DependenciesID=c03fa5a395e4ae0b9c79cd71e742299d StaticDependenciesID=8b213288238789005e26ac911b72df79 
Importing 'GUID: 0f0f7dcec4173ce46941859ff78a865b - Path: Assets/Editor' with importer (DefaultImporter)
Imported 'GUID: 0f0f7dcec4173ce46941859ff78a865b' -> (Import Result ID: 'a3e4b7bf4ef289de8518d1d494561fb3') in 0.009 seconds [static dependencies only]. Details - ImportResultOutputID=d8ebbaa92b3136c676cdb28b900cc739 DependenciesID=904b2b969d872f09a330668aa36eaa7f StaticDependenciesID=28f2c7a2bd99b29dd01dfd399e1cc28d 
Importing 'GUID: 6e21d7dddcf826347b1c2deee8873b72 - Path: Packages/com.neoeng.dtrace/Editor' with importer (DefaultImporter)
Imported 'GUID: 6e21d7dddcf826347b1c2deee8873b72' -> (Import Result ID: '6c9916ed1d404efb0dd2fb2608b0b744') in 0.001 seconds [static dependencies only]. Details - ImportResultOutputID=d96fe135304bd8e86432b47eebfed8bd DependenciesID=dad63c2b45cec5162db767a47efe5519 StaticDependenciesID=c23c7dec6407c8a12544e0cc89b4daa6 
Importing 'GUID: 1f0a2e6f903ed2744b7335c190dd9010 - Path: Packages/com.neoeng.dtrace/Runtime' with importer (DefaultImporter)
Imported 'GUID: 1f0a2e6f903ed2744b7335c190dd9010' -> (Import Result ID: 'a7f3e7b90c0ddcbba2bb127d5e57d547') in 0.001 seconds [static dependencies only]. Details - ImportResultOutputID=5e6f01b66698b8aa5d494ebb1446ee4d DependenciesID=c3016889d88ee2fb4a39db21b4a5920e StaticDependenciesID=0f5fa5dc4df8931baf2effe211f8639d 
Importing 'GUID: 89566322e2ee35f4b838703dc7f05a10 - Path: Packages/com.neoeng.dtrace/Runtime/NeoEngDTrace.Runtime.asmdef' with importer (AssemblyDefinitionImporter)
Imported 'GUID: 89566322e2ee35f4b838703dc7f05a10' -> (Import Result ID: '628f52f995bcda421be89b585dd0f111') in 0.002 seconds [static dependencies only]. Details - ImportResultOutputID=9c4d44037f6324c1b040159c4bbe049d DependenciesID=46e9ea51a91f82d976798aa2a6702085 StaticDependenciesID=754e99df77ff6d2abf88d57453cbfe12 
Importing 'GUID: db48c8a94bd60b947b9c3368b52aac33 - Path: Packages/com.neoeng.dtrace/Editor/NeoEngDTrace.Editor.asmdef' with importer (AssemblyDefinitionImporter)
Imported 'GUID: db48c8a94bd60b947b9c3368b52aac33' -> (Import Result ID: '66df88169f45bb94f44dcebe84a87c15') in 0.002 seconds [static dependencies only]. Details - ImportResultOutputID=366b3f9ec22b45499f47695f70b758f7 DependenciesID=b5a717b05b2820435e5c723c5cc80473 StaticDependenciesID=5f306aa7170af30109b853a865e7bbdb 
Native extension for WindowsStandalone target not found
Native extension for WebGL target not found
ScheduleIndexationOnStartup MainProcess:True IndexOnStartup:True
Mono: successfully reloaded assembly
- Finished resetting the current domain, in  0.427 seconds
Domain Reload Profiling: 953ms
	BeginReloadAssembly (282ms)
		DisableScriptedObjects (31ms)
		CreateAndSetChildDomain (39ms)
	RebuildCommonClasses (8ms)
	RebuildNativeTypeToScriptingClass (17ms)
	initialDomainReloadingComplete (74ms)
	LoadAllAssembliesAndSetupDomain (142ms)
		LoadAssemblies (165ms)
		AnalyzeDomain (9ms)
			TypeCache.Refresh (4ms)
			BuildScriptInfoCaches (3ms)
	FinalizeReload (429ms)
		SetupLoadedEditorAssemblies (0ms)
			BeforeProcessingInitializeOnLoad (87ms)
			ProcessInitializeOnLoadAttributes (73ms)
			ProcessInitializeOnLoadMethodAttributes (74ms)
			AfterProcessingInitializeOnLoad (24ms)
		AwakeInstancesAfterBackupRestoration (25ms)
Importing 'GUID: 00000000000000005000000000000000 - Path: Library/BuildPlayer.prefs' with importer (DefaultImporter)
Imported 'GUID: 00000000000000005000000000000000' -> (Import Result ID: '968deb36040bbb7258278f93cba63355') in 0.007 seconds [static dependencies only]. Details - ImportResultOutputID=1f9c19b30680da8dab47159f77a4e657 DependenciesID=08a1ec4b674aa66bb1ce753815d843ed StaticDependenciesID=d072ca1f0d6ee50a54e7e140cc588a10 
Importing 'GUID: 62c9c72b6ee8bba4f95c342466d6886e - Path: Assets/frames/frame_0001.png' with importer (TextureImporter)
Imported 'GUID: 62c9c72b6ee8bba4f95c342466d6886e' -> (Import Result ID: 'dc108c2b28579d0ef2c81b7c0b74bdc4') in 0.022 seconds [static and dynamic dependencies]. Details - ImportResultOutputID=b97d5123065bd49d255b6abb03c5f5b4 DependenciesID=9359beff923b8175ed45c1a0180b9951 StaticDependenciesID=73dcb174bb45871eb637c451652fc05b 
Importing 'GUID: 431df53978166e24da575e5a7cf826bf - Path: Assets/frames/frame_0000.png' with importer (TextureImporter)
Imported 'GUID: 431df53978166e24da575e5a7cf826bf' -> (Import Result ID: 'bfb8cf7e5c0556197c53c0f4a1987319') in 0.010 seconds [static and dynamic dependencies]. Details - ImportResultOutputID=fa070b4667e6254a280259e5f90755e5 DependenciesID=ea656bb716a9d70d68a58d8dd33e3acc StaticDependenciesID=9d6d0c150e3323a0e36148bbdeccb27c 
Importing 'GUID: 3565e225e96707842808670d0134d754 - Path: Assets/animation_input/frame_1.png' with importer (TextureImporter)
Imported 'GUID: 3565e225e96707842808670d0134d754' -> (Import Result ID: '97b7ee79d58f605d5a0aa11627638828') in 0.012 seconds [static and dynamic dependencies]. Details - ImportResultOutputID=842ed54b3b1b7352a9cd63277d1f6b9a DependenciesID=ac734d4d96be610bfa10fa721bca207e StaticDependenciesID=ef41fa7da9285d20674c569e21fe9565 
Importing 'GUID: 16db9b375ceeccc45b3455d154ac46d7 - Path: Assets/animation_input/frame_0.png' with importer (TextureImporter)
Imported 'GUID: 16db9b375ceeccc45b3455d154ac46d7' -> (Import Result ID: 'f600fda113f02e46bf01680fd385a02a') in 0.011 seconds [static and dynamic dependencies]. Details - ImportResultOutputID=678372ca0c46a5ad6695dfa61704e0c8 DependenciesID=d9a8cdacff15d3bf4dd599e7f5a5c323 StaticDependenciesID=4fb998df33c7446baa2cb0def78f0058 
Importing 'GUID: 26ed029a8e4e8af43859802b5519852d - Path: Assets/source.png' with importer (TextureImporter)
Imported 'GUID: 26ed029a8e4e8af43859802b5519852d' -> (Import Result ID: '06dbdef922415ac82488d260cdffdf97') in 0.011 seconds [static and dynamic dependencies]. Details - ImportResultOutputID=5b7bbe454d57a68c7cc2b040b11fe4a3 DependenciesID=9d93633c2992ac5c411155b7d63f9780 StaticDependenciesID=61564046e112f265ac16c5479a40eb21 
Importing 'GUID: 216385aee1ce67c48876839104e9bc85 - Path: Packages/com.neoeng.dtrace/README.md' with importer (TextScriptImporter)
Imported 'GUID: 216385aee1ce67c48876839104e9bc85' -> (Import Result ID: '3153ad16d5559bbb26cfb7bd0c72aedb') in 0.002 seconds [static dependencies only]. Details - ImportResultOutputID=7a18c799650a19085748ff6cab33df05 DependenciesID=2b17eaee171889f416cfd0157ab395a1 StaticDependenciesID=ca03a2722bbe30bbe0b7e0b8d041f78a 
Importing 'GUID: 1242c3696109dac40b983af719b7b561 - Path: Assets/NeoEngInput/hero.ndt.integration.json' with importer (TextScriptImporter)
Imported 'GUID: 1242c3696109dac40b983af719b7b561' -> (Import Result ID: '335dff6496a0df02c8595c18159ff240') in 0.009 seconds [static dependencies only]. Details - ImportResultOutputID=740ff476fc9ae197c02a542f32197686 DependenciesID=247928a71f2a1cba0d19fcb75272677c StaticDependenciesID=f1c5674db88ba376fa0bfb6c7e784b75 
Importing 'GUID: 38e538da31660db4e826cb0f7dabc495 - Path: Assets/frames/animation.json' with importer (TextScriptImporter)
Imported 'GUID: 38e538da31660db4e826cb0f7dabc495' -> (Import Result ID: 'c8f58a96761b03ddd03c758292333311') in 0.009 seconds [static dependencies only]. Details - ImportResultOutputID=6f50fdf4349788e0f932906ccf80ab79 DependenciesID=62384f192822b6428f4b074f81c9e1ff StaticDependenciesID=8a7cbb31e6c34533d064108f15a1dab3 
Importing 'GUID: 3ce275752c8ea7144aa046b9e356de89 - Path: Packages/com.neoeng.dtrace/package.json' with importer (PackageManifestImporter)
Imported 'GUID: 3ce275752c8ea7144aa046b9e356de89' -> (Import Result ID: '51240aa114e3e9993e6fb47684a14839') in 0.002 seconds [static dependencies only]. Details - ImportResultOutputID=4559b875f090ac2275feaacc02d514d5 DependenciesID=cbfde069c36de0dd9491991ae0d187b9 StaticDependenciesID=5ad163b283f1626bef5be24e0b56fcb9 
Starting new worker id: 0 with log in <local-path>
Loading style catalogs (6)
	StyleSheets/Extensions/base/common.uss
	UIPackageResources/StyleSheets/Default/Variables/Public/common.uss
	StyleSheets/Northstar/common.uss
	StyleSheets/Extensions/fonts/inter.uss
	StyleSheets/Extensions/base/dark.uss
	UIPackageResources/StyleSheets/Default/Northstar/Palette/dark.uss

Asset Pipeline Refresh (id=c5339d780a27ec24d9504ff8f7204c4b): Total: 7.542 seconds - Initiated by InitialRefreshV2(ForceSynchronousImport)
	(Values over 0.05ms)
	Summary:
		Imports: total=41 (actual=41, local cache=0, cache server=0)
		Asset DB Process Time: managed=5 ms, native=845 ms
		Asset DB Callback time: managed=158 ms, native=556 ms
		Scripting: domain reloads=1, domain reload time=599 ms, compile time=5351 ms, other=24 ms
		Project Asset Count: scripts=31, non-scripts=10
		Asset File Changes: new=52, changed=52, moved=0, deleted=0
		Scan Filter Count: 0
	InvokePackagesCallback: 530.946ms
	ApplyChangesToAssetFolders: 0.546ms
	Scan: 105.169ms
	Collect global state as custom dependencies: 12.499ms
	OnSourceAssetsModified: 0.688ms
	CategorizeScriptCompilationAssets: 0.075ms
	ProcessAssetsWithTransientArtifactChanges: 0.500ms
	CategorizeAssets: 0.299ms
	CompileScripts: 5351.105ms
	ImportOutOfDateAssets: 651.633ms (437.529ms without children)
		ImportManagerImport: 180.891ms (4.813ms without children)
			UpdateCategorizedAssets: 0.093ms
		UnloadImportedAssets: 0.327ms
		ImportSchedulerStart: 32.867ms
	PostProcessAllAssets: 207.684ms
		VersionControlSettings.HiddenFilePostprocess 4.519ms
		AssemblyValidation.PostprocessAllAssets 0.835ms
		PostProcessCallbackCreateDeferredMaterials 0.122ms
		RaytracingShaderImportPostprocess 0.094ms
		ShaderAssetModifiedCallback 0.088ms
		ComputeShaderImportPostprocess 0.084ms
		LocalizationDatabase.AssetDatabasePostprocessCallback 0.081ms
		MonoPostProcessAllAssets: 157.421ms
			StyleCatalogPostProcessor.OnPostprocessAllAssets 109.224ms
			AssetPostprocessor.OnPostprocessAllAssets 12.623ms
			WindowAssetPostprocessingWatcher.OnPostprocessAllAssets 7.781ms
			BuilderAssetPostprocessor.OnPostprocessAllAssets 5.689ms
			TextAssetPostProcessor.OnPostprocessAllAssets 2.693ms
			AssetChangedListener.OnPostprocessAllAssets 2.520ms
			SyncVS.PostprocessSyncProject 2.498ms
			RetainedModeAssetPostprocessor.OnPostprocessAllAssets 1.231ms
			EditModeScopePostprocessor.OnPostprocessAllAssets 0.924ms
			SpeedTree9Postprocessor.OnPostprocessAllAssets 0.819ms
			ArtifactBrowserPostProcessor.OnPostprocessAllAssets 0.512ms
			AutoSyncPostprocessor.OnPostprocessAllAssets 0.485ms
			TerrainToolbarOverlayPostProcessor.OnPostprocessAllAssets 0.336ms
			ReferencedClipsPostProcessor.OnPostprocessAllAssets 0.302ms
			AudioMixerPostprocessor.OnPostprocessAllAssets 0.290ms
			AssetEvents.OnPostprocessAllAssets 0.251ms
			SpeedTreePostProcessor.OnPostprocessAllAssets 0.166ms
			AssetDatabaseCallbacks.OnPostprocessAllAssets 0.161ms
			ConfigAssetsTracker.OnPostprocessAllAssets 0.146ms
			ScenarioDriftAssetsTracker.OnPostprocessAllAssets 0.131ms
			RenderPipelineGlobalSettingsPostprocessor.OnPostprocessAllAssets 0.088ms
			AudioContainerPostProcessor.OnPostprocessAllAssets 0.076ms
	PostAssetChangesProfiler: 0.834ms
	UnloadStreamsBegin: 1.119ms
	PersistCurrentRevisions: 0.081ms
	Untracked: 684.267ms

Application.AssetDatabase Initial Refresh End
Scanning for USB devices : 11.114ms
Initializing Unity extensions:
[MODES] ModeService[none].Initialize
[MODES] ModeService[none].LoadModes
[MODES] Loading mode Default (0) for mode-current-id-tileset-conflict
Unloading 3 Unused Serialized files (Serialized files now loaded: 0)
Unloading 25 unused Assets / (0.5 MB). Loaded Objects now: 677.
Memory consumption went from 188.4 MB to 187.9 MB.
Total: 5.109000 ms (FindLiveObjects: 0.038000 ms CreateObjectMapping: 0.006700 ms MarkObjects: 4.835800 ms  DeleteObjects: 0.224000 ms)

Microsoft Media Foundation video decoding to texture disabled: graphics device is Null, only Direct3D 11 and Direct3D 12 (only on desktop) are supported for hardware-accelerated video decoding.
[Project] Loading completed in 9.774 seconds
	Project init time: 				9.579 seconds
		Template init time: 		0.000 seconds
		Package Manager init time: 		0.341 seconds
		Asset Database init time: 		0.342 seconds
		Global illumination init time: 	0.002 seconds
		Assemblies load time: 			1.146 seconds
		Unity extensions init time: 	0.000 seconds
		Asset Database refresh time: 	7.542 seconds
	Scene opening time: 			0.085 seconds
##utp:{"type":"ProjectInfo","version":2,"phase":"Immediate","time":1787002926827,"processId: <redacted>,"projectLoad":9.7735346,"projectInit":9.5791951,"templateInit":0.0,"packageManagerInit":0.341431,"assetDatabaseInit":0.3424707,"globalIlluminationInit":0.0023505,"assembliesLoad":1.1463523,"unityExtensionsInit":0.0003859,"assetDatabaseRefresh":7.5418908,"sceneOpening":0.0851197}
##utp:{"type":"EditorInfo","version":2,"phase":"Immediate","time":1787002926827,"processId: <redacted>,"editorVersion":"6000.5.7f1 (017862109af0)","branch":"6000.5/staging","buildType":"Release","platform":"Windows"}
[MODES] ModeService[default].LoadModes
[Licensing::Client] Successfully resolved entitlement details
Importing 'GUID: da64302abaf20b748b2e37b4c65b49a2 - Path: Assets/NeoEngGenerated' with importer (DefaultImporter)
Imported 'GUID: da64302abaf20b748b2e37b4c65b49a2' -> (Import Result ID: '9bd6b22e5eb304a7f38bec4cb0e98165') in 0.012 seconds [static dependencies only]. Details - ImportResultOutputID=62bb8dce5cd9dfa705528a0f1b219908 DependenciesID=037f3250b9915147e09c80bece89cd29 StaticDependenciesID=6fca16590846ae810d940a7ee25b3cc1 
Asset Pipeline Refresh (id=e47d1241d10356943a0fdfc5d7d4c567): Total: 0.081 seconds - Initiated by RefreshV2(NoUpdateAssetOptions)
Importing 'GUID: 26ed029a8e4e8af43859802b5519852d - Path: Assets/source.png' with importer (TextureImporter)
Imported 'GUID: 26ed029a8e4e8af43859802b5519852d' -> (Import Result ID: '06dbdef922415ac82488d260cdffdf97') in 0.001 seconds [static and dynamic dependencies]. Details - ImportResultOutputID=5b7bbe454d57a68c7cc2b040b11fe4a3 DependenciesID=9d93633c2992ac5c411155b7d63f9780 StaticDependenciesID=61564046e112f265ac16c5479a40eb21 
Asset Pipeline Refresh (id=2adf4da0e63658740b38a8fd72b99626): Total: 0.019 seconds - Initiated by StopAssetImportingV2(NoUpdateAssetOptions)
Importing 'GUID: 28dae9d8dda49314f980d22a1b424392 - Path: Assets/NeoEngGenerated/hero.sprite.asset' with importer (NativeFormatImporter)
Imported 'GUID: 28dae9d8dda49314f980d22a1b424392' -> (Import Result ID: 'c7078fca1739ec6d7fa8c6960175460e') in 0.003 seconds [static dependencies only]. Details - ImportResultOutputID=bbaf6e52375a388e169d5fc5399172c6 DependenciesID=87a0d7d021a1fb4ce1cf529ae2599785 StaticDependenciesID=826e9cf40c200d16ca94caea42feaade 
Asset Pipeline Refresh (id=1c9fcfd1ae6e42847a98458b907e5cd5): Total: 0.024 seconds - Initiated by StopAssetImportingV2(NoUpdateAssetOptions)
Importing 'GUID: 4dfa6b5c6911934429757e4ee35ae82d - Path: Assets/NeoEngGenerated/hero.metadata.asset' with importer (NativeFormatImporter)
Imported 'GUID: 4dfa6b5c6911934429757e4ee35ae82d' -> (Import Result ID: '2b44645fb7985c0111977e220cdf69a6') in 0.003 seconds [static dependencies only]. Details - ImportResultOutputID=c9b40768f731ca7989c29d68a4fe7beb DependenciesID=05e20eee1971bce789c3c4ffd627ee39 StaticDependenciesID=e145c3e16061f7a45a204b389cc3d6a0 
Asset Pipeline Refresh (id=9906b880ee0cc5d4eba2da6bad8013a1): Total: 0.024 seconds - Initiated by StopAssetImportingV2(NoUpdateAssetOptions)
Importing 'GUID: 74bd9aaf4c896654fafedba86fb06f1a - Path: Assets/NeoEngGenerated/hero.prefab' with importer (PrefabImporter)
Imported 'GUID: 74bd9aaf4c896654fafedba86fb06f1a' -> (Import Result ID: 'db1b86e5bb6ad917ce60b66b6171f0ce') in 0.016 seconds [static and dynamic dependencies]. Details - ImportResultOutputID=6209e43ddd131c9fd558969c14f2eb53 DependenciesID=9055c179aa26aacaf94b7b20bd40300e StaticDependenciesID=6e76139128391b0fd88274a4338bcfaa 
Asset Pipeline Refresh (id=01f9837dd6d9b6c469887fe0e43fcbd1): Total: 0.042 seconds - Initiated by StopAssetImportingV2(NoUpdateAssetOptions)
Importing 'GUID: 431df53978166e24da575e5a7cf826bf - Path: Assets/frames/frame_0000.png' with importer (TextureImporter)
Imported 'GUID: 431df53978166e24da575e5a7cf826bf' -> (Import Result ID: 'bfb8cf7e5c0556197c53c0f4a1987319') in 0.001 seconds [static and dynamic dependencies]. Details - ImportResultOutputID=fa070b4667e6254a280259e5f90755e5 DependenciesID=ea656bb716a9d70d68a58d8dd33e3acc StaticDependenciesID=9d6d0c150e3323a0e36148bbdeccb27c 
Asset Pipeline Refresh (id=b02ab16abb8687d4c9bdaf9cea591fb2): Total: 0.020 seconds - Initiated by StopAssetImportingV2(NoUpdateAssetOptions)
Importing 'GUID: 62c9c72b6ee8bba4f95c342466d6886e - Path: Assets/frames/frame_0001.png' with importer (TextureImporter)
Imported 'GUID: 62c9c72b6ee8bba4f95c342466d6886e' -> (Import Result ID: 'dc108c2b28579d0ef2c81b7c0b74bdc4') in 0.002 seconds [static and dynamic dependencies]. Details - ImportResultOutputID=b97d5123065bd49d255b6abb03c5f5b4 DependenciesID=9359beff923b8175ed45c1a0180b9951 StaticDependenciesID=73dcb174bb45871eb637c451652fc05b 
Asset Pipeline Refresh (id=c9ea4624a6106c0449d6daa296f1c2f1): Total: 0.020 seconds - Initiated by StopAssetImportingV2(NoUpdateAssetOptions)
Importing 'GUID: 26ed029a8e4e8af43859802b5519852d - Path: Assets/source.png' with importer (TextureImporter)
Imported 'GUID: 26ed029a8e4e8af43859802b5519852d' -> (Import Result ID: '06dbdef922415ac82488d260cdffdf97') in 0.001 seconds [static and dynamic dependencies]. Details - ImportResultOutputID=5b7bbe454d57a68c7cc2b040b11fe4a3 DependenciesID=9d93633c2992ac5c411155b7d63f9780 StaticDependenciesID=61564046e112f265ac16c5479a40eb21 
Asset Pipeline Refresh (id=eefb57b942876634099dd93ba6ee903c): Total: 0.019 seconds - Initiated by StopAssetImportingV2(NoUpdateAssetOptions)
Importing 'GUID: 26ed029a8e4e8af43859802b5519852d - Path: Assets/source.png' with importer (TextureImporter)
Imported 'GUID: 26ed029a8e4e8af43859802b5519852d' -> (Import Result ID: '06dbdef922415ac82488d260cdffdf97') in 0.001 seconds [static and dynamic dependencies]. Details - ImportResultOutputID=5b7bbe454d57a68c7cc2b040b11fe4a3 DependenciesID=9d93633c2992ac5c411155b7d63f9780 StaticDependenciesID=61564046e112f265ac16c5479a40eb21 
Asset Pipeline Refresh (id=364d7c0d24e08ce4b914ca752a4f443a): Total: 0.018 seconds - Initiated by StopAssetImportingV2(NoUpdateAssetOptions)
Importing 'GUID: 431df53978166e24da575e5a7cf826bf - Path: Assets/frames/frame_0000.png' with importer (TextureImporter)
Imported 'GUID: 431df53978166e24da575e5a7cf826bf' -> (Import Result ID: 'bfb8cf7e5c0556197c53c0f4a1987319') in 0.001 seconds [static and dynamic dependencies]. Details - ImportResultOutputID=fa070b4667e6254a280259e5f90755e5 DependenciesID=ea656bb716a9d70d68a58d8dd33e3acc StaticDependenciesID=9d6d0c150e3323a0e36148bbdeccb27c 
Asset Pipeline Refresh (id=435019073f01b514592b5daef199f711): Total: 0.019 seconds - Initiated by StopAssetImportingV2(NoUpdateAssetOptions)
Importing 'GUID: 1762a4c6fee5718449446eee00f3aa54 - Path: Assets/NeoEngGenerated/hero_animation.animation' with importer (DefaultImporter)
Imported 'GUID: 1762a4c6fee5718449446eee00f3aa54' -> (Import Result ID: 'b1092fdcfac3d4058a13e1a18a636a2c') in 0.014 seconds [static dependencies only]. Details - ImportResultOutputID=e4754032e7549064c9f1e9c6031f2e64 DependenciesID=8879c75042cc7168b15a35459f87ce0b StaticDependenciesID=12ade54803a94270b2f8c127f4541b1c 
Importing 'GUID: ea1424ffd5db58b429cac8a4b2ab6278 - Path: Assets/NeoEngGenerated/hero_animation.animation/frame_0000.sprite.asset' with importer (NativeFormatImporter)
Imported 'GUID: ea1424ffd5db58b429cac8a4b2ab6278' -> (Import Result ID: 'f7fb24b315da9642d9dbf6cb214bd4cc') in 0.001 seconds [static dependencies only]. Details - ImportResultOutputID=ee87a4c5f03b3e8eef7adb9d8aa9dc80 DependenciesID=f5bce63cc464e8423dd8006257021705 StaticDependenciesID=ede27bf4873adea67d517eae5a547a5d 
Asset Pipeline Refresh (id=a00517f0b33ac66418e2ce14933107e6): Total: 0.040 seconds - Initiated by StopAssetImportingV2(NoUpdateAssetOptions)
Importing 'GUID: 62c9c72b6ee8bba4f95c342466d6886e - Path: Assets/frames/frame_0001.png' with importer (TextureImporter)
Imported 'GUID: 62c9c72b6ee8bba4f95c342466d6886e' -> (Import Result ID: 'dc108c2b28579d0ef2c81b7c0b74bdc4') in 0.001 seconds [static and dynamic dependencies]. Details - ImportResultOutputID=b97d5123065bd49d255b6abb03c5f5b4 DependenciesID=9359beff923b8175ed45c1a0180b9951 StaticDependenciesID=73dcb174bb45871eb637c451652fc05b 
Asset Pipeline Refresh (id=504e3410387b54f48b3f6936cdb15cc2): Total: 0.020 seconds - Initiated by StopAssetImportingV2(NoUpdateAssetOptions)
Importing 'GUID: 9072b6b00f27b7844b040118d3398751 - Path: Assets/NeoEngGenerated/hero_animation.animation/frame_0001.sprite.asset' with importer (NativeFormatImporter)
Imported 'GUID: 9072b6b00f27b7844b040118d3398751' -> (Import Result ID: 'b1408c22d7a10cc6b87cf63ad2282801') in 0.001 seconds [static dependencies only]. Details - ImportResultOutputID=5ccd4dd42375b25eef2b7d8f2b753ed2 DependenciesID=07506b48a4eb0155acef4631d45cf92d StaticDependenciesID=74b6fc7a84c4a941a86c35a5c343dd70 
Asset Pipeline Refresh (id=5cf8eb7c3f38f0843bcf4a6a0cdc1bf8): Total: 0.025 seconds - Initiated by StopAssetImportingV2(NoUpdateAssetOptions)
Importing 'GUID: 1bdd69c8f87b404499d436be073ae456 - Path: Assets/NeoEngGenerated/hero_animation.animation/hero_animation.metadata.asset' with importer (NativeFormatImporter)
Imported 'GUID: 1bdd69c8f87b404499d436be073ae456' -> (Import Result ID: '3718563166081e5e31bb43d593657577') in 0.002 seconds [static dependencies only]. Details - ImportResultOutputID=20de7ccffd42e6f8d99db95ccc1ab334 DependenciesID=1d5a645dc84b273bcc8e78269713025a StaticDependenciesID=fcc795fed440662af48bc0a23fce0b2a 
Asset Pipeline Refresh (id=9cc24829839242e41821e9354151c14d): Total: 0.022 seconds - Initiated by StopAssetImportingV2(NoUpdateAssetOptions)
Importing 'GUID: 1dbafeab8a4f9304e992973803d77ff4 - Path: Assets/NeoEngGenerated/hero_animation.animation/hero_animation.anim' with importer (NativeFormatImporter)
Imported 'GUID: 1dbafeab8a4f9304e992973803d77ff4' -> (Import Result ID: '24beb07f06014b12a851ad1c9cbe0f86') in 0.002 seconds [static dependencies only]. Details - ImportResultOutputID=970e1c791c15789c9fd7442cf40de3df DependenciesID=82492a09fab349d81c9d1c22e5688ca4 StaticDependenciesID=0f0da69bd7a1402a45c153ae34122fd7 
Asset Pipeline Refresh (id=962fc1f0d2425554399a1314a5d5a52f): Total: 0.023 seconds - Initiated by StopAssetImportingV2(NoUpdateAssetOptions)
Importing 'GUID: 16d0d1eb06ef8684d8589ffd4671d894 - Path: Assets/NeoEngGenerated/hero_animation.animation/hero_animation.controller' with importer (NativeFormatImporter)
Imported 'GUID: 16d0d1eb06ef8684d8589ffd4671d894' -> (Import Result ID: '8e17f8ad532e3654784eaf975052067c') in 0.002 seconds [static dependencies only]. Details - ImportResultOutputID=136ef6e7db51007f105c6333209e8647 DependenciesID=6b0dcdd5649711826aef4fbad521f15a StaticDependenciesID=03b9d2900c23b0a6450c0d11e6496a80 
Asset Pipeline Refresh (id=8d93564d352cc924a9d76f5dc1b034f0): Total: 0.023 seconds - Initiated by StopAssetImportingV2(NoUpdateAssetOptions)
Importing 'GUID: 16d0d1eb06ef8684d8589ffd4671d894 - Path: Assets/NeoEngGenerated/hero_animation.animation/hero_animation.controller' with importer (NativeFormatImporter)
Imported 'GUID: 16d0d1eb06ef8684d8589ffd4671d894' -> (Import Result ID: '4dc96de34ca997417ad2384095b2d5d3') in 0.001 seconds [static dependencies only]. Details - ImportResultOutputID=136ef6e7db51007f105c6333209e8647 DependenciesID=cff37d8bdd6f3155ed3399eaaea47211 StaticDependenciesID=8875f685ff9047859538d52efc5bcd4b 
Asset Pipeline Refresh (id=0aa9a148ff597a44a92457a2f4903849): Total: 0.018 seconds - Initiated by StopAssetImportingV2(NoUpdateAssetOptions)
Importing 'GUID: 0fe522c71bc7d1a43bafd204e3c621d0 - Path: Assets/NeoEngGenerated/hero_animation.animation/hero_animation.prefab' with importer (PrefabImporter)
Imported 'GUID: 0fe522c71bc7d1a43bafd204e3c621d0' -> (Import Result ID: '514d4247a8a634546a997ba342750a7d') in 0.014 seconds [static and dynamic dependencies]. Details - ImportResultOutputID=4bcd5d367ff1c5d40c84b1674a7cbffe DependenciesID=baa98feb41bd43c394d60c51c9f3fd91 StaticDependenciesID=bfe8d612bb337e0731a17e3680b493d6 
Asset Pipeline Refresh (id=226a7cc04a42b9a409e2bc4ae208cfcd): Total: 0.037 seconds - Initiated by StopAssetImportingV2(NoUpdateAssetOptions)
Importing 'GUID: 26ed029a8e4e8af43859802b5519852d - Path: Assets/source.png' with importer (TextureImporter)
Imported 'GUID: 26ed029a8e4e8af43859802b5519852d' -> (Import Result ID: '06dbdef922415ac82488d260cdffdf97') in 0.001 seconds [static and dynamic dependencies]. Details - ImportResultOutputID=5b7bbe454d57a68c7cc2b040b11fe4a3 DependenciesID=9d93633c2992ac5c411155b7d63f9780 StaticDependenciesID=61564046e112f265ac16c5479a40eb21 
Asset Pipeline Refresh (id=441586568f1acaa43b38b4d270cb345e): Total: 0.018 seconds - Initiated by StopAssetImportingV2(NoUpdateAssetOptions)
Importing 'GUID: ec8ddb6951e154941b412f167f2ca447 - Path: Assets/NeoEngGenerated/hero_tileset.tileset' with importer (DefaultImporter)
Imported 'GUID: ec8ddb6951e154941b412f167f2ca447' -> (Import Result ID: 'e9e3f1cf5f20b77c8e1eadda5c60de7e') in 0.011 seconds [static dependencies only]. Details - ImportResultOutputID=a0ecc21868fcc0a9551cc06a6bcdbdb6 DependenciesID=6d404667dfb6b7986d39e53431a5c1ba StaticDependenciesID=687d98b7ceb55664fc802ae869f63ea2 
Importing 'GUID: 7e9b19970bc144646aa602a1cc840ebe - Path: Assets/NeoEngGenerated/hero_tileset.tileset/tile_0000.sprite.asset' with importer (NativeFormatImporter)
Imported 'GUID: 7e9b19970bc144646aa602a1cc840ebe' -> (Import Result ID: '420d62d9e2f397087ba4f6d37f496c85') in 0.002 seconds [static dependencies only]. Details - ImportResultOutputID=90ec8ee7472350ba4d539cd34270f164 DependenciesID=da423601089633995444cb8c15e91f07 StaticDependenciesID=503cf294fc0c8fb68d25f66ddfa2c07e 
Asset Pipeline Refresh (id=53a7a84e85f771046af0477741ee376a): Total: 0.037 seconds - Initiated by StopAssetImportingV2(NoUpdateAssetOptions)
Not allowed to override physics shape on sprite 'tile_0000.sprite'
UnityEngine.Debug:ExtractStackTraceNoAlloc (byte*,int,string)
UnityEngine.StackTraceUtility:ExtractStackTrace ()
UnityEngine.Sprite:OverridePhysicsShapeCount (UnityEngine.Sprite,int)
UnityEngine.Sprite:OverridePhysicsShape (System.Collections.Generic.IList`1<UnityEngine.Vector2[]>)
NeoEng.DTrace.Editor.UnityOptionalResourceImporter:ImportTileset (NeoEng.DTrace.Editor.UnityImportGenerator/IntegrationManifest,string,string,UnityEngine.Texture2D,NeoEng.DTrace.Editor.UnityImportGenerator/ImportResult) (at <local-path>
NeoEng.DTrace.Editor.UnityOptionalResourceImporter:Import (NeoEng.DTrace.Editor.UnityImportGenerator/IntegrationManifest,string,string,UnityEngine.Texture2D,NeoEng.DTrace.Editor.UnityImportGenerator/ImportResult) (at <local-path>
NeoEng.DTrace.Editor.UnityImportGenerator:ImportManifestUnsafe (string) (at <local-path>
NeoEng.DTrace.Editor.UnityImportGenerator:ImportManifest (string) (at <local-path>
NeoEngStage3Runner:RunConflict (bool) (at Assets/Editor/NeoEngStage3Runner.cs:105)
NeoEngStage3Runner:Begin () (at Assets/Editor/NeoEngStage3Runner.cs:29)
UnityEditor.EditorApplication:Internal_CallDelayFunctions ()

[<local-path>

Not allowed to override physics shape on sprite 'tile_0000.sprite'
UnityEngine.Debug:ExtractStackTraceNoAlloc (byte*,int,string)
UnityEngine.StackTraceUtility:ExtractStackTrace ()
UnityEngine.Sprite:OverridePhysicsShape (UnityEngine.Sprite,UnityEngine.Vector2[],int)
UnityEngine.Sprite:OverridePhysicsShape (System.Collections.Generic.IList`1<UnityEngine.Vector2[]>)
NeoEng.DTrace.Editor.UnityOptionalResourceImporter:ImportTileset (NeoEng.DTrace.Editor.UnityImportGenerator/IntegrationManifest,string,string,UnityEngine.Texture2D,NeoEng.DTrace.Editor.UnityImportGenerator/ImportResult) (at <local-path>
NeoEng.DTrace.Editor.UnityOptionalResourceImporter:Import (NeoEng.DTrace.Editor.UnityImportGenerator/IntegrationManifest,string,string,UnityEngine.Texture2D,NeoEng.DTrace.Editor.UnityImportGenerator/ImportResult) (at <local-path>
NeoEng.DTrace.Editor.UnityImportGenerator:ImportManifestUnsafe (string) (at <local-path>
NeoEng.DTrace.Editor.UnityImportGenerator:ImportManifest (string) (at <local-path>
NeoEngStage3Runner:RunConflict (bool) (at Assets/Editor/NeoEngStage3Runner.cs:105)
NeoEngStage3Runner:Begin () (at Assets/Editor/NeoEngStage3Runner.cs:29)
UnityEditor.EditorApplication:Internal_CallDelayFunctions ()

[<local-path>

Importing 'GUID: c066301cd05c3464d82976cab9e32af2 - Path: Assets/NeoEngGenerated/hero_tileset.tileset/tile_0000.tile.asset' with importer (NativeFormatImporter)
Imported 'GUID: c066301cd05c3464d82976cab9e32af2' -> (Import Result ID: '83f3bf59965f31ddef5d6254e6231697') in 0.001 seconds [static dependencies only]. Details - ImportResultOutputID=314290d8dceb52d227c578083c07e2f1 DependenciesID=f435a3124e1494933e87912a998817b7 StaticDependenciesID=bf135ffcf61ac652c713f73be8c1320a 
Asset Pipeline Refresh (id=2659e752ecb7ad242a144333793ce4d0): Total: 0.022 seconds - Initiated by StopAssetImportingV2(NoUpdateAssetOptions)
Importing 'GUID: 26ed029a8e4e8af43859802b5519852d - Path: Assets/source.png' with importer (TextureImporter)
Imported 'GUID: 26ed029a8e4e8af43859802b5519852d' -> (Import Result ID: '06dbdef922415ac82488d260cdffdf97') in 0.001 seconds [static and dynamic dependencies]. Details - ImportResultOutputID=5b7bbe454d57a68c7cc2b040b11fe4a3 DependenciesID=9d93633c2992ac5c411155b7d63f9780 StaticDependenciesID=61564046e112f265ac16c5479a40eb21 
Asset Pipeline Refresh (id=2ceed9615de45064ebb494a27dc94869): Total: 0.018 seconds - Initiated by StopAssetImportingV2(NoUpdateAssetOptions)
Importing 'GUID: 8ca35e20d8b5b4f46a1efd0b2c0b36ac - Path: Assets/NeoEngGenerated/hero_tileset.tileset/tile_0001.sprite.asset' with importer (NativeFormatImporter)
Imported 'GUID: 8ca35e20d8b5b4f46a1efd0b2c0b36ac' -> (Import Result ID: 'a0a9b5baee5e686eea73ebd832b7ca2b') in 0.002 seconds [static dependencies only]. Details - ImportResultOutputID=0e42482e725fcd17bb2c61c1f5bd6657 DependenciesID=e4ad6faf4ffe966f18d2853b442bfd53 StaticDependenciesID=7c2682cd1641d20f222bee59e57d00bf 
Asset Pipeline Refresh (id=e3d7c229c318ea54a9ced38f3ae6da1a): Total: 0.024 seconds - Initiated by StopAssetImportingV2(NoUpdateAssetOptions)
Not allowed to override physics shape on sprite 'tile_0001.sprite'
UnityEngine.Debug:ExtractStackTraceNoAlloc (byte*,int,string)
UnityEngine.StackTraceUtility:ExtractStackTrace ()
UnityEngine.Sprite:OverridePhysicsShapeCount (UnityEngine.Sprite,int)
UnityEngine.Sprite:OverridePhysicsShape (System.Collections.Generic.IList`1<UnityEngine.Vector2[]>)
NeoEng.DTrace.Editor.UnityOptionalResourceImporter:ImportTileset (NeoEng.DTrace.Editor.UnityImportGenerator/IntegrationManifest,string,string,UnityEngine.Texture2D,NeoEng.DTrace.Editor.UnityImportGenerator/ImportResult) (at <local-path>
NeoEng.DTrace.Editor.UnityOptionalResourceImporter:Import (NeoEng.DTrace.Editor.UnityImportGenerator/IntegrationManifest,string,string,UnityEngine.Texture2D,NeoEng.DTrace.Editor.UnityImportGenerator/ImportResult) (at <local-path>
NeoEng.DTrace.Editor.UnityImportGenerator:ImportManifestUnsafe (string) (at <local-path>
NeoEng.DTrace.Editor.UnityImportGenerator:ImportManifest (string) (at <local-path>
NeoEngStage3Runner:RunConflict (bool) (at Assets/Editor/NeoEngStage3Runner.cs:105)
NeoEngStage3Runner:Begin () (at Assets/Editor/NeoEngStage3Runner.cs:29)
UnityEditor.EditorApplication:Internal_CallDelayFunctions ()

[<local-path>

Not allowed to override physics shape on sprite 'tile_0001.sprite'
UnityEngine.Debug:ExtractStackTraceNoAlloc (byte*,int,string)
UnityEngine.StackTraceUtility:ExtractStackTrace ()
UnityEngine.Sprite:OverridePhysicsShape (UnityEngine.Sprite,UnityEngine.Vector2[],int)
UnityEngine.Sprite:OverridePhysicsShape (System.Collections.Generic.IList`1<UnityEngine.Vector2[]>)
NeoEng.DTrace.Editor.UnityOptionalResourceImporter:ImportTileset (NeoEng.DTrace.Editor.UnityImportGenerator/IntegrationManifest,string,string,UnityEngine.Texture2D,NeoEng.DTrace.Editor.UnityImportGenerator/ImportResult) (at <local-path>
NeoEng.DTrace.Editor.UnityOptionalResourceImporter:Import (NeoEng.DTrace.Editor.UnityImportGenerator/IntegrationManifest,string,string,UnityEngine.Texture2D,NeoEng.DTrace.Editor.UnityImportGenerator/ImportResult) (at <local-path>
NeoEng.DTrace.Editor.UnityImportGenerator:ImportManifestUnsafe (string) (at <local-path>
NeoEng.DTrace.Editor.UnityImportGenerator:ImportManifest (string) (at <local-path>
NeoEngStage3Runner:RunConflict (bool) (at Assets/Editor/NeoEngStage3Runner.cs:105)
NeoEngStage3Runner:Begin () (at Assets/Editor/NeoEngStage3Runner.cs:29)
UnityEditor.EditorApplication:Internal_CallDelayFunctions ()

[<local-path>

Importing 'GUID: 9c5cbb57c5d8b114594e1ecd2fe62337 - Path: Assets/NeoEngGenerated/hero_tileset.tileset/tile_0001.tile.asset' with importer (NativeFormatImporter)
Imported 'GUID: 9c5cbb57c5d8b114594e1ecd2fe62337' -> (Import Result ID: 'ed5c420bcd92cf90a28101304ce922fa') in 0.002 seconds [static dependencies only]. Details - ImportResultOutputID=9d09db905c273e1e1921f8696757a6ec DependenciesID=0d5c6440a5281f3853b6e8318090c63e StaticDependenciesID=727e5490c7e22f12af7f46e927297654 
Asset Pipeline Refresh (id=d5b416d28cb15cb44954a8ad7d863ec7): Total: 0.024 seconds - Initiated by StopAssetImportingV2(NoUpdateAssetOptions)
Importing 'GUID: 2a43d90183b48404788f332350b2046e - Path: Assets/NeoEngGenerated/hero_tileset.tileset/hero_tileset.metadata.asset' with importer (NativeFormatImporter)
Imported 'GUID: 2a43d90183b48404788f332350b2046e' -> (Import Result ID: 'd83a66eeb4a822d9ee62e603b536c9ec') in 0.001 seconds [static dependencies only]. Details - ImportResultOutputID=b49308e8fa8053493f41ee660ba6ca78 DependenciesID=62d87bec04a5405c79c60414ae6e3bf2 StaticDependenciesID=e7cdae330677648de63909b9c7b3c067 
Asset Pipeline Refresh (id=eabe50161ff1fdd41ad6136d45c88d51): Total: 0.022 seconds - Initiated by StopAssetImportingV2(NoUpdateAssetOptions)
Importing 'GUID: 94c9855b6478fb247b0cd6bef6b9837d - Path: Assets/NeoEngGenerated/hero_tileset.tileset/hero_tileset.prefab' with importer (PrefabImporter)
Imported 'GUID: 94c9855b6478fb247b0cd6bef6b9837d' -> (Import Result ID: '03da9064daba1b10f2da8e95883ec3e0') in 0.013 seconds [static and dynamic dependencies]. Details - ImportResultOutputID=612ed631cdcd57f1bc886cb3c9b7942e DependenciesID=02af2dc8eae51e4079507f8622af2462 StaticDependenciesID=39dbf02d74dd7179287d29f72ebf637c 
Asset Pipeline Refresh (id=2b1cfe98a03fd234c9290da217bb0db8): Total: 0.037 seconds - Initiated by StopAssetImportingV2(NoUpdateAssetOptions)
Asset Pipeline Refresh (id=2a35966211e0cc944ab8a501107a77f8): Total: 0.028 seconds - Initiated by RefreshV2(ForceUpdate)
Loaded scene 'Library/Unused/b4050c640d548984d945e848604b0c41'
	Deserialize:            0.428 ms
	Integration:            2.173 ms
	Integration of assets:  0.001 ms
	Thread Wait Time:       22.532 ms
	Total Operation Time:   25.135 ms
Importing 'GUID: 94c9855b6478fb247b0cd6bef6b9837d - Path: Assets/NeoEngGenerated/hero_tileset.tileset/hero_tileset.prefab' with importer (PrefabImporter)
Imported 'GUID: 94c9855b6478fb247b0cd6bef6b9837d' -> (Import Result ID: 'ab78ca0463ce4e67b1f3fa8e3fd0766d') in 0.004 seconds [static and dynamic dependencies]. Details - ImportResultOutputID=fc0780eb7988c9284e30c5d6d1bbede8 DependenciesID=aa9f4d8447ed694912e0279003ebc023 StaticDependenciesID=ce14f2b322f9674c742f2a9141d95b0c 
Asset Pipeline Refresh (id=6b2a84bc726c5cf4cafa10af29dcf171): Total: 0.040 seconds - Initiated by StopAssetImportingV2(NoUpdateAssetOptions)
Asset Pipeline Refresh (id=510430199189f3b4d83223a0742a8647): Total: 0.023 seconds - Initiated by RefreshV2(ForceUpdate)
Importing 'GUID: 26ed029a8e4e8af43859802b5519852d - Path: Assets/source.png' with importer (TextureImporter)
Imported 'GUID: 26ed029a8e4e8af43859802b5519852d' -> (Import Result ID: '06dbdef922415ac82488d260cdffdf97') in 0.001 seconds [static and dynamic dependencies]. Details - ImportResultOutputID=5b7bbe454d57a68c7cc2b040b11fe4a3 DependenciesID=9d93633c2992ac5c411155b7d63f9780 StaticDependenciesID=61564046e112f265ac16c5479a40eb21 
Asset Pipeline Refresh (id=ad0bff3bb850c8c46a1bd0fb57fcd63f): Total: 0.020 seconds - Initiated by StopAssetImportingV2(NoUpdateAssetOptions)
Importing 'GUID: 431df53978166e24da575e5a7cf826bf - Path: Assets/frames/frame_0000.png' with importer (TextureImporter)
Imported 'GUID: 431df53978166e24da575e5a7cf826bf' -> (Import Result ID: 'bfb8cf7e5c0556197c53c0f4a1987319') in 0.001 seconds [static and dynamic dependencies]. Details - ImportResultOutputID=fa070b4667e6254a280259e5f90755e5 DependenciesID=ea656bb716a9d70d68a58d8dd33e3acc StaticDependenciesID=9d6d0c150e3323a0e36148bbdeccb27c 
Asset Pipeline Refresh (id=d1b27402c82a7d346be135d5857e277e): Total: 0.020 seconds - Initiated by StopAssetImportingV2(NoUpdateAssetOptions)
Importing 'GUID: 62c9c72b6ee8bba4f95c342466d6886e - Path: Assets/frames/frame_0001.png' with importer (TextureImporter)
Imported 'GUID: 62c9c72b6ee8bba4f95c342466d6886e' -> (Import Result ID: 'dc108c2b28579d0ef2c81b7c0b74bdc4') in 0.002 seconds [static and dynamic dependencies]. Details - ImportResultOutputID=b97d5123065bd49d255b6abb03c5f5b4 DependenciesID=9359beff923b8175ed45c1a0180b9951 StaticDependenciesID=73dcb174bb45871eb637c451652fc05b 
Asset Pipeline Refresh (id=e05bd6b9a93ff874098dfe4d5e08c4a5): Total: 0.018 seconds - Initiated by StopAssetImportingV2(NoUpdateAssetOptions)
Importing 'GUID: 26ed029a8e4e8af43859802b5519852d - Path: Assets/source.png' with importer (TextureImporter)
Imported 'GUID: 26ed029a8e4e8af43859802b5519852d' -> (Import Result ID: '06dbdef922415ac82488d260cdffdf97') in 0.001 seconds [static and dynamic dependencies]. Details - ImportResultOutputID=5b7bbe454d57a68c7cc2b040b11fe4a3 DependenciesID=9d93633c2992ac5c411155b7d63f9780 StaticDependenciesID=61564046e112f265ac16c5479a40eb21 
Asset Pipeline Refresh (id=03c2d093f07f59b46a0018f2f9eb4726): Total: 0.019 seconds - Initiated by StopAssetImportingV2(NoUpdateAssetOptions)
Importing 'GUID: 26ed029a8e4e8af43859802b5519852d - Path: Assets/source.png' with importer (TextureImporter)
Imported 'GUID: 26ed029a8e4e8af43859802b5519852d' -> (Import Result ID: '06dbdef922415ac82488d260cdffdf97') in 0.001 seconds [static and dynamic dependencies]. Details - ImportResultOutputID=5b7bbe454d57a68c7cc2b040b11fe4a3 DependenciesID=9d93633c2992ac5c411155b7d63f9780 StaticDependenciesID=61564046e112f265ac16c5479a40eb21 
Asset Pipeline Refresh (id=88314e9791266024cb42586835fff48e): Total: 0.019 seconds - Initiated by StopAssetImportingV2(NoUpdateAssetOptions)
Worker ready: AssetImportWorkerHW0 0
Asset Pipeline Refresh (id=0695269c46e252e44885f92c1352b5fe): Total: 0.035 seconds - Initiated by RefreshV2(ForceUpdate)
UNITY_STAGE3_TILESET_CONFLICT_BLOCKED=PASS
UnityEngine.Debug:ExtractStackTraceNoAlloc (byte*,int,string)
UnityEngine.StackTraceUtility:ExtractStackTrace ()
UnityEngine.DebugLogHandler:Internal_Log (UnityEngine.LogType,UnityEngine.LogOption,string,UnityEngine.Object)
UnityEngine.DebugLogHandler:LogFormat (UnityEngine.LogType,UnityEngine.Object,string,object[])
UnityEngine.Logger:Log (UnityEngine.LogType,object)
UnityEngine.Debug:Log (object)
NeoEngStage3Runner:RunConflict (bool) (at Assets/Editor/NeoEngStage3Runner.cs:135)
NeoEngStage3Runner:Begin () (at Assets/Editor/NeoEngStage3Runner.cs:29)
UnityEditor.EditorApplication:Internal_CallDelayFunctions ()

(Filename: Assets/Editor/NeoEngStage3Runner.cs Line: 135)

MonoPathRemapper: Attempts to remap: 5064; Successful remaps: 0
Serialized file version minimum: 23, current 23
[Physics::Module] Cleanup current backend.
[Physics::Module] Id: 0xf2b8ea05
Input System module state changed to: ShutdownInProgress.
Input Polling Thread exited.
Input System module state changed to: Shutdown.
[Licensing::IpcConnector] LicenseClient-<redacted> channel disconnected successfully.
[Licensing::IpcConnector] LicenseClient-<redacted> channel disconnected successfully.
Shut down.
AcceleratorClientConnectionCallback - disconnected - :0
Cleanup mono
CodeReloadManager destroyed
abort_threads: Failed aborting id: 00000000000078D4, mono_thread_manage will ignore it

abort_threads: Failed aborting id: 0000000000004F48, mono_thread_manage will ignore it

abort_threads: Failed aborting id: 00000000000078D4, mono_thread_manage will ignore it

abort_threads: Failed aborting id: 0000000000004F48, mono_thread_manage will ignore it

debugger-agent: Unable to listen on 3252
Checking for leaked weakptr:
  Found no leaked weakptrs.
[Package Manager] Server process was shutdown
##utp:{"type":"MemoryLeaks","version":2,"phase":"Immediate","time":1787002929470,"processId: <redacted>,"allocatedMemory":11412272,"memoryLabels":[{"Default":172498},{"Permanent":15516},{"NewDelete":65763},{"Thread":4197560},{"Manager":33605},{"VertexData":8},{"Geometry":816},{"Texture":24},{"Shader":831192},{"Material":24},{"GfxDevice":55328},{"Animation":5816},{"Audio":1544},{"FreeType":8},{"FontEngine":736},{"Physics":2146},{"Physics2D":16},{"Serialization":912},{"Input":42840},{"JobScheduler":256},{"TextLib":280},{"Mono":48},{"ScriptingNativeRuntime":674964},{"BaseObject":1627168},{"Resource":1208},{"Renderer":3080},{"Transform":4685},{"File":1032},{"WebCam":616},{"Culling":32},{"Terrain":11442},{"Wind":24},{"STL":40},{"String":37347},{"StaticString":3808},{"Utility":2673782},{"Curl":2559},{"PoolAlloc":2168},{"AI":80},{"TypeTree":17165},{"CodeReload":448},{"RuntimeInitializeOnLoadManager":64},{"Sprites":102},{"SpriteAtlas":120},{"GI":7816},{"Director":3432},{"CloudService":16424},{"WebRequest":552},{"VR":47114},{"SceneManager":608},{"Video":64},{"LazyScriptCache":32},{"Camera":17},{"Secure":2377},{"Image":65536},{"SerializationCache":1576},{"APIUpdating":10320},{"Subsystems":336},{"VirtualTexturing":57888},{"StaticSafetyDebugInfo":278528},{"Analytics":552},{"Hierarchy":1176},{"UIElements":72},{"CoreStats":13688},{"Identifiers":6768},{"Gui":128},{"EditorUtility":98480},{"VersionControl":8},{"Undo":931},{"AssetDatabase":252521},{"AssetImporter":40},{"EditorGi":328},{"UnityConnect":38929},{"Upm":1912},{"UpmDiagnostics":8},{"AssetCompliance":64},{"DrivenProperties":72},{"LocalIPC":211},{"ProfilerEditor":9746},{"CoreBusinessMetrics":3500},{"Windowing":456},{"Licensing":1232},{"AssetReference":32},{"IPCStream":32}]}
