
[Licensing::Module] Trying to connect to existing licensing client channel...
Built from '6000.5/staging' branch; Version is '6000.5.7f1 (017862109af0) revision 96354'; Using compiler version '194234433'; Build Type 'Release'
[Licensing::IpcConnector] Channel LicenseClient-<redacted> doesn't exist
<redacted-host-profile>
BatchMode: 1, IsHumanControllingUs: 0, StartBugReporterOnCrash: 0, Is64bit: 1
System  architecture: x64
Process architecture: x64
<redacted-timestamp>
<redacted-process-info>

COMMAND LINE ARGUMENTS:
<local-path>
-batchmode
-nographics
-quit
-projectPath
<local-path>\unity-project
-executeMethod
NeoEng.DTrace.Editor.UnityImportGenerator.RunHeadlessAdvancedImport
-logFile
<local-path>\unity-project-RunHeadlessAdvancedImport.log
Successfully changed project path to: <local-path>\unity-project
<local-path>
[UnityMemory] Configuration Parameters - Can be set up in boot.config
    "memorysetup-temp-allocator-size-gi-baking-worker=262144"
    "memorysetup-temp-allocator-size-gi-baking-worker=262144"
    "memorysetup-temp-allocator-size-gi-baking-worker=262144"
    "memorysetup-temp-allocator-size-gi-baking-worker=262144"
    "memorysetup-temp-allocator-size-gi-baking-worker=262144"
    "memorysetup-temp-allocator-size-nav-mesh-worker=65536"
    "memorysetup-temp-allocator-size-audio-worker=65536"
    "memorysetup-temp-allocator-size-cloud-worker=32768"
    "memorysetup-temp-allocator-size-gfx=262144"
    "memorysetup-temp-allocator-size-preload-manager=33554432"
    "memorysetup-allocator-temp-initial-block-size-main=262144"
    "memorysetup-allocator-temp-initial-block-size-worker=262144"
    "memorysetup-temp-allocator-size-job-worker=262144"
    "memorysetup-temp-allocator-size-background-worker=32768"
    "memorysetup-bucket-allocator-granularity=16"
    "memorysetup-bucket-allocator-bucket-count=8"
    "memorysetup-bucket-allocator-block-size=33554432"
    "memorysetup-bucket-allocator-block-count=8"
    "memorysetup-main-allocator-block-size=16777216"
    "memorysetup-thread-allocator-block-size=16777216"
    "memorysetup-main-allocator-mimalloc-enabled=0"
    "memorysetup-gfx-main-allocator-block-size=16777216"
    "memorysetup-gfx-thread-allocator-block-size=16777216"
    "memorysetup-cache-allocator-block-size=4194304"
    "memorysetup-typetree-allocator-block-size=2097152"
    "memorysetup-profiler-bucket-allocator-granularity=16"
    "memorysetup-profiler-bucket-allocator-bucket-count=8"
    "memorysetup-profiler-bucket-allocator-block-size=33554432"
    "memorysetup-profiler-bucket-allocator-block-count=8"
    "memorysetup-profiler-allocator-block-size=16777216"
    "memorysetup-profiler-editor-allocator-block-size=1048576"
    "memorysetup-temp-allocator-size-main=16777216"
    "memorysetup-job-temp-allocator-block-size=2097152"
    "memorysetup-job-temp-allocator-block-size-background=1048576"
    "memorysetup-job-temp-allocator-reduction-small-platforms=262144"
<redacted-player-connection>

<redacted-player-connection>

<redacted-player-connection>

<redacted-player-connection>

<redacted-player-connection>

<redacted-player-connection>
<redacted-player-connection>
Input System module state changed to: Initialized.
[Physics::Module] Initialized fallback backend.
[Physics::Module] Id: 0xdecafbad
Starting IPC server.
Waiting for clients to connect on \\.\pipe\Unity-LicenseClient-<redacted>, press Ctrl-C to exit.
[Licensing::IpcConnector] Successfully connected to: "LicenseClient-<redacted>" at "2026-08-17T08:27:04.915628Z"
<redacted-process-info>
[Licensing::Module] LicensingClient has failed validation; ignoring
[Package Manager] Connected to IPC stream "Upm-31816" after 0.3 seconds.
[Licensing::Module] Licensing is not yet initialized.
[Licensing::Client] Handshaking with LicensingClient:
  Version:                 1.18.1+9fbee8e
<redacted-engine-identity>
<redacted-engine-identity>
<redacted-engine-identity>
<redacted-engine-identity>
[Licensing::Module] Successfully connected to LicensingClient on channel: "LicenseClient-<redacted>" (connect: 0.37s, validation: 0.05s, handshake: 0.04s)
[Licensing::IpcConnector] Successfully connected to: "LicenseClient-<redacted>" at "2026-08-17T08:27:05.0108962Z"
<redacted-process-info>
[Licensing::Module] Error: Access token is unavailable; failed to update
[Licensing::Client] Successfully resolved entitlement details
<redacted-license-group>
<redacted-engine-id>
<redacted-license-info>
<redacted-license-info>
<redacted-license-info>
[Licensing::Client] Successfully updated license, isAsync: True, time: 0.01
[Licensing::Client] Successfully resolved entitlement details
[Licensing::Module] Licensing Background thread has ended after 0.50s
[Licensing::Module] Licensing is initialized (took 0.06s).
[Licensing::Client] Successfully resolved entitlement details
Library Redirect Path: Library/
[Physics::Module] Selected backend.
[Physics::Module] Name: PhysX
[Physics::Module] Id: 0xf2b8ea05
[Physics::Module] SDK Version: 4.1.2
[Physics::Module] Integration Version: 1.0.0
[Physics::Module] Threading Mode: Multi-Threaded
Initialize engine version: 6000.5.7f1 (017862109af0)
[Subsystems] Discovering subsystems at path <local-path>
[Subsystems] Discovering subsystems at path <local-path>
Forcing GfxDevice: Null
GfxDevice: creating device client; kGfxThreadingModeNonThreaded
NullGfxDevice:
    Version:  NULL 1.0 [1.0]
    Renderer: Null Device
    Vendor:   Unity Technologies
Initialize mono
Mono path[0] = '<local-path>
Mono path[1] = '<local-path>
Mono path[2] = '<local-path>
Mono config path = '<local-path>
<redacted-debug-endpoint>
CodeReloadManager initialized
ImportWorker Server TCP listen port: 0
AcceleratorClientConnectionCallback - disconnected - :0
Begin MonoManager ReloadAssembly
Registering precompiled unity dll's ...
Register platform support module: <local-path>
Register platform support module: <local-path>
Registered in 0.006327 seconds.
Native extension for WindowsStandalone target not found
Native extension for WebGL target not found
Package Manager log level set to [2]
ScheduleIndexationOnStartup MainProcess:False IndexOnStartup:False
Mono: successfully reloaded assembly
- Finished resetting the current domain, in  0.391 seconds
Domain Reload Profiling: 1058ms
	BeginReloadAssembly (193ms)
		CreateAndSetChildDomain (10ms)
	RebuildCommonClasses (5ms)
	RebuildNativeTypeToScriptingClass (18ms)
	initialDomainReloadingComplete (107ms)
	LoadAllAssembliesAndSetupDomain (341ms)
		LoadAssemblies (172ms)
		AnalyzeDomain (238ms)
			TypeCache.Refresh (236ms)
				TypeCache.ScanAssembly (221ms)
	FinalizeReload (394ms)
		SetupLoadedEditorAssemblies (0ms)
			InitializePlatformSupportModulesInManaged (3ms)
			BeforeProcessingInitializeOnLoad (93ms)
			ProcessInitializeOnLoadAttributes (100ms)
			ProcessInitializeOnLoadMethodAttributes (122ms)
[Licensing::Client] Successfully resolved entitlement details
Application.AssetDatabase Initial Refresh Start
[Package Manager] Restoring resolved packages state from cache
[Licensing::Client] Successfully resolved entitlement details
[Package Manager] Registered 1 packages:
  Local packages:
    com.neoeng.dtrace@file:<repo>\integrations\unity\package\com.neoeng.dtrace (location: <repo>\integrations\unity\package\com.neoeng.dtrace)
[Subsystems] No new subsystems found in resolved package list.
[Package Manager] Done registering packages in 0.00 seconds
info: Microsoft.Hosting.Lifetime[14]
<redacted-local-endpoint>
info: Microsoft.Hosting.Lifetime[0]
      Application started. Press Ctrl+C to shut down.
info: Microsoft.Hosting.Lifetime[0]
      Hosting environment: Production
info: Microsoft.Hosting.Lifetime[0]
      Content root path: <local-path>\unity-project
info: Microsoft.AspNetCore.Hosting.Diagnostics[1]
      Request starting HTTP/2 POST http://ilpp/UnityILPP.PostProcessing/Ping - application/grpc -
info: Microsoft.AspNetCore.Routing.EndpointMiddleware[0]
      Executing endpoint 'gRPC - /UnityILPP.PostProcessing/Ping'
info: Microsoft.AspNetCore.Routing.EndpointMiddleware[1]
      Executed endpoint 'gRPC - /UnityILPP.PostProcessing/Ping'
info: Microsoft.AspNetCore.Hosting.Diagnostics[2]
      Request finished HTTP/2 POST http://ilpp/UnityILPP.PostProcessing/Ping - 200 - application/grpc 29.6130ms
Starting: <local-path>"Library/Bee/1900b0aE.dag" --continue-on-failure --profile="Library/Bee/backend1.traceevents" ScriptAssemblies
WorkingDir: <local-path>
DisplayProgressbar: Compiling Scripts
ExitCode: 0 Duration: 0s107ms
*** Tundra build success (0.07 seconds), 0 items updated, 168 evaluated
AssetDatabase: script compilation time: 0.504683s
Begin MonoManager ReloadAssembly
Native extension for WindowsStandalone target not found
Native extension for WebGL target not found
ScheduleIndexationOnStartup MainProcess:True IndexOnStartup:True
Mono: successfully reloaded assembly
- Finished resetting the current domain, in  0.473 seconds
Domain Reload Profiling: 1085ms
	BeginReloadAssembly (384ms)
		DisableScriptedObjects (34ms)
		CreateAndSetChildDomain (150ms)
	RebuildCommonClasses (9ms)
	RebuildNativeTypeToScriptingClass (18ms)
	initialDomainReloadingComplete (76ms)
	LoadAllAssembliesAndSetupDomain (122ms)
		LoadAssemblies (146ms)
		AnalyzeDomain (9ms)
			TypeCache.Refresh (4ms)
	FinalizeReload (476ms)
		SetupLoadedEditorAssemblies (0ms)
			InitializePlatformSupportModulesInManaged (3ms)
			BeforeProcessingInitializeOnLoad (88ms)
			ProcessInitializeOnLoadAttributes (76ms)
			ProcessInitializeOnLoadMethodAttributes (68ms)
			AfterProcessingInitializeOnLoad (22ms)
		AwakeInstancesAfterBackupRestoration (21ms)
Starting new worker id: 0 with log in <local-path>

Asset Pipeline Refresh (id=e5056b027fe45be42b7bd29b243bd6fc): Total: 1.867 seconds - Initiated by InitialRefreshV2(ForceSynchronousImport)
	(Values over 0.05ms)
	Summary:
		Imports: total=0 (actual=0, local cache=0, cache server=0)
		Asset DB Process Time: managed=0 ms, native=621 ms
		Asset DB Callback time: managed=23 ms, native=6 ms
		Scripting: domain reloads=1, domain reload time=685 ms, compile time=507 ms, other=24 ms
		Project Asset Count: scripts=29, non-scripts=5
		Asset File Changes: new=0, changed=0, moved=0, deleted=0
		Scan Filter Count: 0
	InvokePackagesCallback: 11.377ms
	ApplyChangesToAssetFolders: 0.482ms
	Scan: 40.941ms
	Collect global state as custom dependencies: 12.099ms
	ProcessAssetsWithTransientArtifactChanges: 0.600ms
	CategorizeAssets: 0.241ms
	CompileScripts: 506.584ms
	ImportOutOfDateAssets: 489.393ms (476.799ms without children)
		UnloadImportedAssets: 0.125ms
		ImportSchedulerStart: 12.459ms
	PostProcessAllAssets: 23.363ms
		MonoPostProcessAllAssets: 23.290ms
			WindowAssetPostprocessingWatcher.OnPostprocessAllAssets 7.869ms
			SyncVS.PostprocessSyncProject 2.382ms
			SpeedTree9Postprocessor.OnPostprocessAllAssets 1.132ms
			EditModeScopePostprocessor.OnPostprocessAllAssets 0.901ms
			ReferencedClipsPostProcessor.OnPostprocessAllAssets 0.363ms
			TerrainToolbarOverlayPostProcessor.OnPostprocessAllAssets 0.249ms
			AssetDatabaseCallbacks.OnPostprocessAllAssets 0.167ms
			RenderPipelineGlobalSettingsPostprocessor.OnPostprocessAllAssets 0.084ms
	UnloadStreamsBegin: 1.251ms
	Untracked: 772.206ms

Application.AssetDatabase Initial Refresh End
Scanning for USB devices : 10.572ms
Initializing Unity extensions:
[MODES] ModeService[none].Initialize
[MODES] ModeService[none].LoadModes
[MODES] Loading mode Default (0) for mode-current-id-unity-project
Unloading 3 Unused Serialized files (Serialized files now loaded: 0)
Unloading 19 unused Assets / (0.5 MB). Loaded Objects now: 657.
Memory consumption went from 184.3 MB to 183.8 MB.
Total: 4.587700 ms (FindLiveObjects: 0.038800 ms CreateObjectMapping: 0.006400 ms MarkObjects: 4.353600 ms  DeleteObjects: 0.184400 ms)

Importing 'GUID: dce2fae7e6376b54b98230792e21f148 - Path: Assets/NeoEngGenerated' with importer (DefaultImporter)
Imported 'GUID: dce2fae7e6376b54b98230792e21f148' -> (Import Result ID: 'f479a08329134dcc6d82bd92792ff0fb') in 0.012 seconds [static dependencies only]. Details - ImportResultOutputID=3d8eef7256b76a11322978fa9c2b714c DependenciesID=6364d287e325fce63f7445718d0869ed StaticDependenciesID=923ed04e232a2a666a1c8b5076850136 
Asset Pipeline Refresh (id=920138e42c3fed34ebb48e9f9aa10e3c): Total: 0.113 seconds - Initiated by RefreshV2(NoUpdateAssetOptions)
Importing 'GUID: 80c8f9748cae72e46b4b24997df09fde - Path: Assets/atlas/atlas_0.png' with importer (TextureImporter)
Imported 'GUID: 80c8f9748cae72e46b4b24997df09fde' -> (Import Result ID: 'a5a3039128b5696c9560fd32de91c5a5') in 0.006 seconds [static and dynamic dependencies]. Details - ImportResultOutputID=327c6fc2c8b6bb53bd59206a3b3f5f14 DependenciesID=049957196549b4141d81253fadfbf8d8 StaticDependenciesID=897b38c7476d33744fc2833cf0d8ac51 
Asset Pipeline Refresh (id=54931e616269a194e8cfd45ae181910d): Total: 0.027 seconds - Initiated by StopAssetImportingV2(NoUpdateAssetOptions)
Importing 'GUID: 80c8f9748cae72e46b4b24997df09fde - Path: Assets/atlas/atlas_0.png' with importer (TextureImporter)
Imported 'GUID: 80c8f9748cae72e46b4b24997df09fde' -> (Import Result ID: 'a5a3039128b5696c9560fd32de91c5a5') in 0.001 seconds [static and dynamic dependencies]. Details - ImportResultOutputID=327c6fc2c8b6bb53bd59206a3b3f5f14 DependenciesID=049957196549b4141d81253fadfbf8d8 StaticDependenciesID=897b38c7476d33744fc2833cf0d8ac51 
Asset Pipeline Refresh (id=3c1f4038f95579e4c9fdf67b9a9e8bd4): Total: 0.018 seconds - Initiated by StopAssetImportingV2(NoUpdateAssetOptions)
Importing 'GUID: 80c8f9748cae72e46b4b24997df09fde - Path: Assets/atlas/atlas_0.png' with importer (TextureImporter)
Imported 'GUID: 80c8f9748cae72e46b4b24997df09fde' -> (Import Result ID: 'e41dd4f36a6b43289c63bff6967cf71f') in 0.002 seconds [static and dynamic dependencies]. Details - ImportResultOutputID=eac8dbd021d7a3a4103b64b1f0b36de9 DependenciesID=ac65e9d2737cc3a37646f8f9bcd7d035 StaticDependenciesID=f0eca89d78fa154afcdb8d4cdc872450 
Asset Pipeline Refresh (id=55725d6cb63d9474b90c98b30755b313): Total: 0.046 seconds - Initiated by StopAssetImportingV2(NoUpdateAssetOptions)
Importing 'GUID: 16ae3434e5a507d45a04b88cca96e3fc - Path: Assets/NeoEngGenerated/hero.sprite.asset' with importer (NativeFormatImporter)
Imported 'GUID: 16ae3434e5a507d45a04b88cca96e3fc' -> (Import Result ID: 'baf6ce2098088ad150605dbae6851e8f') in 0.002 seconds [static dependencies only]. Details - ImportResultOutputID=803b68023d68133d22bb1de8becf7afe DependenciesID=f2cd558e65f90e484a6a6f8e2d6a3fb5 StaticDependenciesID=751a15489940b6d1bd0fbf526c4fecc2 
Asset Pipeline Refresh (id=9c9f3788f4111714197468cbce62369d): Total: 0.023 seconds - Initiated by StopAssetImportingV2(NoUpdateAssetOptions)
Importing 'GUID: c06fde3821130c14a9c51b83dc522a17 - Path: Assets/NeoEngGenerated/hero.metadata.asset' with importer (NativeFormatImporter)
Imported 'GUID: c06fde3821130c14a9c51b83dc522a17' -> (Import Result ID: 'a5e0b3aba1bc3751b887dc84cd5f448b') in 0.002 seconds [static dependencies only]. Details - ImportResultOutputID=ef77cbb89562cfdf10676abb90767a1c DependenciesID=8ad4051977755837f74c2c6545fed9be StaticDependenciesID=db02c8649ce08ed9efc4f1cfc9e4614f 
Asset Pipeline Refresh (id=53dbc1e77c3f0e849a55fc340ff6e1ff): Total: 0.023 seconds - Initiated by StopAssetImportingV2(NoUpdateAssetOptions)
Importing 'GUID: 8de46949372f01a41ba4a0f9a782b4e0 - Path: Assets/NeoEngGenerated/hero.prefab' with importer (PrefabImporter)
Imported 'GUID: 8de46949372f01a41ba4a0f9a782b4e0' -> (Import Result ID: '139acd7e4716d14776d632ac25ecb467') in 0.016 seconds [static and dynamic dependencies]. Details - ImportResultOutputID=8ee5ebb6e7ac9faf29caf8b17465c30d DependenciesID=2f3a6b57be264c6c6d72a42e5bc03a25 StaticDependenciesID=344fa5d7730c7deccf47ee708f1dd38b 
Asset Pipeline Refresh (id=7eb369ca9e6048840910242c92cfaac1): Total: 0.039 seconds - Initiated by StopAssetImportingV2(NoUpdateAssetOptions)
Asset Pipeline Refresh (id=d879a7661bedb1a419a2d3b569144d8c): Total: 0.032 seconds - Initiated by RefreshV2(ForceUpdate)
UNITY_NATIVE_IMPORT_STAGE6=SUCCESS
UnityEngine.Debug:ExtractStackTraceNoAlloc (byte*,int,string)
UnityEngine.StackTraceUtility:ExtractStackTrace ()
UnityEngine.DebugLogHandler:Internal_Log (UnityEngine.LogType,UnityEngine.LogOption,string,UnityEngine.Object)
UnityEngine.DebugLogHandler:LogFormat (UnityEngine.LogType,UnityEngine.Object,string,object[])
UnityEngine.Logger:Log (UnityEngine.LogType,object)
UnityEngine.Debug:Log (object)
NeoEng.DTrace.Editor.UnityImportGenerator:RunHeadlessImport () (at <local-path>
NeoEng.DTrace.Editor.UnityImportGenerator:RunHeadlessAdvancedImport () (at <local-path>

(Filename: <local-path>

UNITY_NATIVE_SYNC_STAGE7=SUCCESS
UnityEngine.Debug:ExtractStackTraceNoAlloc (byte*,int,string)
UnityEngine.StackTraceUtility:ExtractStackTrace ()
UnityEngine.DebugLogHandler:Internal_Log (UnityEngine.LogType,UnityEngine.LogOption,string,UnityEngine.Object)
UnityEngine.DebugLogHandler:LogFormat (UnityEngine.LogType,UnityEngine.Object,string,object[])
UnityEngine.Logger:Log (UnityEngine.LogType,object)
UnityEngine.Debug:Log (object)
NeoEng.DTrace.Editor.UnityImportGenerator:RunHeadlessImport () (at <local-path>
NeoEng.DTrace.Editor.UnityImportGenerator:RunHeadlessAdvancedImport () (at <local-path>

(Filename: <local-path>

UNITY_NATIVE_IMPORT_STAGE8=SUCCESS
UnityEngine.Debug:ExtractStackTraceNoAlloc (byte*,int,string)
UnityEngine.StackTraceUtility:ExtractStackTrace ()
UnityEngine.DebugLogHandler:Internal_Log (UnityEngine.LogType,UnityEngine.LogOption,string,UnityEngine.Object)
UnityEngine.DebugLogHandler:LogFormat (UnityEngine.LogType,UnityEngine.Object,string,object[])
UnityEngine.Logger:Log (UnityEngine.LogType,object)
UnityEngine.Debug:Log (object)
NeoEng.DTrace.Editor.UnityImportGenerator:RunHeadlessImport () (at <local-path>
NeoEng.DTrace.Editor.UnityImportGenerator:RunHeadlessAdvancedImport () (at <local-path>

(Filename: <local-path>

IMPORTED_SPRITES=1
UnityEngine.Debug:ExtractStackTraceNoAlloc (byte*,int,string)
UnityEngine.StackTraceUtility:ExtractStackTrace ()
UnityEngine.DebugLogHandler:Internal_Log (UnityEngine.LogType,UnityEngine.LogOption,string,UnityEngine.Object)
UnityEngine.DebugLogHandler:LogFormat (UnityEngine.LogType,UnityEngine.Object,string,object[])
UnityEngine.Logger:Log (UnityEngine.LogType,object)
UnityEngine.Debug:Log (object)
NeoEng.DTrace.Editor.UnityImportGenerator:RunHeadlessImport () (at <local-path>
NeoEng.DTrace.Editor.UnityImportGenerator:RunHeadlessAdvancedImport () (at <local-path>

(Filename: <local-path>

IMPORTED_PREFABS=1
UnityEngine.Debug:ExtractStackTraceNoAlloc (byte*,int,string)
UnityEngine.StackTraceUtility:ExtractStackTrace ()
UnityEngine.DebugLogHandler:Internal_Log (UnityEngine.LogType,UnityEngine.LogOption,string,UnityEngine.Object)
UnityEngine.DebugLogHandler:LogFormat (UnityEngine.LogType,UnityEngine.Object,string,object[])
UnityEngine.Logger:Log (UnityEngine.LogType,object)
UnityEngine.Debug:Log (object)
NeoEng.DTrace.Editor.UnityImportGenerator:RunHeadlessImport () (at <local-path>
NeoEng.DTrace.Editor.UnityImportGenerator:RunHeadlessAdvancedImport () (at <local-path>

(Filename: <local-path>

IMPORTED_COLLIDERS=1
UnityEngine.Debug:ExtractStackTraceNoAlloc (byte*,int,string)
UnityEngine.StackTraceUtility:ExtractStackTrace ()
UnityEngine.DebugLogHandler:Internal_Log (UnityEngine.LogType,UnityEngine.LogOption,string,UnityEngine.Object)
UnityEngine.DebugLogHandler:LogFormat (UnityEngine.LogType,UnityEngine.Object,string,object[])
UnityEngine.Logger:Log (UnityEngine.LogType,object)
UnityEngine.Debug:Log (object)
NeoEng.DTrace.Editor.UnityImportGenerator:RunHeadlessImport () (at <local-path>
NeoEng.DTrace.Editor.UnityImportGenerator:RunHeadlessAdvancedImport () (at <local-path>

(Filename: <local-path>

Batchmode quit successfully invoked - shutting down!
[Physics::Module] Cleanup current backend.
[Physics::Module] Id: 0xf2b8ea05
Input System module state changed to: ShutdownInProgress.
Input Polling Thread exited.
Input System module state changed to: Shutdown.
[Licensing::IpcConnector] LicenseClient-<redacted> channel disconnected successfully.
[Licensing::IpcConnector] LicenseClient-<redacted> channel disconnected successfully.
AcceleratorClientConnectionCallback - disconnected - :0
Cleanup mono
CodeReloadManager destroyed
Shut down.
abort_threads: Failed aborting id: 0000000000006964, mono_thread_manage will ignore it

abort_threads: Failed aborting id: 0000000000006964, mono_thread_manage will ignore it

<redacted-debug-endpoint>
Exiting batchmode successfully now!
Exiting without the bug reporter. Application will terminate with return code 0