
[Licensing::Module] Trying to connect to existing licensing client channel...
Built from '6000.5/staging' branch; Version is '6000.5.7f1 (017862109af0) revision 96354'; Using compiler version '194234433'; Build Type 'Release'
OS: 'Windows 11  (10.0.26200) Professional' Language: 'pt' Physical Memory: 32690 MB
[Licensing::IpcConnector] Channel LicenseClient-<redacted> doesn't exist
BatchMode: 1, IsHumanControllingUs: 0, StartBugReporterOnCrash: 0, Is64bit: 1
System  architecture: x64
Process architecture: x64
<redacted-timestamp>
[Licensing::Module] Successfully launched the LicensingClient (PId: <redacted>)

COMMAND LINE ARGUMENTS:
<local-path>
-batchmode
-nographics
-quit
-projectPath
<local-path>\marker-project
-executeMethod
NeoEng.DTrace.Editor.UnityImportGenerator.RunHeadlessImport
-logFile
<local-path>\marker-project-RunHeadlessImport.log
Successfully changed project path to: <local-path>\marker-project
<local-path>
[UnityMemory] Configuration Parameters - Can be set up in boot.config
    "memorysetup-temp-allocator-size-gi-baking-worker=262144"
    "memorysetup-temp-allocator-size-gi-baking-worker=262144"
    "memorysetup-temp-allocator-size-gi-baking-worker=262144"
    "memorysetup-temp-allocator-size-gi-baking-worker=262144"
    "memorysetup-temp-allocator-size-gi-baking-worker=262144"
    "memorysetup-temp-allocator-size-nav-mesh-worker=65536"
    "memorysetup-temp-allocator-size-audio-worker=65536"
    "memorysetup-temp-allocator-size-cloud-worker=32768"
    "memorysetup-temp-allocator-size-gfx=262144"
    "memorysetup-temp-allocator-size-preload-manager=33554432"
    "memorysetup-allocator-temp-initial-block-size-main=262144"
    "memorysetup-allocator-temp-initial-block-size-worker=262144"
    "memorysetup-temp-allocator-size-job-worker=262144"
    "memorysetup-temp-allocator-size-background-worker=32768"
    "memorysetup-bucket-allocator-granularity=16"
    "memorysetup-bucket-allocator-bucket-count=8"
    "memorysetup-bucket-allocator-block-size=33554432"
    "memorysetup-bucket-allocator-block-count=8"
    "memorysetup-main-allocator-block-size=16777216"
    "memorysetup-thread-allocator-block-size=16777216"
    "memorysetup-main-allocator-mimalloc-enabled=0"
    "memorysetup-gfx-main-allocator-block-size=16777216"
    "memorysetup-gfx-thread-allocator-block-size=16777216"
    "memorysetup-cache-allocator-block-size=4194304"
    "memorysetup-typetree-allocator-block-size=2097152"
    "memorysetup-profiler-bucket-allocator-granularity=16"
    "memorysetup-profiler-bucket-allocator-bucket-count=8"
    "memorysetup-profiler-bucket-allocator-block-size=33554432"
    "memorysetup-profiler-bucket-allocator-block-count=8"
    "memorysetup-profiler-allocator-block-size=16777216"
    "memorysetup-profiler-editor-allocator-block-size=1048576"
    "memorysetup-temp-allocator-size-main=16777216"
    "memorysetup-job-temp-allocator-block-size=2097152"
    "memorysetup-job-temp-allocator-block-size-background=1048576"
    "memorysetup-job-temp-allocator-reduction-small-platforms=262144"
<redacted-player-connection>

<redacted-player-connection>

<redacted-player-connection>

<redacted-player-connection>

<redacted-player-connection>

<redacted-player-connection>
<redacted-player-connection>
Input System module state changed to: Initialized.
[Physics::Module] Initialized fallback backend.
[Physics::Module] Id: 0xdecafbad
Starting IPC server.
Waiting for clients to connect on \\.\pipe\Unity-LicenseClient-<redacted>, press Ctrl-C to exit.
[Licensing::IpcConnector] Successfully connected to: "LicenseClient-<redacted>" at "2026-08-17T02:50:38.2540648Z"
[Package Manager] Connected to IPC stream "Upm-19820" after 0.3 seconds.
[Licensing::Module] Licensing is not yet initialized.
[Licensing::Client] Code 10 while verifying Licensing Client signature (process Id: <redacted>, path: "<local-path>")
[Licensing::Module] LicensingClient has failed validation; ignoring
[Licensing::Client] Handshaking with LicensingClient:
  Version:                 1.18.1+9fbee8e
<redacted-engine-identity>
<redacted-engine-identity>
<redacted-engine-identity>
<redacted-engine-identity>
[Licensing::Module] Successfully connected to LicensingClient on channel: "LicenseClient-<redacted>" (connect: 0.37s, validation: 0.05s, handshake: 0.05s)
[Licensing::IpcConnector] Successfully connected to: "LicenseClient-<redacted>" at "2026-08-17T02:50:38.3460674Z"
[Licensing::Module] Connected to LicensingClient (PId: <redacted>, launch time: 0.01, total connection time: 0.46s)
[Licensing::Module] Error: Access token is unavailable; failed to update
[Licensing::Client] Successfully resolved entitlement details
[Licensing::Module] License group:
  Id: 4674131544823-UnityPersXXXX
  Product: Unity Personal
  Type: Assigned
  Expiration: Unlimited
[Licensing::Client] Successfully updated license, isAsync: True, time: 0.01
[Licensing::Client] Successfully resolved entitlement details
[Licensing::Module] Licensing Background thread has ended after 0.50s
[Licensing::Module] Licensing is initialized (took 0.08s).
[Licensing::Client] Successfully resolved entitlement details
Library Redirect Path: Library/
[Physics::Module] Selected backend.
[Physics::Module] Name: PhysX
[Physics::Module] Id: 0xf2b8ea05
[Physics::Module] SDK Version: 4.1.2
[Physics::Module] Integration Version: 1.0.0
[Physics::Module] Threading Mode: Multi-Threaded
Artifact Garbage Collection - Removed 8 unused hashed content files
Initialize engine version: 6000.5.7f1 (017862109af0)
[Subsystems] Discovering subsystems at path <local-path>
[Subsystems] Discovering subsystems at path <local-path>
Forcing GfxDevice: Null
GfxDevice: creating device client; kGfxThreadingModeNonThreaded
NullGfxDevice:
    Version:  NULL 1.0 [1.0]
    Renderer: Null Device
    Vendor:   Unity Technologies
Initialize mono
Mono path[0] = '<local-path>
Mono path[1] = '<local-path>
Mono path[2] = '<local-path>
Mono config path = '<local-path>
<redacted-debug-endpoint>
CodeReloadManager initialized
ImportWorker Server TCP listen port: 0
AcceleratorClientConnectionCallback - disconnected - :0
Begin MonoManager ReloadAssembly
Registering precompiled unity dll's ...
Register platform support module: <local-path>
Register platform support module: <local-path>
Registered in 0.006403 seconds.
Native extension for WindowsStandalone target not found
Native extension for WebGL target not found
Package Manager log level set to [2]
ScheduleIndexationOnStartup MainProcess:False IndexOnStartup:False
Mono: successfully reloaded assembly
- Finished resetting the current domain, in  0.388 seconds
Domain Reload Profiling: 1035ms
	BeginReloadAssembly (180ms)
		CreateAndSetChildDomain (3ms)
	RebuildCommonClasses (5ms)
	RebuildNativeTypeToScriptingClass (17ms)
	initialDomainReloadingComplete (107ms)
	LoadAllAssembliesAndSetupDomain (335ms)
		LoadAssemblies (165ms)
		AnalyzeDomain (235ms)
			TypeCache.Refresh (234ms)
				TypeCache.ScanAssembly (219ms)
	FinalizeReload (391ms)
		SetupLoadedEditorAssemblies (0ms)
			InitializePlatformSupportModulesInManaged (3ms)
			BeforeProcessingInitializeOnLoad (95ms)
			ProcessInitializeOnLoadAttributes (95ms)
			ProcessInitializeOnLoadMethodAttributes (122ms)
[Licensing::Client] Successfully resolved entitlement details
Application.AssetDatabase Initial Refresh Start
[Package Manager] Restoring resolved packages state from cache
[Licensing::Client] Successfully resolved entitlement details
[Package Manager] Registered 1 packages:
  Local packages:
    com.neoeng.dtrace@file:<local-path>\marker-package\com.neoeng.dtrace (location: <local-path>\marker-package\com.neoeng.dtrace)
[Subsystems] No new subsystems found in resolved package list.
[Package Manager] Done registering packages in 0.00 seconds
info: Microsoft.Hosting.Lifetime[14]
      Now listening on: htt<local-path>
info: Microsoft.Hosting.Lifetime[0]
      Application started. Press Ctrl+C to shut down.
info: Microsoft.Hosting.Lifetime[0]
      Hosting environment: Production
info: Microsoft.Hosting.Lifetime[0]
      Content root path: <local-path>\marker-project
info: Microsoft.AspNetCore.Hosting.Diagnostics[1]
      Request starting HTTP/2 POST htt<local-path>
info: Microsoft.AspNetCore.Routing.EndpointMiddleware[0]
      Executing endpoint 'gRPC - /UnityILPP.PostProcessing/Ping'
info: Microsoft.AspNetCore.Routing.EndpointMiddleware[1]
      Executed endpoint 'gRPC - /UnityILPP.PostProcessing/Ping'
info: Microsoft.AspNetCore.Hosting.Diagnostics[2]
      Request finished HTTP/2 POST htt<local-path>
Starting: <local-path>"Library/Bee/1900b0aE.dag" --continue-on-failure --profile="Library/Bee/backend1.traceevents" ScriptAssemblies
WorkingDir: <local-path>
DisplayProgressbar: Compiling Scripts
ExitCode: 0 Duration: 0s107ms
*** Tundra build success (0.07 seconds), 0 items updated, 168 evaluated
AssetDatabase: script compilation time: 0.499530s
Begin MonoManager ReloadAssembly
Native extension for WindowsStandalone target not found
Native extension for WebGL target not found
ScheduleIndexationOnStartup MainProcess:True IndexOnStartup:True
Mono: successfully reloaded assembly
- Finished resetting the current domain, in  0.483 seconds
Domain Reload Profiling: 1080ms
	BeginReloadAssembly (377ms)
		DisableScriptedObjects (35ms)
		CreateAndSetChildDomain (149ms)
	RebuildCommonClasses (9ms)
	RebuildNativeTypeToScriptingClass (16ms)
	initialDomainReloadingComplete (75ms)
	LoadAllAssembliesAndSetupDomain (118ms)
		LoadAssemblies (142ms)
		AnalyzeDomain (8ms)
			TypeCache.Refresh (4ms)
	FinalizeReload (485ms)
		SetupLoadedEditorAssemblies (0ms)
			BeforeProcessingInitializeOnLoad (90ms)
			ProcessInitializeOnLoadAttributes (79ms)
			ProcessInitializeOnLoadMethodAttributes (68ms)
			AfterProcessingInitializeOnLoad (23ms)
		AwakeInstancesAfterBackupRestoration (21ms)
Importing 'GUID: 4eabd4aa0bc28e44d96d7b8ae9cf8762 - Path: Assets/NeoEngGenerated/hero.prefab' with importer (PrefabImporter)
Imported 'GUID: 4eabd4aa0bc28e44d96d7b8ae9cf8762' -> (Import Result ID: 'b709005bb6a0ccba771d20a59a553ffe') in 0.010 seconds [static dependencies only]. Details - ImportResultOutputID=ae59badba52232093cc60799c56cddfd DependenciesID=050fbf0440c74481f6507641f2f6a49e StaticDependenciesID=30677339de2dd2ab998d8cb282db9d6b 
Starting new worker id: 0 with log in <local-path>

Asset Pipeline Refresh (id=34c1d1114de010a42a35299da3cb2b72): Total: 1.915 seconds - Initiated by InitialRefreshV2(ForceSynchronousImport)
	(Values over 0.05ms)
	Summary:
		Imports: total=1 (actual=1, local cache=0, cache server=0)
		Asset DB Process Time: managed=2 ms, native=648 ms
		Asset DB Callback time: managed=55 ms, native=10 ms
		Scripting: domain reloads=1, domain reload time=672 ms, compile time=502 ms, other=24 ms
		Project Asset Count: scripts=29, non-scripts=8
		Asset File Changes: new=0, changed=1, moved=0, deleted=0
		Scan Filter Count: 0
	InvokePackagesCallback: 12.078ms
	ApplyChangesToAssetFolders: 0.475ms
	Scan: 48.455ms
	Collect global state as custom dependencies: 11.929ms
	OnSourceAssetsModified: 0.590ms
	ProcessAssetsWithTransientArtifactChanges: 0.397ms
	CategorizeAssets: 0.241ms
	CompileScripts: 501.506ms
	ImportOutOfDateAssets: 509.484ms (486.376ms without children)
		ImportManagerImport: 10.981ms (1.195ms without children)
		UnloadImportedAssets: 0.124ms
		ImportSchedulerStart: 11.987ms
	PostProcessAllAssets: 56.172ms
		VCAutoAddAssetPostprocess 0.921ms
		MonoPostProcessAllAssets: 54.764ms
			StyleCatalogPostProcessor.OnPostprocessAllAssets 12.651ms
			AssetPostprocessor.OnPostprocessAllAssets 12.080ms
			WindowAssetPostprocessingWatcher.OnPostprocessAllAssets 7.288ms
			BuilderAssetPostprocessor.OnPostprocessAllAssets 5.252ms
			SyncVS.PostprocessSyncProject 2.023ms
			AssetChangedListener.OnPostprocessAllAssets 1.893ms
			RetainedModeAssetPostprocessor.OnPostprocessAllAssets 1.197ms
			EditModeScopePostprocessor.OnPostprocessAllAssets 0.956ms
			SpeedTree9Postprocessor.OnPostprocessAllAssets 0.750ms
			TextAssetPostProcessor.OnPostprocessAllAssets 0.545ms
			ArtifactBrowserPostProcessor.OnPostprocessAllAssets 0.512ms
			AudioMixerPostprocessor.OnPostprocessAllAssets 0.277ms
			ReferencedClipsPostProcessor.OnPostprocessAllAssets 0.275ms
			AssetEvents.OnPostprocessAllAssets 0.213ms
			TerrainToolbarOverlayPostProcessor.OnPostprocessAllAssets 0.187ms
			AssetDatabaseCallbacks.OnPostprocessAllAssets 0.176ms
			SpeedTreePostProcessor.OnPostprocessAllAssets 0.138ms
			ConfigAssetsTracker.OnPostprocessAllAssets 0.137ms
			ScenarioDriftAssetsTracker.OnPostprocessAllAssets 0.132ms
			RenderPipelineGlobalSettingsPostprocessor.OnPostprocessAllAssets 0.082ms
			AudioContainerPostProcessor.OnPostprocessAllAssets 0.079ms
	PostAssetChangesProfiler: 3.219ms
	UnloadStreamsBegin: 1.230ms
	Untracked: 762.216ms

Application.AssetDatabase Initial Refresh End
Scanning for USB devices : 11.179ms
Initializing Unity extensions:
[MODES] ModeService[none].Initialize
[MODES] ModeService[none].LoadModes
[MODES] Loading mode Default (0) for mode-current-id-marker-project
Unloading 3 Unused Serialized files (Serialized files now loaded: 0)
Unloading 19 unused Assets / (0.5 MB). Loaded Objects now: 659.
Memory consumption went from 186.3 MB to 185.8 MB.
Total: 4.605800 ms (FindLiveObjects: 0.033200 ms CreateObjectMapping: 0.005400 ms MarkObjects: 4.380600 ms  DeleteObjects: 0.182500 ms)

Importing 'GUID: 31dd5b22af88ef748bbc76c65dbe985c - Path: Assets/source.png' with importer (TextureImporter)
Imported 'GUID: 31dd5b22af88ef748bbc76c65dbe985c' -> (Import Result ID: 'd6a923d59ed91b2fe124d86a5eec76a1') in 0.006 seconds [static and dynamic dependencies]. Details - ImportResultOutputID=2d43ff791069b8e52a100c41cad8e17b DependenciesID=4db945fcbfe011799c0c1ffb9ca76e05 StaticDependenciesID=b41eddbd10287c5375ad18fd9b5c97b0 
Asset Pipeline Refresh (id=f725603eaa64d314fbacfbc2b80eaac9): Total: 0.039 seconds - Initiated by StopAssetImportingV2(NoUpdateAssetOptions)
UNITY_NATIVE_IMPORT_STAGE6=FAILURE
UnityEngine.Debug:ExtractStackTraceNoAlloc (byte*,int,string)
UnityEngine.StackTraceUtility:ExtractStackTrace ()
UnityEngine.DebugLogHandler:Internal_Log (UnityEngine.LogType,UnityEngine.LogOption,string,UnityEngine.Object)
UnityEngine.DebugLogHandler:LogFormat (UnityEngine.LogType,UnityEngine.Object,string,object[])
UnityEngine.Logger:Log (UnityEngine.LogType,object)
UnityEngine.Debug:LogError (object)
NeoEng.DTrace.Editor.UnityImportGenerator:RunHeadlessImport () (at <local-path>

(Filename: <local-path>

UNITY_NATIVE_SYNC_STAGE7=FAILURE
UnityEngine.Debug:ExtractStackTraceNoAlloc (byte*,int,string)
UnityEngine.StackTraceUtility:ExtractStackTrace ()
UnityEngine.DebugLogHandler:Internal_Log (UnityEngine.LogType,UnityEngine.LogOption,string,UnityEngine.Object)
UnityEngine.DebugLogHandler:LogFormat (UnityEngine.LogType,UnityEngine.Object,string,object[])
UnityEngine.Logger:Log (UnityEngine.LogType,object)
UnityEngine.Debug:LogError (object)
NeoEng.DTrace.Editor.UnityImportGenerator:RunHeadlessImport () (at <local-path>

(Filename: <local-path>

sync_conflict: generated Unity output has no synchronization state or contains manual content: Assets/NeoEngGenerated/hero.prefab
UnityEngine.Debug:ExtractStackTraceNoAlloc (byte*,int,string)
UnityEngine.StackTraceUtility:ExtractStackTrace ()
UnityEngine.DebugLogHandler:Internal_Log (UnityEngine.LogType,UnityEngine.LogOption,string,UnityEngine.Object)
UnityEngine.DebugLogHandler:LogFormat (UnityEngine.LogType,UnityEngine.Object,string,object[])
UnityEngine.Logger:Log (UnityEngine.LogType,object)
UnityEngine.Debug:LogError (object)
NeoEng.DTrace.Editor.UnityImportGenerator:RunHeadlessImport () (at <local-path>

(Filename: <local-path>

MonoPathRemapper: Attempts to remap: 2179; Successful remaps: 0
Serialized file version minimum: 23, current 23
Curl error 42: Callback aborted
Request timed out while processing request "http<local-path>", HTTP error code 0
.[UnityConnect] Request timed out.
[Physics::Module] Cleanup current backend.
[Physics::Module] Id: 0xf2b8ea05
Input System module state changed to: ShutdownInProgress.
Input Polling Thread exited.
Input System module state changed to: Shutdown.
[Licensing::IpcConnector] LicenseClient-<redacted> channel disconnected successfully.
[Licensing::IpcConnector] LicenseClient-<redacted> channel disconnected successfully.
AcceleratorClientConnectionCallback - disconnected - :0
Cleanup mono
CodeReloadManager destroyed
Shut down.
abort_threads: Failed aborting id: 000000000000403C, mono_thread_manage will ignore it

abort_threads: Failed aborting id: 0000000000006744, mono_thread_manage will ignore it

abort_threads: Failed aborting id: 000000000000403C, mono_thread_manage will ignore it

abort_threads: Failed aborting id: 0000000000006744, mono_thread_manage will ignore it

<redacted-debug-endpoint>
Checking for leaked weakptr:
  Found no leaked weakptrs.
[Package Manager] Server process was shutdown
##utp:{"type":"MemoryLeaks","version":2,"phase":"Immediate","time":1786935042132,"processId":<redacted>,"allocatedMemory":11249445,"memoryLabels":[{"Default":172487},{"Permanent":15516},{"NewDelete":65729},{"Thread":4197600},{"Manager":33605},{"VertexData":8},{"Geometry":816},{"Texture":24},{"Shader":831218},{"Material":24},{"GfxDevice":55328},{"Animation":952},{"Audio":1544},{"FreeType":8},{"FontEngine":736},{"Physics":2146},{"Physics2D":16},{"Serialization":1016},{"Input":42840},{"JobScheduler":256},{"TextLib":280},{"Mono":48},{"ScriptingNativeRuntime":674964},{"BaseObject":1622424},{"Resource":1208},{"Renderer":3080},{"Transform":4685},{"File":1032},{"WebCam":616},{"Culling":32},{"Terrain":11442},{"Wind":24},{"STL":40},{"String":13270},{"StaticString":3808},{"Utility":2673782},{"Curl":1712},{"PoolAlloc":2168},{"AI":80},{"TypeTree":8869},{"CodeReload":448},{"RuntimeInitializeOnLoadManager":64},{"Sprites":102},{"SpriteAtlas":120},{"GI":7816},{"Director":8296},{"CloudService":8792},{"WebRequest":589},{"VR":47114},{"SceneManager":608},{"Video":64},{"LazyScriptCache":32},{"Camera":17},{"Secure":2377},{"SerializationCache":1576},{"APIUpdating":10320},{"Subsystems":336},{"VirtualTexturing":57888},{"StaticSafetyDebugInfo":278528},{"Analytics":552},{"Hierarchy":1176},{"UIElements":72},{"CoreStats":13688},{"Identifiers":6768},{"Gui":128},{"EditorUtility":81146},{"VersionControl":8},{"Undo":931},{"AssetDatabase":218059},{"AssetImporter":40},{"EditorGi":328},{"UnityConnect":38868},{"Upm":1912},{"UpmDiagnostics":8},{"AssetCompliance":64},{"DrivenProperties":72},{"LocalIPC":211},{"ProfilerEditor":9746},{"CoreBusinessMetrics":3500},{"Windowing":456},{"Licensing":1232},{"AssetReference":32},{"IPCStream":32}]}
~StackAllocator(ALLOC_TEMP_MAIN) m_LastAlloc not NULL. Did you forget to call FreeAllStackAllocations()? To get more information, run app with -diag-temp-memory-leak-validation cmd line argument
