
[Licensing::Module] Trying to connect to existing licensing client channel...
Built from '6000.5/staging' branch; Version is '6000.5.7f1 (017862109af0) revision 96354'; Using compiler version '194234433'; Build Type 'Release'
OS: 'Windows 11  (10.0.26200) Professional' Language: 'pt' Physical Memory: 32690 MB
[Licensing::IpcConnector] Channel LicenseClient-<redacted> doesn't exist
BatchMode: 1, IsHumanControllingUs: 0, StartBugReporterOnCrash: 0, Is64bit: 1
System  architecture: x64
Process architecture: x64
Date: 2026-08-17T21:43:56Z
[Licensing::Module] Successfully launched the LicensingClient (PId: <redacted>)

COMMAND LINE ARGUMENTS:
<local-path>
-batchmode
-nographics
-projectPath
<local-path>\positive
-logFile
<local-path>\unity-stage3-positive.log
Successfully changed project path to: <local-path>\positive
<local-path>
[UnityMemory] Configuration Parameters - Can be set up in boot.config
    "memorysetup-temp-allocator-size-gi-baking-worker=262144"
    "memorysetup-temp-allocator-size-gi-baking-worker=262144"
    "memorysetup-temp-allocator-size-gi-baking-worker=262144"
    "memorysetup-temp-allocator-size-gi-baking-worker=262144"
    "memorysetup-temp-allocator-size-gi-baking-worker=262144"
    "memorysetup-temp-allocator-size-nav-mesh-worker=65536"
    "memorysetup-temp-allocator-size-audio-worker=65536"
    "memorysetup-temp-allocator-size-cloud-worker=32768"
    "memorysetup-temp-allocator-size-gfx=262144"
    "memorysetup-temp-allocator-size-preload-manager=33554432"
    "memorysetup-allocator-temp-initial-block-size-main=262144"
    "memorysetup-allocator-temp-initial-block-size-worker=262144"
    "memorysetup-temp-allocator-size-job-worker=262144"
    "memorysetup-temp-allocator-size-background-worker=32768"
    "memorysetup-bucket-allocator-granularity=16"
    "memorysetup-bucket-allocator-bucket-count=8"
    "memorysetup-bucket-allocator-block-size=33554432"
    "memorysetup-bucket-allocator-block-count=8"
    "memorysetup-main-allocator-block-size=16777216"
    "memorysetup-thread-allocator-block-size=16777216"
    "memorysetup-main-allocator-mimalloc-enabled=0"
    "memorysetup-gfx-main-allocator-block-size=16777216"
    "memorysetup-gfx-thread-allocator-block-size=16777216"
    "memorysetup-cache-allocator-block-size=4194304"
    "memorysetup-typetree-allocator-block-size=2097152"
    "memorysetup-profiler-bucket-allocator-granularity=16"
    "memorysetup-profiler-bucket-allocator-bucket-count=8"
    "memorysetup-profiler-bucket-allocator-block-size=33554432"
    "memorysetup-profiler-bucket-allocator-block-count=8"
    "memorysetup-profiler-allocator-block-size=16777216"
    "memorysetup-profiler-editor-allocator-block-size=1048576"
    "memorysetup-temp-allocator-size-main=16777216"
    "memorysetup-job-temp-allocator-block-size=2097152"
    "memorysetup-job-temp-allocator-block-size-background=1048576"
    "memorysetup-job-temp-allocator-reduction-small-platforms=262144"
Logging is directed to a specific file, skipping project log.<redacted-player-connection>

<redacted-player-connection>"[IP] <network-address> [Port] 55504 [Flags] 2 [Guid] 3899149537 [EditorId] 3899149537 [Version] 1048832 [Id] WindowsEditor(<redacted>) [Debug] 1 [PackageName] WindowsEditor [ProjectName] Editor" 

<redacted-player-connection>"[IP] <network-address> [Port] 55504 [Flags] 2 [Guid] 3899149537 [EditorId] 3899149537 [Version] 1048832 [Id] WindowsEditor(<redacted>) [Debug] 1 [PackageName] WindowsEditor [ProjectName] Editor" 

<redacted-player-connection>"[IP] <network-address> [Port] 55504 [Flags] 2 [Guid] 3899149537 [EditorId] 3899149537 [Version] 1048832 [Id] WindowsEditor(<redacted>) [Debug] 1 [PackageName] WindowsEditor [ProjectName] Editor" 

<redacted-player-connection>"[IP] <network-address> [Port] 55504 [Flags] 2 [Guid] 3899149537 [EditorId] 3899149537 [Version] 1048832 [Id] WindowsEditor(<redacted>) [Debug] 1 [PackageName] WindowsEditor [ProjectName] Editor" 

<redacted-player-connection>
<redacted-player-connection>
Input System module state changed to: Initialized.
[Physics::Module] Initialized fallback backend.
[Physics::Module] Id: 0xdecafbad
Starting IPC server.
Waiting for clients to connect on \\.\pipe\Unity-LicenseClient-<redacted>, press Ctrl-C to exit.
[Licensing::IpcConnector] Successfully connected to: "LicenseClient-<redacted>" at "2026-08-17T21:43:57.3012567Z"
[Package Manager] Connected to IPC stream "Upm-27076" after 0.3 seconds.
[Licensing::Module] Licensing is not yet initialized.
[Licensing::Client] Code 10 while verifying Licensing Client signature (process Id: <redacted>, path: "<local-path>")
[Licensing::Module] LicensingClient has failed validation; ignoring
[Licensing::Client] Handshaking with LicensingClient:
  Version:                 1.18.1+9fbee8e
  Session Id:<redacted>
  Correlation Id:<redacted>
  External correlation Id:<redacted>
  Machine Id:<redacted>
[Licensing::Module] Successfully connected to LicensingClient on channel: "LicenseClient-<redacted>" (connect: 0.37s, validation: 0.04s, handshake: 0.04s)
[Licensing::IpcConnector] Successfully connected to: "LicenseClient-<redacted>" at "2026-08-17T21:43:57.3839059Z"
[Licensing::Module] Connected to LicensingClient (PId: <redacted>, launch time: 0.01, total connection time: 0.46s)
[Licensing::Module] Error: Access token is unavailable; failed to update
[Licensing::Client] Successfully resolved entitlement details
[Licensing::Module] License group:
  Id: 4674131544823-UnityPersXXXX
  Product: Unity Personal
  Type: Assigned
  Expiration: Unlimited
[Licensing::Client] Successfully updated license, isAsync: True, time: 0.01
[Licensing::Client] Successfully resolved entitlement details
[Licensing::Module] Licensing Background thread has ended after 0.49s
[Licensing::Module] Licensing is initialized (took 0.08s).
[Licensing::Client] Successfully resolved entitlement details
Library Redirect Path: Library/
Rebuilding Library because the asset database could not be found!
[Physics::Module] Selected backend.
[Physics::Module] Name: PhysX
[Physics::Module] Id: 0xf2b8ea05
[Physics::Module] SDK Version: 4.1.2
[Physics::Module] Integration Version: 1.0.0
[Physics::Module] Threading Mode: Multi-Threaded
Initialize engine version: 6000.5.7f1 (017862109af0)
[Subsystems] Discovering subsystems at path <local-path>
[Subsystems] Discovering subsystems at path <local-path>
Forcing GfxDevice: Null
GfxDevice: creating device client; kGfxThreadingModeNonThreaded
NullGfxDevice:
    Version:  NULL 1.0 [1.0]
    Renderer: Null Device
    Vendor:   Unity Technologies
Initialize mono
Mono path[0] = '<local-path>
Mono path[1] = '<local-path>
Mono path[2] = '<local-path>
Mono config path = '<local-path>
Using monoOptions --debugger-agent=transport=dt_socket,embedding=1,server=y,suspend=n,address=<network-address>:56076
CodeReloadManager initialized
ImportWorker Server TCP listen port: 0
AcceleratorClientConnectionCallback - disconnected - :0
Begin MonoManager ReloadAssembly
Registering precompiled unity dll's ...
Register platform support module: <local-path>
Register platform support module: <local-path>
Registered in 0.006765 seconds.
Native extension for WindowsStandalone target not found
Native extension for WebGL target not found
Package Manager log level set to [2]
ScheduleIndexationOnStartup MainProcess:False IndexOnStartup:False
Mono: successfully reloaded assembly
- Finished resetting the current domain, in  0.397 seconds
Domain Reload Profiling: 1087ms
	BeginReloadAssembly (202ms)
		CreateAndSetChildDomain (18ms)
	RebuildCommonClasses (5ms)
	RebuildNativeTypeToScriptingClass (18ms)
	initialDomainReloadingComplete (117ms)
	LoadAllAssembliesAndSetupDomain (346ms)
		LoadAssemblies (172ms)
		AnalyzeDomain (240ms)
			TypeCache.Refresh (239ms)
				TypeCache.ScanAssembly (224ms)
	FinalizeReload (400ms)
		SetupLoadedEditorAssemblies (0ms)
			InitializePlatformSupportModulesInManaged (3ms)
			BeforeProcessingInitializeOnLoad (95ms)
			ProcessInitializeOnLoadAttributes (106ms)
			ProcessInitializeOnLoadMethodAttributes (120ms)
[Licensing::Client] Successfully resolved entitlement details
Application.AssetDatabase Initial Refresh Start
[Package Manager] Done resolving packages in 0.50 seconds
[Licensing::Client] Successfully resolved entitlement details
[Package Manager] Lock file was created
[Package Manager] Registered 1 packages:
  Local packages:
    com.neoeng.dtrace@file:<repo>\integrations\unity\package\com.neoeng.dtrace (location: <repo>\integrations\unity\package\com.neoeng.dtrace)
[Subsystems] No new subsystems found in resolved package list.
[Package Manager] Done registering packages in 0.00 seconds
AcceleratorClientConnectionCallback - disconnected - :0
[ScriptCompilation] Requested script compilation because: Assembly Definition File(s) changed
[ScriptCompilation] Requested script compilation because: AssetDatabase observed changes in script compilation related files
info: Microsoft.Hosting.Lifetime[14]
      Now listening on: htt<local-path>
info: Microsoft.Hosting.Lifetime[0]
      Application started. Press Ctrl+C to shut down.
info: Microsoft.Hosting.Lifetime[0]
      Hosting environment: Production
info: Microsoft.Hosting.Lifetime[0]
      Content root path: <local-path>\positive
info: Microsoft.AspNetCore.Hosting.Diagnostics[1]
      Request starting HTTP/2 POST htt<local-path>
info: Microsoft.AspNetCore.Routing.EndpointMiddleware[0]
      Executing endpoint 'gRPC - /UnityILPP.PostProcessing/Ping'
info: Microsoft.AspNetCore.Routing.EndpointMiddleware[1]
      Executed endpoint 'gRPC - /UnityILPP.PostProcessing/Ping'
info: Microsoft.AspNetCore.Hosting.Diagnostics[2]
      Request finished HTTP/2 POST htt<local-path>
Starting: <local-path>"Library/Bee/1900b0aE.dag" --continue-on-failure --profile="Library/Bee/backend1.traceevents" ScriptAssemblies
WorkingDir: <local-path>
ExitCode: 4 Duration: 0s40ms
[             ] Require frontend run.  Library/Bee/1900b0aE.dag couldn't be loaded
DisplayProgressbar: Compiling Scripts
Starting: <local-path>"<local-path>" "Library/Bee/1900b0aE.dag.json" "Library/Bee/1900b0aE-inputdata.json" "Library\Bee\buildprogram0.traceevents"
WorkingDir: <local-path>
ExitCode: 0 Duration: 0s239ms
Starting: <local-path>"Library/Bee/1900b0aE.dag" --continue-on-failure --dagfilejson="Library\Bee\1900b0aE.dag.json" --profile="Library/Bee/backend2.traceevents" ScriptAssemblies
WorkingDir: <local-path>
ExitCode: 0 Duration: 4s622ms
Finished compiling graph: 179 nodes, 794 flattened edges (776 ToBuild, 6 ToUse), maximum node priority 24
[  1/176    0s] MovedFromExtractor Library/Bee/artifacts/mvdfrm/UnityEditor.QuickSearchModule.dll_0E3FB034F2FA8E88.mvfrm
[  2/176    0s] MovedFromExtractor Library/Bee/artifacts/mvdfrm/UnityEditor.SpriteMaskModule.dll_52C550464C6836D2.mvfrm
[  3/176    0s] MovedFromExtractor Library/Bee/artifacts/mvdfrm/UnityEditor.TextCoreTextEngineModule.dll_9D6CC6E6B153E63C.mvfrm
[  4/176    0s] MovedFromExtractor Library/Bee/artifacts/mvdfrm/UnityEditor.ShaderCompilationModule.dll_8BD4C024CDC49D21.mvfrm
[  5/176    0s] MovedFromExtractor Library/Bee/artifacts/mvdfrm/UnityEditor.TilemapModule.dll_88620B9BED1BFA01.mvfrm
[  6/176    0s] MovedFromExtractor Library/Bee/artifacts/mvdfrm/UnityEditor.ShaderBuildSettingsModule.dll_6CE3BB4B63CFCCEF.mvfrm
[  7/176    0s] MovedFromExtractor Library/Bee/artifacts/mvdfrm/UnityEditor.SpriteShapeModule.dll_65C440F1F8C96AFF.mvfrm
[  8/176    0s] MovedFromExtractor Library/Bee/artifacts/mvdfrm/UnityEditor.SceneViewModule.dll_0C55D55C7B149334.mvfrm
[  9/176    0s] MovedFromExtractor Library/Bee/artifacts/mvdfrm/UnityEditor.SafeModeModule.dll_45C769F6FF45AC21.mvfrm
[ 10/176    0s] MovedFromExtractor Library/Bee/artifacts/mvdfrm/UnityEditor.TextCoreFontEngineModule.dll_5584907521D02D1E.mvfrm
[ 11/176    0s] MovedFromExtractor Library/Bee/artifacts/mvdfrm/UnityEditor.SubstanceModule.dll_77857F2E15A99E33.mvfrm
[ 12/176    0s] MovedFromExtractor Library/Bee/artifacts/mvdfrm/UnityEditor.TextRenderingModule.dll_643E8A08F64F1F62.mvfrm
[ 13/176    0s] MovedFromExtractor Library/Bee/artifacts/mvdfrm/UnityEditor.ShaderFoundryModule.dll_597B3810C6A1EA97.mvfrm
[ 14/176    0s] MovedFromExtractor Library/Bee/artifacts/mvdfrm/UnityEditor.SceneTemplateModule.dll_1A9B67CDA3F26E09.mvfrm
[ 15/176    0s] MovedFromExtractor Library/Bee/artifacts/mvdfrm/UnityEditor.SketchUpModule.dll_2DDC4F474A774838.mvfrm
[ 16/176    0s] MovedFromExtractor Library/Bee/artifacts/mvdfrm/UnityEditor.TerrainModule.dll_E965A41AD55F18F8.mvfrm
[ 17/176    0s] MovedFromExtractor Library/Bee/artifacts/mvdfrm/UnityEditor.ProjectAuditorModule.dll_55D011101AD2D826.mvfrm
[ 18/176    0s] MovedFromExtractor Library/Bee/artifacts/mvdfrm/UnityEditor.QuickInstallModule.dll_E870CF5853AAF76F.mvfrm
[ 19/176    0s] MovedFromExtractor Library/Bee/artifacts/mvdfrm/UnityEditor.PropertiesModule.dll_96D41CF49DE40594.mvfrm
[ 20/176    0s] MovedFromExtractor Library/Bee/artifacts/mvdfrm/UnityEditor.PlayModeModule.dll_8BBB5BB09E0EBB88.mvfrm
[ 21/176    0s] MovedFromExtractor Library/Bee/artifacts/mvdfrm/UnityEditor.PhysicsCore2DModule.dll_AEC3B8E88A15076B.mvfrm
[ 22/176    0s] MovedFromExtractor Library/Bee/artifacts/mvdfrm/UnityEditor.PresetsUIModule.dll_890C2B36884A1E2B.mvfrm
[ 23/176    0s] MovedFromExtractor Library/Bee/artifacts/mvdfrm/UnityEditor.PhysicsModule.dll_CF1F28ABFFA0D00A.mvfrm
[ 24/176    0s] MovedFromExtractor Library/Bee/artifacts/mvdfrm/UnityEngine.InsightsModule.dll_DAA4F5080D8DD327.mvfrm
[ 25/176    0s] MovedFromExtractor Library/Bee/artifacts/mvdfrm/UnityEditor.MediaModule.dll_BD7E9226B571C0A7.mvfrm
[ 26/176    0s] MovedFromExtractor Library/Bee/artifacts/mvdfrm/UnityEditor.MultiplayerModule.dll_CC0B3023FBEEC06D.mvfrm
[ 27/176    0s] MovedFromExtractor Library/Bee/artifacts/mvdfrm/UnityEditor.Physics2DModule.dll_32EB6D851BCBE07C.mvfrm
[ 28/176    0s] MovedFromExtractor Library/Bee/artifacts/mvdfrm/UnityEditor.LightingModule.dll_3FCEE1735231754D.mvfrm
[ 29/176    0s] MovedFromExtractor Library/Bee/artifacts/mvdfrm/UnityEditor.GridModule.dll_4D8EE9F7B6C08597.mvfrm
[ 30/176    0s] MovedFromExtractor Library/Bee/artifacts/mvdfrm/UnityEditor.MathematicsModule.dll_7177C170B79F2A29.mvfrm
[ 31/176    0s] MovedFromExtractor Library/Bee/artifacts/mvdfrm/UnityEditor.GraphicsStateCollectionSerializerModule.dll_1F4A5F0762D36DE9.mvfrm
[ 32/176    0s] MovedFromExtractor Library/Bee/artifacts/mvdfrm/UnityEditor.HierarchyModule.dll_BB19F93043D104E8.mvfrm
[ 33/176    0s] MovedFromExtractor Library/Bee/artifacts/mvdfrm/UnityEditor.GraphViewModule.dll_CDA5F25485F1C626.mvfrm
[ 34/176    0s] MovedFromExtractor Library/Bee/artifacts/mvdfrm/UnityEditor.GenericRemoteModule.dll_570137188D143B80.mvfrm
[ 35/176    0s] MovedFromExtractor Library/Bee/artifacts/mvdfrm/UnityEditor.EmbreeModule.dll_325107F39E868BE9.mvfrm
[ 36/176    0s] MovedFromExtractor Library/Bee/artifacts/mvdfrm/UnityEditor.DiagnosticsModule.dll_83302F279A23922F.mvfrm
[ 37/176    0s] MovedFromExtractor Library/Bee/artifacts/mvdfrm/UnityEditor.GIModule.dll_C1D63A79B11DBE43.mvfrm
[ 38/176    0s] MovedFromExtractor Library/Bee/artifacts/mvdfrm/UnityEditor.DeviceSimulatorModule.dll_ADE4E55F9DD1D021.mvfrm
[ 39/176    0s] MovedFromExtractor Library/Bee/artifacts/mvdfrm/UnityEditor.GraphToolkitModule.dll_256E65C402D3B7C1.mvfrm
[ 40/176    0s] MovedFromExtractor Library/Bee/artifacts/mvdfrm/UnityEditor.EditorToolbarModule.dll_F6FBF70FA505C3D1.mvfrm
[ 41/176    0s] MovedFromExtractor Library/Bee/artifacts/mvdfrm/UnityEditor.CoreBusinessMetricsModule.dll_E4A86E1CB717CAA7.mvfrm
[ 42/176    0s] MovedFromExtractor Library/Bee/artifacts/mvdfrm/UnityEditor.AssetComplianceModule.dll_E6BFF54E188DB44E.mvfrm
[ 43/176    0s] MovedFromExtractor Library/Bee/artifacts/mvdfrm/UnityEditor.ContentLoadModule.dll_E5796CD811A9DAE2.mvfrm
[ 44/176    0s] MovedFromExtractor Library/Bee/artifacts/mvdfrm/UnityEditor.ClothModule.dll_58A6D590114216FD.mvfrm
[ 45/176    0s] MovedFromExtractor Library/Bee/artifacts/mvdfrm/UnityEditor.AccessibilityModule.dll_C0FFE13D2B701281.mvfrm
[ 46/176    0s] MovedFromExtractor Library/Bee/artifacts/mvdfrm/UnityEditor.AdaptivePerformanceModule.dll_64BD74A290D09BAD.mvfrm
[ 47/176    0s] MovedFromExtractor Library/Bee/artifacts/mvdfrm/UnityEditor.BuildProfileModule.dll_099181191224893C.mvfrm
[ 48/176    0s] MovedFromExtractor Library/Bee/artifacts/mvdfrm/UnityEditor.CoreModule.dll_701DCE099E6BEFA0.mvfrm
[ 49/176    0s] MovedFromExtractor Library/Bee/artifacts/mvdfrm/Unity.Scripting.dll_6312751106B582E1.mvfrm
[ 50/176    0s] MovedFromExtractor Library/Bee/artifacts/mvdfrm/UnityEditor.AIModule.dll_2999F16C156ED629.mvfrm
[ 51/176    0s] MovedFromExtractor Library/Bee/artifacts/mvdfrm/UnityEditor.WindowsStandalone.Extensions.dll_51E76FAEAFB11C00.mvfrm
[ 52/176    0s] MovedFromExtractor Library/Bee/artifacts/mvdfrm/UnityEditor.Graphs.dll_E035D55896AED9D2.mvfrm
[ 53/176    0s] MovedFromExtractor Library/Bee/artifacts/mvdfrm/UnityEditor.WebGL.Extensions.dll_4D57E384C9B75910.mvfrm
[ 54/176    0s] MovedFromExtractor Library/Bee/artifacts/mvdfrm/UnityEngine.VFXModule.dll_ABC6154FD31E85D0.mvfrm
[ 55/176    0s] MovedFromExtractor Library/Bee/artifacts/mvdfrm/UnityEngine.dll_A9B10FE8A27D34DA.mvfrm
[ 56/176    0s] MovedFromExtractor Library/Bee/artifacts/mvdfrm/UnityEngine.UnityCurlModule.dll_CF480FAED0628CB9.mvfrm
[ 57/176    0s] MovedFromExtractor Library/Bee/artifacts/mvdfrm/UnityEngine.UnityConsentModule.dll_C3D0A9CA3E9B0551.mvfrm
[ 58/176    0s] MovedFromExtractor Library/Bee/artifacts/mvdfrm/UnityEngine.VirtualTexturingModule.dll_FC0F60CE6D32C5A9.mvfrm
[ 59/176    0s] MovedFromExtractor Library/Bee/artifacts/mvdfrm/UnityEngine.UnityConnectModule.dll_F22B129E31906F01.mvfrm
[ 60/176    0s] MovedFromExtractor Library/Bee/artifacts/mvdfrm/UnityEngine.UnityAnalyticsCommonModule.dll_52088BBDF19918E8.mvfrm
[ 61/176    0s] MovedFromExtractor Library/Bee/artifacts/mvdfrm/UnityEngine.TextRenderingModule.dll_F07F7C306F47A287.mvfrm
[ 62/176    0s] MovedFromExtractor Library/Bee/artifacts/mvdfrm/UnityEngine.TextCoreFontEngineModule.dll_D3E40BC834CDEBE9.mvfrm
[ 63/176    0s] MovedFromExtractor Library/Bee/artifacts/mvdfrm/UnityEngine.U2DRuntimeModule.dll_8EFD74B6ED4FAE3D.mvfrm
[ 64/176    0s] MovedFromExtractor Library/Bee/artifacts/mvdfrm/UnityEngine.TextCoreTextEngineModule.dll_1BCC4239C451A507.mvfrm
[ 65/176    0s] MovedFromExtractor Library/Bee/artifacts/mvdfrm/UnityEngine.TLSModule.dll_2AE77CE0FCB11C63.mvfrm
[ 66/176    0s] MovedFromExtractor Library/Bee/artifacts/mvdfrm/UnityEngine.SpriteMaskModule.dll_5373BD8E4EAC501D.mvfrm
[ 67/176    0s] MovedFromExtractor Library/Bee/artifacts/mvdfrm/UnityEngine.SubstanceModule.dll_2D6B7016FB295018.mvfrm
[ 68/176    0s] MovedFromExtractor Library/Bee/artifacts/mvdfrm/UnityEngine.SpriteShapeModule.dll_6B8A10810B037B84.mvfrm
[ 69/176    0s] MovedFromExtractor Library/Bee/artifacts/mvdfrm/UnityEngine.RuntimeInitializeOnLoadManagerInitializerModule.dll_32FB239C5BF3452A.mvfrm
[ 70/176    0s] MovedFromExtractor Library/Bee/artifacts/mvdfrm/UnityEngine.SharedInternalsModule.dll_A394E45706DF90E9.mvfrm
[ 71/176    0s] MovedFromExtractor Library/Bee/artifacts/mvdfrm/UnityEngine.StreamingModule.dll_50C05BCDAFD6520A.mvfrm
[ 72/176    0s] MovedFromExtractor Library/Bee/artifacts/mvdfrm/UnityEngine.RenderAs2DModule.dll_D8BA4CC27F826916.mvfrm
[ 73/176    0s] MovedFromExtractor Library/Bee/artifacts/mvdfrm/UnityEngine.ShaderVariantAnalyticsModule.dll_4CC5DB256676EEB2.mvfrm
[ 74/176    0s] MovedFromExtractor Library/Bee/artifacts/mvdfrm/UnityEngine.ScriptingModule.dll_B34CC743DFD6497F.mvfrm
[ 75/176    0s] MovedFromExtractor Library/Bee/artifacts/mvdfrm/UnityEngine.PropertiesModule.dll_97828A3CA0281EDF.mvfrm
[ 76/176    0s] MovedFromExtractor Library/Bee/artifacts/mvdfrm/UnityEngine.PhysicsBackendPhysXModule.dll_FF60F0E5AED23171.mvfrm
[ 77/176    0s] MovedFromExtractor Library/Bee/artifacts/mvdfrm/UnityEngine.MultiplayerModule.dll_D1D0FFB30E28D0F2.mvfrm
[ 78/176    0s] MovedFromExtractor Library/Bee/artifacts/mvdfrm/UnityEngine.PerformanceReportingModule.dll_B6C9CE79D7B07A8A.mvfrm
[ 79/176    0s] MovedFromExtractor Library/Bee/artifacts/mvdfrm/UnityEngine.MarshallingModule.dll_FA9181BB398970CC.mvfrm
[ 80/176    0s] MovedFromExtractor Library/Bee/artifacts/mvdfrm/UnityEngine.MathematicsModule.dll_773D90FFC9D93AAE.mvfrm
[ 81/176    0s] MovedFromExtractor Library/Bee/artifacts/mvdfrm/UnityEngine.LocalizationModule.dll_C2B4CDF7800C3415.mvfrm
[ 82/176    0s] MovedFromExtractor Library/Bee/artifacts/mvdfrm/UnityEngine.InputLegacyModule.dll_E36DFE44ED52F96B.mvfrm
[ 83/176    0s] MovedFromExtractor Library/Bee/artifacts/mvdfrm/UnityEditor.GridAndSnapModule.dll_8CE915A91D884F1E.mvfrm
[ 84/176    0s] MovedFromExtractor Library/Bee/artifacts/mvdfrm/UnityEngine.InputModule.dll_1E60FCA9DEDA8D62.mvfrm
[ 85/176    0s] MovedFromExtractor Library/Bee/artifacts/mvdfrm/UnityEngine.InputForUIModule.dll_6CF9A5178D5D575F.mvfrm
[ 86/176    0s] MovedFromExtractor Library/Bee/artifacts/mvdfrm/UnityEngine.IdentifiersModule.dll_2AB26B1C17DA1192.mvfrm
[ 87/176    0s] MovedFromExtractor Library/Bee/artifacts/mvdfrm/UnityEngine.GraphicsStateCollectionSerializerModule.dll_283E2BF72FD2B74E.mvfrm
[ 88/176    0s] MovedFromExtractor Library/Bee/artifacts/mvdfrm/UnityEngine.HotReloadModule.dll_1D742C833B81B64E.mvfrm
[ 89/176    0s] MovedFromExtractor Library/Bee/artifacts/mvdfrm/UnityEngine.GridModule.dll_70AFBD4A5EC5F0C2.mvfrm
[ 90/176    0s] MovedFromExtractor Library/Bee/artifacts/mvdfrm/UnityEngine.GIModule.dll_0044CC091C9AF20E.mvfrm
[ 91/176    0s] MovedFromExtractor Library/Bee/artifacts/mvdfrm/UnityEngine.GameCenterModule.dll_6A474AFE2D3CBAA3.mvfrm
[ 92/176    0s] MovedFromExtractor Library/Bee/artifacts/mvdfrm/UnityEngine.DSPGraphModule.dll_462F8DE0F57154C9.mvfrm
[ 93/176    0s] MovedFromExtractor Library/Bee/artifacts/mvdfrm/UnityEngine.ClusterRendererModule.dll_B391A7D10D8CDDA5.mvfrm
[ 94/176    0s] MovedFromExtractor Library/Bee/artifacts/mvdfrm/UnityEngine.CrashReportingModule.dll_732D7EF974151B43.mvfrm
[ 95/176    0s] MovedFromExtractor Library/Bee/artifacts/mvdfrm/UnityEngine.ContentLoadModule.dll_EB3F3C6723E3EB67.mvfrm
[ 96/176    0s] MovedFromExtractor Library/Bee/artifacts/mvdfrm/UnityEngine.CoreModule.dll_933EA15C46715ACB.mvfrm
[ 97/176    0s] MovedFromExtractor Library/Bee/artifacts/mvdfrm/UnityEngine.ClusterInputModule.dll_846803A4E890411C.mvfrm
[ 98/176    0s] WriteText Library/Bee/artifacts/1900b0aE.dag/NeoEngDTrace.Runtime.rsp2
[ 99/176    0s] WriteText Library/Bee/artifacts/1900b0aE.dag/NeoEngDTrace.Runtime.UnityAdditionalFile.txt
[100/176    0s] WriteText Library/Bee/artifacts/1900b0aE.dag/NeoEngDTrace.Runtime.dll.mvfrm.rsp
[101/176    0s] WriteText Library/Bee/artifacts/1900b0aE.dag/NeoEngDTrace.Runtime.rsp
[102/176    0s] MovedFromExtractor Library/Bee/artifacts/mvdfrm/UnityEngine.ARModule.dll_217B47FEDE0968BD.mvfrm
[103/176    0s] MovedFromExtractor Library/Bee/artifacts/mvdfrm/UnityEditor.dll_770CC9104409A7F5.mvfrm
[104/176    0s] MovedFromExtractor Library/Bee/artifacts/mvdfrm/UnityEditor.VectorGraphicsModule.dll_A2629CDF5840890F.mvfrm
[105/176    0s] MovedFromExtractor Library/Bee/artifacts/mvdfrm/UnityEditor.XRModule.dll_AA9E79239CAAAEAB.mvfrm
[106/176    0s] MovedFromExtractor Library/Bee/artifacts/mvdfrm/UnityEditor.VideoModule.dll_16C7FCFFF9B753BE.mvfrm
[107/176    0s] MovedFromExtractor Library/Bee/artifacts/mvdfrm/UnityEditor.UmbraModule.dll_6C9324ADC44BE38C.mvfrm
[108/176    0s] MovedFromExtractor Library/Bee/artifacts/mvdfrm/UnityEditor.VFXModule.dll_9FA472FC636E77CB.mvfrm
[109/176    0s] MovedFromExtractor Library/Bee/artifacts/mvdfrm/UnityEditor.UnityConnectModule.dll_04CB8E8F37086E56.mvfrm
[110/176    0s] MovedFromExtractor Library/Bee/artifacts/mvdfrm/UnityEditor.UIElementsSamplesModule.dll_80065DACEAC0A851.mvfrm
[111/176    0s] MovedFromExtractor Library/Bee/artifacts/mvdfrm/UnityEditor.UIToolkitAuthoringModule.dll_88DB25024056B0DE.mvfrm
[112/176    0s] MovedFromExtractor Library/Bee/artifacts/mvdfrm/UnityEditor.UIAutomationModule.dll_BA327009AE9851FC.mvfrm
[113/176    0s] MovedFromExtractor Library/Bee/artifacts/mvdfrm/UnityEditor.UIElementsModule.dll_C1B118101DDC5ADC.mvfrm
[114/176    0s] MovedFromExtractor Library/Bee/artifacts/mvdfrm/UnityEditor.UIBuilderModule.dll_222E9F70F8AA3F5A.mvfrm
[115/176    0s] MovedFromExtractor Library/Bee/artifacts/mvdfrm/UnityEditor.TreeModule.dll_CDC9C318263184DF.mvfrm
[116/176    0s] MovedFromExtractor Library/Bee/artifacts/mvdfrm/UnityEditor.U2DModule.dll_CB7D1DDF990AD82A.mvfrm
[117/176    0s] MovedFromExtractor Library/Bee/artifacts/mvdfrm/UnityEngine.UnityWebRequestAudioModule.dll_2EC622585E1B4522.mvfrm
[118/176    0s] MovedFromExtractor Library/Bee/artifacts/mvdfrm/UnityEngine.AnimationModule.dll_9C2B6E7D604E9ACC.mvfrm
[119/176    0s] MovedFromExtractor Library/Bee/artifacts/mvdfrm/UnityEngine.AccessibilityModule.dll_4D40D364A46895A6.mvfrm
[120/176    0s] MovedFromExtractor Library/Bee/artifacts/mvdfrm/UnityEngine.AdaptivePerformanceModule.dll_254D0958CC15EEB2.mvfrm
[121/176    0s] MovedFromExtractor Library/Bee/artifacts/mvdfrm/UnityEngine.AIModule.dll_680882FB80EC09F4.mvfrm
[122/176    0s] MovedFromExtractor Library/Bee/artifacts/mvdfrm/UnityEngine.AndroidJNIModule.dll_3FFA00E366FBC9B2.mvfrm
[123/176    0s] MovedFromExtractor Library/Bee/artifacts/mvdfrm/UnityEngine.AMDModule.dll_2C57B97BD580A110.mvfrm
[124/176    0s] MovedFromExtractor Library/Bee/artifacts/mvdfrm/UnityEngine.HierarchyCoreModule.dll_C45B703F1315EE9C.mvfrm
[125/176    0s] MovedFromExtractor Library/Bee/artifacts/mvdfrm/UnityEngine.XRModule.dll_E90D0AB30827E276.mvfrm
[126/176    0s] MovedFromExtractor Library/Bee/artifacts/mvdfrm/UnityEngine.WindModule.dll_098D7C84D7A7D934.mvfrm
[127/176    0s] MovedFromExtractor Library/Bee/artifacts/mvdfrm/UnityEngine.VideoModule.dll_DCF4B9642B348463.mvfrm
[128/176    0s] MovedFromExtractor Library/Bee/artifacts/mvdfrm/UnityEngine.VehiclesModule.dll_B8A125F6FD3A5343.mvfrm
[129/176    0s] MovedFromExtractor Library/Bee/artifacts/mvdfrm/UnityEngine.UnityWebRequestWWWModule.dll_E68E8795B4116173.mvfrm
[130/176    0s] MovedFromExtractor Library/Bee/artifacts/mvdfrm/UnityEngine.UnityWebRequestTextureModule.dll_8C0BBD74BAAAB337.mvfrm
[131/176    0s] MovedFromExtractor Library/Bee/artifacts/mvdfrm/UnityEngine.VectorGraphicsModule.dll_5D86FE7A742D1D1A.mvfrm
[132/176    0s] MovedFromExtractor-Combine Library/Bee/artifacts/1900b0aE.dag/NeoEngDTrace.Runtime.dll.mvfrm
[133/176    0s] MovedFromExtractor Library/Bee/artifacts/mvdfrm/UnityEngine.UnityWebRequestModule.dll_3122AD2B9AA63018.mvfrm
[134/176    0s] MovedFromExtractor Library/Bee/artifacts/mvdfrm/UnityEngine.UnityAnalyticsModule.dll_E5DF390F8E4DF8CD.mvfrm
[135/176    0s] MovedFromExtractor Library/Bee/artifacts/mvdfrm/UnityEngine.UnityWebRequestAssetBundleModule.dll_FA63CAE127646D5E.mvfrm
[136/176    0s] MovedFromExtractor Library/Bee/artifacts/mvdfrm/UnityEngine.UmbraModule.dll_32BFE111F5C91431.mvfrm
[137/176    0s] MovedFromExtractor Library/Bee/artifacts/mvdfrm/UnityEngine.UIModule.dll_637C2128DD330FA0.mvfrm
[138/176    0s] MovedFromExtractor Library/Bee/artifacts/mvdfrm/UnityEngine.TerrainPhysicsModule.dll_C6BA7118FB69A15E.mvfrm
[139/176    0s] MovedFromExtractor Library/Bee/artifacts/mvdfrm/UnityEngine.TerrainModule.dll_DBE05CC53A6E003D.mvfrm
[140/176    0s] MovedFromExtractor Library/Bee/artifacts/mvdfrm/UnityEngine.TilemapModule.dll_7ADCC446522AE146.mvfrm
[141/176    0s] MovedFromExtractor Library/Bee/artifacts/mvdfrm/UnityEngine.SubsystemsModule.dll_BE2123F01CF43830.mvfrm
[142/176    0s] MovedFromExtractor Library/Bee/artifacts/mvdfrm/UnityEngine.ScreenCaptureModule.dll_C7400A25B8102292.mvfrm
[143/176    0s] WriteText Library/Bee/artifacts/1900b0aE.dag/NeoEngDTrace.Editor.rsp2
[144/176    0s] WriteText Library/Bee/artifacts/1900b0aE.dag/NeoEngDTrace.Editor.UnityAdditionalFile.txt
[145/176    0s] WriteText Library/Bee/artifacts/1900b0aE.dag/NeoEngDTrace.Editor.dll.mvfrm.rsp
[146/176    0s] WriteText Library/Bee/artifacts/1900b0aE.dag/NeoEngDTrace.Editor.rsp
[147/176    0s] WriteText Library/Bee/artifacts/1900b0aE.dag/Assembly-CSharp-Editor.rsp2
[148/176    0s] WriteText Library/Bee/artifacts/1900b0aE.dag/Assembly-CSharp-Editor.UnityAdditionalFile.txt
[149/176    0s] WriteText Library/Bee/artifacts/1900b0aE.dag/Assembly-CSharp-Editor.dll.mvfrm.rsp
[150/176    0s] WriteText Library/Bee/artifacts/1900b0aE.dag/Assembly-CSharp-Editor.rsp
[151/176    0s] MovedFromExtractor Library/Bee/artifacts/mvdfrm/UnityEngine.UIElementsModule.dll_C25F855820207427.mvfrm
[152/176    0s] MovedFromExtractor Library/Bee/artifacts/mvdfrm/UnityEngine.PhysicsModule.dll_C199E15664AFB74F.mvfrm
[153/176    0s] MovedFromExtractor Library/Bee/artifacts/mvdfrm/UnityEngine.Physics2DModule.dll_E8D15E6E014B9261.mvfrm
[154/176    0s] MovedFromExtractor Library/Bee/artifacts/mvdfrm/UnityEngine.ParticleSystemModule.dll_C63FC845E226A6D1.mvfrm
[155/176    0s] MovedFromExtractor Library/Bee/artifacts/mvdfrm/UnityEngine.PhysicsCore2DModule.dll_3B04AB10030D8A90.mvfrm
[156/176    0s] MovedFromExtractor Library/Bee/artifacts/mvdfrm/UnityEngine.NVIDIAModule.dll_8A621FDAFC23A697.mvfrm
[157/176    0s] MovedFromExtractor Library/Bee/artifacts/mvdfrm/UnityEngine.JSONSerializeModule.dll_AD585CA0A3A3F630.mvfrm
[157/176    0s] Csc Library/Bee/artifacts/1900b0aE.dag/NeoEngDTrace.Runtime.dll (+2 others) [CacheHit ea9348f0fe8b213c08943f3e026a608b00000000000000000000000000000006]
[158/176    0s] Csc Library/Bee/artifacts/1900b0aE.dag/NeoEngDTrace.Runtime.dll (+2 others)
[160/176    0s] MovedFromExtractor Library/Bee/artifacts/mvdfrm/UnityEngine.ImageConversionModule.dll_1F83A5818FB19599.mvfrm
[161/176    0s] MovedFromExtractor Library/Bee/artifacts/mvdfrm/UnityEngine.IMGUIModule.dll_F04AD4602ED3FC9F.mvfrm
[162/176    0s] CopyFiles Library/ScriptAssemblies/NeoEngDTrace.Runtime.pdb
[163/176    0s] MovedFromExtractor Library/Bee/artifacts/mvdfrm/UnityEngine.HierarchyModule.dll_70FFEA192950B6CD.mvfrm
[164/176    0s] MovedFromExtractor Library/Bee/artifacts/mvdfrm/UnityEngine.ClothModule.dll_1ED391F442BF47A2.mvfrm
[165/176    0s] CopyFiles Library/ScriptAssemblies/NeoEngDTrace.Runtime.dll
[166/176    0s] MovedFromExtractor Library/Bee/artifacts/mvdfrm/UnityEngine.DirectorModule.dll_40DE2C77831083A8.mvfrm
[167/176    0s] MovedFromExtractor Library/Bee/artifacts/mvdfrm/UnityEngine.AssetBundleModule.dll_5228E3265561437A.mvfrm
[168/176    0s] MovedFromExtractor Library/Bee/artifacts/mvdfrm/UnityEngine.AudioModule.dll_B7EB34F968A268BE.mvfrm
[169/176    0s] MovedFromExtractor-Combine Library/Bee/artifacts/1900b0aE.dag/NeoEngDTrace.Editor.dll.mvfrm
[170/176    0s] MovedFromExtractor-Combine Library/Bee/artifacts/1900b0aE.dag/Assembly-CSharp-Editor.dll.mvfrm
[           0s] Csc Library/Bee/artifacts/1900b0aE.dag/NeoEngDTrace.Editor.dll (+2 others) [CacheMiss 78fcb3289e701f346b89ecc884da61da00000000000000000000000000000006]
[171/176    1s] Csc Library/Bee/artifacts/1900b0aE.dag/NeoEngDTrace.Editor.dll (+2 others)
[           0s] Csc Library/Bee/artifacts/1900b0aE.dag/NeoEngDTrace.Editor.dll (+2 others) [CacheWrite 78fcb3289e701f346b89ecc884da61da00000000000000000000000000000006]
[172/176    0s] CopyFiles Library/ScriptAssemblies/NeoEngDTrace.Editor.pdb
[173/176    0s] CopyFiles Library/ScriptAssemblies/NeoEngDTrace.Editor.dll
[174/176    0s] Csc Library/Bee/artifacts/1900b0aE.dag/Assembly-CSharp-Editor.dll (+2 others)
[175/176    0s] CopyFiles Library/ScriptAssemblies/Assembly-CSharp-Editor.pdb
[176/176    0s] CopyFiles Library/ScriptAssemblies/Assembly-CSharp-Editor.dll
*** Tundra build success (4.60 seconds), 174 items updated, 176 evaluated
AssetDatabase: script compilation time: 5.659018s
Begin MonoManager ReloadAssembly
Total cache size 173222276
Total cache size after purge 173222276, took 00:00:00.4761578
Importing 'GUID: 00000000000000001000000000000000 - Path: Assets' with importer (DefaultImporter)
Imported 'GUID: 00000000000000001000000000000000' -> (Import Result ID: 'd4b99c274a2bfd195a0fab07a219813d') in 0.014 seconds [static dependencies only]. Details - ImportResultOutputID=931399766a3d35f20ee4474945b75a67 DependenciesID=b70de132a7282aafa7414a97dcffc9e1 StaticDependenciesID=f5f353ad10b41c84dbd766055d9989c6 
Importing 'GUID: 00000000000000002000000000000000 - Path: ProjectSettings/InputManager.asset' with importer (LibraryAssetImporter)
Imported 'GUID: 00000000000000002000000000000000' -> (Import Result ID: '122dd9edfa1375de805a66904857642d') in 0.002 seconds [static dependencies only]. Details - ImportResultOutputID=0290babc70dea6fa2c98f564a251f1f8 DependenciesID=e13aed5572a9dfc6d157cca70707a022 StaticDependenciesID=233ebbccf2adc0a5c1ca8885eb2bc052 
Importing 'GUID: 00000000000000003000000000000000 - Path: ProjectSettings/TagManager.asset' with importer (LibraryAssetImporter)
Imported 'GUID: 00000000000000003000000000000000' -> (Import Result ID: 'e7f16330ab18354fa5c6c22588bd6b9e') in 0.001 seconds [static dependencies only]. Details - ImportResultOutputID=fd6696bcbef029973bb12ace65e33982 DependenciesID=f35365170e5d58c444badbe1c8e8a4fc StaticDependenciesID=bcd866a7c3956a26e77b74cfbc6210b0 
Importing 'GUID: 00000000000000004000000000000000 - Path: ProjectSettings/ProjectSettings.asset' with importer (LibraryAssetImporter)
Imported 'GUID: 00000000000000004000000000000000' -> (Import Result ID: 'cd00b59109eaca0c41a14455a5daaa64') in 0.001 seconds [static dependencies only]. Details - ImportResultOutputID=276a810dac73e1f29404d5e5f692e214 DependenciesID=fb7580f4dc5054dcf33429201b23f4cc StaticDependenciesID=882fffda7e76421c51ee6e5b705948db 
Importing 'GUID: 00000000000000006000000000000000 - Path: ProjectSettings/AudioManager.asset' with importer (LibraryAssetImporter)
Imported 'GUID: 00000000000000006000000000000000' -> (Import Result ID: '222655a7ee09c701162a4a03301f329d') in 0.001 seconds [static dependencies only]. Details - ImportResultOutputID=acca44841ee8003c72d524064efb6e35 DependenciesID=1c867fc2eb1e33cbab379e9914026e24 StaticDependenciesID=c60a58a77039892abca1222b4524d2f6 
Importing 'GUID: 00000000000000007000000000000000 - Path: ProjectSettings/TimeManager.asset' with importer (LibraryAssetImporter)
Imported 'GUID: 00000000000000007000000000000000' -> (Import Result ID: 'b7cea43959c5a70f6cafb9d7bbf07204') in 0.001 seconds [static dependencies only]. Details - ImportResultOutputID=bcbe57e6eed4f14d697ceae3e9a4ee48 DependenciesID=b41fcbca90521a4ef76dc45abd5ee30f StaticDependenciesID=de80ff743d967013c06205e8643638c7 
Importing 'GUID: 00000000000000008000000000000000 - Path: ProjectSettings/DynamicsManager.asset' with importer (LibraryAssetImporter)
Imported 'GUID: 00000000000000008000000000000000' -> (Import Result ID: '01117e187546a80035e1d4d46e76d0d3') in 0.001 seconds [static dependencies only]. Details - ImportResultOutputID=af765d07e318cf68f695edacf91778bd DependenciesID=a72988d2a4e3c003a30c86e53a954198 StaticDependenciesID=7292a8773e09fece8a4831b39fe2006c 
Importing 'GUID: 00000000000000009000000000000000 - Path: ProjectSettings/QualitySettings.asset' with importer (LibraryAssetImporter)
Imported 'GUID: 00000000000000009000000000000000' -> (Import Result ID: '88b1caad7788adf2b3f6920226537fe1') in 0.001 seconds [static dependencies only]. Details - ImportResultOutputID=7b12711da11c94ad897442b4820d3f7b DependenciesID=253c850b96121a2945831e0885510615 StaticDependenciesID=3c048ebdf1fe67a565e3878bb03d32b6 
Importing 'GUID: 0000000000000000b000000000000000 - Path: ProjectSettings/EditorBuildSettings.asset' with importer (LibraryAssetImporter)
Imported 'GUID: 0000000000000000b000000000000000' -> (Import Result ID: '2e292a13dea8a88f7a8fdfa7e245ba03') in 0.001 seconds [static dependencies only]. Details - ImportResultOutputID=4647dd083cfc32cebcd7526e8846440c DependenciesID=3dbde5f0d39015c9d271c66bfeeb76cc StaticDependenciesID=bb1b3efeaa1814676e759f4b719a3637 
Importing 'GUID: 0000000000000000c000000000000000 - Path: ProjectSettings/EditorSettings.asset' with importer (LibraryAssetImporter)
Imported 'GUID: 0000000000000000c000000000000000' -> (Import Result ID: '27524ee8e486f2ffa050ba352ec7e2de') in 0.001 seconds [static dependencies only]. Details - ImportResultOutputID=fc08cc28cef36a03227c22ef67b54535 DependenciesID=a67e6951b1ff849fa93892b67cc04f3f StaticDependenciesID=6659f09da2fad0badc637a74ebfda2e2 
Importing 'GUID: 00000000000000004100000000000000 - Path: ProjectSettings/NavMeshAreas.asset' with importer (LibraryAssetImporter)
Imported 'GUID: 00000000000000004100000000000000' -> (Import Result ID: '46b5ec913a38468a6faec06896eae508') in 0.001 seconds [static dependencies only]. Details - ImportResultOutputID=90afd57cd2fd79df9534381ff5673272 DependenciesID=45d1aa60824ee9d69c2ca37e825a726b StaticDependenciesID=768cfffea40bf388eb2d762e3a890cea 
Importing 'GUID: 00000000000000005100000000000000 - Path: ProjectSettings/Physics2DSettings.asset' with importer (LibraryAssetImporter)
Imported 'GUID: 00000000000000005100000000000000' -> (Import Result ID: 'f668ca342e7e36520c736e6ebc6d382e') in 0.001 seconds [static dependencies only]. Details - ImportResultOutputID=51a8098361d5b0c1ab07bfc06e51f152 DependenciesID=cd9e79e3e3be26effd12085751c8f2bc StaticDependenciesID=4736f57993cccbae888eab25ec373e17 
Importing 'GUID: 00000000000000006100000000000000 - Path: ProjectSettings/GraphicsSettings.asset' with importer (LibraryAssetImporter)
Imported 'GUID: 00000000000000006100000000000000' -> (Import Result ID: '5bb79f5634c411213397437dc71f837f') in 0.001 seconds [static dependencies only]. Details - ImportResultOutputID=f9600466f06a676b7a4f639f6629ea48 DependenciesID=472884dae36dd4fa4029e0bfee54bb70 StaticDependenciesID=ce3f9b9b0558aee0455f15fbe1679d2d 
Importing 'GUID: 00000000000000007100000000000000 - Path: ProjectSettings/ClusterInputManager.asset' with importer (LibraryAssetImporter)
Imported 'GUID: 00000000000000007100000000000000' -> (Import Result ID: '6012ce5603f09e577aed0b98e99b19f6') in 0.001 seconds [static dependencies only]. Details - ImportResultOutputID=8ce0cedd10b8cd8471ed9838bfc872ed DependenciesID=2eeb3818bb72d92466f5f953bb62736b StaticDependenciesID=c84399ef936c24c7ddc46cfba0d9b6f9 
Importing 'GUID: 0000000000000000a100000000000000 - Path: ProjectSettings/UnityConnectSettings.asset' with importer (LibraryAssetImporter)
Imported 'GUID: 0000000000000000a100000000000000' -> (Import Result ID: '33ae2595f4bf6fdbcda99d991731ec59') in 0.001 seconds [static dependencies only]. Details - ImportResultOutputID=1989c27f310e62ee2c72d63f16a698d0 DependenciesID=95e5490b10cfbf0a98389d7a454554a7 StaticDependenciesID=e5799262eb4150d572a91320e9a15e14 
Importing 'GUID: 0000000000000000b100000000000000 - Path: ProjectSettings/PresetManager.asset' with importer (LibraryAssetImporter)
Imported 'GUID: 0000000000000000b100000000000000' -> (Import Result ID: '28ecaa07aa0626f067ead5bd138d0a69') in 0.001 seconds [static dependencies only]. Details - ImportResultOutputID=d271a469f14af9d29dbd89abc966f7ef DependenciesID=8e056439a10f7126afa94c46042b091c StaticDependenciesID=7b53acc339a522b0da4196921a41418e 
Importing 'GUID: 0000000000000000c100000000000000 - Path: ProjectSettings/VFXManager.asset' with importer (LibraryAssetImporter)
Imported 'GUID: 0000000000000000c100000000000000' -> (Import Result ID: '500a0c5a3eb90d0a1d5ec47a16bbfe30') in 0.001 seconds [static dependencies only]. Details - ImportResultOutputID=d5b1cc1b236d3087c4a5fc9e9cb18618 DependenciesID=ffec35c0b81aa3428ad4fd0a1cdbca40 StaticDependenciesID=73a7f55396d42bbd23b84f522c611c91 
Importing 'GUID: 0000000000000000d100000000000000 - Path: ProjectSettings/VersionControlSettings.asset' with importer (LibraryAssetImporter)
Imported 'GUID: 0000000000000000d100000000000000' -> (Import Result ID: '81e35fcbfa4800506724c99876c7088b') in 0.001 seconds [static dependencies only]. Details - ImportResultOutputID=0a19189542c4b1aa9afad4d76b36cbef DependenciesID=29b26ee47832bf1b39596302c61ef4b2 StaticDependenciesID=b5510de9c562b6e15681a7bd79c2c32e 
Importing 'GUID: 0000000000000000f100000000000000 - Path: ProjectSettings/MemorySettings.asset' with importer (LibraryAssetImporter)
Imported 'GUID: 0000000000000000f100000000000000' -> (Import Result ID: '0f1581ae83325c6e5d0e8c4cb170be96') in 0.001 seconds [static dependencies only]. Details - ImportResultOutputID=078c9215d0d3f7dcc6c2ea9c2e21e93e DependenciesID=bb7f7f7d6491522ddc09486deb395807 StaticDependenciesID=38dc31482a1c8109a46f25220dfbe454 
Importing 'GUID: 00000000000000000200000000000000 - Path: ProjectSettings/MultiplayerManager.asset' with importer (LibraryAssetImporter)
Imported 'GUID: 00000000000000000200000000000000' -> (Import Result ID: '6e3bb7f61b2e132c4c79fbeb19a1d328') in 0.001 seconds [static dependencies only]. Details - ImportResultOutputID=cc8bc420ff0fb13a9534be625b324364 DependenciesID=64d1db0c7eff66154c45d867da4ad13d StaticDependenciesID=5a00061f5d03ec70885cdd29485be38f 
Importing 'GUID: 00000000000000001200000000000000 - Path: ProjectSettings/PhysicsCoreProjectSettings2D.asset' with importer (LibraryAssetImporter)
Imported 'GUID: 00000000000000001200000000000000' -> (Import Result ID: '7db99f4ef78df8eea254cce16e190be4') in 0.001 seconds [static dependencies only]. Details - ImportResultOutputID=07b8874da21d0d67c4347d012422ba62 DependenciesID=c35a41b4dbc5a4a21cd219ec06d595b2 StaticDependenciesID=d7f6b6ebc14df93041ab7a97c0c9c64b 
Importing 'GUID: 00000000000000002300000000000000 - Path: Library/BuildInstructions' with importer (DefaultImporter)
Imported 'GUID: 00000000000000002300000000000000' -> (Import Result ID: 'd414f514f549833c39aae7152c59aeb3') in 0.002 seconds [static dependencies only]. Details - ImportResultOutputID=d2da4dbe7433590953d90148eb4e1f22 DependenciesID=f91b153018f3a82b66ea2319cf957f42 StaticDependenciesID=ef352f98b66d8f5b312774c3ee71f599 
Importing 'GUID: f011f486a3bf6414aa2df065ac33fce4 - Path: Assets/NeoEngInput' with importer (DefaultImporter)
Imported 'GUID: f011f486a3bf6414aa2df065ac33fce4' -> (Import Result ID: '3de0958efac1bb13370b42569d9ac6d9') in 0.011 seconds [static dependencies only]. Details - ImportResultOutputID=73c0a69f7035c6ef98c261d619de3150 DependenciesID=c939e446e8baf45cfd1b005957b3d89e StaticDependenciesID=fdc35ee82115b63b6b69e0021f55c73c 
Importing 'GUID: e4496044ff30bc04db3c20d3fed42d3d - Path: Assets/Editor' with importer (DefaultImporter)
Imported 'GUID: e4496044ff30bc04db3c20d3fed42d3d' -> (Import Result ID: 'f42af7edb4128168bd9aa917c76a7b34') in 0.010 seconds [static dependencies only]. Details - ImportResultOutputID=fb127ab6d145dc2a585739eb0386c923 DependenciesID=af576e3f60f5f9d3b5e656d793abba40 StaticDependenciesID=1584297f0a9d06a824f8c9233b4d66cf 
Importing 'GUID: 98b0a0cf5a1935bbaf60b9ac5a93abf8 - Path: Packages/com.neoeng.dtrace' with importer (DefaultImporter)
Imported 'GUID: 98b0a0cf5a1935bbaf60b9ac5a93abf8' -> (Import Result ID: 'd50b9e85004c8b0d45f25aecb9f10b74') in 0.002 seconds [static dependencies only]. Details - ImportResultOutputID=b6c4c185d9143dbe567c72c348d914c3 DependenciesID=c03fa5a395e4ae0b9c79cd71e742299d StaticDependenciesID=8b213288238789005e26ac911b72df79 
Importing 'GUID: e8b14dba00107b648b4ec936c520b82a - Path: Assets/animation_input' with importer (DefaultImporter)
Imported 'GUID: e8b14dba00107b648b4ec936c520b82a' -> (Import Result ID: '30189cd05afb0dbb04843e5a91f1d2ff') in 0.009 seconds [static dependencies only]. Details - ImportResultOutputID=87f3f09df2c0b00b77aa7313dd7d60a6 DependenciesID=345b72119711e929d240b6a001c46fcf StaticDependenciesID=b3b613caf412598ee08ce1903956ba60 
Importing 'GUID: dd3f1737e24cfba4c8d503c8fd9626ba - Path: Assets/frames' with importer (DefaultImporter)
Imported 'GUID: dd3f1737e24cfba4c8d503c8fd9626ba' -> (Import Result ID: '0961e2aabe5d98c81a893f509df83f21') in 0.010 seconds [static dependencies only]. Details - ImportResultOutputID=e6a6f86b8c8db6557d597b9e2e0b040f DependenciesID=dedca1433b5d5531da4fce7b8000cc4e StaticDependenciesID=f77414b3b7e35a0bafdc2f194eb31620 
Importing 'GUID: 6e21d7dddcf826347b1c2deee8873b72 - Path: Packages/com.neoeng.dtrace/Editor' with importer (DefaultImporter)
Imported 'GUID: 6e21d7dddcf826347b1c2deee8873b72' -> (Import Result ID: '6c9916ed1d404efb0dd2fb2608b0b744') in 0.001 seconds [static dependencies only]. Details - ImportResultOutputID=d96fe135304bd8e86432b47eebfed8bd DependenciesID=dad63c2b45cec5162db767a47efe5519 StaticDependenciesID=c23c7dec6407c8a12544e0cc89b4daa6 
Importing 'GUID: 1f0a2e6f903ed2744b7335c190dd9010 - Path: Packages/com.neoeng.dtrace/Runtime' with importer (DefaultImporter)
Imported 'GUID: 1f0a2e6f903ed2744b7335c190dd9010' -> (Import Result ID: 'a7f3e7b90c0ddcbba2bb127d5e57d547') in 0.002 seconds [static dependencies only]. Details - ImportResultOutputID=5e6f01b66698b8aa5d494ebb1446ee4d DependenciesID=c3016889d88ee2fb4a39db21b4a5920e StaticDependenciesID=0f5fa5dc4df8931baf2effe211f8639d 
Importing 'GUID: 89566322e2ee35f4b838703dc7f05a10 - Path: Packages/com.neoeng.dtrace/Runtime/NeoEngDTrace.Runtime.asmdef' with importer (AssemblyDefinitionImporter)
Imported 'GUID: 89566322e2ee35f4b838703dc7f05a10' -> (Import Result ID: '628f52f995bcda421be89b585dd0f111') in 0.003 seconds [static dependencies only]. Details - ImportResultOutputID=9c4d44037f6324c1b040159c4bbe049d DependenciesID=46e9ea51a91f82d976798aa2a6702085 StaticDependenciesID=754e99df77ff6d2abf88d57453cbfe12 
Importing 'GUID: db48c8a94bd60b947b9c3368b52aac33 - Path: Packages/com.neoeng.dtrace/Editor/NeoEngDTrace.Editor.asmdef' with importer (AssemblyDefinitionImporter)
Imported 'GUID: db48c8a94bd60b947b9c3368b52aac33' -> (Import Result ID: '66df88169f45bb94f44dcebe84a87c15') in 0.002 seconds [static dependencies only]. Details - ImportResultOutputID=366b3f9ec22b45499f47695f70b758f7 DependenciesID=b5a717b05b2820435e5c723c5cc80473 StaticDependenciesID=5f306aa7170af30109b853a865e7bbdb 
Native extension for WindowsStandalone target not found
Native extension for WebGL target not found
ScheduleIndexationOnStartup MainProcess:True IndexOnStartup:True
Mono: successfully reloaded assembly
- Finished resetting the current domain, in  0.438 seconds
Domain Reload Profiling: 983ms
	BeginReloadAssembly (297ms)
		DisableScriptedObjects (32ms)
		CreateAndSetChildDomain (55ms)
	RebuildCommonClasses (8ms)
	RebuildNativeTypeToScriptingClass (17ms)
	initialDomainReloadingComplete (74ms)
	LoadAllAssembliesAndSetupDomain (146ms)
		LoadAssemblies (168ms)
		AnalyzeDomain (9ms)
			TypeCache.Refresh (5ms)
			BuildScriptInfoCaches (3ms)
	FinalizeReload (440ms)
		SetupLoadedEditorAssemblies (0ms)
			BeforeProcessingInitializeOnLoad (87ms)
			ProcessInitializeOnLoadAttributes (77ms)
			ProcessInitializeOnLoadMethodAttributes (77ms)
			AfterProcessingInitializeOnLoad (23ms)
		AwakeInstancesAfterBackupRestoration (27ms)
Importing 'GUID: 00000000000000005000000000000000 - Path: Library/BuildPlayer.prefs' with importer (DefaultImporter)
Imported 'GUID: 00000000000000005000000000000000' -> (Import Result ID: '968deb36040bbb7258278f93cba63355') in 0.009 seconds [static dependencies only]. Details - ImportResultOutputID=1f9c19b30680da8dab47159f77a4e657 DependenciesID=08a1ec4b674aa66bb1ce753815d843ed StaticDependenciesID=d072ca1f0d6ee50a54e7e140cc588a10 
Importing 'GUID: 10a84383f3246ba4d85f9e3e2e4099da - Path: Assets/frames/frame_0001.png' with importer (TextureImporter)
Imported 'GUID: 10a84383f3246ba4d85f9e3e2e4099da' -> (Import Result ID: '0fa4b864d4b699461350b04ace70d874') in 0.023 seconds [static and dynamic dependencies]. Details - ImportResultOutputID=c57e268ba70de86d26e24fcbb0fb4f24 DependenciesID=08355c87ccae715dc2df95964bb4b690 StaticDependenciesID=7b6bf85ef2cc05476efd30d9f1cbed5e 
Importing 'GUID: e03e8468c9afe2f4083fffb9ac8b6ea3 - Path: Assets/animation_input/frame_0.png' with importer (TextureImporter)
Imported 'GUID: e03e8468c9afe2f4083fffb9ac8b6ea3' -> (Import Result ID: 'd75f0f847a757df1d4463902116f5d85') in 0.011 seconds [static and dynamic dependencies]. Details - ImportResultOutputID=8956b92360d04963c2d9179e02ed76d8 DependenciesID=7ed459d595807a594c80b51a62529761 StaticDependenciesID=b10b5e00aac2c99b679049f72f667f1c 
Importing 'GUID: 3191bdaaccc8ce447b236150cf3747e8 - Path: Assets/animation_input/frame_1.png' with importer (TextureImporter)
Imported 'GUID: 3191bdaaccc8ce447b236150cf3747e8' -> (Import Result ID: '854de343b2ef88a20bf20ad5779d9edb') in 0.011 seconds [static and dynamic dependencies]. Details - ImportResultOutputID=8f03300429c744658516948e0164b7e3 DependenciesID=73767ff9ee125a4a7a6982cefd2f4c2e StaticDependenciesID=61ad8c420064f733f2bb2adbd9dbca9b 
Importing 'GUID: 85f536e382e854b44b95b205b2295526 - Path: Assets/source.png' with importer (TextureImporter)
Imported 'GUID: 85f536e382e854b44b95b205b2295526' -> (Import Result ID: '72f6bed966f45569155c8ca33b201755') in 0.012 seconds [static and dynamic dependencies]. Details - ImportResultOutputID=9941bc01a0df9a8f8763164408ead880 DependenciesID=66c85e04cf7b678494b04f1a5b6479a1 StaticDependenciesID=24598de7f2e92cd525bbdb8ffdf7e61b 
Importing 'GUID: d7c8dffa539ada443894d57f71008b2b - Path: Assets/frames/frame_0000.png' with importer (TextureImporter)
Imported 'GUID: d7c8dffa539ada443894d57f71008b2b' -> (Import Result ID: 'ce2bb0b579761062692d5d18375d9db5') in 0.012 seconds [static and dynamic dependencies]. Details - ImportResultOutputID=25186ddf4a9df6618207b84003b306b2 DependenciesID=d09a49cd188ace65ac74b1efa31b61c9 StaticDependenciesID=c257f0a1f7c73b35ed0dcb3e290d3438 
Importing 'GUID: 216385aee1ce67c48876839104e9bc85 - Path: Packages/com.neoeng.dtrace/README.md' with importer (TextScriptImporter)
Imported 'GUID: 216385aee1ce67c48876839104e9bc85' -> (Import Result ID: '3153ad16d5559bbb26cfb7bd0c72aedb') in 0.003 seconds [static dependencies only]. Details - ImportResultOutputID=7a18c799650a19085748ff6cab33df05 DependenciesID=2b17eaee171889f416cfd0157ab395a1 StaticDependenciesID=ca03a2722bbe30bbe0b7e0b8d041f78a 
Importing 'GUID: d23a3f5df99a8884e82ec5fc9c80c0b7 - Path: Assets/frames/animation.json' with importer (TextScriptImporter)
Imported 'GUID: d23a3f5df99a8884e82ec5fc9c80c0b7' -> (Import Result ID: 'e352ecff50bf0b3b323ad169ad507a76') in 0.011 seconds [static dependencies only]. Details - ImportResultOutputID=322f2cbb26fef7b1bc12821177756de0 DependenciesID=657da465be30c49137f47ea9ad0771ea StaticDependenciesID=bdb4c53222d6fc63f7ffe561175c7dae 
Importing 'GUID: 05d452ef4a06e474c9184467686a3ba2 - Path: Assets/NeoEngInput/hero.ndt.integration.json' with importer (TextScriptImporter)
Imported 'GUID: 05d452ef4a06e474c9184467686a3ba2' -> (Import Result ID: 'e386bf571ed2965ead6cda80b8e70da4') in 0.010 seconds [static dependencies only]. Details - ImportResultOutputID=bf83fd000462c653c23a0a6259c9ca9b DependenciesID=452d77994782bd0ed2d9012b9a54657b StaticDependenciesID=daf79aa56885181dc183ea029e39f6d6 
Importing 'GUID: 3ce275752c8ea7144aa046b9e356de89 - Path: Packages/com.neoeng.dtrace/package.json' with importer (PackageManifestImporter)
Imported 'GUID: 3ce275752c8ea7144aa046b9e356de89' -> (Import Result ID: '51240aa114e3e9993e6fb47684a14839') in 0.003 seconds [static dependencies only]. Details - ImportResultOutputID=4559b875f090ac2275feaacc02d514d5 DependenciesID=cbfde069c36de0dd9491991ae0d187b9 StaticDependenciesID=5ad163b283f1626bef5be24e0b56fcb9 
Starting new worker id: 0 with log in <local-path>
Loading style catalogs (6)
	StyleSheets/Extensions/base/common.uss
	UIPackageResources/StyleSheets/Default/Variables/Public/common.uss
	StyleSheets/Northstar/common.uss
	StyleSheets/Extensions/fonts/inter.uss
	StyleSheets/Extensions/base/dark.uss
	UIPackageResources/StyleSheets/Default/Northstar/Palette/dark.uss

Asset Pipeline Refresh (id=1e3d11c5ddb8a9f47b5f20916ba10741): Total: 7.914 seconds - Initiated by InitialRefreshV2(ForceSynchronousImport)
	(Values over 0.05ms)
	Summary:
		Imports: total=41 (actual=41, local cache=0, cache server=0)
		Asset DB Process Time: managed=5 ms, native=865 ms
		Asset DB Callback time: managed=177 ms, native=560 ms
		Scripting: domain reloads=1, domain reload time=618 ms, compile time=5661 ms, other=24 ms
		Project Asset Count: scripts=31, non-scripts=10
		Asset File Changes: new=52, changed=52, moved=0, deleted=0
		Scan Filter Count: 0
	InvokePackagesCallback: 533.210ms
	ApplyChangesToAssetFolders: 0.516ms
	Scan: 109.029ms
	Collect global state as custom dependencies: 12.674ms
	OnSourceAssetsModified: 0.672ms
	CategorizeScriptCompilationAssets: 0.075ms
	ProcessAssetsWithTransientArtifactChanges: 0.465ms
	CategorizeAssets: 0.307ms
	CompileScripts: 5661.031ms
	ImportOutOfDateAssets: 664.180ms (450.110ms without children)
		ImportManagerImport: 198.365ms (5.995ms without children)
			UpdateCategorizedAssets: 0.081ms
		UnloadImportedAssets: 0.342ms
		ImportSchedulerStart: 15.342ms
	PostProcessAllAssets: 229.865ms
		VersionControlSettings.HiddenFilePostprocess 5.192ms
		AssemblyValidation.PostprocessAllAssets 0.754ms
		PostProcessCallbackCreateDeferredMaterials 0.064ms
		ShaderAssetModifiedCallback 0.054ms
		RaytracingShaderImportPostprocess 0.051ms
		MonoPostProcessAllAssets: 176.233ms
			StyleCatalogPostProcessor.OnPostprocessAllAssets 117.384ms
			AssetPostprocessor.OnPostprocessAllAssets 15.600ms
			WindowAssetPostprocessingWatcher.OnPostprocessAllAssets 8.155ms
			BuilderAssetPostprocessor.OnPostprocessAllAssets 6.177ms
			AssetChangedListener.OnPostprocessAllAssets 3.869ms
			SyncVS.PostprocessSyncProject 3.596ms
			TextAssetPostProcessor.OnPostprocessAllAssets 3.565ms
			RetainedModeAssetPostprocessor.OnPostprocessAllAssets 2.210ms
			SpeedTree9Postprocessor.OnPostprocessAllAssets 1.391ms
			EditModeScopePostprocessor.OnPostprocessAllAssets 1.019ms
			ArtifactBrowserPostProcessor.OnPostprocessAllAssets 0.535ms
			AutoSyncPostprocessor.OnPostprocessAllAssets 0.531ms
			TerrainToolbarOverlayPostProcessor.OnPostprocessAllAssets 0.343ms
			AudioMixerPostprocessor.OnPostprocessAllAssets 0.315ms
			ReferencedClipsPostProcessor.OnPostprocessAllAssets 0.308ms
			SpeedTreePostProcessor.OnPostprocessAllAssets 0.269ms
			AssetEvents.OnPostprocessAllAssets 0.264ms
			ConfigAssetsTracker.OnPostprocessAllAssets 0.194ms
			AssetDatabaseCallbacks.OnPostprocessAllAssets 0.173ms
			ScenarioDriftAssetsTracker.OnPostprocessAllAssets 0.153ms
			RenderPipelineGlobalSettingsPostprocessor.OnPostprocessAllAssets 0.143ms
			AudioContainerPostProcessor.OnPostprocessAllAssets 0.082ms
	PostAssetChangesProfiler: 1.413ms
	UnloadStreamsBegin: 1.133ms
	PersistCurrentRevisions: 0.054ms
	Untracked: 703.802ms

Application.AssetDatabase Initial Refresh End
Scanning for USB devices : 10.642ms
Initializing Unity extensions:
[MODES] ModeService[none].Initialize
[MODES] ModeService[none].LoadModes
[MODES] Loading mode Default (0) for mode-current-id-positive
Unloading 3 Unused Serialized files (Serialized files now loaded: 0)
Unloading 25 unused Assets / (0.5 MB). Loaded Objects now: 677.
Memory consumption went from 188.1 MB to 187.6 MB.
Total: 5.100200 ms (FindLiveObjects: 0.040100 ms CreateObjectMapping: 0.010900 ms MarkObjects: 4.842200 ms  DeleteObjects: 0.203200 ms)

Microsoft Media Foundation video decoding to texture disabled: graphics device is Null, only Direct3D 11 and Direct3D 12 (only on desktop) are supported for hardware-accelerated video decoding.
[Project] Loading completed in 10.238 seconds
	Project init time: 				10.044 seconds
		Template init time: 		0.000 seconds
		Package Manager init time: 		0.357 seconds
		Asset Database init time: 		0.369 seconds
		Global illumination init time: 	0.002 seconds
		Assemblies load time: 			1.186 seconds
		Unity extensions init time: 	0.000 seconds
		Asset Database refresh time: 	7.914 seconds
	Scene opening time: 			0.090 seconds
##utp:{"type":"ProjectInfo","version":2,"phase":"Immediate","time":1787003047151,"processId: <redacted>,"projectLoad":10.2376054,"projectInit":10.0438874,"templateInit":0.0,"packageManagerInit":0.3568625,"assetDatabaseInit":0.3689502,"globalIlluminationInit":0.0023762,"assembliesLoad":1.185524,"unityExtensionsInit":0.0003415,"assetDatabaseRefresh":7.9137695,"sceneOpening":0.0904208}
##utp:{"type":"EditorInfo","version":2,"phase":"Immediate","time":1787003047151,"processId: <redacted>,"editorVersion":"6000.5.7f1 (017862109af0)","branch":"6000.5/staging","buildType":"Release","platform":"Windows"}
[MODES] ModeService[default].LoadModes
[Licensing::Client] Successfully resolved entitlement details
Importing 'GUID: ba12efda979ed4d46b267659af4f0f96 - Path: Assets/NeoEngGenerated' with importer (DefaultImporter)
Imported 'GUID: ba12efda979ed4d46b267659af4f0f96' -> (Import Result ID: '13d271a84f774cef0d5b4665e51c8adf') in 0.013 seconds [static dependencies only]. Details - ImportResultOutputID=165b56bfae6f7b873a7e025d7e5ca1da DependenciesID=a4f47b63fd65135c3c097d43b2463b3d StaticDependenciesID=69b8cf9e52ae11e10f4c8425e36dd3bb 
Asset Pipeline Refresh (id=8fffa1623efeee54d8948a26bca52836): Total: 0.078 seconds - Initiated by RefreshV2(NoUpdateAssetOptions)
Importing 'GUID: 85f536e382e854b44b95b205b2295526 - Path: Assets/source.png' with importer (TextureImporter)
Imported 'GUID: 85f536e382e854b44b95b205b2295526' -> (Import Result ID: '72f6bed966f45569155c8ca33b201755') in 0.001 seconds [static and dynamic dependencies]. Details - ImportResultOutputID=9941bc01a0df9a8f8763164408ead880 DependenciesID=66c85e04cf7b678494b04f1a5b6479a1 StaticDependenciesID=24598de7f2e92cd525bbdb8ffdf7e61b 
Asset Pipeline Refresh (id=3dd920b158eeade40ae93650941ef5cc): Total: 0.019 seconds - Initiated by StopAssetImportingV2(NoUpdateAssetOptions)
Importing 'GUID: ca1d834ac514d2d4e97d05a2127fe8a7 - Path: Assets/NeoEngGenerated/hero.sprite.asset' with importer (NativeFormatImporter)
Imported 'GUID: ca1d834ac514d2d4e97d05a2127fe8a7' -> (Import Result ID: 'bb1fc5219bbdac2c5745ccfb5c47e5f6') in 0.002 seconds [static dependencies only]. Details - ImportResultOutputID=3ec2cce5dcc88d5683a203f2e9ae4971 DependenciesID=0c737a2e167e7fb993cf0d2b9b6fe718 StaticDependenciesID=1c8da3dcc0e90f6a04180a3a9ca9c5d1 
Asset Pipeline Refresh (id=e09825621c925314a90d69207054936c): Total: 0.027 seconds - Initiated by StopAssetImportingV2(NoUpdateAssetOptions)
Importing 'GUID: 20b5c4bf0f485f14c9c625c60a799a09 - Path: Assets/NeoEngGenerated/hero.metadata.asset' with importer (NativeFormatImporter)
Imported 'GUID: 20b5c4bf0f485f14c9c625c60a799a09' -> (Import Result ID: '90bb548fc8bd0ffa449aaf93420a54be') in 0.003 seconds [static dependencies only]. Details - ImportResultOutputID=93ca4fb3c9a28d61d66d06d9a9a94b03 DependenciesID=e89b0e050f7e1821fc04105dbb0dd098 StaticDependenciesID=079d566620ea8281d48a56cbdc180f15 
Asset Pipeline Refresh (id=ffe06eb67c0d6194a81366ba2eeddead): Total: 0.025 seconds - Initiated by StopAssetImportingV2(NoUpdateAssetOptions)
Importing 'GUID: e53259eac6bbba54584df5a8088e3c3b - Path: Assets/NeoEngGenerated/hero.prefab' with importer (PrefabImporter)
Imported 'GUID: e53259eac6bbba54584df5a8088e3c3b' -> (Import Result ID: '2da5fe5e1263d24d6691a5ce32a04f07') in 0.017 seconds [static and dynamic dependencies]. Details - ImportResultOutputID=9ac3e233c148201711e827753f7811b0 DependenciesID=2f40c3514c71f5c97dd3a568d92435b1 StaticDependenciesID=c9f7f77ac9ea5ae2ffc87118a8461e39 
Asset Pipeline Refresh (id=ee017832651e09f449e72b7b30b57bf3): Total: 0.040 seconds - Initiated by StopAssetImportingV2(NoUpdateAssetOptions)
Importing 'GUID: d7c8dffa539ada443894d57f71008b2b - Path: Assets/frames/frame_0000.png' with importer (TextureImporter)
Imported 'GUID: d7c8dffa539ada443894d57f71008b2b' -> (Import Result ID: 'ce2bb0b579761062692d5d18375d9db5') in 0.001 seconds [static and dynamic dependencies]. Details - ImportResultOutputID=25186ddf4a9df6618207b84003b306b2 DependenciesID=d09a49cd188ace65ac74b1efa31b61c9 StaticDependenciesID=c257f0a1f7c73b35ed0dcb3e290d3438 
Asset Pipeline Refresh (id=26fed0297de5705448c574e85dec13a3): Total: 0.019 seconds - Initiated by StopAssetImportingV2(NoUpdateAssetOptions)
Importing 'GUID: 10a84383f3246ba4d85f9e3e2e4099da - Path: Assets/frames/frame_0001.png' with importer (TextureImporter)
Imported 'GUID: 10a84383f3246ba4d85f9e3e2e4099da' -> (Import Result ID: '0fa4b864d4b699461350b04ace70d874') in 0.001 seconds [static and dynamic dependencies]. Details - ImportResultOutputID=c57e268ba70de86d26e24fcbb0fb4f24 DependenciesID=08355c87ccae715dc2df95964bb4b690 StaticDependenciesID=7b6bf85ef2cc05476efd30d9f1cbed5e 
Asset Pipeline Refresh (id=07e1cb29a885bfc4b8c646c52b931efe): Total: 0.019 seconds - Initiated by StopAssetImportingV2(NoUpdateAssetOptions)
Importing 'GUID: 85f536e382e854b44b95b205b2295526 - Path: Assets/source.png' with importer (TextureImporter)
Imported 'GUID: 85f536e382e854b44b95b205b2295526' -> (Import Result ID: '72f6bed966f45569155c8ca33b201755') in 0.001 seconds [static and dynamic dependencies]. Details - ImportResultOutputID=9941bc01a0df9a8f8763164408ead880 DependenciesID=66c85e04cf7b678494b04f1a5b6479a1 StaticDependenciesID=24598de7f2e92cd525bbdb8ffdf7e61b 
Asset Pipeline Refresh (id=58fa2be7fadb3a14fb97ba3a2f980095): Total: 0.019 seconds - Initiated by StopAssetImportingV2(NoUpdateAssetOptions)
Importing 'GUID: 85f536e382e854b44b95b205b2295526 - Path: Assets/source.png' with importer (TextureImporter)
Imported 'GUID: 85f536e382e854b44b95b205b2295526' -> (Import Result ID: '72f6bed966f45569155c8ca33b201755') in 0.001 seconds [static and dynamic dependencies]. Details - ImportResultOutputID=9941bc01a0df9a8f8763164408ead880 DependenciesID=66c85e04cf7b678494b04f1a5b6479a1 StaticDependenciesID=24598de7f2e92cd525bbdb8ffdf7e61b 
Asset Pipeline Refresh (id=2f9bcba263ddd9a489af90afc0277421): Total: 0.016 seconds - Initiated by StopAssetImportingV2(NoUpdateAssetOptions)
Importing 'GUID: d7c8dffa539ada443894d57f71008b2b - Path: Assets/frames/frame_0000.png' with importer (TextureImporter)
Imported 'GUID: d7c8dffa539ada443894d57f71008b2b' -> (Import Result ID: 'ce2bb0b579761062692d5d18375d9db5') in 0.001 seconds [static and dynamic dependencies]. Details - ImportResultOutputID=25186ddf4a9df6618207b84003b306b2 DependenciesID=d09a49cd188ace65ac74b1efa31b61c9 StaticDependenciesID=c257f0a1f7c73b35ed0dcb3e290d3438 
Asset Pipeline Refresh (id=d8b0e3a021826054d9c3648e0214fb76): Total: 0.020 seconds - Initiated by StopAssetImportingV2(NoUpdateAssetOptions)
Importing 'GUID: 28ae7d762843fb241884ecb733cb6deb - Path: Assets/NeoEngGenerated/hero_animation.animation' with importer (DefaultImporter)
Imported 'GUID: 28ae7d762843fb241884ecb733cb6deb' -> (Import Result ID: '5e3e0e1818c4f55a7f5722d995ec13df') in 0.013 seconds [static dependencies only]. Details - ImportResultOutputID=edde2acad154a00e1c22e0a2561031b3 DependenciesID=b85e6ec76c036a21c837ed41756a0d9d StaticDependenciesID=38157e07c25770f0e138cf6873943757 
Importing 'GUID: 0ea5457abbb46c04fb677e5fbc2d1441 - Path: Assets/NeoEngGenerated/hero_animation.animation/frame_0000.sprite.asset' with importer (NativeFormatImporter)
Imported 'GUID: 0ea5457abbb46c04fb677e5fbc2d1441' -> (Import Result ID: '9698c52ba603158ca5ab50ef87ebba31') in 0.001 seconds [static dependencies only]. Details - ImportResultOutputID=4482b4ac236f209e55fd21f2710b0e0a DependenciesID=55f2d019b456a4f01d2b47996f61bc76 StaticDependenciesID=6fd0d21b9815157506868a3337e1ea1c 
Asset Pipeline Refresh (id=39535ad0fe11bbf4da36b8492e67f57a): Total: 0.036 seconds - Initiated by StopAssetImportingV2(NoUpdateAssetOptions)
Importing 'GUID: 10a84383f3246ba4d85f9e3e2e4099da - Path: Assets/frames/frame_0001.png' with importer (TextureImporter)
Imported 'GUID: 10a84383f3246ba4d85f9e3e2e4099da' -> (Import Result ID: '0fa4b864d4b699461350b04ace70d874') in 0.001 seconds [static and dynamic dependencies]. Details - ImportResultOutputID=c57e268ba70de86d26e24fcbb0fb4f24 DependenciesID=08355c87ccae715dc2df95964bb4b690 StaticDependenciesID=7b6bf85ef2cc05476efd30d9f1cbed5e 
Asset Pipeline Refresh (id=1b9a556cc766f9342bdc2522b8bcc8dc): Total: 0.018 seconds - Initiated by StopAssetImportingV2(NoUpdateAssetOptions)
Importing 'GUID: c88ce2ba18cfcf64c960cf610db5bd99 - Path: Assets/NeoEngGenerated/hero_animation.animation/frame_0001.sprite.asset' with importer (NativeFormatImporter)
Imported 'GUID: c88ce2ba18cfcf64c960cf610db5bd99' -> (Import Result ID: '4eec1c87f48c6ff98e058f90b3fb7091') in 0.001 seconds [static dependencies only]. Details - ImportResultOutputID=cfe97b06c976b4818aed395d66ff4929 DependenciesID=39b9af1a82984d69040577809376d977 StaticDependenciesID=f5990761b8634eefa11ed6ad6a6cb716 
Asset Pipeline Refresh (id=67745bdbbaab912449aa148ab8540a0c): Total: 0.022 seconds - Initiated by StopAssetImportingV2(NoUpdateAssetOptions)
Importing 'GUID: 80512087bbd6ffa47926606f48752814 - Path: Assets/NeoEngGenerated/hero_animation.animation/hero_animation.metadata.asset' with importer (NativeFormatImporter)
Imported 'GUID: 80512087bbd6ffa47926606f48752814' -> (Import Result ID: 'd6b880929ffddf9effb2978d139ae7e4') in 0.002 seconds [static dependencies only]. Details - ImportResultOutputID=bfff52a13df9c9f0cdf9e9b1c8dfc33b DependenciesID=7e1a6abe62fa49c2276faf24400df8fc StaticDependenciesID=931b7e93ef9c030f8fd9c1360ad230f5 
Asset Pipeline Refresh (id=4b75ce82040cf7f42b2a7010689b4bff): Total: 0.023 seconds - Initiated by StopAssetImportingV2(NoUpdateAssetOptions)
Importing 'GUID: 58ead06b3c1b5cd42bc75f1b60045a55 - Path: Assets/NeoEngGenerated/hero_animation.animation/hero_animation.anim' with importer (NativeFormatImporter)
Imported 'GUID: 58ead06b3c1b5cd42bc75f1b60045a55' -> (Import Result ID: '255e5f963a01efaef87b1c4b5085d259') in 0.002 seconds [static dependencies only]. Details - ImportResultOutputID=e01afe561ecb09d1b0be908ad1141620 DependenciesID=997ad364b5c5515fbcd99a9c8e362716 StaticDependenciesID=b39e07f557a5b03456ccb231eb40c1ad 
Asset Pipeline Refresh (id=df8ecf768c5966c4b992741b906eee28): Total: 0.022 seconds - Initiated by StopAssetImportingV2(NoUpdateAssetOptions)
Importing 'GUID: a1aa9035ebbe85d41b677ae15d03860c - Path: Assets/NeoEngGenerated/hero_animation.animation/hero_animation.controller' with importer (NativeFormatImporter)
Imported 'GUID: a1aa9035ebbe85d41b677ae15d03860c' -> (Import Result ID: '8f495d4fce015f6fd29812b59b34d545') in 0.003 seconds [static dependencies only]. Details - ImportResultOutputID=4d85a01c0d0685dc47b87ae4db79d2d0 DependenciesID=91ab92e969629b97768a4c38f5737251 StaticDependenciesID=97e5611811500d59ac58fc9f4260a750 
Asset Pipeline Refresh (id=8fdbb2860d4e8194a9854c0a4642df6a): Total: 0.025 seconds - Initiated by StopAssetImportingV2(NoUpdateAssetOptions)
Importing 'GUID: a1aa9035ebbe85d41b677ae15d03860c - Path: Assets/NeoEngGenerated/hero_animation.animation/hero_animation.controller' with importer (NativeFormatImporter)
Imported 'GUID: a1aa9035ebbe85d41b677ae15d03860c' -> (Import Result ID: '8cbf0706bf86122c6b499762bff8f0cc') in 0.001 seconds [static dependencies only]. Details - ImportResultOutputID=4d85a01c0d0685dc47b87ae4db79d2d0 DependenciesID=4e45d0f10dbc6b8ed5d022ebf7e541f1 StaticDependenciesID=65feb6e63d3fe0d73b4b3ef918840e32 
Asset Pipeline Refresh (id=f3f5edd8d6836604888ee4a10d7cf396): Total: 0.021 seconds - Initiated by StopAssetImportingV2(NoUpdateAssetOptions)
Importing 'GUID: 77c30f4795af3374ea48ee9758a29d58 - Path: Assets/NeoEngGenerated/hero_animation.animation/hero_animation.prefab' with importer (PrefabImporter)
Imported 'GUID: 77c30f4795af3374ea48ee9758a29d58' -> (Import Result ID: 'eb534a5071b1c1ae8acdeab334f836d6') in 0.019 seconds [static and dynamic dependencies]. Details - ImportResultOutputID=d2154e75d1732b07340a6cb4198a002e DependenciesID=faaeffb2fecb7002e6b10ede65bae421 StaticDependenciesID=5f1d33b1e1a739aa8f0c044dbb7dda8d 
Asset Pipeline Refresh (id=364c1f8d77ff14444b3788d9ebd1c280): Total: 0.049 seconds - Initiated by StopAssetImportingV2(NoUpdateAssetOptions)
Importing 'GUID: 85f536e382e854b44b95b205b2295526 - Path: Assets/source.png' with importer (TextureImporter)
Imported 'GUID: 85f536e382e854b44b95b205b2295526' -> (Import Result ID: '72f6bed966f45569155c8ca33b201755') in 0.001 seconds [static and dynamic dependencies]. Details - ImportResultOutputID=9941bc01a0df9a8f8763164408ead880 DependenciesID=66c85e04cf7b678494b04f1a5b6479a1 StaticDependenciesID=24598de7f2e92cd525bbdb8ffdf7e61b 
Asset Pipeline Refresh (id=cafd854b87f22b84686fa68e37c9299b): Total: 0.022 seconds - Initiated by StopAssetImportingV2(NoUpdateAssetOptions)
Not allowed to override physics shape on sprite ''
UnityEngine.Debug:ExtractStackTraceNoAlloc (byte*,int,string)
UnityEngine.StackTraceUtility:ExtractStackTrace ()
UnityEngine.Sprite:OverridePhysicsShapeCount (UnityEngine.Sprite,int)
UnityEngine.Sprite:OverridePhysicsShape (System.Collections.Generic.IList`1<UnityEngine.Vector2[]>)
NeoEng.DTrace.Editor.UnityOptionalResourceImporter:ImportTileset (NeoEng.DTrace.Editor.UnityImportGenerator/IntegrationManifest,string,string,UnityEngine.Texture2D,NeoEng.DTrace.Editor.UnityImportGenerator/ImportResult) (at <local-path>
NeoEng.DTrace.Editor.UnityOptionalResourceImporter:Import (NeoEng.DTrace.Editor.UnityImportGenerator/IntegrationManifest,string,string,UnityEngine.Texture2D,NeoEng.DTrace.Editor.UnityImportGenerator/ImportResult) (at <local-path>
NeoEng.DTrace.Editor.UnityImportGenerator:ImportManifestUnsafe (string) (at <local-path>
NeoEng.DTrace.Editor.UnityImportGenerator:ImportManifest (string) (at <local-path>
NeoEngStage3Runner:RunPositive () (at Assets/Editor/NeoEngStage3Runner.cs:42)
NeoEngStage3Runner:Begin () (at Assets/Editor/NeoEngStage3Runner.cs:27)
UnityEditor.EditorApplication:Internal_CallDelayFunctions ()

[<local-path>

Not allowed to override physics shape on sprite ''
UnityEngine.Debug:ExtractStackTraceNoAlloc (byte*,int,string)
UnityEngine.StackTraceUtility:ExtractStackTrace ()
UnityEngine.Sprite:OverridePhysicsShape (UnityEngine.Sprite,UnityEngine.Vector2[],int)
UnityEngine.Sprite:OverridePhysicsShape (System.Collections.Generic.IList`1<UnityEngine.Vector2[]>)
NeoEng.DTrace.Editor.UnityOptionalResourceImporter:ImportTileset (NeoEng.DTrace.Editor.UnityImportGenerator/IntegrationManifest,string,string,UnityEngine.Texture2D,NeoEng.DTrace.Editor.UnityImportGenerator/ImportResult) (at <local-path>
NeoEng.DTrace.Editor.UnityOptionalResourceImporter:Import (NeoEng.DTrace.Editor.UnityImportGenerator/IntegrationManifest,string,string,UnityEngine.Texture2D,NeoEng.DTrace.Editor.UnityImportGenerator/ImportResult) (at <local-path>
NeoEng.DTrace.Editor.UnityImportGenerator:ImportManifestUnsafe (string) (at <local-path>
NeoEng.DTrace.Editor.UnityImportGenerator:ImportManifest (string) (at <local-path>
NeoEngStage3Runner:RunPositive () (at Assets/Editor/NeoEngStage3Runner.cs:42)
NeoEngStage3Runner:Begin () (at Assets/Editor/NeoEngStage3Runner.cs:27)
UnityEditor.EditorApplication:Internal_CallDelayFunctions ()

[<local-path>

Importing 'GUID: 3b77946c7b8081140a4d60ff1d97096a - Path: Assets/NeoEngGenerated/hero_tileset.tileset' with importer (DefaultImporter)
Imported 'GUID: 3b77946c7b8081140a4d60ff1d97096a' -> (Import Result ID: 'eeb0d6d3da2f924701e13a7ec506e346') in 0.015 seconds [static dependencies only]. Details - ImportResultOutputID=5ebb024962e825ee4a0f250e24d3fe72 DependenciesID=c6a19e5901c8ff0269721c0957e7c40a StaticDependenciesID=bc93c2a6b41396b535f54152053c3f12 
Importing 'GUID: 3aa1d4951aa066a469be7e0353cec516 - Path: Assets/NeoEngGenerated/hero_tileset.tileset/tile_0000.sprite.asset' with importer (NativeFormatImporter)
Imported 'GUID: 3aa1d4951aa066a469be7e0353cec516' -> (Import Result ID: 'a7730222e269dd1d909a47ec31460e97') in 0.002 seconds [static dependencies only]. Details - ImportResultOutputID=23e81d248aa972fc814cd983cc6a7c07 DependenciesID=afe990b5d0f1df0e7cf6d4f962c8b1aa StaticDependenciesID=a5602ee5d5c1ed5eb06cf5827ef7d9b3 
Asset Pipeline Refresh (id=d7fa4b8d4f7aaf74eb2318ad63d6a5a8): Total: 0.042 seconds - Initiated by StopAssetImportingV2(NoUpdateAssetOptions)
Importing 'GUID: a803346962d93534eba00b9faf762cd5 - Path: Assets/NeoEngGenerated/hero_tileset.tileset/tile_0000.tile.asset' with importer (NativeFormatImporter)
Imported 'GUID: a803346962d93534eba00b9faf762cd5' -> (Import Result ID: '6e7780717272f845a5bba00e3ab49f9a') in 0.002 seconds [static dependencies only]. Details - ImportResultOutputID=31519785a99f6db7cb7a47eaaa6cd3d7 DependenciesID=0651b69de34062c5625d4d32d9a60e7c StaticDependenciesID=a2276cddda3a932959a4c2aecfe437a0 
Asset Pipeline Refresh (id=6fd996e9e91de384ba970c1a039cf1d1): Total: 0.025 seconds - Initiated by StopAssetImportingV2(NoUpdateAssetOptions)
Importing 'GUID: 85f536e382e854b44b95b205b2295526 - Path: Assets/source.png' with importer (TextureImporter)
Imported 'GUID: 85f536e382e854b44b95b205b2295526' -> (Import Result ID: '72f6bed966f45569155c8ca33b201755') in 0.002 seconds [static and dynamic dependencies]. Details - ImportResultOutputID=9941bc01a0df9a8f8763164408ead880 DependenciesID=66c85e04cf7b678494b04f1a5b6479a1 StaticDependenciesID=24598de7f2e92cd525bbdb8ffdf7e61b 
Asset Pipeline Refresh (id=60e3d0e53f6698c47b0337f3181b242f): Total: 0.020 seconds - Initiated by StopAssetImportingV2(NoUpdateAssetOptions)
Not allowed to override physics shape on sprite ''
UnityEngine.Debug:ExtractStackTraceNoAlloc (byte*,int,string)
UnityEngine.StackTraceUtility:ExtractStackTrace ()
UnityEngine.Sprite:OverridePhysicsShapeCount (UnityEngine.Sprite,int)
UnityEngine.Sprite:OverridePhysicsShape (System.Collections.Generic.IList`1<UnityEngine.Vector2[]>)
NeoEng.DTrace.Editor.UnityOptionalResourceImporter:ImportTileset (NeoEng.DTrace.Editor.UnityImportGenerator/IntegrationManifest,string,string,UnityEngine.Texture2D,NeoEng.DTrace.Editor.UnityImportGenerator/ImportResult) (at <local-path>
NeoEng.DTrace.Editor.UnityOptionalResourceImporter:Import (NeoEng.DTrace.Editor.UnityImportGenerator/IntegrationManifest,string,string,UnityEngine.Texture2D,NeoEng.DTrace.Editor.UnityImportGenerator/ImportResult) (at <local-path>
NeoEng.DTrace.Editor.UnityImportGenerator:ImportManifestUnsafe (string) (at <local-path>
NeoEng.DTrace.Editor.UnityImportGenerator:ImportManifest (string) (at <local-path>
NeoEngStage3Runner:RunPositive () (at Assets/Editor/NeoEngStage3Runner.cs:42)
NeoEngStage3Runner:Begin () (at Assets/Editor/NeoEngStage3Runner.cs:27)
UnityEditor.EditorApplication:Internal_CallDelayFunctions ()

[<local-path>

Not allowed to override physics shape on sprite ''
UnityEngine.Debug:ExtractStackTraceNoAlloc (byte*,int,string)
UnityEngine.StackTraceUtility:ExtractStackTrace ()
UnityEngine.Sprite:OverridePhysicsShape (UnityEngine.Sprite,UnityEngine.Vector2[],int)
UnityEngine.Sprite:OverridePhysicsShape (System.Collections.Generic.IList`1<UnityEngine.Vector2[]>)
NeoEng.DTrace.Editor.UnityOptionalResourceImporter:ImportTileset (NeoEng.DTrace.Editor.UnityImportGenerator/IntegrationManifest,string,string,UnityEngine.Texture2D,NeoEng.DTrace.Editor.UnityImportGenerator/ImportResult) (at <local-path>
NeoEng.DTrace.Editor.UnityOptionalResourceImporter:Import (NeoEng.DTrace.Editor.UnityImportGenerator/IntegrationManifest,string,string,UnityEngine.Texture2D,NeoEng.DTrace.Editor.UnityImportGenerator/ImportResult) (at <local-path>
NeoEng.DTrace.Editor.UnityImportGenerator:ImportManifestUnsafe (string) (at <local-path>
NeoEng.DTrace.Editor.UnityImportGenerator:ImportManifest (string) (at <local-path>
NeoEngStage3Runner:RunPositive () (at Assets/Editor/NeoEngStage3Runner.cs:42)
NeoEngStage3Runner:Begin () (at Assets/Editor/NeoEngStage3Runner.cs:27)
UnityEditor.EditorApplication:Internal_CallDelayFunctions ()

[<local-path>

Importing 'GUID: 12d9fd6448f2c2845a2a8806e6316735 - Path: Assets/NeoEngGenerated/hero_tileset.tileset/tile_0001.sprite.asset' with importer (NativeFormatImporter)
Imported 'GUID: 12d9fd6448f2c2845a2a8806e6316735' -> (Import Result ID: '7b70b3e2332ebc7b2a11fc785e5598c1') in 0.002 seconds [static dependencies only]. Details - ImportResultOutputID=2e7da4acf0d53fe768ef2812d8345e5b DependenciesID=0798be4f7fc4c3335733f4cae1ed6fed StaticDependenciesID=efd41ffe81f36ac5e9bc7148081201b3 
Asset Pipeline Refresh (id=3b89e2fe7087a514f84756c12713b1b6): Total: 0.021 seconds - Initiated by StopAssetImportingV2(NoUpdateAssetOptions)
Importing 'GUID: ff7686f77281fc24f8ed30f730a770e6 - Path: Assets/NeoEngGenerated/hero_tileset.tileset/tile_0001.tile.asset' with importer (NativeFormatImporter)
Imported 'GUID: ff7686f77281fc24f8ed30f730a770e6' -> (Import Result ID: '959c124da044abfbedde75a158340c8f') in 0.001 seconds [static dependencies only]. Details - ImportResultOutputID=a1e22cd88de1f3ed4c648109165181cd DependenciesID=7946d0eda2ee1a74ca4dbccc0155b5d0 StaticDependenciesID=1921036c9cce96e3523409c922e1d9c2 
Asset Pipeline Refresh (id=6fe6cc90958fd4043bd23ec804c56af0): Total: 0.024 seconds - Initiated by StopAssetImportingV2(NoUpdateAssetOptions)
Importing 'GUID: da9067c910b6d344d9f171cca244ee87 - Path: Assets/NeoEngGenerated/hero_tileset.tileset/hero_tileset.metadata.asset' with importer (NativeFormatImporter)
Imported 'GUID: da9067c910b6d344d9f171cca244ee87' -> (Import Result ID: '1dad49aa244a8a32e9dc72aa2981ef1d') in 0.002 seconds [static dependencies only]. Details - ImportResultOutputID=8a1f5b4c60d9bc16601c5902da68bff3 DependenciesID=06c0857a69e3c35ce6b2f3103b301449 StaticDependenciesID=193d4d807dbc91d7731f3ab94ef95eff 
Asset Pipeline Refresh (id=003b6194d6d06c14586860e7d72efa70): Total: 0.022 seconds - Initiated by StopAssetImportingV2(NoUpdateAssetOptions)
Importing 'GUID: f2d9d2bfba3f0ae4ea4ba96493887289 - Path: Assets/NeoEngGenerated/hero_tileset.tileset/hero_tileset.prefab' with importer (PrefabImporter)
Imported 'GUID: f2d9d2bfba3f0ae4ea4ba96493887289' -> (Import Result ID: 'ce2e27e276aa166ab373370db6274c8f') in 0.017 seconds [static and dynamic dependencies]. Details - ImportResultOutputID=e7c37812ebc97b978a170074896f44be DependenciesID=f094a8987f61e3948dfbab88c287d135 StaticDependenciesID=f28dae149f6c1e3af8c12f4efdd41f30 
Asset Pipeline Refresh (id=e2d1293529259c04495b17eac6a236d4): Total: 0.039 seconds - Initiated by StopAssetImportingV2(NoUpdateAssetOptions)
Asset Pipeline Refresh (id=1c08d2254c59fd5429d91d220f91b7b6): Total: 0.026 seconds - Initiated by RefreshV2(ForceUpdate)
UNITY_STAGE3_ANIMATION_NATIVE=PASS
UnityEngine.Debug:ExtractStackTraceNoAlloc (byte*,int,string)
UnityEngine.StackTraceUtility:ExtractStackTrace ()
UnityEngine.DebugLogHandler:Internal_Log (UnityEngine.LogType,UnityEngine.LogOption,string,UnityEngine.Object)
UnityEngine.DebugLogHandler:LogFormat (UnityEngine.LogType,UnityEngine.Object,string,object[])
UnityEngine.Logger:Log (UnityEngine.LogType,object)
UnityEngine.Debug:Log (object)
NeoEngStage3Runner:RunPositive () (at Assets/Editor/NeoEngStage3Runner.cs:48)
NeoEngStage3Runner:Begin () (at Assets/Editor/NeoEngStage3Runner.cs:27)
UnityEditor.EditorApplication:Internal_CallDelayFunctions ()

(Filename: Assets/Editor/NeoEngStage3Runner.cs Line: 48)

UNITY_STAGE3_FRAME_COLLISION=PASS
UnityEngine.Debug:ExtractStackTraceNoAlloc (byte*,int,string)
UnityEngine.StackTraceUtility:ExtractStackTrace ()
UnityEngine.DebugLogHandler:Internal_Log (UnityEngine.LogType,UnityEngine.LogOption,string,UnityEngine.Object)
UnityEngine.DebugLogHandler:LogFormat (UnityEngine.LogType,UnityEngine.Object,string,object[])
UnityEngine.Logger:Log (UnityEngine.LogType,object)
UnityEngine.Debug:Log (object)
NeoEngStage3Runner:RunPositive () (at Assets/Editor/NeoEngStage3Runner.cs:49)
NeoEngStage3Runner:Begin () (at Assets/Editor/NeoEngStage3Runner.cs:27)
UnityEditor.EditorApplication:Internal_CallDelayFunctions ()

(Filename: Assets/Editor/NeoEngStage3Runner.cs Line: 49)

UNITY_STAGE3_TILESET_NATIVE=PASS
UnityEngine.Debug:ExtractStackTraceNoAlloc (byte*,int,string)
UnityEngine.StackTraceUtility:ExtractStackTrace ()
UnityEngine.DebugLogHandler:Internal_Log (UnityEngine.LogType,UnityEngine.LogOption,string,UnityEngine.Object)
UnityEngine.DebugLogHandler:LogFormat (UnityEngine.LogType,UnityEngine.Object,string,object[])
UnityEngine.Logger:Log (UnityEngine.LogType,object)
UnityEngine.Debug:Log (object)
NeoEngStage3Runner:RunPositive () (at Assets/Editor/NeoEngStage3Runner.cs:50)
NeoEngStage3Runner:Begin () (at Assets/Editor/NeoEngStage3Runner.cs:27)
UnityEditor.EditorApplication:Internal_CallDelayFunctions ()

(Filename: Assets/Editor/NeoEngStage3Runner.cs Line: 50)

UNITY_STAGE3_TILE_COLLISION=PASS
UnityEngine.Debug:ExtractStackTraceNoAlloc (byte*,int,string)
UnityEngine.StackTraceUtility:ExtractStackTrace ()
UnityEngine.DebugLogHandler:Internal_Log (UnityEngine.LogType,UnityEngine.LogOption,string,UnityEngine.Object)
UnityEngine.DebugLogHandler:LogFormat (UnityEngine.LogType,UnityEngine.Object,string,object[])
UnityEngine.Logger:Log (UnityEngine.LogType,object)
UnityEngine.Debug:Log (object)
NeoEngStage3Runner:RunPositive () (at Assets/Editor/NeoEngStage3Runner.cs:51)
NeoEngStage3Runner:Begin () (at Assets/Editor/NeoEngStage3Runner.cs:27)
UnityEditor.EditorApplication:Internal_CallDelayFunctions ()

(Filename: Assets/Editor/NeoEngStage3Runner.cs Line: 51)

Importing 'GUID: 85f536e382e854b44b95b205b2295526 - Path: Assets/source.png' with importer (TextureImporter)
Imported 'GUID: 85f536e382e854b44b95b205b2295526' -> (Import Result ID: '72f6bed966f45569155c8ca33b201755') in 0.001 seconds [static and dynamic dependencies]. Details - ImportResultOutputID=9941bc01a0df9a8f8763164408ead880 DependenciesID=66c85e04cf7b678494b04f1a5b6479a1 StaticDependenciesID=24598de7f2e92cd525bbdb8ffdf7e61b 
Asset Pipeline Refresh (id=c5f1bcdc41883fb4db06fc38631d7d7f): Total: 0.019 seconds - Initiated by StopAssetImportingV2(NoUpdateAssetOptions)
Importing 'GUID: d7c8dffa539ada443894d57f71008b2b - Path: Assets/frames/frame_0000.png' with importer (TextureImporter)
Imported 'GUID: d7c8dffa539ada443894d57f71008b2b' -> (Import Result ID: 'ce2bb0b579761062692d5d18375d9db5') in 0.001 seconds [static and dynamic dependencies]. Details - ImportResultOutputID=25186ddf4a9df6618207b84003b306b2 DependenciesID=d09a49cd188ace65ac74b1efa31b61c9 StaticDependenciesID=c257f0a1f7c73b35ed0dcb3e290d3438 
Asset Pipeline Refresh (id=175c0ab14169ff04f839fbcce79b6d01): Total: 0.018 seconds - Initiated by StopAssetImportingV2(NoUpdateAssetOptions)
Importing 'GUID: 10a84383f3246ba4d85f9e3e2e4099da - Path: Assets/frames/frame_0001.png' with importer (TextureImporter)
Imported 'GUID: 10a84383f3246ba4d85f9e3e2e4099da' -> (Import Result ID: '0fa4b864d4b699461350b04ace70d874') in 0.001 seconds [static and dynamic dependencies]. Details - ImportResultOutputID=c57e268ba70de86d26e24fcbb0fb4f24 DependenciesID=08355c87ccae715dc2df95964bb4b690 StaticDependenciesID=7b6bf85ef2cc05476efd30d9f1cbed5e 
Asset Pipeline Refresh (id=fad3dde2e125fb24181752b56cf606ee): Total: 0.017 seconds - Initiated by StopAssetImportingV2(NoUpdateAssetOptions)
Importing 'GUID: 85f536e382e854b44b95b205b2295526 - Path: Assets/source.png' with importer (TextureImporter)
Imported 'GUID: 85f536e382e854b44b95b205b2295526' -> (Import Result ID: '72f6bed966f45569155c8ca33b201755') in 0.001 seconds [static and dynamic dependencies]. Details - ImportResultOutputID=9941bc01a0df9a8f8763164408ead880 DependenciesID=66c85e04cf7b678494b04f1a5b6479a1 StaticDependenciesID=24598de7f2e92cd525bbdb8ffdf7e61b 
Asset Pipeline Refresh (id=20e5abd223a70774c93ba88413db2087): Total: 0.018 seconds - Initiated by StopAssetImportingV2(NoUpdateAssetOptions)
Importing 'GUID: 85f536e382e854b44b95b205b2295526 - Path: Assets/source.png' with importer (TextureImporter)
Imported 'GUID: 85f536e382e854b44b95b205b2295526' -> (Import Result ID: '72f6bed966f45569155c8ca33b201755') in 0.002 seconds [static and dynamic dependencies]. Details - ImportResultOutputID=9941bc01a0df9a8f8763164408ead880 DependenciesID=66c85e04cf7b678494b04f1a5b6479a1 StaticDependenciesID=24598de7f2e92cd525bbdb8ffdf7e61b 
Asset Pipeline Refresh (id=6bd6da4ebd9da804ab9fd0567cd11a14): Total: 0.018 seconds - Initiated by StopAssetImportingV2(NoUpdateAssetOptions)
Asset Pipeline Refresh (id=70e7d5f7920bce34f9df6544eb28efff): Total: 0.003 seconds - Initiated by RefreshV2(ForceUpdate)
UNITY_STAGE3_REPEAT=PASS
UnityEngine.Debug:ExtractStackTraceNoAlloc (byte*,int,string)
UnityEngine.StackTraceUtility:ExtractStackTrace ()
UnityEngine.DebugLogHandler:Internal_Log (UnityEngine.LogType,UnityEngine.LogOption,string,UnityEngine.Object)
UnityEngine.DebugLogHandler:LogFormat (UnityEngine.LogType,UnityEngine.Object,string,object[])
UnityEngine.Logger:Log (UnityEngine.LogType,object)
UnityEngine.Debug:Log (object)
NeoEngStage3Runner:RunPositive () (at Assets/Editor/NeoEngStage3Runner.cs:56)
NeoEngStage3Runner:Begin () (at Assets/Editor/NeoEngStage3Runner.cs:27)
UnityEditor.EditorApplication:Internal_CallDelayFunctions ()

(Filename: Assets/Editor/NeoEngStage3Runner.cs Line: 56)

MonoPathRemapper: Attempts to remap: 4990; Successful remaps: 0
Serialized file version minimum: 23, current 23
Worker ready: AssetImportWorkerHW0 0
[Physics::Module] Cleanup current backend.
[Physics::Module] Id: 0xf2b8ea05
Input System module state changed to: ShutdownInProgress.
Input Polling Thread exited.
Input System module state changed to: Shutdown.
[Licensing::IpcConnector] LicenseClient-<redacted> channel disconnected successfully.
[Licensing::IpcConnector] LicenseClient-<redacted> channel disconnected successfully.
Shut down.
AcceleratorClientConnectionCallback - disconnected - :0
Cleanup mono
CodeReloadManager destroyed
abort_threads: Failed aborting id: 000000000000246C, mono_thread_manage will ignore it

abort_threads: Failed aborting id: 000000000000627C, mono_thread_manage will ignore it

abort_threads: Failed aborting id: 000000000000246C, mono_thread_manage will ignore it

abort_threads: Failed aborting id: 000000000000627C, mono_thread_manage will ignore it

debugger-agent: Unable to listen on 3272
Checking for leaked weakptr:
  Found no leaked weakptrs.
[Package Manager] Server process was shutdown
##utp:{"type":"MemoryLeaks","version":2,"phase":"Immediate","time":1787003049915,"processId: <redacted>,"allocatedMemory":11411551,"memoryLabels":[{"Default":172498},{"Permanent":15516},{"NewDelete":65763},{"Thread":4197600},{"Manager":33605},{"VertexData":8},{"Geometry":816},{"Texture":24},{"Shader":831192},{"Material":24},{"GfxDevice":55328},{"Animation":10680},{"Audio":1544},{"FreeType":8},{"FontEngine":736},{"Physics":2146},{"Physics2D":16},{"Serialization":912},{"Input":42840},{"JobScheduler":256},{"TextLib":280},{"Mono":48},{"ScriptingNativeRuntime":674964},{"BaseObject":1627168},{"Resource":1208},{"Renderer":3080},{"Transform":4685},{"File":1032},{"WebCam":616},{"Culling":32},{"Terrain":11442},{"Wind":24},{"STL":40},{"String":36879},{"StaticString":3808},{"Utility":2673782},{"Curl":2559},{"PoolAlloc":2168},{"AI":80},{"TypeTree":17165},{"CodeReload":448},{"RuntimeInitializeOnLoadManager":64},{"Sprites":102},{"SpriteAtlas":120},{"GI":7816},{"CloudService":16136},{"WebRequest":589},{"VR":47114},{"SceneManager":608},{"Video":64},{"LazyScriptCache":32},{"Camera":17},{"Secure":2377},{"Image":65536},{"SerializationCache":1576},{"APIUpdating":10320},{"Subsystems":336},{"VirtualTexturing":57888},{"StaticSafetyDebugInfo":278528},{"Analytics":552},{"Hierarchy":1176},{"UIElements":72},{"CoreStats":13688},{"Identifiers":6768},{"Gui":128},{"EditorUtility":98438},{"VersionControl":8},{"Undo":931},{"AssetDatabase":252521},{"AssetImporter":40},{"EditorGi":328},{"UnityConnect":38929},{"Upm":1912},{"UpmDiagnostics":8},{"AssetCompliance":64},{"DrivenProperties":72},{"LocalIPC":211},{"ProfilerEditor":9746},{"CoreBusinessMetrics":3500},{"Windowing":456},{"Licensing":1232},{"AssetReference":32},{"IPCStream":32}]}
