
[Licensing::Module] Trying to connect to existing licensing client channel...
Built from '6000.5/staging' branch; Version is '6000.5.7f1 (017862109af0) revision 96354'; Using compiler version '194234433'; Build Type 'Release'
OS: 'Windows 11  (10.0.26200) Professional' Language: 'pt' Physical Memory: 32690 MB
[Licensing::IpcConnector] Channel LicenseClient-<redacted> doesn't exist
BatchMode: 1, IsHumanControllingUs: 0, StartBugReporterOnCrash: 0, Is64bit: 1
System  architecture: x64
Process architecture: x64
Date: 2026-08-17T21:44:10Z
[Licensing::Module] Successfully launched the LicensingClient (PId: <redacted>)

COMMAND LINE ARGUMENTS:
<local-path>
-batchmode
-nographics
-projectPath
<local-path>\animation-conflict
-logFile
<local-path>\unity-stage3-animation-conflict.log
Successfully changed project path to: <local-path>\animation-conflict
<local-path>
[UnityMemory] Configuration Parameters - Can be set up in boot.config
    "memorysetup-temp-allocator-size-gi-baking-worker=262144"
    "memorysetup-temp-allocator-size-gi-baking-worker=262144"
    "memorysetup-temp-allocator-size-gi-baking-worker=262144"
    "memorysetup-temp-allocator-size-gi-baking-worker=262144"
    "memorysetup-temp-allocator-size-gi-baking-worker=262144"
    "memorysetup-temp-allocator-size-nav-mesh-worker=65536"
    "memorysetup-temp-allocator-size-audio-worker=65536"
    "memorysetup-temp-allocator-size-cloud-worker=32768"
    "memorysetup-temp-allocator-size-gfx=262144"
    "memorysetup-temp-allocator-size-preload-manager=33554432"
    "memorysetup-allocator-temp-initial-block-size-main=262144"
    "memorysetup-allocator-temp-initial-block-size-worker=262144"
    "memorysetup-temp-allocator-size-job-worker=262144"
    "memorysetup-temp-allocator-size-background-worker=32768"
    "memorysetup-bucket-allocator-granularity=16"
    "memorysetup-bucket-allocator-bucket-count=8"
    "memorysetup-bucket-allocator-block-size=33554432"
    "memorysetup-bucket-allocator-block-count=8"
    "memorysetup-main-allocator-block-size=16777216"
    "memorysetup-thread-allocator-block-size=16777216"
    "memorysetup-main-allocator-mimalloc-enabled=0"
    "memorysetup-gfx-main-allocator-block-size=16777216"
    "memorysetup-gfx-thread-allocator-block-size=16777216"
    "memorysetup-cache-allocator-block-size=4194304"
    "memorysetup-typetree-allocator-block-size=2097152"
    "memorysetup-profiler-bucket-allocator-granularity=16"
    "memorysetup-profiler-bucket-allocator-bucket-count=8"
    "memorysetup-profiler-bucket-allocator-block-size=33554432"
    "memorysetup-profiler-bucket-allocator-block-count=8"
    "memorysetup-profiler-allocator-block-size=16777216"
    "memorysetup-profiler-editor-allocator-block-size=1048576"
    "memorysetup-temp-allocator-size-main=16777216"
    "memorysetup-job-temp-allocator-block-size=2097152"
    "memorysetup-job-temp-allocator-block-size-background=1048576"
    "memorysetup-job-temp-allocator-reduction-small-platforms=262144"
Logging is directed to a specific file, skipping project log.<redacted-player-connection>

<redacted-player-connection>"[IP] <network-address> [Port] 55504 [Flags] 2 [Guid] 2875922230 [EditorId] 2875922230 [Version] 1048832 [Id] WindowsEditor(<redacted>) [Debug] 1 [PackageName] WindowsEditor [ProjectName] Editor" 

<redacted-player-connection>"[IP] <network-address> [Port] 55504 [Flags] 2 [Guid] 2875922230 [EditorId] 2875922230 [Version] 1048832 [Id] WindowsEditor(<redacted>) [Debug] 1 [PackageName] WindowsEditor [ProjectName] Editor" 

<redacted-player-connection>"[IP] <network-address> [Port] 55504 [Flags] 2 [Guid] 2875922230 [EditorId] 2875922230 [Version] 1048832 [Id] WindowsEditor(<redacted>) [Debug] 1 [PackageName] WindowsEditor [ProjectName] Editor" 

<redacted-player-connection>"[IP] <network-address> [Port] 55504 [Flags] 2 [Guid] 2875922230 [EditorId] 2875922230 [Version] 1048832 [Id] WindowsEditor(<redacted>) [Debug] 1 [PackageName] WindowsEditor [ProjectName] Editor" 

<redacted-player-connection>
<redacted-player-connection>
Input System module state changed to: Initialized.
[Physics::Module] Initialized fallback backend.
[Physics::Module] Id: 0xdecafbad
Starting IPC server.
Waiting for clients to connect on \\.\pipe\Unity-LicenseClient-<redacted>, press Ctrl-C to exit.
[Package Manager] Connected to IPC stream "Upm-26196" after 0.3 seconds.
[Licensing::Module] Licensing is not yet initialized.
[Licensing::IpcConnector] Successfully connected to: "LicenseClient-<redacted>" at "2026-08-17T21:44:10.5940744Z"
[Licensing::Client] Code 10 while verifying Licensing Client signature (process Id: <redacted>, path: "<local-path>")
[Licensing::Module] LicensingClient has failed validation; ignoring
[Licensing::Client] Handshaking with LicensingClient:
  Version:                 1.18.1+9fbee8e
  Session Id:<redacted>
  Correlation Id:<redacted>
  External correlation Id:<redacted>
  Machine Id:<redacted>
[Licensing::Module] Successfully connected to LicensingClient on channel: "LicenseClient-<redacted>" (connect: 0.37s, validation: 0.04s, handshake: 0.04s)
[Licensing::IpcConnector] Successfully connected to: "LicenseClient-<redacted>" at "2026-08-17T21:44:10.680564Z"
[Licensing::Module] Connected to LicensingClient (PId: <redacted>, launch time: 0.04, total connection time: 0.46s)
[Licensing::Module] Error: Access token is unavailable; failed to update
[Licensing::Client] Successfully resolved entitlement details
[Licensing::Module] License group:
  Id: 4674131544823-UnityPersXXXX
  Product: Unity Personal
  Type: Assigned
  Expiration: Unlimited
[Licensing::Client] Successfully updated license, isAsync: True, time: 0.01
[Licensing::Client] Successfully resolved entitlement details
[Licensing::Module] Licensing Background thread has ended after 0.52s
[Licensing::Module] Licensing is initialized (took 0.11s).
[Licensing::Client] Successfully resolved entitlement details
Library Redirect Path: Library/
Rebuilding Library because the asset database could not be found!
[Physics::Module] Selected backend.
[Physics::Module] Name: PhysX
[Physics::Module] Id: 0xf2b8ea05
[Physics::Module] SDK Version: 4.1.2
[Physics::Module] Integration Version: 1.0.0
[Physics::Module] Threading Mode: Multi-Threaded
Initialize engine version: 6000.5.7f1 (017862109af0)
[Subsystems] Discovering subsystems at path <local-path>
[Subsystems] Discovering subsystems at path <local-path>
Forcing GfxDevice: Null
GfxDevice: creating device client; kGfxThreadingModeNonThreaded
NullGfxDevice:
    Version:  NULL 1.0 [1.0]
    Renderer: Null Device
    Vendor:   Unity Technologies
Initialize mono
Mono path[0] = '<local-path>
Mono path[1] = '<local-path>
Mono path[2] = '<local-path>
Mono config path = '<local-path>
Using monoOptions --debugger-agent=transport=dt_socket,embedding=1,server=y,suspend=n,address=<network-address>:56196
CodeReloadManager initialized
ImportWorker Server TCP listen port: 0
AcceleratorClientConnectionCallback - disconnected - :0
Begin MonoManager ReloadAssembly
Registering precompiled unity dll's ...
Register platform support module: <local-path>
Register platform support module: <local-path>
Registered in 0.006196 seconds.
Native extension for WindowsStandalone target not found
Native extension for WebGL target not found
Package Manager log level set to [2]
ScheduleIndexationOnStartup MainProcess:False IndexOnStartup:False
Mono: successfully reloaded assembly
- Finished resetting the current domain, in  0.397 seconds
Domain Reload Profiling: 1048ms
	BeginReloadAssembly (198ms)
		CreateAndSetChildDomain (23ms)
	RebuildCommonClasses (5ms)
	RebuildNativeTypeToScriptingClass (17ms)
	initialDomainReloadingComplete (105ms)
	LoadAllAssembliesAndSetupDomain (324ms)
		LoadAssemblies (165ms)
		AnalyzeDomain (224ms)
			TypeCache.Refresh (223ms)
				TypeCache.ScanAssembly (209ms)
	FinalizeReload (399ms)
		SetupLoadedEditorAssemblies (0ms)
			InitializePlatformSupportModulesInManaged (3ms)
			BeforeProcessingInitializeOnLoad (96ms)
			ProcessInitializeOnLoadAttributes (105ms)
			ProcessInitializeOnLoadMethodAttributes (121ms)
[Licensing::Client] Successfully resolved entitlement details
Application.AssetDatabase Initial Refresh Start
[Package Manager] Done resolving packages in 0.50 seconds
[Licensing::Client] Successfully resolved entitlement details
[Package Manager] Lock file was created
[Package Manager] Registered 1 packages:
  Local packages:
    com.neoeng.dtrace@file:<repo>\integrations\unity\package\com.neoeng.dtrace (location: <repo>\integrations\unity\package\com.neoeng.dtrace)
[Subsystems] No new subsystems found in resolved package list.
[Package Manager] Done registering packages in 0.00 seconds
AcceleratorClientConnectionCallback - disconnected - :0
[ScriptCompilation] Requested script compilation because: Assembly Definition File(s) changed
[ScriptCompilation] Requested script compilation because: AssetDatabase observed changes in script compilation related files
info: Microsoft.Hosting.Lifetime[14]
      Now listening on: htt<local-path>
info: Microsoft.Hosting.Lifetime[0]
      Application started. Press Ctrl+C to shut down.
info: Microsoft.Hosting.Lifetime[0]
      Hosting environment: Production
info: Microsoft.Hosting.Lifetime[0]
      Content root path: <local-path>\animation-conflict
info: Microsoft.AspNetCore.Hosting.Diagnostics[1]
      Request starting HTTP/2 POST htt<local-path>
info: Microsoft.AspNetCore.Routing.EndpointMiddleware[0]
      Executing endpoint 'gRPC - /UnityILPP.PostProcessing/Ping'
info: Microsoft.AspNetCore.Routing.EndpointMiddleware[1]
      Executed endpoint 'gRPC - /UnityILPP.PostProcessing/Ping'
info: Microsoft.AspNetCore.Hosting.Diagnostics[2]
      Request finished HTTP/2 POST htt<local-path>
Starting: <local-path>"Library/Bee/1900b0aE.dag" --continue-on-failure --profile="Library/Bee/backend1.traceevents" ScriptAssemblies
WorkingDir: <local-path>
ExitCode: 4 Duration: 0s39ms
[             ] Require frontend run.  Library/Bee/1900b0aE.dag couldn't be loaded
DisplayProgressbar: Compiling Scripts
Starting: <local-path>"<local-path>" "Library/Bee/1900b0aE.dag.json" "Library/Bee/1900b0aE-inputdata.json" "Library\Bee\buildprogram0.traceevents"
WorkingDir: <local-path>
ExitCode: 0 Duration: 0s235ms
Starting: <local-path>"Library/Bee/1900b0aE.dag" --continue-on-failure --dagfilejson="Library\Bee\1900b0aE.dag.json" --profile="Library/Bee/backend2.traceevents" ScriptAssemblies
WorkingDir: <local-path>
ExitCode: 0 Duration: 4s401ms
Finished compiling graph: 179 nodes, 794 flattened edges (776 ToBuild, 6 ToUse), maximum node priority 24
[  1/176    0s] MovedFromExtractor Library/Bee/artifacts/mvdfrm/UnityEditor.SketchUpModule.dll_2DDC4F474A774838.mvfrm
[  2/176    0s] MovedFromExtractor Library/Bee/artifacts/mvdfrm/UnityEditor.QuickSearchModule.dll_0E3FB034F2FA8E88.mvfrm
[  3/176    0s] MovedFromExtractor Library/Bee/artifacts/mvdfrm/UnityEditor.ShaderFoundryModule.dll_597B3810C6A1EA97.mvfrm
[  4/176    0s] MovedFromExtractor Library/Bee/artifacts/mvdfrm/UnityEditor.ShaderCompilationModule.dll_8BD4C024CDC49D21.mvfrm
[  5/176    0s] MovedFromExtractor Library/Bee/artifacts/mvdfrm/UnityEditor.TextCoreTextEngineModule.dll_9D6CC6E6B153E63C.mvfrm
[  6/176    0s] MovedFromExtractor Library/Bee/artifacts/mvdfrm/UnityEditor.SpriteShapeModule.dll_65C440F1F8C96AFF.mvfrm
[  7/176    0s] MovedFromExtractor Library/Bee/artifacts/mvdfrm/UnityEditor.SafeModeModule.dll_45C769F6FF45AC21.mvfrm
[  8/176    0s] MovedFromExtractor Library/Bee/artifacts/mvdfrm/UnityEditor.TextCoreFontEngineModule.dll_5584907521D02D1E.mvfrm
[  9/176    0s] MovedFromExtractor Library/Bee/artifacts/mvdfrm/UnityEditor.SpriteMaskModule.dll_52C550464C6836D2.mvfrm
[ 10/176    0s] MovedFromExtractor Library/Bee/artifacts/mvdfrm/UnityEditor.SceneTemplateModule.dll_1A9B67CDA3F26E09.mvfrm
[ 11/176    0s] MovedFromExtractor Library/Bee/artifacts/mvdfrm/UnityEditor.TerrainModule.dll_E965A41AD55F18F8.mvfrm
[ 12/176    0s] MovedFromExtractor Library/Bee/artifacts/mvdfrm/UnityEditor.ShaderBuildSettingsModule.dll_6CE3BB4B63CFCCEF.mvfrm
[ 13/176    0s] MovedFromExtractor Library/Bee/artifacts/mvdfrm/UnityEditor.TilemapModule.dll_88620B9BED1BFA01.mvfrm
[ 14/176    0s] MovedFromExtractor Library/Bee/artifacts/mvdfrm/UnityEditor.SceneViewModule.dll_0C55D55C7B149334.mvfrm
[ 15/176    0s] MovedFromExtractor Library/Bee/artifacts/mvdfrm/UnityEditor.SubstanceModule.dll_77857F2E15A99E33.mvfrm
[ 16/176    0s] MovedFromExtractor Library/Bee/artifacts/mvdfrm/UnityEditor.TextRenderingModule.dll_643E8A08F64F1F62.mvfrm
[ 17/176    0s] MovedFromExtractor Library/Bee/artifacts/mvdfrm/UnityEditor.QuickInstallModule.dll_E870CF5853AAF76F.mvfrm
[ 18/176    0s] MovedFromExtractor Library/Bee/artifacts/mvdfrm/UnityEditor.PresetsUIModule.dll_890C2B36884A1E2B.mvfrm
[ 19/176    0s] MovedFromExtractor Library/Bee/artifacts/mvdfrm/UnityEditor.PropertiesModule.dll_96D41CF49DE40594.mvfrm
[ 20/176    0s] MovedFromExtractor Library/Bee/artifacts/mvdfrm/UnityEditor.PhysicsCore2DModule.dll_AEC3B8E88A15076B.mvfrm
[ 21/176    0s] MovedFromExtractor Library/Bee/artifacts/mvdfrm/UnityEditor.ProjectAuditorModule.dll_55D011101AD2D826.mvfrm
[ 22/176    0s] MovedFromExtractor Library/Bee/artifacts/mvdfrm/UnityEngine.InsightsModule.dll_DAA4F5080D8DD327.mvfrm
[ 23/176    0s] MovedFromExtractor Library/Bee/artifacts/mvdfrm/UnityEditor.MultiplayerModule.dll_CC0B3023FBEEC06D.mvfrm
[ 24/176    0s] MovedFromExtractor Library/Bee/artifacts/mvdfrm/UnityEditor.PhysicsModule.dll_CF1F28ABFFA0D00A.mvfrm
[ 25/176    0s] MovedFromExtractor Library/Bee/artifacts/mvdfrm/UnityEditor.PlayModeModule.dll_8BBB5BB09E0EBB88.mvfrm
[ 26/176    0s] MovedFromExtractor Library/Bee/artifacts/mvdfrm/UnityEditor.MediaModule.dll_BD7E9226B571C0A7.mvfrm
[ 27/176    0s] MovedFromExtractor Library/Bee/artifacts/mvdfrm/UnityEditor.MathematicsModule.dll_7177C170B79F2A29.mvfrm
[ 28/176    0s] MovedFromExtractor Library/Bee/artifacts/mvdfrm/UnityEditor.Physics2DModule.dll_32EB6D851BCBE07C.mvfrm
[ 29/176    0s] MovedFromExtractor Library/Bee/artifacts/mvdfrm/UnityEditor.GridModule.dll_4D8EE9F7B6C08597.mvfrm
[ 30/176    0s] MovedFromExtractor Library/Bee/artifacts/mvdfrm/UnityEditor.HierarchyModule.dll_BB19F93043D104E8.mvfrm
[ 31/176    0s] MovedFromExtractor Library/Bee/artifacts/mvdfrm/UnityEditor.GraphicsStateCollectionSerializerModule.dll_1F4A5F0762D36DE9.mvfrm
[ 32/176    0s] MovedFromExtractor Library/Bee/artifacts/mvdfrm/UnityEditor.LightingModule.dll_3FCEE1735231754D.mvfrm
[ 33/176    0s] MovedFromExtractor Library/Bee/artifacts/mvdfrm/UnityEditor.GraphViewModule.dll_CDA5F25485F1C626.mvfrm
[ 34/176    0s] MovedFromExtractor Library/Bee/artifacts/mvdfrm/UnityEditor.GenericRemoteModule.dll_570137188D143B80.mvfrm
[ 35/176    0s] MovedFromExtractor Library/Bee/artifacts/mvdfrm/UnityEditor.EmbreeModule.dll_325107F39E868BE9.mvfrm
[ 36/176    0s] MovedFromExtractor Library/Bee/artifacts/mvdfrm/UnityEditor.GIModule.dll_C1D63A79B11DBE43.mvfrm
[ 37/176    0s] MovedFromExtractor Library/Bee/artifacts/mvdfrm/UnityEditor.DeviceSimulatorModule.dll_ADE4E55F9DD1D021.mvfrm
[ 38/176    0s] MovedFromExtractor Library/Bee/artifacts/mvdfrm/UnityEditor.DiagnosticsModule.dll_83302F279A23922F.mvfrm
[ 39/176    0s] MovedFromExtractor Library/Bee/artifacts/mvdfrm/UnityEditor.EditorToolbarModule.dll_F6FBF70FA505C3D1.mvfrm
[ 40/176    0s] MovedFromExtractor Library/Bee/artifacts/mvdfrm/UnityEditor.CoreBusinessMetricsModule.dll_E4A86E1CB717CAA7.mvfrm
[ 41/176    0s] MovedFromExtractor Library/Bee/artifacts/mvdfrm/UnityEditor.GraphToolkitModule.dll_256E65C402D3B7C1.mvfrm
[ 42/176    0s] MovedFromExtractor Library/Bee/artifacts/mvdfrm/UnityEditor.ClothModule.dll_58A6D590114216FD.mvfrm
[ 43/176    0s] MovedFromExtractor Library/Bee/artifacts/mvdfrm/UnityEditor.ContentLoadModule.dll_E5796CD811A9DAE2.mvfrm
[ 44/176    0s] MovedFromExtractor Library/Bee/artifacts/mvdfrm/UnityEditor.AdaptivePerformanceModule.dll_64BD74A290D09BAD.mvfrm
[ 45/176    0s] MovedFromExtractor Library/Bee/artifacts/mvdfrm/UnityEditor.AssetComplianceModule.dll_E6BFF54E188DB44E.mvfrm
[ 46/176    0s] MovedFromExtractor Library/Bee/artifacts/mvdfrm/UnityEditor.BuildProfileModule.dll_099181191224893C.mvfrm
[ 47/176    0s] MovedFromExtractor Library/Bee/artifacts/mvdfrm/UnityEditor.CoreModule.dll_701DCE099E6BEFA0.mvfrm
[ 48/176    0s] MovedFromExtractor Library/Bee/artifacts/mvdfrm/UnityEditor.AccessibilityModule.dll_C0FFE13D2B701281.mvfrm
[ 49/176    0s] MovedFromExtractor Library/Bee/artifacts/mvdfrm/UnityEditor.AIModule.dll_2999F16C156ED629.mvfrm
[ 50/176    0s] MovedFromExtractor Library/Bee/artifacts/mvdfrm/Unity.Scripting.dll_6312751106B582E1.mvfrm
[ 51/176    0s] MovedFromExtractor Library/Bee/artifacts/mvdfrm/UnityEditor.Graphs.dll_E035D55896AED9D2.mvfrm
[ 52/176    0s] MovedFromExtractor Library/Bee/artifacts/mvdfrm/UnityEngine.dll_A9B10FE8A27D34DA.mvfrm
[ 53/176    0s] MovedFromExtractor Library/Bee/artifacts/mvdfrm/UnityEditor.WebGL.Extensions.dll_4D57E384C9B75910.mvfrm
[ 54/176    0s] MovedFromExtractor Library/Bee/artifacts/mvdfrm/UnityEditor.WindowsStandalone.Extensions.dll_51E76FAEAFB11C00.mvfrm
[ 55/176    0s] MovedFromExtractor Library/Bee/artifacts/mvdfrm/UnityEngine.VirtualTexturingModule.dll_FC0F60CE6D32C5A9.mvfrm
[ 56/176    0s] MovedFromExtractor Library/Bee/artifacts/mvdfrm/UnityEngine.UnityCurlModule.dll_CF480FAED0628CB9.mvfrm
[ 57/176    0s] MovedFromExtractor Library/Bee/artifacts/mvdfrm/UnityEngine.VFXModule.dll_ABC6154FD31E85D0.mvfrm
[ 58/176    0s] MovedFromExtractor Library/Bee/artifacts/mvdfrm/UnityEngine.UnityConsentModule.dll_C3D0A9CA3E9B0551.mvfrm
[ 59/176    0s] MovedFromExtractor Library/Bee/artifacts/mvdfrm/UnityEngine.UnityConnectModule.dll_F22B129E31906F01.mvfrm
[ 60/176    0s] MovedFromExtractor Library/Bee/artifacts/mvdfrm/UnityEngine.TextRenderingModule.dll_F07F7C306F47A287.mvfrm
[ 61/176    0s] MovedFromExtractor Library/Bee/artifacts/mvdfrm/UnityEngine.U2DRuntimeModule.dll_8EFD74B6ED4FAE3D.mvfrm
[ 62/176    0s] MovedFromExtractor Library/Bee/artifacts/mvdfrm/UnityEngine.UnityAnalyticsCommonModule.dll_52088BBDF19918E8.mvfrm
[ 63/176    0s] MovedFromExtractor Library/Bee/artifacts/mvdfrm/UnityEngine.TextCoreTextEngineModule.dll_1BCC4239C451A507.mvfrm
[ 64/176    0s] MovedFromExtractor Library/Bee/artifacts/mvdfrm/UnityEngine.TextCoreFontEngineModule.dll_D3E40BC834CDEBE9.mvfrm
[ 65/176    0s] MovedFromExtractor Library/Bee/artifacts/mvdfrm/UnityEngine.TLSModule.dll_2AE77CE0FCB11C63.mvfrm
[ 66/176    0s] MovedFromExtractor Library/Bee/artifacts/mvdfrm/UnityEngine.SubstanceModule.dll_2D6B7016FB295018.mvfrm
[ 67/176    0s] MovedFromExtractor Library/Bee/artifacts/mvdfrm/UnityEngine.StreamingModule.dll_50C05BCDAFD6520A.mvfrm
[ 68/176    0s] MovedFromExtractor Library/Bee/artifacts/mvdfrm/UnityEngine.ShaderVariantAnalyticsModule.dll_4CC5DB256676EEB2.mvfrm
[ 69/176    0s] MovedFromExtractor Library/Bee/artifacts/mvdfrm/UnityEngine.SpriteShapeModule.dll_6B8A10810B037B84.mvfrm
[ 70/176    0s] MovedFromExtractor Library/Bee/artifacts/mvdfrm/UnityEngine.SpriteMaskModule.dll_5373BD8E4EAC501D.mvfrm
[ 71/176    0s] MovedFromExtractor Library/Bee/artifacts/mvdfrm/UnityEngine.SharedInternalsModule.dll_A394E45706DF90E9.mvfrm
[ 72/176    0s] MovedFromExtractor Library/Bee/artifacts/mvdfrm/UnityEngine.PerformanceReportingModule.dll_B6C9CE79D7B07A8A.mvfrm
[ 73/176    0s] MovedFromExtractor Library/Bee/artifacts/mvdfrm/UnityEngine.RuntimeInitializeOnLoadManagerInitializerModule.dll_32FB239C5BF3452A.mvfrm
[ 74/176    0s] MovedFromExtractor Library/Bee/artifacts/mvdfrm/UnityEngine.PropertiesModule.dll_97828A3CA0281EDF.mvfrm
[ 75/176    0s] MovedFromExtractor Library/Bee/artifacts/mvdfrm/UnityEngine.RenderAs2DModule.dll_D8BA4CC27F826916.mvfrm
[ 76/176    0s] MovedFromExtractor Library/Bee/artifacts/mvdfrm/UnityEngine.PhysicsBackendPhysXModule.dll_FF60F0E5AED23171.mvfrm
[ 77/176    0s] MovedFromExtractor Library/Bee/artifacts/mvdfrm/UnityEngine.ScriptingModule.dll_B34CC743DFD6497F.mvfrm
[ 78/176    0s] MovedFromExtractor Library/Bee/artifacts/mvdfrm/UnityEngine.MultiplayerModule.dll_D1D0FFB30E28D0F2.mvfrm
[ 79/176    0s] MovedFromExtractor Library/Bee/artifacts/mvdfrm/UnityEngine.MathematicsModule.dll_773D90FFC9D93AAE.mvfrm
[ 80/176    0s] MovedFromExtractor Library/Bee/artifacts/mvdfrm/UnityEngine.MarshallingModule.dll_FA9181BB398970CC.mvfrm
[ 81/176    0s] MovedFromExtractor Library/Bee/artifacts/mvdfrm/UnityEngine.LocalizationModule.dll_C2B4CDF7800C3415.mvfrm
[ 82/176    0s] MovedFromExtractor Library/Bee/artifacts/mvdfrm/UnityEditor.GridAndSnapModule.dll_8CE915A91D884F1E.mvfrm
[ 83/176    0s] MovedFromExtractor Library/Bee/artifacts/mvdfrm/UnityEngine.InputModule.dll_1E60FCA9DEDA8D62.mvfrm
[ 84/176    0s] MovedFromExtractor Library/Bee/artifacts/mvdfrm/UnityEngine.InputForUIModule.dll_6CF9A5178D5D575F.mvfrm
[ 85/176    0s] MovedFromExtractor Library/Bee/artifacts/mvdfrm/UnityEngine.InputLegacyModule.dll_E36DFE44ED52F96B.mvfrm
[ 86/176    0s] MovedFromExtractor Library/Bee/artifacts/mvdfrm/UnityEngine.HotReloadModule.dll_1D742C833B81B64E.mvfrm
[ 87/176    0s] MovedFromExtractor Library/Bee/artifacts/mvdfrm/UnityEngine.IdentifiersModule.dll_2AB26B1C17DA1192.mvfrm
[ 88/176    0s] MovedFromExtractor Library/Bee/artifacts/mvdfrm/UnityEngine.GraphicsStateCollectionSerializerModule.dll_283E2BF72FD2B74E.mvfrm
[ 89/176    0s] MovedFromExtractor Library/Bee/artifacts/mvdfrm/UnityEngine.GameCenterModule.dll_6A474AFE2D3CBAA3.mvfrm
[ 90/176    0s] MovedFromExtractor Library/Bee/artifacts/mvdfrm/UnityEngine.GridModule.dll_70AFBD4A5EC5F0C2.mvfrm
[ 91/176    0s] MovedFromExtractor Library/Bee/artifacts/mvdfrm/UnityEngine.GIModule.dll_0044CC091C9AF20E.mvfrm
[ 92/176    0s] MovedFromExtractor Library/Bee/artifacts/mvdfrm/UnityEngine.DSPGraphModule.dll_462F8DE0F57154C9.mvfrm
[ 93/176    0s] MovedFromExtractor Library/Bee/artifacts/mvdfrm/UnityEngine.CrashReportingModule.dll_732D7EF974151B43.mvfrm
[ 94/176    0s] MovedFromExtractor Library/Bee/artifacts/mvdfrm/UnityEngine.ContentLoadModule.dll_EB3F3C6723E3EB67.mvfrm
[ 95/176    0s] MovedFromExtractor Library/Bee/artifacts/mvdfrm/UnityEngine.CoreModule.dll_933EA15C46715ACB.mvfrm
[ 96/176    0s] MovedFromExtractor Library/Bee/artifacts/mvdfrm/UnityEngine.ClusterRendererModule.dll_B391A7D10D8CDDA5.mvfrm
[ 97/176    0s] MovedFromExtractor Library/Bee/artifacts/mvdfrm/UnityEngine.ClusterInputModule.dll_846803A4E890411C.mvfrm
[ 98/176    0s] WriteText Library/Bee/artifacts/1900b0aE.dag/NeoEngDTrace.Runtime.rsp2
[ 99/176    0s] WriteText Library/Bee/artifacts/1900b0aE.dag/NeoEngDTrace.Runtime.UnityAdditionalFile.txt
[100/176    0s] WriteText Library/Bee/artifacts/1900b0aE.dag/NeoEngDTrace.Runtime.dll.mvfrm.rsp
[101/176    0s] WriteText Library/Bee/artifacts/1900b0aE.dag/NeoEngDTrace.Runtime.rsp
[102/176    0s] MovedFromExtractor Library/Bee/artifacts/mvdfrm/UnityEngine.ARModule.dll_217B47FEDE0968BD.mvfrm
[103/176    0s] MovedFromExtractor Library/Bee/artifacts/mvdfrm/UnityEditor.XRModule.dll_AA9E79239CAAAEAB.mvfrm
[104/176    0s] MovedFromExtractor Library/Bee/artifacts/mvdfrm/UnityEditor.dll_770CC9104409A7F5.mvfrm
[105/176    0s] MovedFromExtractor Library/Bee/artifacts/mvdfrm/UnityEditor.VideoModule.dll_16C7FCFFF9B753BE.mvfrm
[106/176    0s] MovedFromExtractor Library/Bee/artifacts/mvdfrm/UnityEditor.VectorGraphicsModule.dll_A2629CDF5840890F.mvfrm
[107/176    0s] MovedFromExtractor Library/Bee/artifacts/mvdfrm/UnityEditor.UIElementsModule.dll_C1B118101DDC5ADC.mvfrm
[108/176    0s] MovedFromExtractor Library/Bee/artifacts/mvdfrm/UnityEditor.UmbraModule.dll_6C9324ADC44BE38C.mvfrm
[109/176    0s] MovedFromExtractor Library/Bee/artifacts/mvdfrm/UnityEditor.VFXModule.dll_9FA472FC636E77CB.mvfrm
[110/176    0s] MovedFromExtractor Library/Bee/artifacts/mvdfrm/UnityEditor.UIAutomationModule.dll_BA327009AE9851FC.mvfrm
[111/176    0s] MovedFromExtractor Library/Bee/artifacts/mvdfrm/UnityEditor.U2DModule.dll_CB7D1DDF990AD82A.mvfrm
[112/176    0s] MovedFromExtractor Library/Bee/artifacts/mvdfrm/UnityEditor.UIBuilderModule.dll_222E9F70F8AA3F5A.mvfrm
[113/176    0s] MovedFromExtractor Library/Bee/artifacts/mvdfrm/UnityEditor.UIElementsSamplesModule.dll_80065DACEAC0A851.mvfrm
[114/176    0s] MovedFromExtractor Library/Bee/artifacts/mvdfrm/UnityEditor.UnityConnectModule.dll_04CB8E8F37086E56.mvfrm
[115/176    0s] MovedFromExtractor Library/Bee/artifacts/mvdfrm/UnityEditor.UIToolkitAuthoringModule.dll_88DB25024056B0DE.mvfrm
[116/176    0s] MovedFromExtractor Library/Bee/artifacts/mvdfrm/UnityEditor.TreeModule.dll_CDC9C318263184DF.mvfrm
[117/176    0s] MovedFromExtractor Library/Bee/artifacts/mvdfrm/UnityEngine.UnityWebRequestAudioModule.dll_2EC622585E1B4522.mvfrm
[118/176    0s] MovedFromExtractor Library/Bee/artifacts/mvdfrm/UnityEngine.AndroidJNIModule.dll_3FFA00E366FBC9B2.mvfrm
[119/176    0s] MovedFromExtractor Library/Bee/artifacts/mvdfrm/UnityEngine.AnimationModule.dll_9C2B6E7D604E9ACC.mvfrm
[120/176    0s] MovedFromExtractor Library/Bee/artifacts/mvdfrm/UnityEngine.AdaptivePerformanceModule.dll_254D0958CC15EEB2.mvfrm
[121/176    0s] MovedFromExtractor Library/Bee/artifacts/mvdfrm/UnityEngine.AccessibilityModule.dll_4D40D364A46895A6.mvfrm
[122/176    0s] MovedFromExtractor Library/Bee/artifacts/mvdfrm/UnityEngine.AMDModule.dll_2C57B97BD580A110.mvfrm
[123/176    0s] MovedFromExtractor Library/Bee/artifacts/mvdfrm/UnityEngine.HierarchyCoreModule.dll_C45B703F1315EE9C.mvfrm
[124/176    0s] MovedFromExtractor Library/Bee/artifacts/mvdfrm/UnityEngine.AIModule.dll_680882FB80EC09F4.mvfrm
[125/176    0s] MovedFromExtractor Library/Bee/artifacts/mvdfrm/UnityEngine.XRModule.dll_E90D0AB30827E276.mvfrm
[126/176    0s] MovedFromExtractor Library/Bee/artifacts/mvdfrm/UnityEngine.VehiclesModule.dll_B8A125F6FD3A5343.mvfrm
[127/176    0s] MovedFromExtractor Library/Bee/artifacts/mvdfrm/UnityEngine.WindModule.dll_098D7C84D7A7D934.mvfrm
[128/176    0s] MovedFromExtractor Library/Bee/artifacts/mvdfrm/UnityEngine.VectorGraphicsModule.dll_5D86FE7A742D1D1A.mvfrm
[129/176    0s] MovedFromExtractor Library/Bee/artifacts/mvdfrm/UnityEngine.VideoModule.dll_DCF4B9642B348463.mvfrm
[130/176    0s] MovedFromExtractor Library/Bee/artifacts/mvdfrm/UnityEngine.UnityWebRequestWWWModule.dll_E68E8795B4116173.mvfrm
[131/176    0s] MovedFromExtractor Library/Bee/artifacts/mvdfrm/UnityEngine.UnityWebRequestTextureModule.dll_8C0BBD74BAAAB337.mvfrm
[132/176    0s] MovedFromExtractor-Combine Library/Bee/artifacts/1900b0aE.dag/NeoEngDTrace.Runtime.dll.mvfrm
[133/176    0s] MovedFromExtractor Library/Bee/artifacts/mvdfrm/UnityEngine.UnityWebRequestModule.dll_3122AD2B9AA63018.mvfrm
[134/176    0s] MovedFromExtractor Library/Bee/artifacts/mvdfrm/UnityEngine.UnityWebRequestAssetBundleModule.dll_FA63CAE127646D5E.mvfrm
[135/176    0s] MovedFromExtractor Library/Bee/artifacts/mvdfrm/UnityEngine.UnityAnalyticsModule.dll_E5DF390F8E4DF8CD.mvfrm
[136/176    0s] MovedFromExtractor Library/Bee/artifacts/mvdfrm/UnityEngine.UmbraModule.dll_32BFE111F5C91431.mvfrm
[137/176    0s] MovedFromExtractor Library/Bee/artifacts/mvdfrm/UnityEngine.UIModule.dll_637C2128DD330FA0.mvfrm
[138/176    0s] MovedFromExtractor Library/Bee/artifacts/mvdfrm/UnityEngine.TerrainModule.dll_DBE05CC53A6E003D.mvfrm
[139/176    0s] MovedFromExtractor Library/Bee/artifacts/mvdfrm/UnityEngine.TerrainPhysicsModule.dll_C6BA7118FB69A15E.mvfrm
[140/176    0s] MovedFromExtractor Library/Bee/artifacts/mvdfrm/UnityEngine.TilemapModule.dll_7ADCC446522AE146.mvfrm
[141/176    0s] MovedFromExtractor Library/Bee/artifacts/mvdfrm/UnityEngine.UIElementsModule.dll_C25F855820207427.mvfrm
[142/176    0s] MovedFromExtractor Library/Bee/artifacts/mvdfrm/UnityEngine.ScreenCaptureModule.dll_C7400A25B8102292.mvfrm
[143/176    0s] WriteText Library/Bee/artifacts/1900b0aE.dag/NeoEngDTrace.Editor.rsp2
[144/176    0s] WriteText Library/Bee/artifacts/1900b0aE.dag/NeoEngDTrace.Editor.UnityAdditionalFile.txt
[145/176    0s] WriteText Library/Bee/artifacts/1900b0aE.dag/NeoEngDTrace.Editor.dll.mvfrm.rsp
[146/176    0s] WriteText Library/Bee/artifacts/1900b0aE.dag/NeoEngDTrace.Editor.rsp
[147/176    0s] WriteText Library/Bee/artifacts/1900b0aE.dag/Assembly-CSharp-Editor.rsp2
[148/176    0s] WriteText Library/Bee/artifacts/1900b0aE.dag/Assembly-CSharp-Editor.UnityAdditionalFile.txt
[149/176    0s] WriteText Library/Bee/artifacts/1900b0aE.dag/Assembly-CSharp-Editor.dll.mvfrm.rsp
[150/176    0s] WriteText Library/Bee/artifacts/1900b0aE.dag/Assembly-CSharp-Editor.rsp
[151/176    0s] MovedFromExtractor Library/Bee/artifacts/mvdfrm/UnityEngine.SubsystemsModule.dll_BE2123F01CF43830.mvfrm
[152/176    0s] MovedFromExtractor Library/Bee/artifacts/mvdfrm/UnityEngine.PhysicsModule.dll_C199E15664AFB74F.mvfrm
[153/176    0s] MovedFromExtractor Library/Bee/artifacts/mvdfrm/UnityEngine.Physics2DModule.dll_E8D15E6E014B9261.mvfrm
[154/176    0s] MovedFromExtractor Library/Bee/artifacts/mvdfrm/UnityEngine.PhysicsCore2DModule.dll_3B04AB10030D8A90.mvfrm
[155/176    0s] MovedFromExtractor Library/Bee/artifacts/mvdfrm/UnityEngine.ParticleSystemModule.dll_C63FC845E226A6D1.mvfrm
[156/176    0s] MovedFromExtractor Library/Bee/artifacts/mvdfrm/UnityEngine.NVIDIAModule.dll_8A621FDAFC23A697.mvfrm
[157/176    0s] MovedFromExtractor Library/Bee/artifacts/mvdfrm/UnityEngine.JSONSerializeModule.dll_AD585CA0A3A3F630.mvfrm
[157/176    0s] Csc Library/Bee/artifacts/1900b0aE.dag/NeoEngDTrace.Runtime.dll (+2 others) [CacheHit ea9348f0fe8b213c08943f3e026a608b00000000000000000000000000000006]
[158/176    0s] Csc Library/Bee/artifacts/1900b0aE.dag/NeoEngDTrace.Runtime.dll (+2 others)
[160/176    0s] CopyFiles Library/ScriptAssemblies/NeoEngDTrace.Runtime.pdb
[161/176    0s] MovedFromExtractor Library/Bee/artifacts/mvdfrm/UnityEngine.ImageConversionModule.dll_1F83A5818FB19599.mvfrm
[162/176    0s] MovedFromExtractor Library/Bee/artifacts/mvdfrm/UnityEngine.IMGUIModule.dll_F04AD4602ED3FC9F.mvfrm
[163/176    0s] MovedFromExtractor Library/Bee/artifacts/mvdfrm/UnityEngine.HierarchyModule.dll_70FFEA192950B6CD.mvfrm
[164/176    0s] MovedFromExtractor Library/Bee/artifacts/mvdfrm/UnityEngine.DirectorModule.dll_40DE2C77831083A8.mvfrm
[165/176    0s] CopyFiles Library/ScriptAssemblies/NeoEngDTrace.Runtime.dll
[166/176    0s] MovedFromExtractor Library/Bee/artifacts/mvdfrm/UnityEngine.ClothModule.dll_1ED391F442BF47A2.mvfrm
[167/176    0s] MovedFromExtractor Library/Bee/artifacts/mvdfrm/UnityEngine.AssetBundleModule.dll_5228E3265561437A.mvfrm
[168/176    0s] MovedFromExtractor Library/Bee/artifacts/mvdfrm/UnityEngine.AudioModule.dll_B7EB34F968A268BE.mvfrm
[169/176    0s] MovedFromExtractor-Combine Library/Bee/artifacts/1900b0aE.dag/NeoEngDTrace.Editor.dll.mvfrm
[170/176    0s] MovedFromExtractor-Combine Library/Bee/artifacts/1900b0aE.dag/Assembly-CSharp-Editor.dll.mvfrm
[169/176    0s] Csc Library/Bee/artifacts/1900b0aE.dag/NeoEngDTrace.Editor.dll (+2 others) [CacheHit 78fcb3289e701f346b89ecc884da61da00000000000000000000000000000006]
[171/176    0s] Csc Library/Bee/artifacts/1900b0aE.dag/NeoEngDTrace.Editor.dll (+2 others)
[173/176    0s] CopyFiles Library/ScriptAssemblies/NeoEngDTrace.Editor.pdb
[174/176    0s] CopyFiles Library/ScriptAssemblies/NeoEngDTrace.Editor.dll
[175/176    1s] Csc Library/Bee/artifacts/1900b0aE.dag/Assembly-CSharp-Editor.dll (+2 others)
[176/176    0s] CopyFiles Library/ScriptAssemblies/Assembly-CSharp-Editor.pdb
[177/176    0s] CopyFiles Library/ScriptAssemblies/Assembly-CSharp-Editor.dll
*** Tundra build success (4.38 seconds), 173 items updated, 176 evaluated
AssetDatabase: script compilation time: 5.419767s
Begin MonoManager ReloadAssembly
Total cache size 173222276
Total cache size after purge 173222276, took 00:00:00.4687729
Importing 'GUID: 00000000000000001000000000000000 - Path: Assets' with importer (DefaultImporter)
Imported 'GUID: 00000000000000001000000000000000' -> (Import Result ID: 'd4b99c274a2bfd195a0fab07a219813d') in 0.013 seconds [static dependencies only]. Details - ImportResultOutputID=931399766a3d35f20ee4474945b75a67 DependenciesID=b70de132a7282aafa7414a97dcffc9e1 StaticDependenciesID=f5f353ad10b41c84dbd766055d9989c6 
Importing 'GUID: 00000000000000002000000000000000 - Path: ProjectSettings/InputManager.asset' with importer (LibraryAssetImporter)
Imported 'GUID: 00000000000000002000000000000000' -> (Import Result ID: '122dd9edfa1375de805a66904857642d') in 0.002 seconds [static dependencies only]. Details - ImportResultOutputID=0290babc70dea6fa2c98f564a251f1f8 DependenciesID=e13aed5572a9dfc6d157cca70707a022 StaticDependenciesID=233ebbccf2adc0a5c1ca8885eb2bc052 
Importing 'GUID: 00000000000000003000000000000000 - Path: ProjectSettings/TagManager.asset' with importer (LibraryAssetImporter)
Imported 'GUID: 00000000000000003000000000000000' -> (Import Result ID: 'e7f16330ab18354fa5c6c22588bd6b9e') in 0.001 seconds [static dependencies only]. Details - ImportResultOutputID=fd6696bcbef029973bb12ace65e33982 DependenciesID=f35365170e5d58c444badbe1c8e8a4fc StaticDependenciesID=bcd866a7c3956a26e77b74cfbc6210b0 
Importing 'GUID: 00000000000000004000000000000000 - Path: ProjectSettings/ProjectSettings.asset' with importer (LibraryAssetImporter)
Imported 'GUID: 00000000000000004000000000000000' -> (Import Result ID: '5f3afd119b813288b4a4638425b48381') in 0.001 seconds [static dependencies only]. Details - ImportResultOutputID=276a810dac73e1f29404d5e5f692e214 DependenciesID=3f12cb38283e41807702b0f3b78d74fb StaticDependenciesID=676b78ffc049441229dd261abc9ceb01 
Importing 'GUID: 00000000000000006000000000000000 - Path: ProjectSettings/AudioManager.asset' with importer (LibraryAssetImporter)
Imported 'GUID: 00000000000000006000000000000000' -> (Import Result ID: '222655a7ee09c701162a4a03301f329d') in 0.001 seconds [static dependencies only]. Details - ImportResultOutputID=acca44841ee8003c72d524064efb6e35 DependenciesID=1c867fc2eb1e33cbab379e9914026e24 StaticDependenciesID=c60a58a77039892abca1222b4524d2f6 
Importing 'GUID: 00000000000000007000000000000000 - Path: ProjectSettings/TimeManager.asset' with importer (LibraryAssetImporter)
Imported 'GUID: 00000000000000007000000000000000' -> (Import Result ID: 'b7cea43959c5a70f6cafb9d7bbf07204') in 0.001 seconds [static dependencies only]. Details - ImportResultOutputID=bcbe57e6eed4f14d697ceae3e9a4ee48 DependenciesID=b41fcbca90521a4ef76dc45abd5ee30f StaticDependenciesID=de80ff743d967013c06205e8643638c7 
Importing 'GUID: 00000000000000008000000000000000 - Path: ProjectSettings/DynamicsManager.asset' with importer (LibraryAssetImporter)
Imported 'GUID: 00000000000000008000000000000000' -> (Import Result ID: '01117e187546a80035e1d4d46e76d0d3') in 0.001 seconds [static dependencies only]. Details - ImportResultOutputID=af765d07e318cf68f695edacf91778bd DependenciesID=a72988d2a4e3c003a30c86e53a954198 StaticDependenciesID=7292a8773e09fece8a4831b39fe2006c 
Importing 'GUID: 00000000000000009000000000000000 - Path: ProjectSettings/QualitySettings.asset' with importer (LibraryAssetImporter)
Imported 'GUID: 00000000000000009000000000000000' -> (Import Result ID: '88b1caad7788adf2b3f6920226537fe1') in 0.001 seconds [static dependencies only]. Details - ImportResultOutputID=7b12711da11c94ad897442b4820d3f7b DependenciesID=253c850b96121a2945831e0885510615 StaticDependenciesID=3c048ebdf1fe67a565e3878bb03d32b6 
Importing 'GUID: 0000000000000000b000000000000000 - Path: ProjectSettings/EditorBuildSettings.asset' with importer (LibraryAssetImporter)
Imported 'GUID: 0000000000000000b000000000000000' -> (Import Result ID: '2e292a13dea8a88f7a8fdfa7e245ba03') in 0.001 seconds [static dependencies only]. Details - ImportResultOutputID=4647dd083cfc32cebcd7526e8846440c DependenciesID=3dbde5f0d39015c9d271c66bfeeb76cc StaticDependenciesID=bb1b3efeaa1814676e759f4b719a3637 
Importing 'GUID: 0000000000000000c000000000000000 - Path: ProjectSettings/EditorSettings.asset' with importer (LibraryAssetImporter)
Imported 'GUID: 0000000000000000c000000000000000' -> (Import Result ID: '27524ee8e486f2ffa050ba352ec7e2de') in 0.001 seconds [static dependencies only]. Details - ImportResultOutputID=fc08cc28cef36a03227c22ef67b54535 DependenciesID=a67e6951b1ff849fa93892b67cc04f3f StaticDependenciesID=6659f09da2fad0badc637a74ebfda2e2 
Importing 'GUID: 00000000000000004100000000000000 - Path: ProjectSettings/NavMeshAreas.asset' with importer (LibraryAssetImporter)
Imported 'GUID: 00000000000000004100000000000000' -> (Import Result ID: '46b5ec913a38468a6faec06896eae508') in 0.001 seconds [static dependencies only]. Details - ImportResultOutputID=90afd57cd2fd79df9534381ff5673272 DependenciesID=45d1aa60824ee9d69c2ca37e825a726b StaticDependenciesID=768cfffea40bf388eb2d762e3a890cea 
Importing 'GUID: 00000000000000005100000000000000 - Path: ProjectSettings/Physics2DSettings.asset' with importer (LibraryAssetImporter)
Imported 'GUID: 00000000000000005100000000000000' -> (Import Result ID: 'f668ca342e7e36520c736e6ebc6d382e') in 0.001 seconds [static dependencies only]. Details - ImportResultOutputID=51a8098361d5b0c1ab07bfc06e51f152 DependenciesID=cd9e79e3e3be26effd12085751c8f2bc StaticDependenciesID=4736f57993cccbae888eab25ec373e17 
Importing 'GUID: 00000000000000006100000000000000 - Path: ProjectSettings/GraphicsSettings.asset' with importer (LibraryAssetImporter)
Imported 'GUID: 00000000000000006100000000000000' -> (Import Result ID: '5bb79f5634c411213397437dc71f837f') in 0.001 seconds [static dependencies only]. Details - ImportResultOutputID=f9600466f06a676b7a4f639f6629ea48 DependenciesID=472884dae36dd4fa4029e0bfee54bb70 StaticDependenciesID=ce3f9b9b0558aee0455f15fbe1679d2d 
Importing 'GUID: 00000000000000007100000000000000 - Path: ProjectSettings/ClusterInputManager.asset' with importer (LibraryAssetImporter)
Imported 'GUID: 00000000000000007100000000000000' -> (Import Result ID: '6012ce5603f09e577aed0b98e99b19f6') in 0.001 seconds [static dependencies only]. Details - ImportResultOutputID=8ce0cedd10b8cd8471ed9838bfc872ed DependenciesID=2eeb3818bb72d92466f5f953bb62736b StaticDependenciesID=c84399ef936c24c7ddc46cfba0d9b6f9 
Importing 'GUID: 0000000000000000a100000000000000 - Path: ProjectSettings/UnityConnectSettings.asset' with importer (LibraryAssetImporter)
Imported 'GUID: 0000000000000000a100000000000000' -> (Import Result ID: '33ae2595f4bf6fdbcda99d991731ec59') in 0.001 seconds [static dependencies only]. Details - ImportResultOutputID=1989c27f310e62ee2c72d63f16a698d0 DependenciesID=95e5490b10cfbf0a98389d7a454554a7 StaticDependenciesID=e5799262eb4150d572a91320e9a15e14 
Importing 'GUID: 0000000000000000b100000000000000 - Path: ProjectSettings/PresetManager.asset' with importer (LibraryAssetImporter)
Imported 'GUID: 0000000000000000b100000000000000' -> (Import Result ID: '28ecaa07aa0626f067ead5bd138d0a69') in 0.001 seconds [static dependencies only]. Details - ImportResultOutputID=d271a469f14af9d29dbd89abc966f7ef DependenciesID=8e056439a10f7126afa94c46042b091c StaticDependenciesID=7b53acc339a522b0da4196921a41418e 
Importing 'GUID: 0000000000000000c100000000000000 - Path: ProjectSettings/VFXManager.asset' with importer (LibraryAssetImporter)
Imported 'GUID: 0000000000000000c100000000000000' -> (Import Result ID: '500a0c5a3eb90d0a1d5ec47a16bbfe30') in 0.001 seconds [static dependencies only]. Details - ImportResultOutputID=d5b1cc1b236d3087c4a5fc9e9cb18618 DependenciesID=ffec35c0b81aa3428ad4fd0a1cdbca40 StaticDependenciesID=73a7f55396d42bbd23b84f522c611c91 
Importing 'GUID: 0000000000000000d100000000000000 - Path: ProjectSettings/VersionControlSettings.asset' with importer (LibraryAssetImporter)
Imported 'GUID: 0000000000000000d100000000000000' -> (Import Result ID: '81e35fcbfa4800506724c99876c7088b') in 0.001 seconds [static dependencies only]. Details - ImportResultOutputID=0a19189542c4b1aa9afad4d76b36cbef DependenciesID=29b26ee47832bf1b39596302c61ef4b2 StaticDependenciesID=b5510de9c562b6e15681a7bd79c2c32e 
Importing 'GUID: 0000000000000000f100000000000000 - Path: ProjectSettings/MemorySettings.asset' with importer (LibraryAssetImporter)
Imported 'GUID: 0000000000000000f100000000000000' -> (Import Result ID: '0f1581ae83325c6e5d0e8c4cb170be96') in 0.001 seconds [static dependencies only]. Details - ImportResultOutputID=078c9215d0d3f7dcc6c2ea9c2e21e93e DependenciesID=bb7f7f7d6491522ddc09486deb395807 StaticDependenciesID=38dc31482a1c8109a46f25220dfbe454 
Importing 'GUID: 00000000000000000200000000000000 - Path: ProjectSettings/MultiplayerManager.asset' with importer (LibraryAssetImporter)
Imported 'GUID: 00000000000000000200000000000000' -> (Import Result ID: '6e3bb7f61b2e132c4c79fbeb19a1d328') in 0.001 seconds [static dependencies only]. Details - ImportResultOutputID=cc8bc420ff0fb13a9534be625b324364 DependenciesID=64d1db0c7eff66154c45d867da4ad13d StaticDependenciesID=5a00061f5d03ec70885cdd29485be38f 
Importing 'GUID: 00000000000000001200000000000000 - Path: ProjectSettings/PhysicsCoreProjectSettings2D.asset' with importer (LibraryAssetImporter)
Imported 'GUID: 00000000000000001200000000000000' -> (Import Result ID: '7db99f4ef78df8eea254cce16e190be4') in 0.001 seconds [static dependencies only]. Details - ImportResultOutputID=07b8874da21d0d67c4347d012422ba62 DependenciesID=c35a41b4dbc5a4a21cd219ec06d595b2 StaticDependenciesID=d7f6b6ebc14df93041ab7a97c0c9c64b 
Importing 'GUID: 00000000000000002300000000000000 - Path: Library/BuildInstructions' with importer (DefaultImporter)
Imported 'GUID: 00000000000000002300000000000000' -> (Import Result ID: 'd414f514f549833c39aae7152c59aeb3') in 0.001 seconds [static dependencies only]. Details - ImportResultOutputID=d2da4dbe7433590953d90148eb4e1f22 DependenciesID=f91b153018f3a82b66ea2319cf957f42 StaticDependenciesID=ef352f98b66d8f5b312774c3ee71f599 
Importing 'GUID: 98b0a0cf5a1935bbaf60b9ac5a93abf8 - Path: Packages/com.neoeng.dtrace' with importer (DefaultImporter)
Imported 'GUID: 98b0a0cf5a1935bbaf60b9ac5a93abf8' -> (Import Result ID: 'd50b9e85004c8b0d45f25aecb9f10b74') in 0.001 seconds [static dependencies only]. Details - ImportResultOutputID=b6c4c185d9143dbe567c72c348d914c3 DependenciesID=c03fa5a395e4ae0b9c79cd71e742299d StaticDependenciesID=8b213288238789005e26ac911b72df79 
Importing 'GUID: 299eee06e5247bb4a9931594bc99c9cd - Path: Assets/frames' with importer (DefaultImporter)
Imported 'GUID: 299eee06e5247bb4a9931594bc99c9cd' -> (Import Result ID: '76a184a96ec1dc7231b87bbeec845170') in 0.009 seconds [static dependencies only]. Details - ImportResultOutputID=408f967f8a6b7c4a41b5dc62dd1d17d0 DependenciesID=50aad3751b8c07ebe61b103582d950df StaticDependenciesID=e0007131c8823a741067b0aa26aeeb37 
Importing 'GUID: 4ae347f785b78224baa2efca3cf445c9 - Path: Assets/Editor' with importer (DefaultImporter)
Imported 'GUID: 4ae347f785b78224baa2efca3cf445c9' -> (Import Result ID: '4805d1a02efa90815fc45dafbd0dc295') in 0.008 seconds [static dependencies only]. Details - ImportResultOutputID=84cc0451eaf9f36df95bcf1d3a7a75e2 DependenciesID=a963290b42c33989b04e5b6b63f5d76c StaticDependenciesID=10590c7abd3520e69f6a7f4cce26a30d 
Importing 'GUID: 3b82d322add6a524cbb04fec9e94ad78 - Path: Assets/animation_input' with importer (DefaultImporter)
Imported 'GUID: 3b82d322add6a524cbb04fec9e94ad78' -> (Import Result ID: '7bd81b4410f61c7edecf2cb25b69f462') in 0.010 seconds [static dependencies only]. Details - ImportResultOutputID=fab856e9834959193cd076d97ab26f27 DependenciesID=b58b6053b250c86d01f05864b5df509e StaticDependenciesID=02476fddf4772977ef38249cf46189d3 
Importing 'GUID: 6f222437775ccc141925bd13bb67b092 - Path: Assets/NeoEngInput' with importer (DefaultImporter)
Imported 'GUID: 6f222437775ccc141925bd13bb67b092' -> (Import Result ID: 'b17afdfa7d58990aac83175d7c5ccdd2') in 0.008 seconds [static dependencies only]. Details - ImportResultOutputID=97e064473a2a03b0fc4f1d6039ff67d8 DependenciesID=4954f4608fc9f898f28d76ab02097d9a StaticDependenciesID=6178f931cab7416322cd778a50ff6059 
Importing 'GUID: 6e21d7dddcf826347b1c2deee8873b72 - Path: Packages/com.neoeng.dtrace/Editor' with importer (DefaultImporter)
Imported 'GUID: 6e21d7dddcf826347b1c2deee8873b72' -> (Import Result ID: '6c9916ed1d404efb0dd2fb2608b0b744') in 0.001 seconds [static dependencies only]. Details - ImportResultOutputID=d96fe135304bd8e86432b47eebfed8bd DependenciesID=dad63c2b45cec5162db767a47efe5519 StaticDependenciesID=c23c7dec6407c8a12544e0cc89b4daa6 
Importing 'GUID: 1f0a2e6f903ed2744b7335c190dd9010 - Path: Packages/com.neoeng.dtrace/Runtime' with importer (DefaultImporter)
Imported 'GUID: 1f0a2e6f903ed2744b7335c190dd9010' -> (Import Result ID: 'a7f3e7b90c0ddcbba2bb127d5e57d547') in 0.002 seconds [static dependencies only]. Details - ImportResultOutputID=5e6f01b66698b8aa5d494ebb1446ee4d DependenciesID=c3016889d88ee2fb4a39db21b4a5920e StaticDependenciesID=0f5fa5dc4df8931baf2effe211f8639d 
Importing 'GUID: 89566322e2ee35f4b838703dc7f05a10 - Path: Packages/com.neoeng.dtrace/Runtime/NeoEngDTrace.Runtime.asmdef' with importer (AssemblyDefinitionImporter)
Imported 'GUID: 89566322e2ee35f4b838703dc7f05a10' -> (Import Result ID: '628f52f995bcda421be89b585dd0f111') in 0.002 seconds [static dependencies only]. Details - ImportResultOutputID=9c4d44037f6324c1b040159c4bbe049d DependenciesID=46e9ea51a91f82d976798aa2a6702085 StaticDependenciesID=754e99df77ff6d2abf88d57453cbfe12 
Importing 'GUID: db48c8a94bd60b947b9c3368b52aac33 - Path: Packages/com.neoeng.dtrace/Editor/NeoEngDTrace.Editor.asmdef' with importer (AssemblyDefinitionImporter)
Imported 'GUID: db48c8a94bd60b947b9c3368b52aac33' -> (Import Result ID: '66df88169f45bb94f44dcebe84a87c15') in 0.002 seconds [static dependencies only]. Details - ImportResultOutputID=366b3f9ec22b45499f47695f70b758f7 DependenciesID=b5a717b05b2820435e5c723c5cc80473 StaticDependenciesID=5f306aa7170af30109b853a865e7bbdb 
Native extension for WindowsStandalone target not found
Native extension for WebGL target not found
ScheduleIndexationOnStartup MainProcess:True IndexOnStartup:True
Mono: successfully reloaded assembly
- Finished resetting the current domain, in  0.433 seconds
Domain Reload Profiling: 952ms
	BeginReloadAssembly (279ms)
		DisableScriptedObjects (32ms)
		CreateAndSetChildDomain (42ms)
	RebuildCommonClasses (8ms)
	RebuildNativeTypeToScriptingClass (17ms)
	initialDomainReloadingComplete (74ms)
	LoadAllAssembliesAndSetupDomain (138ms)
		LoadAssemblies (164ms)
		AnalyzeDomain (9ms)
			TypeCache.Refresh (4ms)
	FinalizeReload (436ms)
		SetupLoadedEditorAssemblies (0ms)
			InitializePlatformSupportModulesInManaged (3ms)
			BeforeProcessingInitializeOnLoad (92ms)
			ProcessInitializeOnLoadAttributes (74ms)
			ProcessInitializeOnLoadMethodAttributes (73ms)
			AfterProcessingInitializeOnLoad (24ms)
		AwakeInstancesAfterBackupRestoration (25ms)
Importing 'GUID: 00000000000000005000000000000000 - Path: Library/BuildPlayer.prefs' with importer (DefaultImporter)
Imported 'GUID: 00000000000000005000000000000000' -> (Import Result ID: '968deb36040bbb7258278f93cba63355') in 0.007 seconds [static dependencies only]. Details - ImportResultOutputID=1f9c19b30680da8dab47159f77a4e657 DependenciesID=08a1ec4b674aa66bb1ce753815d843ed StaticDependenciesID=d072ca1f0d6ee50a54e7e140cc588a10 
Importing 'GUID: 2289a09c527fada4b936f5ba7c8d76a3 - Path: Assets/frames/frame_0000.png' with importer (TextureImporter)
Imported 'GUID: 2289a09c527fada4b936f5ba7c8d76a3' -> (Import Result ID: 'b27154c352e036f4184bd612cafbf0f6') in 0.021 seconds [static and dynamic dependencies]. Details - ImportResultOutputID=717a018ee671532902f48c6236b70816 DependenciesID=76453c33a91507587a31cef9216237e2 StaticDependenciesID=9b7caeda36c757272eefa7a43cba833c 
Importing 'GUID: 75e1294fedcb1844493d3b68518c795c - Path: Assets/animation_input/frame_1.png' with importer (TextureImporter)
Imported 'GUID: 75e1294fedcb1844493d3b68518c795c' -> (Import Result ID: 'e47bc8a577dc1bc419082e83f6c99118') in 0.011 seconds [static and dynamic dependencies]. Details - ImportResultOutputID=90ded13734ebc53238f7fa1aba29c6b6 DependenciesID=fcc295af7b9cc27379682dcda44c138a StaticDependenciesID=5a035fdd6483be93c6e5e8dd1a5c3aba 
Importing 'GUID: 164c2357ca23df4438055e88887a8acb - Path: Assets/frames/frame_0001.png' with importer (TextureImporter)
Imported 'GUID: 164c2357ca23df4438055e88887a8acb' -> (Import Result ID: '40e5458a77d55abf9c70b073bbea169f') in 0.010 seconds [static and dynamic dependencies]. Details - ImportResultOutputID=69fc341636e2a7b80ce962b967a0c34f DependenciesID=866c819588bf903ab2f3f9157794940d StaticDependenciesID=f89ecb3ca2f51ec0bbf4271435405d80 
Importing 'GUID: 56b7786cd4ac88643af642cd26091382 - Path: Assets/animation_input/frame_0.png' with importer (TextureImporter)
Imported 'GUID: 56b7786cd4ac88643af642cd26091382' -> (Import Result ID: '6d8e6a251717c5a4e01c14b25edac60c') in 0.011 seconds [static and dynamic dependencies]. Details - ImportResultOutputID=22d60d775eb94adc1af20dae57648c9d DependenciesID=3f8c55f6b238b69052c7e03a2ab46ce0 StaticDependenciesID=994267a4080401f31cee030942b7b060 
Importing 'GUID: 5e8ae8768ea6354499fcd5a9d65e85ca - Path: Assets/source.png' with importer (TextureImporter)
Imported 'GUID: 5e8ae8768ea6354499fcd5a9d65e85ca' -> (Import Result ID: 'c522be51407753e7fb06f75da052af00') in 0.011 seconds [static and dynamic dependencies]. Details - ImportResultOutputID=559627b102d553d5986f7f9b3a0e696c DependenciesID=839447ef58ff4d4f218d648da523a6e4 StaticDependenciesID=393c71fb7279430cd754c5d34c3e8f4a 
Importing 'GUID: 705a4800884b2d644a0bed9d3a492326 - Path: Assets/NeoEngInput/hero.ndt.integration.json' with importer (TextScriptImporter)
Imported 'GUID: 705a4800884b2d644a0bed9d3a492326' -> (Import Result ID: 'da35537cf06019f512a43dc2d8f7eda2') in 0.009 seconds [static dependencies only]. Details - ImportResultOutputID=33aa04d3cbdd8489161e921d337102c5 DependenciesID=60e784495c94ac36e5a234adff039644 StaticDependenciesID=e036f582195c7f256a47d6e804f48ede 
Importing 'GUID: 216385aee1ce67c48876839104e9bc85 - Path: Packages/com.neoeng.dtrace/README.md' with importer (TextScriptImporter)
Imported 'GUID: 216385aee1ce67c48876839104e9bc85' -> (Import Result ID: '3153ad16d5559bbb26cfb7bd0c72aedb') in 0.002 seconds [static dependencies only]. Details - ImportResultOutputID=7a18c799650a19085748ff6cab33df05 DependenciesID=2b17eaee171889f416cfd0157ab395a1 StaticDependenciesID=ca03a2722bbe30bbe0b7e0b8d041f78a 
Importing 'GUID: a974771dbce84ec4db3f698553db4290 - Path: Assets/frames/animation.json' with importer (TextScriptImporter)
Imported 'GUID: a974771dbce84ec4db3f698553db4290' -> (Import Result ID: '702d422ca60e5a13e2417c491ff94167') in 0.009 seconds [static dependencies only]. Details - ImportResultOutputID=8cc07ae0ef80f3165bf3b3557b013d01 DependenciesID=c1200ffcb5d8a4169316557e0b59ff4f StaticDependenciesID=5ea402824328c5d779ce8ce16b549633 
Importing 'GUID: 3ce275752c8ea7144aa046b9e356de89 - Path: Packages/com.neoeng.dtrace/package.json' with importer (PackageManifestImporter)
Imported 'GUID: 3ce275752c8ea7144aa046b9e356de89' -> (Import Result ID: '51240aa114e3e9993e6fb47684a14839') in 0.002 seconds [static dependencies only]. Details - ImportResultOutputID=4559b875f090ac2275feaacc02d514d5 DependenciesID=cbfde069c36de0dd9491991ae0d187b9 StaticDependenciesID=5ad163b283f1626bef5be24e0b56fcb9 
Starting new worker id: 0 with log in <local-path>
Loading style catalogs (6)
	StyleSheets/Extensions/base/common.uss
	UIPackageResources/StyleSheets/Default/Variables/Public/common.uss
	StyleSheets/Northstar/common.uss
	StyleSheets/Extensions/fonts/inter.uss
	StyleSheets/Extensions/base/dark.uss
	UIPackageResources/StyleSheets/Default/Northstar/Palette/dark.uss

Asset Pipeline Refresh (id=c7c205ee7c3b83949bffd2bec8e1f05f): Total: 7.582 seconds - Initiated by InitialRefreshV2(ForceSynchronousImport)
	(Values over 0.05ms)
	Summary:
		Imports: total=41 (actual=41, local cache=0, cache server=0)
		Asset DB Process Time: managed=5 ms, native=836 ms
		Asset DB Callback time: managed=159 ms, native=539 ms
		Scripting: domain reloads=1, domain reload time=595 ms, compile time=5422 ms, other=23 ms
		Project Asset Count: scripts=31, non-scripts=10
		Asset File Changes: new=52, changed=52, moved=0, deleted=0
		Scan Filter Count: 0
	InvokePackagesCallback: 510.694ms
	ApplyChangesToAssetFolders: 0.549ms
	Scan: 111.447ms
	Collect global state as custom dependencies: 12.601ms
	OnSourceAssetsModified: 0.710ms
	CategorizeScriptCompilationAssets: 0.075ms
	ProcessAssetsWithTransientArtifactChanges: 0.455ms
	CategorizeAssets: 0.305ms
	CompileScripts: 5421.687ms
	ImportOutOfDateAssets: 635.982ms (444.527ms without children)
		ImportManagerImport: 177.018ms (4.749ms without children)
			UpdateCategorizedAssets: 0.084ms
		UnloadImportedAssets: 0.353ms
		ImportSchedulerStart: 14.066ms
	PostProcessAllAssets: 214.495ms
		VersionControlSettings.HiddenFilePostprocess 5.959ms
		AssemblyValidation.PostprocessAllAssets 0.865ms
		ComputeShaderImportPostprocess 0.100ms
		LocalizationDatabase.AssetDatabasePostprocessCallback 0.090ms
		PostProcessCallbackCreateDeferredMaterials 0.083ms
		ShaderAssetModifiedCallback 0.076ms
		SpeedTreeImporter.PostprocessAllAssets 0.068ms
		RaytracingShaderImportPostprocess 0.056ms
		MonoPostProcessAllAssets: 158.312ms
			StyleCatalogPostProcessor.OnPostprocessAllAssets 110.724ms
			AssetPostprocessor.OnPostprocessAllAssets 12.840ms
			WindowAssetPostprocessingWatcher.OnPostprocessAllAssets 7.876ms
			BuilderAssetPostprocessor.OnPostprocessAllAssets 5.522ms
			SyncVS.PostprocessSyncProject 2.943ms
			AssetChangedListener.OnPostprocessAllAssets 2.228ms
			TextAssetPostProcessor.OnPostprocessAllAssets 1.862ms
			RetainedModeAssetPostprocessor.OnPostprocessAllAssets 1.242ms
			EditModeScopePostprocessor.OnPostprocessAllAssets 0.993ms
			SpeedTree9Postprocessor.OnPostprocessAllAssets 0.801ms
			ArtifactBrowserPostProcessor.OnPostprocessAllAssets 0.520ms
			AutoSyncPostprocessor.OnPostprocessAllAssets 0.501ms
			AudioMixerPostprocessor.OnPostprocessAllAssets 0.313ms
			ReferencedClipsPostProcessor.OnPostprocessAllAssets 0.295ms
			AssetEvents.OnPostprocessAllAssets 0.235ms
			TerrainToolbarOverlayPostProcessor.OnPostprocessAllAssets 0.222ms
			AssetDatabaseCallbacks.OnPostprocessAllAssets 0.174ms
			SpeedTreePostProcessor.OnPostprocessAllAssets 0.160ms
			ConfigAssetsTracker.OnPostprocessAllAssets 0.143ms
			ScenarioDriftAssetsTracker.OnPostprocessAllAssets 0.132ms
			RenderPipelineGlobalSettingsPostprocessor.OnPostprocessAllAssets 0.086ms
			AudioContainerPostProcessor.OnPostprocessAllAssets 0.073ms
	PostAssetChangesProfiler: 1.316ms
	UnloadStreamsBegin: 1.099ms
	PersistCurrentRevisions: 0.081ms
	Untracked: 678.069ms

Application.AssetDatabase Initial Refresh End
Scanning for USB devices : 11.052ms
Initializing Unity extensions:
[MODES] ModeService[none].Initialize
[MODES] ModeService[none].LoadModes
[MODES] Loading mode Default (0) for mode-current-id-animation-conflict
Unloading 3 Unused Serialized files (Serialized files now loaded: 0)
Unloading 25 unused Assets / (0.5 MB). Loaded Objects now: 677.
Memory consumption went from 188.8 MB to 188.2 MB.
Total: 5.985700 ms (FindLiveObjects: 0.035100 ms CreateObjectMapping: 0.007600 ms MarkObjects: 5.755700 ms  DeleteObjects: 0.183100 ms)

Microsoft Media Foundation video decoding to texture disabled: graphics device is Null, only Direct3D 11 and Direct3D 12 (only on desktop) are supported for hardware-accelerated video decoding.
[Project] Loading completed in 9.834 seconds
	Project init time: 				9.641 seconds
		Template init time: 		0.000 seconds
		Package Manager init time: 		0.375 seconds
		Asset Database init time: 		0.334 seconds
		Global illumination init time: 	0.002 seconds
		Assemblies load time: 			1.135 seconds
		Unity extensions init time: 	0.000 seconds
		Asset Database refresh time: 	7.582 seconds
	Scene opening time: 			0.086 seconds
##utp:{"type":"ProjectInfo","version":2,"phase":"Immediate","time":1787003060008,"processId: <redacted>,"projectLoad":9.8343566,"projectInit":9.6407302,"templateInit":0.0,"packageManagerInit":0.3751487,"assetDatabaseInit":0.3343161,"globalIlluminationInit":0.0022944,"assembliesLoad":1.1352431,"unityExtensionsInit":0.0003029,"assetDatabaseRefresh":7.5818234,"sceneOpening":0.0861705}
##utp:{"type":"EditorInfo","version":2,"phase":"Immediate","time":1787003060008,"processId: <redacted>,"editorVersion":"6000.5.7f1 (017862109af0)","branch":"6000.5/staging","buildType":"Release","platform":"Windows"}
[MODES] ModeService[default].LoadModes
[Licensing::Client] Successfully resolved entitlement details
Importing 'GUID: 6314efb5dae9fe14fb25617830f6260c - Path: Assets/NeoEngGenerated' with importer (DefaultImporter)
Imported 'GUID: 6314efb5dae9fe14fb25617830f6260c' -> (Import Result ID: '43018b15c18e0f81d7f1c36279769757') in 0.010 seconds [static dependencies only]. Details - ImportResultOutputID=97bfd4f4a379056d9195957f9b20837c DependenciesID=947b36d8430d4a98b02ac531b96ab90b StaticDependenciesID=df2127b519ec1db7b23902775f29687a 
Asset Pipeline Refresh (id=578e33f61f3bf1845a2edf28ab4830ac): Total: 0.070 seconds - Initiated by RefreshV2(NoUpdateAssetOptions)
Importing 'GUID: 5e8ae8768ea6354499fcd5a9d65e85ca - Path: Assets/source.png' with importer (TextureImporter)
Imported 'GUID: 5e8ae8768ea6354499fcd5a9d65e85ca' -> (Import Result ID: 'c522be51407753e7fb06f75da052af00') in 0.002 seconds [static and dynamic dependencies]. Details - ImportResultOutputID=559627b102d553d5986f7f9b3a0e696c DependenciesID=839447ef58ff4d4f218d648da523a6e4 StaticDependenciesID=393c71fb7279430cd754c5d34c3e8f4a 
Asset Pipeline Refresh (id=ccc3b5a57ea86064996cfb5da2702986): Total: 0.018 seconds - Initiated by StopAssetImportingV2(NoUpdateAssetOptions)
Importing 'GUID: 9ab41fd1436b30244bf56d5c7c8bf5d3 - Path: Assets/NeoEngGenerated/hero.sprite.asset' with importer (NativeFormatImporter)
Imported 'GUID: 9ab41fd1436b30244bf56d5c7c8bf5d3' -> (Import Result ID: '08eb76f36dd39afbb3e99872c7a884ca') in 0.002 seconds [static dependencies only]. Details - ImportResultOutputID=18b36a8c603098789848ed5bbc91f750 DependenciesID=0fb2da5120991ac49766526a5023f118 StaticDependenciesID=26e1c3c9b054c9594a2bccfc77b31b1d 
Asset Pipeline Refresh (id=a190f9740a68a7f4790f10304d0f66df): Total: 0.022 seconds - Initiated by StopAssetImportingV2(NoUpdateAssetOptions)
Importing 'GUID: fbf04560db241e3499bcf17187bbee89 - Path: Assets/NeoEngGenerated/hero.metadata.asset' with importer (NativeFormatImporter)
Imported 'GUID: fbf04560db241e3499bcf17187bbee89' -> (Import Result ID: 'a35d116c3a749f8013a285cb717cee88') in 0.002 seconds [static dependencies only]. Details - ImportResultOutputID=4f7009ffa9860318dc7278e812df8553 DependenciesID=032f546efabc926f2cd7f4ad9facf772 StaticDependenciesID=ef847ed84f105e65c95c09b0a24e12d2 
Asset Pipeline Refresh (id=f03890fc26f662544862d956b5cb702d): Total: 0.023 seconds - Initiated by StopAssetImportingV2(NoUpdateAssetOptions)
Importing 'GUID: c4797d1221d5a5f4fba85e487afad92e - Path: Assets/NeoEngGenerated/hero.prefab' with importer (PrefabImporter)
Imported 'GUID: c4797d1221d5a5f4fba85e487afad92e' -> (Import Result ID: '77ac65e42fc15d31a272cc27605f51c1') in 0.013 seconds [static and dynamic dependencies]. Details - ImportResultOutputID=bcc3db3fd9c4a20f3967caa57e0f2550 DependenciesID=80d8c68ac4e1f32ffcbaf6d06d3f42a2 StaticDependenciesID=1a6d9364e6b282ec849bc6962c8d0057 
Asset Pipeline Refresh (id=b6d4afd37b7a8a84cb29aa9295834124): Total: 0.034 seconds - Initiated by StopAssetImportingV2(NoUpdateAssetOptions)
Importing 'GUID: 2289a09c527fada4b936f5ba7c8d76a3 - Path: Assets/frames/frame_0000.png' with importer (TextureImporter)
Imported 'GUID: 2289a09c527fada4b936f5ba7c8d76a3' -> (Import Result ID: 'b27154c352e036f4184bd612cafbf0f6') in 0.001 seconds [static and dynamic dependencies]. Details - ImportResultOutputID=717a018ee671532902f48c6236b70816 DependenciesID=76453c33a91507587a31cef9216237e2 StaticDependenciesID=9b7caeda36c757272eefa7a43cba833c 
Asset Pipeline Refresh (id=5e6e0aad4b6793b46aa9470a95910b02): Total: 0.018 seconds - Initiated by StopAssetImportingV2(NoUpdateAssetOptions)
Importing 'GUID: 164c2357ca23df4438055e88887a8acb - Path: Assets/frames/frame_0001.png' with importer (TextureImporter)
Imported 'GUID: 164c2357ca23df4438055e88887a8acb' -> (Import Result ID: '40e5458a77d55abf9c70b073bbea169f') in 0.001 seconds [static and dynamic dependencies]. Details - ImportResultOutputID=69fc341636e2a7b80ce962b967a0c34f DependenciesID=866c819588bf903ab2f3f9157794940d StaticDependenciesID=f89ecb3ca2f51ec0bbf4271435405d80 
Asset Pipeline Refresh (id=42516cbc3145b824fb6c3c100c66e7fa): Total: 0.017 seconds - Initiated by StopAssetImportingV2(NoUpdateAssetOptions)
Importing 'GUID: 5e8ae8768ea6354499fcd5a9d65e85ca - Path: Assets/source.png' with importer (TextureImporter)
Imported 'GUID: 5e8ae8768ea6354499fcd5a9d65e85ca' -> (Import Result ID: 'c522be51407753e7fb06f75da052af00') in 0.001 seconds [static and dynamic dependencies]. Details - ImportResultOutputID=559627b102d553d5986f7f9b3a0e696c DependenciesID=839447ef58ff4d4f218d648da523a6e4 StaticDependenciesID=393c71fb7279430cd754c5d34c3e8f4a 
Asset Pipeline Refresh (id=1d7150c772a015c449d079e1d86ef6ff): Total: 0.017 seconds - Initiated by StopAssetImportingV2(NoUpdateAssetOptions)
Importing 'GUID: 5e8ae8768ea6354499fcd5a9d65e85ca - Path: Assets/source.png' with importer (TextureImporter)
Imported 'GUID: 5e8ae8768ea6354499fcd5a9d65e85ca' -> (Import Result ID: 'c522be51407753e7fb06f75da052af00') in 0.001 seconds [static and dynamic dependencies]. Details - ImportResultOutputID=559627b102d553d5986f7f9b3a0e696c DependenciesID=839447ef58ff4d4f218d648da523a6e4 StaticDependenciesID=393c71fb7279430cd754c5d34c3e8f4a 
Asset Pipeline Refresh (id=950370f1fcffc8d43892a787dea62358): Total: 0.018 seconds - Initiated by StopAssetImportingV2(NoUpdateAssetOptions)
Importing 'GUID: 2289a09c527fada4b936f5ba7c8d76a3 - Path: Assets/frames/frame_0000.png' with importer (TextureImporter)
Imported 'GUID: 2289a09c527fada4b936f5ba7c8d76a3' -> (Import Result ID: 'b27154c352e036f4184bd612cafbf0f6') in 0.001 seconds [static and dynamic dependencies]. Details - ImportResultOutputID=717a018ee671532902f48c6236b70816 DependenciesID=76453c33a91507587a31cef9216237e2 StaticDependenciesID=9b7caeda36c757272eefa7a43cba833c 
Asset Pipeline Refresh (id=9e74848d96387d74ba7e80ea423dc702): Total: 0.017 seconds - Initiated by StopAssetImportingV2(NoUpdateAssetOptions)
Importing 'GUID: c8daee18d2609a44f84ee28d653eb15f - Path: Assets/NeoEngGenerated/hero_animation.animation' with importer (DefaultImporter)
Imported 'GUID: c8daee18d2609a44f84ee28d653eb15f' -> (Import Result ID: 'e9453a83d9606bae650514d6b7dfe5c8') in 0.014 seconds [static dependencies only]. Details - ImportResultOutputID=cc480cbb1f034bff5f46de2cf3c21260 DependenciesID=fea84d1a80d493e094624f47e152eadc StaticDependenciesID=1ceb2aa8fa1e024b5967dbcc275d06fe 
Importing 'GUID: fc36a2dbef2ae3a45beeb6812f71c74e - Path: Assets/NeoEngGenerated/hero_animation.animation/frame_0000.sprite.asset' with importer (NativeFormatImporter)
Imported 'GUID: fc36a2dbef2ae3a45beeb6812f71c74e' -> (Import Result ID: '2527d6b10bc50d64984a662ba17c033c') in 0.001 seconds [static dependencies only]. Details - ImportResultOutputID=95e03220b6e5b989f9a7ef55c4e3132a DependenciesID=c52bd45b03ddcd2a34c7dca90abf8081 StaticDependenciesID=b100de532ed4c7ea2376e31a292396ea 
Asset Pipeline Refresh (id=534cecb23294d8748904c700ed7e9e93): Total: 0.038 seconds - Initiated by StopAssetImportingV2(NoUpdateAssetOptions)
Importing 'GUID: 164c2357ca23df4438055e88887a8acb - Path: Assets/frames/frame_0001.png' with importer (TextureImporter)
Imported 'GUID: 164c2357ca23df4438055e88887a8acb' -> (Import Result ID: '40e5458a77d55abf9c70b073bbea169f') in 0.001 seconds [static and dynamic dependencies]. Details - ImportResultOutputID=69fc341636e2a7b80ce962b967a0c34f DependenciesID=866c819588bf903ab2f3f9157794940d StaticDependenciesID=f89ecb3ca2f51ec0bbf4271435405d80 
Asset Pipeline Refresh (id=433c2ee4d98432741b44838bab519482): Total: 0.018 seconds - Initiated by StopAssetImportingV2(NoUpdateAssetOptions)
Importing 'GUID: 4d45074ac67722e4e93cb508eb0bcf95 - Path: Assets/NeoEngGenerated/hero_animation.animation/frame_0001.sprite.asset' with importer (NativeFormatImporter)
Imported 'GUID: 4d45074ac67722e4e93cb508eb0bcf95' -> (Import Result ID: '737569ccda18cfb578aae8b38cc53877') in 0.001 seconds [static dependencies only]. Details - ImportResultOutputID=384c966ac2f0acaf924114166dda3419 DependenciesID=c8c71c383af78b02cb1d8b7903c0953d StaticDependenciesID=edc18112d7d4c5eb96afc3c98206ac5f 
Asset Pipeline Refresh (id=c7d79a2f1951b154fbe3002349342fe2): Total: 0.025 seconds - Initiated by StopAssetImportingV2(NoUpdateAssetOptions)
Importing 'GUID: 0853e4dc6b693f941897489ed55f178e - Path: Assets/NeoEngGenerated/hero_animation.animation/hero_animation.metadata.asset' with importer (NativeFormatImporter)
Imported 'GUID: 0853e4dc6b693f941897489ed55f178e' -> (Import Result ID: '26eaa57ea87e7c58f27bd8f1b0256cd6') in 0.001 seconds [static dependencies only]. Details - ImportResultOutputID=581ffdd20aaccebb43ff11101f2e1d84 DependenciesID=8cae2f010fd7f0d374f9170d5aaeeddd StaticDependenciesID=4c0c0a7b19f4c350962f6f4cdc9f37e7 
Asset Pipeline Refresh (id=28adb6fb05112944e9440b91c3100fba): Total: 0.027 seconds - Initiated by StopAssetImportingV2(NoUpdateAssetOptions)
Importing 'GUID: 8c49564c28cf82d499cf713fa7f5edde - Path: Assets/NeoEngGenerated/hero_animation.animation/hero_animation.anim' with importer (NativeFormatImporter)
Imported 'GUID: 8c49564c28cf82d499cf713fa7f5edde' -> (Import Result ID: '292f9f8f1ec40eaec65e2d3a3b8f1104') in 0.002 seconds [static dependencies only]. Details - ImportResultOutputID=0bcb8ddf0f08facd8f7199a32f11d5d9 DependenciesID=66661a38b3fb3e9a46ed0e021f5ec3ee StaticDependenciesID=a5927f0161cb6d5bdaa4a70ae954d1f8 
Asset Pipeline Refresh (id=dfe22e6d32e543a40bc9459f72f57767): Total: 0.022 seconds - Initiated by StopAssetImportingV2(NoUpdateAssetOptions)
Importing 'GUID: c6feb8f484cdf194981d656c485e227e - Path: Assets/NeoEngGenerated/hero_animation.animation/hero_animation.controller' with importer (NativeFormatImporter)
Imported 'GUID: c6feb8f484cdf194981d656c485e227e' -> (Import Result ID: 'fd237f3d789de22cc9cb73af1f423a3a') in 0.002 seconds [static dependencies only]. Details - ImportResultOutputID=be53c60a8b572b7a29d05d3bf2aaf0f5 DependenciesID=463c6d32cc0b41736bc0edf346652ced StaticDependenciesID=f64c9a286d440dbb337fe128454c3203 
Asset Pipeline Refresh (id=29434b27153b2c841a8e9d617f97edfe): Total: 0.023 seconds - Initiated by StopAssetImportingV2(NoUpdateAssetOptions)
Importing 'GUID: c6feb8f484cdf194981d656c485e227e - Path: Assets/NeoEngGenerated/hero_animation.animation/hero_animation.controller' with importer (NativeFormatImporter)
Imported 'GUID: c6feb8f484cdf194981d656c485e227e' -> (Import Result ID: '28f5756bcef3e3e91681d02f7a93bc53') in 0.001 seconds [static dependencies only]. Details - ImportResultOutputID=be53c60a8b572b7a29d05d3bf2aaf0f5 DependenciesID=1334eacf0dd2ffb4a3c75a1f791c7c88 StaticDependenciesID=5e28f1b1699d2dbe1d423fd43c3ef6e9 
Asset Pipeline Refresh (id=20310a794f368d64084672273318eef2): Total: 0.018 seconds - Initiated by StopAssetImportingV2(NoUpdateAssetOptions)
Importing 'GUID: 9d6a77495f281804b8edcdaff531749b - Path: Assets/NeoEngGenerated/hero_animation.animation/hero_animation.prefab' with importer (PrefabImporter)
Imported 'GUID: 9d6a77495f281804b8edcdaff531749b' -> (Import Result ID: '217acdf8bb8677bd73a2de52d3b8d1dc') in 0.013 seconds [static and dynamic dependencies]. Details - ImportResultOutputID=9295fba47a00928af6a803a0ae365e5f DependenciesID=6bd1db2573c7619c6cf6500d24c4110e StaticDependenciesID=c84568b56bfa72d6f80587420a083249 
Asset Pipeline Refresh (id=59da394f463a8cf4e8ef23b5d2b9d7c3): Total: 0.036 seconds - Initiated by StopAssetImportingV2(NoUpdateAssetOptions)
Importing 'GUID: 5e8ae8768ea6354499fcd5a9d65e85ca - Path: Assets/source.png' with importer (TextureImporter)
Imported 'GUID: 5e8ae8768ea6354499fcd5a9d65e85ca' -> (Import Result ID: 'c522be51407753e7fb06f75da052af00') in 0.001 seconds [static and dynamic dependencies]. Details - ImportResultOutputID=559627b102d553d5986f7f9b3a0e696c DependenciesID=839447ef58ff4d4f218d648da523a6e4 StaticDependenciesID=393c71fb7279430cd754c5d34c3e8f4a 
Asset Pipeline Refresh (id=2047723696fdc81478705e30661ddecd): Total: 0.018 seconds - Initiated by StopAssetImportingV2(NoUpdateAssetOptions)
Not allowed to override physics shape on sprite ''
UnityEngine.Debug:ExtractStackTraceNoAlloc (byte*,int,string)
UnityEngine.StackTraceUtility:ExtractStackTrace ()
UnityEngine.Sprite:OverridePhysicsShapeCount (UnityEngine.Sprite,int)
UnityEngine.Sprite:OverridePhysicsShape (System.Collections.Generic.IList`1<UnityEngine.Vector2[]>)
NeoEng.DTrace.Editor.UnityOptionalResourceImporter:ImportTileset (NeoEng.DTrace.Editor.UnityImportGenerator/IntegrationManifest,string,string,UnityEngine.Texture2D,NeoEng.DTrace.Editor.UnityImportGenerator/ImportResult) (at <local-path>
NeoEng.DTrace.Editor.UnityOptionalResourceImporter:Import (NeoEng.DTrace.Editor.UnityImportGenerator/IntegrationManifest,string,string,UnityEngine.Texture2D,NeoEng.DTrace.Editor.UnityImportGenerator/ImportResult) (at <local-path>
NeoEng.DTrace.Editor.UnityImportGenerator:ImportManifestUnsafe (string) (at <local-path>
NeoEng.DTrace.Editor.UnityImportGenerator:ImportManifest (string) (at <local-path>
NeoEngStage3Runner:RunConflict (bool) (at Assets/Editor/NeoEngStage3Runner.cs:105)
NeoEngStage3Runner:Begin () (at Assets/Editor/NeoEngStage3Runner.cs:28)
UnityEditor.EditorApplication:Internal_CallDelayFunctions ()

[<local-path>

Not allowed to override physics shape on sprite ''
UnityEngine.Debug:ExtractStackTraceNoAlloc (byte*,int,string)
UnityEngine.StackTraceUtility:ExtractStackTrace ()
UnityEngine.Sprite:OverridePhysicsShape (UnityEngine.Sprite,UnityEngine.Vector2[],int)
UnityEngine.Sprite:OverridePhysicsShape (System.Collections.Generic.IList`1<UnityEngine.Vector2[]>)
NeoEng.DTrace.Editor.UnityOptionalResourceImporter:ImportTileset (NeoEng.DTrace.Editor.UnityImportGenerator/IntegrationManifest,string,string,UnityEngine.Texture2D,NeoEng.DTrace.Editor.UnityImportGenerator/ImportResult) (at <local-path>
NeoEng.DTrace.Editor.UnityOptionalResourceImporter:Import (NeoEng.DTrace.Editor.UnityImportGenerator/IntegrationManifest,string,string,UnityEngine.Texture2D,NeoEng.DTrace.Editor.UnityImportGenerator/ImportResult) (at <local-path>
NeoEng.DTrace.Editor.UnityImportGenerator:ImportManifestUnsafe (string) (at <local-path>
NeoEng.DTrace.Editor.UnityImportGenerator:ImportManifest (string) (at <local-path>
NeoEngStage3Runner:RunConflict (bool) (at Assets/Editor/NeoEngStage3Runner.cs:105)
NeoEngStage3Runner:Begin () (at Assets/Editor/NeoEngStage3Runner.cs:28)
UnityEditor.EditorApplication:Internal_CallDelayFunctions ()

[<local-path>

Importing 'GUID: 433534d7940d1d04582cd73ac6746244 - Path: Assets/NeoEngGenerated/hero_tileset.tileset' with importer (DefaultImporter)
Imported 'GUID: 433534d7940d1d04582cd73ac6746244' -> (Import Result ID: '21796e081edfa0a919fd44551047bfd6') in 0.013 seconds [static dependencies only]. Details - ImportResultOutputID=4c22a5b5ff630baaa3fab514ec41014d DependenciesID=30124c43441c6c0a3ac4645a07b6325e StaticDependenciesID=7e217f4d7d251f7f5e73db43443f0d29 
Importing 'GUID: 6103ae4d03a61954689be1d6d13a50f4 - Path: Assets/NeoEngGenerated/hero_tileset.tileset/tile_0000.sprite.asset' with importer (NativeFormatImporter)
Imported 'GUID: 6103ae4d03a61954689be1d6d13a50f4' -> (Import Result ID: 'ad38d5f83ba20b43a44d70919a91a6d3') in 0.001 seconds [static dependencies only]. Details - ImportResultOutputID=4177df608f0f365889061089e3db80da DependenciesID=10405f8a20252a939e69291d961ce1c0 StaticDependenciesID=1f1bb7513b5f80819e174b7c5c6671b7 
Asset Pipeline Refresh (id=8ef33c3a58c755c46826f65141ee1d9e): Total: 0.038 seconds - Initiated by StopAssetImportingV2(NoUpdateAssetOptions)
Importing 'GUID: fa205dcdd81a1a04da370d813c8dea38 - Path: Assets/NeoEngGenerated/hero_tileset.tileset/tile_0000.tile.asset' with importer (NativeFormatImporter)
Imported 'GUID: fa205dcdd81a1a04da370d813c8dea38' -> (Import Result ID: 'cb429999bcaa5ae3a0012010ee115a25') in 0.001 seconds [static dependencies only]. Details - ImportResultOutputID=2ba1184a1c4789229ea8dcc20dd1c4af DependenciesID=3b303c4717d50968d88e66bcaa9b80f6 StaticDependenciesID=db365fcfd7eb9c41b8efd35eddce655b 
Asset Pipeline Refresh (id=d985672a3f283f44e96bc6ae90cce32a): Total: 0.021 seconds - Initiated by StopAssetImportingV2(NoUpdateAssetOptions)
Importing 'GUID: 5e8ae8768ea6354499fcd5a9d65e85ca - Path: Assets/source.png' with importer (TextureImporter)
Imported 'GUID: 5e8ae8768ea6354499fcd5a9d65e85ca' -> (Import Result ID: 'c522be51407753e7fb06f75da052af00') in 0.001 seconds [static and dynamic dependencies]. Details - ImportResultOutputID=559627b102d553d5986f7f9b3a0e696c DependenciesID=839447ef58ff4d4f218d648da523a6e4 StaticDependenciesID=393c71fb7279430cd754c5d34c3e8f4a 
Asset Pipeline Refresh (id=845bb4a294599d243aefc1b39d896bd6): Total: 0.019 seconds - Initiated by StopAssetImportingV2(NoUpdateAssetOptions)
Not allowed to override physics shape on sprite ''
UnityEngine.Debug:ExtractStackTraceNoAlloc (byte*,int,string)
UnityEngine.StackTraceUtility:ExtractStackTrace ()
UnityEngine.Sprite:OverridePhysicsShapeCount (UnityEngine.Sprite,int)
UnityEngine.Sprite:OverridePhysicsShape (System.Collections.Generic.IList`1<UnityEngine.Vector2[]>)
NeoEng.DTrace.Editor.UnityOptionalResourceImporter:ImportTileset (NeoEng.DTrace.Editor.UnityImportGenerator/IntegrationManifest,string,string,UnityEngine.Texture2D,NeoEng.DTrace.Editor.UnityImportGenerator/ImportResult) (at <local-path>
NeoEng.DTrace.Editor.UnityOptionalResourceImporter:Import (NeoEng.DTrace.Editor.UnityImportGenerator/IntegrationManifest,string,string,UnityEngine.Texture2D,NeoEng.DTrace.Editor.UnityImportGenerator/ImportResult) (at <local-path>
NeoEng.DTrace.Editor.UnityImportGenerator:ImportManifestUnsafe (string) (at <local-path>
NeoEng.DTrace.Editor.UnityImportGenerator:ImportManifest (string) (at <local-path>
NeoEngStage3Runner:RunConflict (bool) (at Assets/Editor/NeoEngStage3Runner.cs:105)
NeoEngStage3Runner:Begin () (at Assets/Editor/NeoEngStage3Runner.cs:28)
UnityEditor.EditorApplication:Internal_CallDelayFunctions ()

[<local-path>

Not allowed to override physics shape on sprite ''
UnityEngine.Debug:ExtractStackTraceNoAlloc (byte*,int,string)
UnityEngine.StackTraceUtility:ExtractStackTrace ()
UnityEngine.Sprite:OverridePhysicsShape (UnityEngine.Sprite,UnityEngine.Vector2[],int)
UnityEngine.Sprite:OverridePhysicsShape (System.Collections.Generic.IList`1<UnityEngine.Vector2[]>)
NeoEng.DTrace.Editor.UnityOptionalResourceImporter:ImportTileset (NeoEng.DTrace.Editor.UnityImportGenerator/IntegrationManifest,string,string,UnityEngine.Texture2D,NeoEng.DTrace.Editor.UnityImportGenerator/ImportResult) (at <local-path>
NeoEng.DTrace.Editor.UnityOptionalResourceImporter:Import (NeoEng.DTrace.Editor.UnityImportGenerator/IntegrationManifest,string,string,UnityEngine.Texture2D,NeoEng.DTrace.Editor.UnityImportGenerator/ImportResult) (at <local-path>
NeoEng.DTrace.Editor.UnityImportGenerator:ImportManifestUnsafe (string) (at <local-path>
NeoEng.DTrace.Editor.UnityImportGenerator:ImportManifest (string) (at <local-path>
NeoEngStage3Runner:RunConflict (bool) (at Assets/Editor/NeoEngStage3Runner.cs:105)
NeoEngStage3Runner:Begin () (at Assets/Editor/NeoEngStage3Runner.cs:28)
UnityEditor.EditorApplication:Internal_CallDelayFunctions ()

[<local-path>

Importing 'GUID: 7aa21d726ace902448218ae939f8af2e - Path: Assets/NeoEngGenerated/hero_tileset.tileset/tile_0001.sprite.asset' with importer (NativeFormatImporter)
Imported 'GUID: 7aa21d726ace902448218ae939f8af2e' -> (Import Result ID: '9c17d54c6ef50179b184e14a3fda3617') in 0.001 seconds [static dependencies only]. Details - ImportResultOutputID=0c821d0317b45d43da86c3a3ae386500 DependenciesID=82839692e7f9f6ccda04ae9b975a228e StaticDependenciesID=2bb84fa5075fd35e5eccb01ea3fd8452 
Asset Pipeline Refresh (id=cf3c20c253e3380489bab330ac1c416b): Total: 0.021 seconds - Initiated by StopAssetImportingV2(NoUpdateAssetOptions)
Importing 'GUID: 858587377e0183145aadff10294ae7d0 - Path: Assets/NeoEngGenerated/hero_tileset.tileset/tile_0001.tile.asset' with importer (NativeFormatImporter)
Imported 'GUID: 858587377e0183145aadff10294ae7d0' -> (Import Result ID: '936bdfd5b804d8f231a93bc87d57fc06') in 0.001 seconds [static dependencies only]. Details - ImportResultOutputID=fcd37dfa08caa969179eea877a999df2 DependenciesID=35ecc8b9ced8a836f1e7b15cb0e7e9ba StaticDependenciesID=e47b7a30e3abfadea816c46f7b200d2e 
Asset Pipeline Refresh (id=9d5eb63f52460bb43939dd818f4499a0): Total: 0.021 seconds - Initiated by StopAssetImportingV2(NoUpdateAssetOptions)
Importing 'GUID: 4c93b38bf13a99749867dc9cd2e6017d - Path: Assets/NeoEngGenerated/hero_tileset.tileset/hero_tileset.metadata.asset' with importer (NativeFormatImporter)
Imported 'GUID: 4c93b38bf13a99749867dc9cd2e6017d' -> (Import Result ID: '5bb8ae6dad9e1ffa63df4c68b548814b') in 0.001 seconds [static dependencies only]. Details - ImportResultOutputID=da6ce6395792fe25fe8e724df6893c06 DependenciesID=f6f849326a6aa2b228e232ea7311309e StaticDependenciesID=941d40752a4265f53073f30eeb928545 
Asset Pipeline Refresh (id=2525128646fa371428d5ba77f2e2a318): Total: 0.022 seconds - Initiated by StopAssetImportingV2(NoUpdateAssetOptions)
Importing 'GUID: dec15bb543f8b9a4c823c295d90285d7 - Path: Assets/NeoEngGenerated/hero_tileset.tileset/hero_tileset.prefab' with importer (PrefabImporter)
Imported 'GUID: dec15bb543f8b9a4c823c295d90285d7' -> (Import Result ID: '9fc9b6beeca74d48c2f55ac262cf4b24') in 0.016 seconds [static and dynamic dependencies]. Details - ImportResultOutputID=0ae18d7f59c47ad56b8bb5b11d541a87 DependenciesID=b50d009dcd2ab531077c455fb0cb8106 StaticDependenciesID=3c3be680a49c69e90509f6f53ff24256 
Asset Pipeline Refresh (id=3c5788ab74021334bbf715726b0f42cf): Total: 0.039 seconds - Initiated by StopAssetImportingV2(NoUpdateAssetOptions)
Asset Pipeline Refresh (id=894fa64109fb24049bdc66367d8e560f): Total: 0.032 seconds - Initiated by RefreshV2(ForceUpdate)
Loaded scene 'Library/Unused/84b35a0dc3b70294caf4fd63cb42beb3'
	Deserialize:            0.332 ms
	Integration:            0.428 ms
	Integration of assets:  0.001 ms
	Thread Wait Time:       18.338 ms
	Total Operation Time:   19.100 ms
Importing 'GUID: 9d6a77495f281804b8edcdaff531749b - Path: Assets/NeoEngGenerated/hero_animation.animation/hero_animation.prefab' with importer (PrefabImporter)
Imported 'GUID: 9d6a77495f281804b8edcdaff531749b' -> (Import Result ID: 'f18a9a95acd764c8d887764beed4729d') in 0.004 seconds [static and dynamic dependencies]. Details - ImportResultOutputID=083dab4fa3a03ce5c4107c20e9d9f3b7 DependenciesID=c6cbb47437ab764faba37d2cd2db01ea StaticDependenciesID=6c685de787825185e00d3dad3c3b9a2a 
Asset Pipeline Refresh (id=4d7fc2e445fdb454cb5a620d07ebb6c1): Total: 0.034 seconds - Initiated by StopAssetImportingV2(NoUpdateAssetOptions)
Asset Pipeline Refresh (id=df7d959ea557d4f4bab9308f00cf47b1): Total: 0.018 seconds - Initiated by RefreshV2(ForceUpdate)
Importing 'GUID: 5e8ae8768ea6354499fcd5a9d65e85ca - Path: Assets/source.png' with importer (TextureImporter)
Imported 'GUID: 5e8ae8768ea6354499fcd5a9d65e85ca' -> (Import Result ID: 'c522be51407753e7fb06f75da052af00') in 0.001 seconds [static and dynamic dependencies]. Details - ImportResultOutputID=559627b102d553d5986f7f9b3a0e696c DependenciesID=839447ef58ff4d4f218d648da523a6e4 StaticDependenciesID=393c71fb7279430cd754c5d34c3e8f4a 
Asset Pipeline Refresh (id=d81139bff6d1d8b47b7762993fde30a3): Total: 0.018 seconds - Initiated by StopAssetImportingV2(NoUpdateAssetOptions)
Importing 'GUID: 2289a09c527fada4b936f5ba7c8d76a3 - Path: Assets/frames/frame_0000.png' with importer (TextureImporter)
Imported 'GUID: 2289a09c527fada4b936f5ba7c8d76a3' -> (Import Result ID: 'b27154c352e036f4184bd612cafbf0f6') in 0.001 seconds [static and dynamic dependencies]. Details - ImportResultOutputID=717a018ee671532902f48c6236b70816 DependenciesID=76453c33a91507587a31cef9216237e2 StaticDependenciesID=9b7caeda36c757272eefa7a43cba833c 
Asset Pipeline Refresh (id=4160a3744b592d44e8316b430c130d37): Total: 0.018 seconds - Initiated by StopAssetImportingV2(NoUpdateAssetOptions)
Importing 'GUID: 164c2357ca23df4438055e88887a8acb - Path: Assets/frames/frame_0001.png' with importer (TextureImporter)
Imported 'GUID: 164c2357ca23df4438055e88887a8acb' -> (Import Result ID: '40e5458a77d55abf9c70b073bbea169f') in 0.001 seconds [static and dynamic dependencies]. Details - ImportResultOutputID=69fc341636e2a7b80ce962b967a0c34f DependenciesID=866c819588bf903ab2f3f9157794940d StaticDependenciesID=f89ecb3ca2f51ec0bbf4271435405d80 
Asset Pipeline Refresh (id=32cf282600c410646bd6cbff120b2355): Total: 0.019 seconds - Initiated by StopAssetImportingV2(NoUpdateAssetOptions)
Importing 'GUID: 5e8ae8768ea6354499fcd5a9d65e85ca - Path: Assets/source.png' with importer (TextureImporter)
Imported 'GUID: 5e8ae8768ea6354499fcd5a9d65e85ca' -> (Import Result ID: 'c522be51407753e7fb06f75da052af00') in 0.001 seconds [static and dynamic dependencies]. Details - ImportResultOutputID=559627b102d553d5986f7f9b3a0e696c DependenciesID=839447ef58ff4d4f218d648da523a6e4 StaticDependenciesID=393c71fb7279430cd754c5d34c3e8f4a 
Asset Pipeline Refresh (id=36d83db82c93a9047988de63dd3ebef6): Total: 0.021 seconds - Initiated by StopAssetImportingV2(NoUpdateAssetOptions)
Importing 'GUID: 5e8ae8768ea6354499fcd5a9d65e85ca - Path: Assets/source.png' with importer (TextureImporter)
Imported 'GUID: 5e8ae8768ea6354499fcd5a9d65e85ca' -> (Import Result ID: 'c522be51407753e7fb06f75da052af00') in 0.001 seconds [static and dynamic dependencies]. Details - ImportResultOutputID=559627b102d553d5986f7f9b3a0e696c DependenciesID=839447ef58ff4d4f218d648da523a6e4 StaticDependenciesID=393c71fb7279430cd754c5d34c3e8f4a 
Asset Pipeline Refresh (id=0838b459a7ee29e41a1f8be36990483d): Total: 0.020 seconds - Initiated by StopAssetImportingV2(NoUpdateAssetOptions)
Worker ready: AssetImportWorkerHW0 0
Asset Pipeline Refresh (id=a86627f6ec86c7e4bb69b9d2e04c0579): Total: 0.027 seconds - Initiated by RefreshV2(ForceUpdate)
UNITY_STAGE3_ANIMATION_CONFLICT_BLOCKED=PASS
UnityEngine.Debug:ExtractStackTraceNoAlloc (byte*,int,string)
UnityEngine.StackTraceUtility:ExtractStackTrace ()
UnityEngine.DebugLogHandler:Internal_Log (UnityEngine.LogType,UnityEngine.LogOption,string,UnityEngine.Object)
UnityEngine.DebugLogHandler:LogFormat (UnityEngine.LogType,UnityEngine.Object,string,object[])
UnityEngine.Logger:Log (UnityEngine.LogType,object)
UnityEngine.Debug:Log (object)
NeoEngStage3Runner:RunConflict (bool) (at Assets/Editor/NeoEngStage3Runner.cs:135)
NeoEngStage3Runner:Begin () (at Assets/Editor/NeoEngStage3Runner.cs:28)
UnityEditor.EditorApplication:Internal_CallDelayFunctions ()

(Filename: Assets/Editor/NeoEngStage3Runner.cs Line: 135)

MonoPathRemapper: Attempts to remap: 5069; Successful remaps: 0
Serialized file version minimum: 23, current 23
[Physics::Module] Cleanup current backend.
[Physics::Module] Id: 0xf2b8ea05
Input System module state changed to: ShutdownInProgress.
Input Polling Thread exited.
Input System module state changed to: Shutdown.
[Licensing::IpcConnector] LicenseClient-<redacted> channel disconnected successfully.
[Licensing::IpcConnector] LicenseClient-<redacted> channel disconnected successfully.
Shut down.
AcceleratorClientConnectionCallback - disconnected - :0
Cleanup mono
CodeReloadManager destroyed
abort_threads: Failed aborting id: 00000000000075F4, mono_thread_manage will ignore it

abort_threads: Failed aborting id: 0000000000002B00, mono_thread_manage will ignore it

abort_threads: Failed aborting id: 00000000000075F4, mono_thread_manage will ignore it

abort_threads: Failed aborting id: 0000000000002B00, mono_thread_manage will ignore it

debugger-agent: Unable to listen on 3376
Checking for leaked weakptr:
  Found no leaked weakptrs.
[Package Manager] Server process was shutdown
##utp:{"type":"MemoryLeaks","version":2,"phase":"Immediate","time":1787003062580,"processId: <redacted>,"allocatedMemory":11412284,"memoryLabels":[{"Default":172498},{"Permanent":15516},{"NewDelete":65763},{"Thread":4197560},{"Manager":33605},{"VertexData":8},{"Geometry":816},{"Texture":24},{"Shader":831192},{"Material":24},{"GfxDevice":55328},{"Animation":10680},{"Audio":1544},{"FreeType":8},{"FontEngine":736},{"Physics":2146},{"Physics2D":16},{"Serialization":912},{"Input":42840},{"JobScheduler":256},{"TextLib":280},{"Mono":48},{"ScriptingNativeRuntime":674964},{"BaseObject":1627168},{"Resource":1208},{"Renderer":3080},{"Transform":4685},{"File":1032},{"WebCam":616},{"Culling":32},{"Terrain":11442},{"Wind":24},{"STL":40},{"String":37353},{"StaticString":3808},{"Utility":2673782},{"Curl":2559},{"PoolAlloc":2168},{"AI":80},{"TypeTree":17165},{"CodeReload":448},{"RuntimeInitializeOnLoadManager":64},{"Sprites":102},{"SpriteAtlas":120},{"GI":7816},{"CloudService":16424},{"WebRequest":552},{"VR":47114},{"SceneManager":608},{"Video":64},{"LazyScriptCache":32},{"Camera":17},{"Secure":2377},{"Image":65536},{"SerializationCache":1576},{"APIUpdating":10320},{"Subsystems":336},{"VirtualTexturing":57888},{"StaticSafetyDebugInfo":278528},{"Analytics":552},{"Hierarchy":1176},{"UIElements":72},{"CoreStats":13688},{"Identifiers":6768},{"Gui":128},{"EditorUtility":98486},{"VersionControl":8},{"Undo":931},{"AssetDatabase":252521},{"AssetImporter":40},{"EditorGi":328},{"UnityConnect":38929},{"Upm":1912},{"UpmDiagnostics":8},{"AssetCompliance":64},{"DrivenProperties":72},{"LocalIPC":211},{"ProfilerEditor":9746},{"CoreBusinessMetrics":3500},{"Windowing":456},{"Licensing":1232},{"AssetReference":32},{"IPCStream":32}]}
