{
  "captures": {
    "1080p_FHD": {
      "actual_capture_size": [
        1920,
        1080
      ],
      "actual_window_size": [
        1920,
        1080
      ],
      "files": {
        "1080p_FHD_01_sem_projeto.png": {
          "bytes": 28039,
          "sha256": "f8ab69dd6a4375ceb9630c271bbf0fd1a235f6121652a6280f8fe0354104815f"
        },
        "1080p_FHD_02_projeto_paineis.png": {
          "bytes": 40437,
          "sha256": "5779143e9a6d5c68999c45d3ab1adb6cf9953c11fab78995057fa37500ca3566"
        },
        "1080p_FHD_03_validacao_janela.png": {
          "bytes": 40437,
          "sha256": "5779143e9a6d5c68999c45d3ab1adb6cf9953c11fab78995057fa37500ca3566"
        },
        "1080p_FHD_03_validacao_modal.png": {
          "bytes": 1786,
          "sha256": "c98792b4cca48a3d157bb05802c572132d03ca2f0272116469af32d6bf3550e4"
        },
        "1080p_FHD_04_gizmo_feedback.png": {
          "bytes": 43646,
          "sha256": "a7f726bb9e665dbda13a60ff366a298d8d139848667db953ace01886f53e6d13"
        }
      },
      "requested_size": [
        1920,
        1080
      ],
      "validation_message": {
        "informative_text": "",
        "text": "No collision shapes registered. Use Auto-Generate first.",
        "title": "Info",
        "widget": {
          "capture_size": [
            400,
            100
          ],
          "class": "QMessageBox",
          "enabled": true,
          "frame_geometry": [
            398,
            490,
            404,
            104
          ],
          "geometry": [
            400,
            492,
            400,
            100
          ],
          "object_name": "",
          "root_geometry": [
            1868,
            553,
            400,
            100
          ],
          "visible": true
        }
      },
      "widget_geometry": {
        "gizmo_feedback": {
          "canvas": {
            "class": "CanvasView",
            "enabled": true,
            "frame_geometry": [
              152,
              0,
              908,
              1019
            ],
            "geometry": [
              152,
              0,
              908,
              1019
            ],
            "object_name": "",
            "root_geometry": [
              152,
              61,
              908,
              1019
            ],
            "visible": true
          },
          "collision_panel": {
            "class": "CollisionPanel",
            "enabled": true,
            "frame_geometry": [
              404,
              0,
              452,
              1019
            ],
            "geometry": [
              404,
              0,
              452,
              1019
            ],
            "object_name": "",
            "root_geometry": [
              1468,
              61,
              452,
              1019
            ],
            "visible": true
          },
          "compact_panel_tabs": {
            "class": "QTabWidget",
            "enabled": true,
            "frame_geometry": [
              0,
              0,
              460,
              1019
            ],
            "geometry": [
              0,
              0,
              460,
              1019
            ],
            "object_name": "",
            "root_geometry": [
              1064,
              61,
              460,
              1019
            ],
            "visible": false
          },
          "desktop_panel_splitter": {
            "class": "QSplitter",
            "enabled": true,
            "frame_geometry": [
              0,
              0,
              856,
              1019
            ],
            "geometry": [
              0,
              0,
              856,
              1019
            ],
            "object_name": "",
            "root_geometry": [
              1064,
              61,
              856,
              1019
            ],
            "visible": true
          },
          "groups": {
            "class": "GroupsPanel",
            "enabled": true,
            "frame_geometry": [
              0,
              778,
              400,
              241
            ],
            "geometry": [
              0,
              778,
              400,
              241
            ],
            "object_name": "",
            "root_geometry": [
              1064,
              839,
              400,
              241
            ],
            "visible": true
          },
          "layers": {
            "class": "LayersPanel",
            "enabled": true,
            "frame_geometry": [
              0,
              551,
              400,
              223
            ],
            "geometry": [
              0,
              551,
              400,
              223
            ],
            "object_name": "",
            "root_geometry": [
              1064,
              612,
              400,
              223
            ],
            "visible": true
          },
          "main_splitter": {
            "class": "QSplitter",
            "enabled": true,
            "frame_geometry": [
              0,
              61,
              1920,
              1019
            ],
            "geometry": [
              0,
              61,
              1920,
              1019
            ],
            "object_name": "",
            "root_geometry": [
              0,
              61,
              1920,
              1019
            ],
            "visible": true
          },
          "nav_toolbar": {
            "class": "QToolBar",
            "enabled": true,
            "frame_geometry": [
              958,
              20,
              827,
              41
            ],
            "geometry": [
              958,
              20,
              827,
              41
            ],
            "object_name": "navigation_toolbar",
            "root_geometry": [
              958,
              20,
              827,
              41
            ],
            "visible": true
          },
          "panel_stack": {
            "class": "QStackedWidget",
            "enabled": true,
            "frame_geometry": [
              1064,
              0,
              856,
              1019
            ],
            "geometry": [
              1064,
              0,
              856,
              1019
            ],
            "object_name": "",
            "root_geometry": [
              1064,
              61,
              856,
              1019
            ],
            "visible": true
          },
          "right_splitter": {
            "class": "QSplitter",
            "enabled": true,
            "frame_geometry": [
              0,
              0,
              400,
              1019
            ],
            "geometry": [
              0,
              0,
              400,
              1019
            ],
            "object_name": "",
            "root_geometry": [
              1064,
              61,
              400,
              1019
            ],
            "visible": true
          },
          "side_panel": {
            "class": "SidePanel",
            "enabled": true,
            "frame_geometry": [
              0,
              0,
              400,
              547
            ],
            "geometry": [
              0,
              0,
              400,
              547
            ],
            "object_name": "",
            "root_geometry": [
              1064,
              61,
              400,
              547
            ],
            "visible": true
          },
          "tool_palette": {
            "class": "ToolPalette",
            "enabled": true,
            "frame_geometry": [
              0,
              0,
              148,
              1019
            ],
            "geometry": [
              0,
              0,
              148,
              1019
            ],
            "object_name": "left_tool_toolbar",
            "root_geometry": [
              0,
              61,
              148,
              1019
            ],
            "visible": true
          },
          "toolbar": {
            "class": "QToolBar",
            "enabled": true,
            "frame_geometry": [
              0,
              20,
              958,
              41
            ],
            "geometry": [
              0,
              20,
              958,
              41
            ],
            "object_name": "main_toolbar",
            "root_geometry": [
              0,
              20,
              958,
              41
            ],
            "visible": true
          },
          "xray_toolbar": {
            "class": "QToolBar",
            "enabled": true,
            "frame_geometry": [
              1785,
              20,
              135,
              41
            ],
            "geometry": [
              1785,
              20,
              135,
              41
            ],
            "object_name": "xray_toolbar",
            "root_geometry": [
              1785,
              20,
              135,
              41
            ],
            "visible": true
          }
        },
        "projeto_paineis": {
          "canvas": {
            "class": "CanvasView",
            "enabled": true,
            "frame_geometry": [
              152,
              0,
              908,
              1019
            ],
            "geometry": [
              152,
              0,
              908,
              1019
            ],
            "object_name": "",
            "root_geometry": [
              152,
              61,
              908,
              1019
            ],
            "visible": true
          },
          "collision_panel": {
            "class": "CollisionPanel",
            "enabled": true,
            "frame_geometry": [
              404,
              0,
              452,
              1019
            ],
            "geometry": [
              404,
              0,
              452,
              1019
            ],
            "object_name": "",
            "root_geometry": [
              1468,
              61,
              452,
              1019
            ],
            "visible": true
          },
          "compact_panel_tabs": {
            "class": "QTabWidget",
            "enabled": true,
            "frame_geometry": [
              0,
              0,
              460,
              1019
            ],
            "geometry": [
              0,
              0,
              460,
              1019
            ],
            "object_name": "",
            "root_geometry": [
              1064,
              61,
              460,
              1019
            ],
            "visible": false
          },
          "desktop_panel_splitter": {
            "class": "QSplitter",
            "enabled": true,
            "frame_geometry": [
              0,
              0,
              856,
              1019
            ],
            "geometry": [
              0,
              0,
              856,
              1019
            ],
            "object_name": "",
            "root_geometry": [
              1064,
              61,
              856,
              1019
            ],
            "visible": true
          },
          "groups": {
            "class": "GroupsPanel",
            "enabled": true,
            "frame_geometry": [
              0,
              778,
              400,
              241
            ],
            "geometry": [
              0,
              778,
              400,
              241
            ],
            "object_name": "",
            "root_geometry": [
              1064,
              839,
              400,
              241
            ],
            "visible": true
          },
          "layers": {
            "class": "LayersPanel",
            "enabled": true,
            "frame_geometry": [
              0,
              551,
              400,
              223
            ],
            "geometry": [
              0,
              551,
              400,
              223
            ],
            "object_name": "",
            "root_geometry": [
              1064,
              612,
              400,
              223
            ],
            "visible": true
          },
          "main_splitter": {
            "class": "QSplitter",
            "enabled": true,
            "frame_geometry": [
              0,
              61,
              1920,
              1019
            ],
            "geometry": [
              0,
              61,
              1920,
              1019
            ],
            "object_name": "",
            "root_geometry": [
              0,
              61,
              1920,
              1019
            ],
            "visible": true
          },
          "nav_toolbar": {
            "class": "QToolBar",
            "enabled": true,
            "frame_geometry": [
              958,
              20,
              827,
              41
            ],
            "geometry": [
              958,
              20,
              827,
              41
            ],
            "object_name": "navigation_toolbar",
            "root_geometry": [
              958,
              20,
              827,
              41
            ],
            "visible": true
          },
          "panel_stack": {
            "class": "QStackedWidget",
            "enabled": true,
            "frame_geometry": [
              1064,
              0,
              856,
              1019
            ],
            "geometry": [
              1064,
              0,
              856,
              1019
            ],
            "object_name": "",
            "root_geometry": [
              1064,
              61,
              856,
              1019
            ],
            "visible": true
          },
          "right_splitter": {
            "class": "QSplitter",
            "enabled": true,
            "frame_geometry": [
              0,
              0,
              400,
              1019
            ],
            "geometry": [
              0,
              0,
              400,
              1019
            ],
            "object_name": "",
            "root_geometry": [
              1064,
              61,
              400,
              1019
            ],
            "visible": true
          },
          "side_panel": {
            "class": "SidePanel",
            "enabled": true,
            "frame_geometry": [
              0,
              0,
              400,
              547
            ],
            "geometry": [
              0,
              0,
              400,
              547
            ],
            "object_name": "",
            "root_geometry": [
              1064,
              61,
              400,
              547
            ],
            "visible": true
          },
          "tool_palette": {
            "class": "ToolPalette",
            "enabled": true,
            "frame_geometry": [
              0,
              0,
              148,
              1019
            ],
            "geometry": [
              0,
              0,
              148,
              1019
            ],
            "object_name": "left_tool_toolbar",
            "root_geometry": [
              0,
              61,
              148,
              1019
            ],
            "visible": true
          },
          "toolbar": {
            "class": "QToolBar",
            "enabled": true,
            "frame_geometry": [
              0,
              20,
              958,
              41
            ],
            "geometry": [
              0,
              20,
              958,
              41
            ],
            "object_name": "main_toolbar",
            "root_geometry": [
              0,
              20,
              958,
              41
            ],
            "visible": true
          },
          "xray_toolbar": {
            "class": "QToolBar",
            "enabled": true,
            "frame_geometry": [
              1785,
              20,
              135,
              41
            ],
            "geometry": [
              1785,
              20,
              135,
              41
            ],
            "object_name": "xray_toolbar",
            "root_geometry": [
              1785,
              20,
              135,
              41
            ],
            "visible": true
          }
        },
        "sem_projeto": {
          "canvas": {
            "class": "CanvasView",
            "enabled": true,
            "frame_geometry": [
              152,
              0,
              908,
              1019
            ],
            "geometry": [
              152,
              0,
              908,
              1019
            ],
            "object_name": "",
            "root_geometry": [
              152,
              61,
              908,
              1019
            ],
            "visible": true
          },
          "collision_panel": {
            "class": "CollisionPanel",
            "enabled": true,
            "frame_geometry": [
              404,
              0,
              452,
              1019
            ],
            "geometry": [
              404,
              0,
              452,
              1019
            ],
            "object_name": "",
            "root_geometry": [
              1468,
              61,
              452,
              1019
            ],
            "visible": true
          },
          "compact_panel_tabs": {
            "class": "QTabWidget",
            "enabled": true,
            "frame_geometry": [
              0,
              0,
              460,
              1019
            ],
            "geometry": [
              0,
              0,
              460,
              1019
            ],
            "object_name": "",
            "root_geometry": [
              1064,
              61,
              460,
              1019
            ],
            "visible": false
          },
          "desktop_panel_splitter": {
            "class": "QSplitter",
            "enabled": true,
            "frame_geometry": [
              0,
              0,
              856,
              1019
            ],
            "geometry": [
              0,
              0,
              856,
              1019
            ],
            "object_name": "",
            "root_geometry": [
              1064,
              61,
              856,
              1019
            ],
            "visible": true
          },
          "groups": {
            "class": "GroupsPanel",
            "enabled": true,
            "frame_geometry": [
              0,
              778,
              400,
              241
            ],
            "geometry": [
              0,
              778,
              400,
              241
            ],
            "object_name": "",
            "root_geometry": [
              1064,
              839,
              400,
              241
            ],
            "visible": true
          },
          "layers": {
            "class": "LayersPanel",
            "enabled": true,
            "frame_geometry": [
              0,
              551,
              400,
              223
            ],
            "geometry": [
              0,
              551,
              400,
              223
            ],
            "object_name": "",
            "root_geometry": [
              1064,
              612,
              400,
              223
            ],
            "visible": true
          },
          "main_splitter": {
            "class": "QSplitter",
            "enabled": true,
            "frame_geometry": [
              0,
              61,
              1920,
              1019
            ],
            "geometry": [
              0,
              61,
              1920,
              1019
            ],
            "object_name": "",
            "root_geometry": [
              0,
              61,
              1920,
              1019
            ],
            "visible": true
          },
          "nav_toolbar": {
            "class": "QToolBar",
            "enabled": true,
            "frame_geometry": [
              958,
              20,
              827,
              41
            ],
            "geometry": [
              958,
              20,
              827,
              41
            ],
            "object_name": "navigation_toolbar",
            "root_geometry": [
              958,
              20,
              827,
              41
            ],
            "visible": true
          },
          "panel_stack": {
            "class": "QStackedWidget",
            "enabled": true,
            "frame_geometry": [
              1064,
              0,
              856,
              1019
            ],
            "geometry": [
              1064,
              0,
              856,
              1019
            ],
            "object_name": "",
            "root_geometry": [
              1064,
              61,
              856,
              1019
            ],
            "visible": true
          },
          "right_splitter": {
            "class": "QSplitter",
            "enabled": true,
            "frame_geometry": [
              0,
              0,
              400,
              1019
            ],
            "geometry": [
              0,
              0,
              400,
              1019
            ],
            "object_name": "",
            "root_geometry": [
              1064,
              61,
              400,
              1019
            ],
            "visible": true
          },
          "side_panel": {
            "class": "SidePanel",
            "enabled": false,
            "frame_geometry": [
              0,
              0,
              400,
              547
            ],
            "geometry": [
              0,
              0,
              400,
              547
            ],
            "object_name": "",
            "root_geometry": [
              1064,
              61,
              400,
              547
            ],
            "visible": true
          },
          "tool_palette": {
            "class": "ToolPalette",
            "enabled": false,
            "frame_geometry": [
              0,
              0,
              148,
              1019
            ],
            "geometry": [
              0,
              0,
              148,
              1019
            ],
            "object_name": "left_tool_toolbar",
            "root_geometry": [
              0,
              61,
              148,
              1019
            ],
            "visible": true
          },
          "toolbar": {
            "class": "QToolBar",
            "enabled": true,
            "frame_geometry": [
              0,
              20,
              958,
              41
            ],
            "geometry": [
              0,
              20,
              958,
              41
            ],
            "object_name": "main_toolbar",
            "root_geometry": [
              0,
              20,
              958,
              41
            ],
            "visible": true
          },
          "xray_toolbar": {
            "class": "QToolBar",
            "enabled": true,
            "frame_geometry": [
              1785,
              20,
              135,
              41
            ],
            "geometry": [
              1785,
              20,
              135,
              41
            ],
            "object_name": "xray_toolbar",
            "root_geometry": [
              1785,
              20,
              135,
              41
            ],
            "visible": true
          }
        },
        "validacao_janela": {
          "canvas": {
            "class": "CanvasView",
            "enabled": true,
            "frame_geometry": [
              152,
              0,
              908,
              1019
            ],
            "geometry": [
              152,
              0,
              908,
              1019
            ],
            "object_name": "",
            "root_geometry": [
              152,
              61,
              908,
              1019
            ],
            "visible": true
          },
          "collision_panel": {
            "class": "CollisionPanel",
            "enabled": true,
            "frame_geometry": [
              404,
              0,
              452,
              1019
            ],
            "geometry": [
              404,
              0,
              452,
              1019
            ],
            "object_name": "",
            "root_geometry": [
              1468,
              61,
              452,
              1019
            ],
            "visible": true
          },
          "compact_panel_tabs": {
            "class": "QTabWidget",
            "enabled": true,
            "frame_geometry": [
              0,
              0,
              460,
              1019
            ],
            "geometry": [
              0,
              0,
              460,
              1019
            ],
            "object_name": "",
            "root_geometry": [
              1064,
              61,
              460,
              1019
            ],
            "visible": false
          },
          "desktop_panel_splitter": {
            "class": "QSplitter",
            "enabled": true,
            "frame_geometry": [
              0,
              0,
              856,
              1019
            ],
            "geometry": [
              0,
              0,
              856,
              1019
            ],
            "object_name": "",
            "root_geometry": [
              1064,
              61,
              856,
              1019
            ],
            "visible": true
          },
          "groups": {
            "class": "GroupsPanel",
            "enabled": true,
            "frame_geometry": [
              0,
              778,
              400,
              241
            ],
            "geometry": [
              0,
              778,
              400,
              241
            ],
            "object_name": "",
            "root_geometry": [
              1064,
              839,
              400,
              241
            ],
            "visible": true
          },
          "layers": {
            "class": "LayersPanel",
            "enabled": true,
            "frame_geometry": [
              0,
              551,
              400,
              223
            ],
            "geometry": [
              0,
              551,
              400,
              223
            ],
            "object_name": "",
            "root_geometry": [
              1064,
              612,
              400,
              223
            ],
            "visible": true
          },
          "main_splitter": {
            "class": "QSplitter",
            "enabled": true,
            "frame_geometry": [
              0,
              61,
              1920,
              1019
            ],
            "geometry": [
              0,
              61,
              1920,
              1019
            ],
            "object_name": "",
            "root_geometry": [
              0,
              61,
              1920,
              1019
            ],
            "visible": true
          },
          "nav_toolbar": {
            "class": "QToolBar",
            "enabled": true,
            "frame_geometry": [
              958,
              20,
              827,
              41
            ],
            "geometry": [
              958,
              20,
              827,
              41
            ],
            "object_name": "navigation_toolbar",
            "root_geometry": [
              958,
              20,
              827,
              41
            ],
            "visible": true
          },
          "panel_stack": {
            "class": "QStackedWidget",
            "enabled": true,
            "frame_geometry": [
              1064,
              0,
              856,
              1019
            ],
            "geometry": [
              1064,
              0,
              856,
              1019
            ],
            "object_name": "",
            "root_geometry": [
              1064,
              61,
              856,
              1019
            ],
            "visible": true
          },
          "right_splitter": {
            "class": "QSplitter",
            "enabled": true,
            "frame_geometry": [
              0,
              0,
              400,
              1019
            ],
            "geometry": [
              0,
              0,
              400,
              1019
            ],
            "object_name": "",
            "root_geometry": [
              1064,
              61,
              400,
              1019
            ],
            "visible": true
          },
          "side_panel": {
            "class": "SidePanel",
            "enabled": true,
            "frame_geometry": [
              0,
              0,
              400,
              547
            ],
            "geometry": [
              0,
              0,
              400,
              547
            ],
            "object_name": "",
            "root_geometry": [
              1064,
              61,
              400,
              547
            ],
            "visible": true
          },
          "tool_palette": {
            "class": "ToolPalette",
            "enabled": true,
            "frame_geometry": [
              0,
              0,
              148,
              1019
            ],
            "geometry": [
              0,
              0,
              148,
              1019
            ],
            "object_name": "left_tool_toolbar",
            "root_geometry": [
              0,
              61,
              148,
              1019
            ],
            "visible": true
          },
          "toolbar": {
            "class": "QToolBar",
            "enabled": true,
            "frame_geometry": [
              0,
              20,
              958,
              41
            ],
            "geometry": [
              0,
              20,
              958,
              41
            ],
            "object_name": "main_toolbar",
            "root_geometry": [
              0,
              20,
              958,
              41
            ],
            "visible": true
          },
          "xray_toolbar": {
            "class": "QToolBar",
            "enabled": true,
            "frame_geometry": [
              1785,
              20,
              135,
              41
            ],
            "geometry": [
              1785,
              20,
              135,
              41
            ],
            "object_name": "xray_toolbar",
            "root_geometry": [
              1785,
              20,
              135,
              41
            ],
            "visible": true
          }
        },
        "validacao_modal": {
          "capture_size": [
            400,
            100
          ],
          "class": "QMessageBox",
          "enabled": true,
          "frame_geometry": [
            398,
            490,
            404,
            104
          ],
          "geometry": [
            400,
            492,
            400,
            100
          ],
          "object_name": "",
          "root_geometry": [
            1868,
            553,
            400,
            100
          ],
          "visible": true
        }
      }
    },
    "720p_Compacta": {
      "actual_capture_size": [
        1280,
        720
      ],
      "actual_window_size": [
        1280,
        720
      ],
      "files": {
        "720p_Compacta_01_sem_projeto.png": {
          "bytes": 18545,
          "sha256": "dc96c3468eb9fca12b00165015653acfb7da0f417eb3b92e8eafa550d801b75e"
        },
        "720p_Compacta_02_projeto_paineis.png": {
          "bytes": 30864,
          "sha256": "7da4f87a3bd1a64c57912b6f5a74ed4b3ed3d0214503e828a9981f42357b9f9a"
        },
        "720p_Compacta_03_validacao_janela.png": {
          "bytes": 29906,
          "sha256": "5e6878e9b17a8cd56b3a664358d72c84e95c6991d177e581134373811d457c0e"
        },
        "720p_Compacta_03_validacao_modal.png": {
          "bytes": 1786,
          "sha256": "c98792b4cca48a3d157bb05802c572132d03ca2f0272116469af32d6bf3550e4"
        },
        "720p_Compacta_04_gizmo_feedback.png": {
          "bytes": 34177,
          "sha256": "276773efac5926ea9f0ac3990ff98b3195ab57e591fdfab9d17868b3e02d1275"
        }
      },
      "requested_size": [
        1280,
        720
      ],
      "validation_message": {
        "informative_text": "",
        "text": "No collision shapes registered. Use Auto-Generate first.",
        "title": "Info",
        "widget": {
          "capture_size": [
            400,
            100
          ],
          "class": "QMessageBox",
          "enabled": true,
          "frame_geometry": [
            398,
            310,
            404,
            104
          ],
          "geometry": [
            400,
            312,
            400,
            100
          ],
          "object_name": "",
          "root_geometry": [
            1220,
            397,
            400,
            100
          ],
          "visible": true
        }
      },
      "widget_geometry": {
        "gizmo_feedback": {
          "canvas": {
            "class": "CanvasView",
            "enabled": true,
            "frame_geometry": [
              152,
              0,
              664,
              659
            ],
            "geometry": [
              152,
              0,
              664,
              659
            ],
            "object_name": "",
            "root_geometry": [
              152,
              61,
              664,
              659
            ],
            "visible": true
          },
          "collision_panel": {
            "class": "CollisionPanel",
            "enabled": true,
            "frame_geometry": [
              0,
              0,
              640,
              480
            ],
            "geometry": [
              0,
              0,
              640,
              480
            ],
            "object_name": "",
            "root_geometry": [
              820,
              85,
              640,
              480
            ],
            "visible": false
          },
          "compact_panel_tabs": {
            "class": "QTabWidget",
            "enabled": true,
            "frame_geometry": [
              0,
              0,
              460,
              659
            ],
            "geometry": [
              0,
              0,
              460,
              659
            ],
            "object_name": "",
            "root_geometry": [
              820,
              61,
              460,
              659
            ],
            "visible": true
          },
          "desktop_panel_splitter": {
            "class": "QSplitter",
            "enabled": true,
            "frame_geometry": [
              0,
              0,
              640,
              480
            ],
            "geometry": [
              0,
              0,
              640,
              480
            ],
            "object_name": "",
            "root_geometry": [
              820,
              61,
              640,
              480
            ],
            "visible": false
          },
          "groups": {
            "class": "GroupsPanel",
            "enabled": true,
            "frame_geometry": [
              0,
              0,
              640,
              480
            ],
            "geometry": [
              0,
              0,
              640,
              480
            ],
            "object_name": "",
            "root_geometry": [
              820,
              85,
              640,
              480
            ],
            "visible": false
          },
          "layers": {
            "class": "LayersPanel",
            "enabled": true,
            "frame_geometry": [
              0,
              0,
              640,
              480
            ],
            "geometry": [
              0,
              0,
              640,
              480
            ],
            "object_name": "",
            "root_geometry": [
              820,
              85,
              640,
              480
            ],
            "visible": false
          },
          "main_splitter": {
            "class": "QSplitter",
            "enabled": true,
            "frame_geometry": [
              0,
              61,
              1280,
              659
            ],
            "geometry": [
              0,
              61,
              1280,
              659
            ],
            "object_name": "",
            "root_geometry": [
              0,
              61,
              1280,
              659
            ],
            "visible": true
          },
          "nav_toolbar": {
            "class": "QToolBar",
            "enabled": true,
            "frame_geometry": [
              0,
              20,
              1143,
              41
            ],
            "geometry": [
              0,
              20,
              1143,
              41
            ],
            "object_name": "navigation_toolbar",
            "root_geometry": [
              0,
              20,
              1143,
              41
            ],
            "visible": true
          },
          "panel_stack": {
            "class": "QStackedWidget",
            "enabled": true,
            "frame_geometry": [
              820,
              0,
              460,
              659
            ],
            "geometry": [
              820,
              0,
              460,
              659
            ],
            "object_name": "",
            "root_geometry": [
              820,
              61,
              460,
              659
            ],
            "visible": true
          },
          "right_splitter": {
            "class": "QSplitter",
            "enabled": true,
            "frame_geometry": [
              0,
              0,
              640,
              480
            ],
            "geometry": [
              0,
              0,
              640,
              480
            ],
            "object_name": "",
            "root_geometry": [
              820,
              61,
              640,
              480
            ],
            "visible": false
          },
          "side_panel": {
            "class": "SidePanel",
            "enabled": true,
            "frame_geometry": [
              0,
              0,
              460,
              635
            ],
            "geometry": [
              0,
              0,
              460,
              635
            ],
            "object_name": "",
            "root_geometry": [
              820,
              85,
              460,
              635
            ],
            "visible": true
          },
          "tool_palette": {
            "class": "ToolPalette",
            "enabled": true,
            "frame_geometry": [
              0,
              0,
              148,
              659
            ],
            "geometry": [
              0,
              0,
              148,
              659
            ],
            "object_name": "left_tool_toolbar",
            "root_geometry": [
              0,
              61,
              148,
              659
            ],
            "visible": true
          },
          "toolbar": {
            "class": "QToolBar",
            "enabled": true,
            "frame_geometry": [
              0,
              0,
              640,
              480
            ],
            "geometry": [
              0,
              0,
              640,
              480
            ],
            "object_name": "main_toolbar",
            "root_geometry": [
              0,
              0,
              640,
              480
            ],
            "visible": false
          },
          "xray_toolbar": {
            "class": "QToolBar",
            "enabled": true,
            "frame_geometry": [
              1143,
              20,
              137,
              41
            ],
            "geometry": [
              1143,
              20,
              137,
              41
            ],
            "object_name": "xray_toolbar",
            "root_geometry": [
              1143,
              20,
              137,
              41
            ],
            "visible": true
          }
        },
        "projeto_paineis": {
          "canvas": {
            "class": "CanvasView",
            "enabled": true,
            "frame_geometry": [
              152,
              0,
              664,
              659
            ],
            "geometry": [
              152,
              0,
              664,
              659
            ],
            "object_name": "",
            "root_geometry": [
              152,
              61,
              664,
              659
            ],
            "visible": true
          },
          "collision_panel": {
            "class": "CollisionPanel",
            "enabled": true,
            "frame_geometry": [
              0,
              0,
              640,
              480
            ],
            "geometry": [
              0,
              0,
              640,
              480
            ],
            "object_name": "",
            "root_geometry": [
              820,
              85,
              640,
              480
            ],
            "visible": false
          },
          "compact_panel_tabs": {
            "class": "QTabWidget",
            "enabled": true,
            "frame_geometry": [
              0,
              0,
              460,
              659
            ],
            "geometry": [
              0,
              0,
              460,
              659
            ],
            "object_name": "",
            "root_geometry": [
              820,
              61,
              460,
              659
            ],
            "visible": true
          },
          "desktop_panel_splitter": {
            "class": "QSplitter",
            "enabled": true,
            "frame_geometry": [
              0,
              0,
              640,
              480
            ],
            "geometry": [
              0,
              0,
              640,
              480
            ],
            "object_name": "",
            "root_geometry": [
              820,
              61,
              640,
              480
            ],
            "visible": false
          },
          "groups": {
            "class": "GroupsPanel",
            "enabled": true,
            "frame_geometry": [
              0,
              0,
              640,
              480
            ],
            "geometry": [
              0,
              0,
              640,
              480
            ],
            "object_name": "",
            "root_geometry": [
              820,
              85,
              640,
              480
            ],
            "visible": false
          },
          "layers": {
            "class": "LayersPanel",
            "enabled": true,
            "frame_geometry": [
              0,
              0,
              640,
              480
            ],
            "geometry": [
              0,
              0,
              640,
              480
            ],
            "object_name": "",
            "root_geometry": [
              820,
              85,
              640,
              480
            ],
            "visible": false
          },
          "main_splitter": {
            "class": "QSplitter",
            "enabled": true,
            "frame_geometry": [
              0,
              61,
              1280,
              659
            ],
            "geometry": [
              0,
              61,
              1280,
              659
            ],
            "object_name": "",
            "root_geometry": [
              0,
              61,
              1280,
              659
            ],
            "visible": true
          },
          "nav_toolbar": {
            "class": "QToolBar",
            "enabled": true,
            "frame_geometry": [
              0,
              20,
              1143,
              41
            ],
            "geometry": [
              0,
              20,
              1143,
              41
            ],
            "object_name": "navigation_toolbar",
            "root_geometry": [
              0,
              20,
              1143,
              41
            ],
            "visible": true
          },
          "panel_stack": {
            "class": "QStackedWidget",
            "enabled": true,
            "frame_geometry": [
              820,
              0,
              460,
              659
            ],
            "geometry": [
              820,
              0,
              460,
              659
            ],
            "object_name": "",
            "root_geometry": [
              820,
              61,
              460,
              659
            ],
            "visible": true
          },
          "right_splitter": {
            "class": "QSplitter",
            "enabled": true,
            "frame_geometry": [
              0,
              0,
              640,
              480
            ],
            "geometry": [
              0,
              0,
              640,
              480
            ],
            "object_name": "",
            "root_geometry": [
              820,
              61,
              640,
              480
            ],
            "visible": false
          },
          "side_panel": {
            "class": "SidePanel",
            "enabled": true,
            "frame_geometry": [
              0,
              0,
              460,
              635
            ],
            "geometry": [
              0,
              0,
              460,
              635
            ],
            "object_name": "",
            "root_geometry": [
              820,
              85,
              460,
              635
            ],
            "visible": true
          },
          "tool_palette": {
            "class": "ToolPalette",
            "enabled": true,
            "frame_geometry": [
              0,
              0,
              148,
              659
            ],
            "geometry": [
              0,
              0,
              148,
              659
            ],
            "object_name": "left_tool_toolbar",
            "root_geometry": [
              0,
              61,
              148,
              659
            ],
            "visible": true
          },
          "toolbar": {
            "class": "QToolBar",
            "enabled": true,
            "frame_geometry": [
              0,
              0,
              640,
              480
            ],
            "geometry": [
              0,
              0,
              640,
              480
            ],
            "object_name": "main_toolbar",
            "root_geometry": [
              0,
              0,
              640,
              480
            ],
            "visible": false
          },
          "xray_toolbar": {
            "class": "QToolBar",
            "enabled": true,
            "frame_geometry": [
              1143,
              20,
              137,
              41
            ],
            "geometry": [
              1143,
              20,
              137,
              41
            ],
            "object_name": "xray_toolbar",
            "root_geometry": [
              1143,
              20,
              137,
              41
            ],
            "visible": true
          }
        },
        "sem_projeto": {
          "canvas": {
            "class": "CanvasView",
            "enabled": true,
            "frame_geometry": [
              152,
              0,
              664,
              659
            ],
            "geometry": [
              152,
              0,
              664,
              659
            ],
            "object_name": "",
            "root_geometry": [
              152,
              61,
              664,
              659
            ],
            "visible": true
          },
          "collision_panel": {
            "class": "CollisionPanel",
            "enabled": true,
            "frame_geometry": [
              0,
              0,
              640,
              480
            ],
            "geometry": [
              0,
              0,
              640,
              480
            ],
            "object_name": "",
            "root_geometry": [
              820,
              85,
              640,
              480
            ],
            "visible": false
          },
          "compact_panel_tabs": {
            "class": "QTabWidget",
            "enabled": true,
            "frame_geometry": [
              0,
              0,
              460,
              659
            ],
            "geometry": [
              0,
              0,
              460,
              659
            ],
            "object_name": "",
            "root_geometry": [
              820,
              61,
              460,
              659
            ],
            "visible": true
          },
          "desktop_panel_splitter": {
            "class": "QSplitter",
            "enabled": true,
            "frame_geometry": [
              0,
              0,
              640,
              480
            ],
            "geometry": [
              0,
              0,
              640,
              480
            ],
            "object_name": "",
            "root_geometry": [
              820,
              61,
              640,
              480
            ],
            "visible": false
          },
          "groups": {
            "class": "GroupsPanel",
            "enabled": true,
            "frame_geometry": [
              0,
              0,
              640,
              480
            ],
            "geometry": [
              0,
              0,
              640,
              480
            ],
            "object_name": "",
            "root_geometry": [
              820,
              85,
              640,
              480
            ],
            "visible": false
          },
          "layers": {
            "class": "LayersPanel",
            "enabled": true,
            "frame_geometry": [
              0,
              0,
              640,
              480
            ],
            "geometry": [
              0,
              0,
              640,
              480
            ],
            "object_name": "",
            "root_geometry": [
              820,
              85,
              640,
              480
            ],
            "visible": false
          },
          "main_splitter": {
            "class": "QSplitter",
            "enabled": true,
            "frame_geometry": [
              0,
              61,
              1280,
              659
            ],
            "geometry": [
              0,
              61,
              1280,
              659
            ],
            "object_name": "",
            "root_geometry": [
              0,
              61,
              1280,
              659
            ],
            "visible": true
          },
          "nav_toolbar": {
            "class": "QToolBar",
            "enabled": true,
            "frame_geometry": [
              0,
              20,
              1143,
              41
            ],
            "geometry": [
              0,
              20,
              1143,
              41
            ],
            "object_name": "navigation_toolbar",
            "root_geometry": [
              0,
              20,
              1143,
              41
            ],
            "visible": true
          },
          "panel_stack": {
            "class": "QStackedWidget",
            "enabled": true,
            "frame_geometry": [
              820,
              0,
              460,
              659
            ],
            "geometry": [
              820,
              0,
              460,
              659
            ],
            "object_name": "",
            "root_geometry": [
              820,
              61,
              460,
              659
            ],
            "visible": true
          },
          "right_splitter": {
            "class": "QSplitter",
            "enabled": true,
            "frame_geometry": [
              0,
              0,
              640,
              480
            ],
            "geometry": [
              0,
              0,
              640,
              480
            ],
            "object_name": "",
            "root_geometry": [
              820,
              61,
              640,
              480
            ],
            "visible": false
          },
          "side_panel": {
            "class": "SidePanel",
            "enabled": false,
            "frame_geometry": [
              0,
              0,
              460,
              635
            ],
            "geometry": [
              0,
              0,
              460,
              635
            ],
            "object_name": "",
            "root_geometry": [
              820,
              85,
              460,
              635
            ],
            "visible": true
          },
          "tool_palette": {
            "class": "ToolPalette",
            "enabled": false,
            "frame_geometry": [
              0,
              0,
              148,
              659
            ],
            "geometry": [
              0,
              0,
              148,
              659
            ],
            "object_name": "left_tool_toolbar",
            "root_geometry": [
              0,
              61,
              148,
              659
            ],
            "visible": true
          },
          "toolbar": {
            "class": "QToolBar",
            "enabled": true,
            "frame_geometry": [
              0,
              0,
              640,
              480
            ],
            "geometry": [
              0,
              0,
              640,
              480
            ],
            "object_name": "main_toolbar",
            "root_geometry": [
              0,
              0,
              640,
              480
            ],
            "visible": false
          },
          "xray_toolbar": {
            "class": "QToolBar",
            "enabled": true,
            "frame_geometry": [
              1143,
              20,
              137,
              41
            ],
            "geometry": [
              1143,
              20,
              137,
              41
            ],
            "object_name": "xray_toolbar",
            "root_geometry": [
              1143,
              20,
              137,
              41
            ],
            "visible": true
          }
        },
        "validacao_janela": {
          "canvas": {
            "class": "CanvasView",
            "enabled": true,
            "frame_geometry": [
              152,
              0,
              664,
              659
            ],
            "geometry": [
              152,
              0,
              664,
              659
            ],
            "object_name": "",
            "root_geometry": [
              152,
              61,
              664,
              659
            ],
            "visible": true
          },
          "collision_panel": {
            "class": "CollisionPanel",
            "enabled": true,
            "frame_geometry": [
              0,
              0,
              460,
              635
            ],
            "geometry": [
              0,
              0,
              460,
              635
            ],
            "object_name": "",
            "root_geometry": [
              820,
              85,
              460,
              635
            ],
            "visible": true
          },
          "compact_panel_tabs": {
            "class": "QTabWidget",
            "enabled": true,
            "frame_geometry": [
              0,
              0,
              460,
              659
            ],
            "geometry": [
              0,
              0,
              460,
              659
            ],
            "object_name": "",
            "root_geometry": [
              820,
              61,
              460,
              659
            ],
            "visible": true
          },
          "desktop_panel_splitter": {
            "class": "QSplitter",
            "enabled": true,
            "frame_geometry": [
              0,
              0,
              640,
              480
            ],
            "geometry": [
              0,
              0,
              640,
              480
            ],
            "object_name": "",
            "root_geometry": [
              820,
              61,
              640,
              480
            ],
            "visible": false
          },
          "groups": {
            "class": "GroupsPanel",
            "enabled": true,
            "frame_geometry": [
              0,
              0,
              640,
              480
            ],
            "geometry": [
              0,
              0,
              640,
              480
            ],
            "object_name": "",
            "root_geometry": [
              820,
              85,
              640,
              480
            ],
            "visible": false
          },
          "layers": {
            "class": "LayersPanel",
            "enabled": true,
            "frame_geometry": [
              0,
              0,
              640,
              480
            ],
            "geometry": [
              0,
              0,
              640,
              480
            ],
            "object_name": "",
            "root_geometry": [
              820,
              85,
              640,
              480
            ],
            "visible": false
          },
          "main_splitter": {
            "class": "QSplitter",
            "enabled": true,
            "frame_geometry": [
              0,
              61,
              1280,
              659
            ],
            "geometry": [
              0,
              61,
              1280,
              659
            ],
            "object_name": "",
            "root_geometry": [
              0,
              61,
              1280,
              659
            ],
            "visible": true
          },
          "nav_toolbar": {
            "class": "QToolBar",
            "enabled": true,
            "frame_geometry": [
              0,
              20,
              1143,
              41
            ],
            "geometry": [
              0,
              20,
              1143,
              41
            ],
            "object_name": "navigation_toolbar",
            "root_geometry": [
              0,
              20,
              1143,
              41
            ],
            "visible": true
          },
          "panel_stack": {
            "class": "QStackedWidget",
            "enabled": true,
            "frame_geometry": [
              820,
              0,
              460,
              659
            ],
            "geometry": [
              820,
              0,
              460,
              659
            ],
            "object_name": "",
            "root_geometry": [
              820,
              61,
              460,
              659
            ],
            "visible": true
          },
          "right_splitter": {
            "class": "QSplitter",
            "enabled": true,
            "frame_geometry": [
              0,
              0,
              640,
              480
            ],
            "geometry": [
              0,
              0,
              640,
              480
            ],
            "object_name": "",
            "root_geometry": [
              820,
              61,
              640,
              480
            ],
            "visible": false
          },
          "side_panel": {
            "class": "SidePanel",
            "enabled": true,
            "frame_geometry": [
              0,
              0,
              460,
              635
            ],
            "geometry": [
              0,
              0,
              460,
              635
            ],
            "object_name": "",
            "root_geometry": [
              820,
              85,
              460,
              635
            ],
            "visible": false
          },
          "tool_palette": {
            "class": "ToolPalette",
            "enabled": true,
            "frame_geometry": [
              0,
              0,
              148,
              659
            ],
            "geometry": [
              0,
              0,
              148,
              659
            ],
            "object_name": "left_tool_toolbar",
            "root_geometry": [
              0,
              61,
              148,
              659
            ],
            "visible": true
          },
          "toolbar": {
            "class": "QToolBar",
            "enabled": true,
            "frame_geometry": [
              0,
              0,
              640,
              480
            ],
            "geometry": [
              0,
              0,
              640,
              480
            ],
            "object_name": "main_toolbar",
            "root_geometry": [
              0,
              0,
              640,
              480
            ],
            "visible": false
          },
          "xray_toolbar": {
            "class": "QToolBar",
            "enabled": true,
            "frame_geometry": [
              1143,
              20,
              137,
              41
            ],
            "geometry": [
              1143,
              20,
              137,
              41
            ],
            "object_name": "xray_toolbar",
            "root_geometry": [
              1143,
              20,
              137,
              41
            ],
            "visible": true
          }
        },
        "validacao_modal": {
          "capture_size": [
            400,
            100
          ],
          "class": "QMessageBox",
          "enabled": true,
          "frame_geometry": [
            398,
            310,
            404,
            104
          ],
          "geometry": [
            400,
            312,
            400,
            100
          ],
          "object_name": "",
          "root_geometry": [
            1220,
            397,
            400,
            100
          ],
          "visible": true
        }
      }
    },
    "768p_Minima": {
      "actual_capture_size": [
        1366,
        768
      ],
      "actual_window_size": [
        1366,
        768
      ],
      "files": {
        "768p_Minima_01_sem_projeto.png": {
          "bytes": 19076,
          "sha256": "87c951e50d7159d374ab4269c5bf05f847b64e2461170c89e68e21eda1ffe924"
        },
        "768p_Minima_02_projeto_paineis.png": {
          "bytes": 31644,
          "sha256": "3833749143e86d4eb8e778d1f2cdcc772e930ffcab53c7240a08dc5928849f26"
        },
        "768p_Minima_03_validacao_janela.png": {
          "bytes": 30628,
          "sha256": "10f63e0748aac0f5a8b4b284d5c77514f3381b401a93a4ba31344ee94de2f56b"
        },
        "768p_Minima_03_validacao_modal.png": {
          "bytes": 1786,
          "sha256": "c98792b4cca48a3d157bb05802c572132d03ca2f0272116469af32d6bf3550e4"
        },
        "768p_Minima_04_gizmo_feedback.png": {
          "bytes": 35100,
          "sha256": "42f84b6d8b2df5db6ab53e7bf1d8e3c9ca9d6c1ce11d39f86ebc01baee7d034d"
        }
      },
      "requested_size": [
        1366,
        768
      ],
      "validation_message": {
        "informative_text": "",
        "text": "No collision shapes registered. Use Auto-Generate first.",
        "title": "Info",
        "widget": {
          "capture_size": [
            400,
            100
          ],
          "class": "QMessageBox",
          "enabled": true,
          "frame_geometry": [
            398,
            334,
            404,
            104
          ],
          "geometry": [
            400,
            336,
            400,
            100
          ],
          "object_name": "",
          "root_geometry": [
            1306,
            421,
            400,
            100
          ],
          "visible": true
        }
      },
      "widget_geometry": {
        "gizmo_feedback": {
          "canvas": {
            "class": "CanvasView",
            "enabled": true,
            "frame_geometry": [
              152,
              0,
              750,
              707
            ],
            "geometry": [
              152,
              0,
              750,
              707
            ],
            "object_name": "",
            "root_geometry": [
              152,
              61,
              750,
              707
            ],
            "visible": true
          },
          "collision_panel": {
            "class": "CollisionPanel",
            "enabled": true,
            "frame_geometry": [
              0,
              0,
              640,
              480
            ],
            "geometry": [
              0,
              0,
              640,
              480
            ],
            "object_name": "",
            "root_geometry": [
              906,
              85,
              640,
              480
            ],
            "visible": false
          },
          "compact_panel_tabs": {
            "class": "QTabWidget",
            "enabled": true,
            "frame_geometry": [
              0,
              0,
              460,
              707
            ],
            "geometry": [
              0,
              0,
              460,
              707
            ],
            "object_name": "",
            "root_geometry": [
              906,
              61,
              460,
              707
            ],
            "visible": true
          },
          "desktop_panel_splitter": {
            "class": "QSplitter",
            "enabled": true,
            "frame_geometry": [
              0,
              0,
              640,
              480
            ],
            "geometry": [
              0,
              0,
              640,
              480
            ],
            "object_name": "",
            "root_geometry": [
              906,
              61,
              640,
              480
            ],
            "visible": false
          },
          "groups": {
            "class": "GroupsPanel",
            "enabled": true,
            "frame_geometry": [
              0,
              0,
              640,
              480
            ],
            "geometry": [
              0,
              0,
              640,
              480
            ],
            "object_name": "",
            "root_geometry": [
              906,
              85,
              640,
              480
            ],
            "visible": false
          },
          "layers": {
            "class": "LayersPanel",
            "enabled": true,
            "frame_geometry": [
              0,
              0,
              640,
              480
            ],
            "geometry": [
              0,
              0,
              640,
              480
            ],
            "object_name": "",
            "root_geometry": [
              906,
              85,
              640,
              480
            ],
            "visible": false
          },
          "main_splitter": {
            "class": "QSplitter",
            "enabled": true,
            "frame_geometry": [
              0,
              61,
              1366,
              707
            ],
            "geometry": [
              0,
              61,
              1366,
              707
            ],
            "object_name": "",
            "root_geometry": [
              0,
              61,
              1366,
              707
            ],
            "visible": true
          },
          "nav_toolbar": {
            "class": "QToolBar",
            "enabled": true,
            "frame_geometry": [
              0,
              20,
              1143,
              41
            ],
            "geometry": [
              0,
              20,
              1143,
              41
            ],
            "object_name": "navigation_toolbar",
            "root_geometry": [
              0,
              20,
              1143,
              41
            ],
            "visible": true
          },
          "panel_stack": {
            "class": "QStackedWidget",
            "enabled": true,
            "frame_geometry": [
              906,
              0,
              460,
              707
            ],
            "geometry": [
              906,
              0,
              460,
              707
            ],
            "object_name": "",
            "root_geometry": [
              906,
              61,
              460,
              707
            ],
            "visible": true
          },
          "right_splitter": {
            "class": "QSplitter",
            "enabled": true,
            "frame_geometry": [
              0,
              0,
              640,
              480
            ],
            "geometry": [
              0,
              0,
              640,
              480
            ],
            "object_name": "",
            "root_geometry": [
              906,
              61,
              640,
              480
            ],
            "visible": false
          },
          "side_panel": {
            "class": "SidePanel",
            "enabled": true,
            "frame_geometry": [
              0,
              0,
              460,
              683
            ],
            "geometry": [
              0,
              0,
              460,
              683
            ],
            "object_name": "",
            "root_geometry": [
              906,
              85,
              460,
              683
            ],
            "visible": true
          },
          "tool_palette": {
            "class": "ToolPalette",
            "enabled": true,
            "frame_geometry": [
              0,
              0,
              148,
              707
            ],
            "geometry": [
              0,
              0,
              148,
              707
            ],
            "object_name": "left_tool_toolbar",
            "root_geometry": [
              0,
              61,
              148,
              707
            ],
            "visible": true
          },
          "toolbar": {
            "class": "QToolBar",
            "enabled": true,
            "frame_geometry": [
              0,
              0,
              640,
              480
            ],
            "geometry": [
              0,
              0,
              640,
              480
            ],
            "object_name": "main_toolbar",
            "root_geometry": [
              0,
              0,
              640,
              480
            ],
            "visible": false
          },
          "xray_toolbar": {
            "class": "QToolBar",
            "enabled": true,
            "frame_geometry": [
              1143,
              20,
              223,
              41
            ],
            "geometry": [
              1143,
              20,
              223,
              41
            ],
            "object_name": "xray_toolbar",
            "root_geometry": [
              1143,
              20,
              223,
              41
            ],
            "visible": true
          }
        },
        "projeto_paineis": {
          "canvas": {
            "class": "CanvasView",
            "enabled": true,
            "frame_geometry": [
              152,
              0,
              750,
              707
            ],
            "geometry": [
              152,
              0,
              750,
              707
            ],
            "object_name": "",
            "root_geometry": [
              152,
              61,
              750,
              707
            ],
            "visible": true
          },
          "collision_panel": {
            "class": "CollisionPanel",
            "enabled": true,
            "frame_geometry": [
              0,
              0,
              640,
              480
            ],
            "geometry": [
              0,
              0,
              640,
              480
            ],
            "object_name": "",
            "root_geometry": [
              906,
              85,
              640,
              480
            ],
            "visible": false
          },
          "compact_panel_tabs": {
            "class": "QTabWidget",
            "enabled": true,
            "frame_geometry": [
              0,
              0,
              460,
              707
            ],
            "geometry": [
              0,
              0,
              460,
              707
            ],
            "object_name": "",
            "root_geometry": [
              906,
              61,
              460,
              707
            ],
            "visible": true
          },
          "desktop_panel_splitter": {
            "class": "QSplitter",
            "enabled": true,
            "frame_geometry": [
              0,
              0,
              640,
              480
            ],
            "geometry": [
              0,
              0,
              640,
              480
            ],
            "object_name": "",
            "root_geometry": [
              906,
              61,
              640,
              480
            ],
            "visible": false
          },
          "groups": {
            "class": "GroupsPanel",
            "enabled": true,
            "frame_geometry": [
              0,
              0,
              640,
              480
            ],
            "geometry": [
              0,
              0,
              640,
              480
            ],
            "object_name": "",
            "root_geometry": [
              906,
              85,
              640,
              480
            ],
            "visible": false
          },
          "layers": {
            "class": "LayersPanel",
            "enabled": true,
            "frame_geometry": [
              0,
              0,
              640,
              480
            ],
            "geometry": [
              0,
              0,
              640,
              480
            ],
            "object_name": "",
            "root_geometry": [
              906,
              85,
              640,
              480
            ],
            "visible": false
          },
          "main_splitter": {
            "class": "QSplitter",
            "enabled": true,
            "frame_geometry": [
              0,
              61,
              1366,
              707
            ],
            "geometry": [
              0,
              61,
              1366,
              707
            ],
            "object_name": "",
            "root_geometry": [
              0,
              61,
              1366,
              707
            ],
            "visible": true
          },
          "nav_toolbar": {
            "class": "QToolBar",
            "enabled": true,
            "frame_geometry": [
              0,
              20,
              1143,
              41
            ],
            "geometry": [
              0,
              20,
              1143,
              41
            ],
            "object_name": "navigation_toolbar",
            "root_geometry": [
              0,
              20,
              1143,
              41
            ],
            "visible": true
          },
          "panel_stack": {
            "class": "QStackedWidget",
            "enabled": true,
            "frame_geometry": [
              906,
              0,
              460,
              707
            ],
            "geometry": [
              906,
              0,
              460,
              707
            ],
            "object_name": "",
            "root_geometry": [
              906,
              61,
              460,
              707
            ],
            "visible": true
          },
          "right_splitter": {
            "class": "QSplitter",
            "enabled": true,
            "frame_geometry": [
              0,
              0,
              640,
              480
            ],
            "geometry": [
              0,
              0,
              640,
              480
            ],
            "object_name": "",
            "root_geometry": [
              906,
              61,
              640,
              480
            ],
            "visible": false
          },
          "side_panel": {
            "class": "SidePanel",
            "enabled": true,
            "frame_geometry": [
              0,
              0,
              460,
              683
            ],
            "geometry": [
              0,
              0,
              460,
              683
            ],
            "object_name": "",
            "root_geometry": [
              906,
              85,
              460,
              683
            ],
            "visible": true
          },
          "tool_palette": {
            "class": "ToolPalette",
            "enabled": true,
            "frame_geometry": [
              0,
              0,
              148,
              707
            ],
            "geometry": [
              0,
              0,
              148,
              707
            ],
            "object_name": "left_tool_toolbar",
            "root_geometry": [
              0,
              61,
              148,
              707
            ],
            "visible": true
          },
          "toolbar": {
            "class": "QToolBar",
            "enabled": true,
            "frame_geometry": [
              0,
              0,
              640,
              480
            ],
            "geometry": [
              0,
              0,
              640,
              480
            ],
            "object_name": "main_toolbar",
            "root_geometry": [
              0,
              0,
              640,
              480
            ],
            "visible": false
          },
          "xray_toolbar": {
            "class": "QToolBar",
            "enabled": true,
            "frame_geometry": [
              1143,
              20,
              223,
              41
            ],
            "geometry": [
              1143,
              20,
              223,
              41
            ],
            "object_name": "xray_toolbar",
            "root_geometry": [
              1143,
              20,
              223,
              41
            ],
            "visible": true
          }
        },
        "sem_projeto": {
          "canvas": {
            "class": "CanvasView",
            "enabled": true,
            "frame_geometry": [
              152,
              0,
              750,
              707
            ],
            "geometry": [
              152,
              0,
              750,
              707
            ],
            "object_name": "",
            "root_geometry": [
              152,
              61,
              750,
              707
            ],
            "visible": true
          },
          "collision_panel": {
            "class": "CollisionPanel",
            "enabled": true,
            "frame_geometry": [
              0,
              0,
              640,
              480
            ],
            "geometry": [
              0,
              0,
              640,
              480
            ],
            "object_name": "",
            "root_geometry": [
              906,
              85,
              640,
              480
            ],
            "visible": false
          },
          "compact_panel_tabs": {
            "class": "QTabWidget",
            "enabled": true,
            "frame_geometry": [
              0,
              0,
              460,
              707
            ],
            "geometry": [
              0,
              0,
              460,
              707
            ],
            "object_name": "",
            "root_geometry": [
              906,
              61,
              460,
              707
            ],
            "visible": true
          },
          "desktop_panel_splitter": {
            "class": "QSplitter",
            "enabled": true,
            "frame_geometry": [
              0,
              0,
              640,
              480
            ],
            "geometry": [
              0,
              0,
              640,
              480
            ],
            "object_name": "",
            "root_geometry": [
              906,
              61,
              640,
              480
            ],
            "visible": false
          },
          "groups": {
            "class": "GroupsPanel",
            "enabled": true,
            "frame_geometry": [
              0,
              0,
              640,
              480
            ],
            "geometry": [
              0,
              0,
              640,
              480
            ],
            "object_name": "",
            "root_geometry": [
              906,
              85,
              640,
              480
            ],
            "visible": false
          },
          "layers": {
            "class": "LayersPanel",
            "enabled": true,
            "frame_geometry": [
              0,
              0,
              640,
              480
            ],
            "geometry": [
              0,
              0,
              640,
              480
            ],
            "object_name": "",
            "root_geometry": [
              906,
              85,
              640,
              480
            ],
            "visible": false
          },
          "main_splitter": {
            "class": "QSplitter",
            "enabled": true,
            "frame_geometry": [
              0,
              61,
              1366,
              707
            ],
            "geometry": [
              0,
              61,
              1366,
              707
            ],
            "object_name": "",
            "root_geometry": [
              0,
              61,
              1366,
              707
            ],
            "visible": true
          },
          "nav_toolbar": {
            "class": "QToolBar",
            "enabled": true,
            "frame_geometry": [
              0,
              20,
              1143,
              41
            ],
            "geometry": [
              0,
              20,
              1143,
              41
            ],
            "object_name": "navigation_toolbar",
            "root_geometry": [
              0,
              20,
              1143,
              41
            ],
            "visible": true
          },
          "panel_stack": {
            "class": "QStackedWidget",
            "enabled": true,
            "frame_geometry": [
              906,
              0,
              460,
              707
            ],
            "geometry": [
              906,
              0,
              460,
              707
            ],
            "object_name": "",
            "root_geometry": [
              906,
              61,
              460,
              707
            ],
            "visible": true
          },
          "right_splitter": {
            "class": "QSplitter",
            "enabled": true,
            "frame_geometry": [
              0,
              0,
              640,
              480
            ],
            "geometry": [
              0,
              0,
              640,
              480
            ],
            "object_name": "",
            "root_geometry": [
              906,
              61,
              640,
              480
            ],
            "visible": false
          },
          "side_panel": {
            "class": "SidePanel",
            "enabled": false,
            "frame_geometry": [
              0,
              0,
              460,
              683
            ],
            "geometry": [
              0,
              0,
              460,
              683
            ],
            "object_name": "",
            "root_geometry": [
              906,
              85,
              460,
              683
            ],
            "visible": true
          },
          "tool_palette": {
            "class": "ToolPalette",
            "enabled": false,
            "frame_geometry": [
              0,
              0,
              148,
              707
            ],
            "geometry": [
              0,
              0,
              148,
              707
            ],
            "object_name": "left_tool_toolbar",
            "root_geometry": [
              0,
              61,
              148,
              707
            ],
            "visible": true
          },
          "toolbar": {
            "class": "QToolBar",
            "enabled": true,
            "frame_geometry": [
              0,
              0,
              640,
              480
            ],
            "geometry": [
              0,
              0,
              640,
              480
            ],
            "object_name": "main_toolbar",
            "root_geometry": [
              0,
              0,
              640,
              480
            ],
            "visible": false
          },
          "xray_toolbar": {
            "class": "QToolBar",
            "enabled": true,
            "frame_geometry": [
              1143,
              20,
              223,
              41
            ],
            "geometry": [
              1143,
              20,
              223,
              41
            ],
            "object_name": "xray_toolbar",
            "root_geometry": [
              1143,
              20,
              223,
              41
            ],
            "visible": true
          }
        },
        "validacao_janela": {
          "canvas": {
            "class": "CanvasView",
            "enabled": true,
            "frame_geometry": [
              152,
              0,
              750,
              707
            ],
            "geometry": [
              152,
              0,
              750,
              707
            ],
            "object_name": "",
            "root_geometry": [
              152,
              61,
              750,
              707
            ],
            "visible": true
          },
          "collision_panel": {
            "class": "CollisionPanel",
            "enabled": true,
            "frame_geometry": [
              0,
              0,
              460,
              683
            ],
            "geometry": [
              0,
              0,
              460,
              683
            ],
            "object_name": "",
            "root_geometry": [
              906,
              85,
              460,
              683
            ],
            "visible": true
          },
          "compact_panel_tabs": {
            "class": "QTabWidget",
            "enabled": true,
            "frame_geometry": [
              0,
              0,
              460,
              707
            ],
            "geometry": [
              0,
              0,
              460,
              707
            ],
            "object_name": "",
            "root_geometry": [
              906,
              61,
              460,
              707
            ],
            "visible": true
          },
          "desktop_panel_splitter": {
            "class": "QSplitter",
            "enabled": true,
            "frame_geometry": [
              0,
              0,
              640,
              480
            ],
            "geometry": [
              0,
              0,
              640,
              480
            ],
            "object_name": "",
            "root_geometry": [
              906,
              61,
              640,
              480
            ],
            "visible": false
          },
          "groups": {
            "class": "GroupsPanel",
            "enabled": true,
            "frame_geometry": [
              0,
              0,
              640,
              480
            ],
            "geometry": [
              0,
              0,
              640,
              480
            ],
            "object_name": "",
            "root_geometry": [
              906,
              85,
              640,
              480
            ],
            "visible": false
          },
          "layers": {
            "class": "LayersPanel",
            "enabled": true,
            "frame_geometry": [
              0,
              0,
              640,
              480
            ],
            "geometry": [
              0,
              0,
              640,
              480
            ],
            "object_name": "",
            "root_geometry": [
              906,
              85,
              640,
              480
            ],
            "visible": false
          },
          "main_splitter": {
            "class": "QSplitter",
            "enabled": true,
            "frame_geometry": [
              0,
              61,
              1366,
              707
            ],
            "geometry": [
              0,
              61,
              1366,
              707
            ],
            "object_name": "",
            "root_geometry": [
              0,
              61,
              1366,
              707
            ],
            "visible": true
          },
          "nav_toolbar": {
            "class": "QToolBar",
            "enabled": true,
            "frame_geometry": [
              0,
              20,
              1143,
              41
            ],
            "geometry": [
              0,
              20,
              1143,
              41
            ],
            "object_name": "navigation_toolbar",
            "root_geometry": [
              0,
              20,
              1143,
              41
            ],
            "visible": true
          },
          "panel_stack": {
            "class": "QStackedWidget",
            "enabled": true,
            "frame_geometry": [
              906,
              0,
              460,
              707
            ],
            "geometry": [
              906,
              0,
              460,
              707
            ],
            "object_name": "",
            "root_geometry": [
              906,
              61,
              460,
              707
            ],
            "visible": true
          },
          "right_splitter": {
            "class": "QSplitter",
            "enabled": true,
            "frame_geometry": [
              0,
              0,
              640,
              480
            ],
            "geometry": [
              0,
              0,
              640,
              480
            ],
            "object_name": "",
            "root_geometry": [
              906,
              61,
              640,
              480
            ],
            "visible": false
          },
          "side_panel": {
            "class": "SidePanel",
            "enabled": true,
            "frame_geometry": [
              0,
              0,
              460,
              683
            ],
            "geometry": [
              0,
              0,
              460,
              683
            ],
            "object_name": "",
            "root_geometry": [
              906,
              85,
              460,
              683
            ],
            "visible": false
          },
          "tool_palette": {
            "class": "ToolPalette",
            "enabled": true,
            "frame_geometry": [
              0,
              0,
              148,
              707
            ],
            "geometry": [
              0,
              0,
              148,
              707
            ],
            "object_name": "left_tool_toolbar",
            "root_geometry": [
              0,
              61,
              148,
              707
            ],
            "visible": true
          },
          "toolbar": {
            "class": "QToolBar",
            "enabled": true,
            "frame_geometry": [
              0,
              0,
              640,
              480
            ],
            "geometry": [
              0,
              0,
              640,
              480
            ],
            "object_name": "main_toolbar",
            "root_geometry": [
              0,
              0,
              640,
              480
            ],
            "visible": false
          },
          "xray_toolbar": {
            "class": "QToolBar",
            "enabled": true,
            "frame_geometry": [
              1143,
              20,
              223,
              41
            ],
            "geometry": [
              1143,
              20,
              223,
              41
            ],
            "object_name": "xray_toolbar",
            "root_geometry": [
              1143,
              20,
              223,
              41
            ],
            "visible": true
          }
        },
        "validacao_modal": {
          "capture_size": [
            400,
            100
          ],
          "class": "QMessageBox",
          "enabled": true,
          "frame_geometry": [
            398,
            334,
            404,
            104
          ],
          "geometry": [
            400,
            336,
            400,
            100
          ],
          "object_name": "",
          "root_geometry": [
            1306,
            421,
            400,
            100
          ],
          "visible": true
        }
      }
    }
  },
  "generator": "scripts/audit_ui_capture.py",
  "image_fixture": {
    "bytes": 10112,
    "sha256": "5c1922c64ce7ab1f7118b5f28e2ab86f7e79e233917fe50b0366f10a1e8e79b7"
  },
  "platform": "Windows-10-10.0.26200-SP0",
  "project_fixture": {
    "bytes": 2193,
    "sha256": "0c1c2321113a2dacd4ea4dd4fc9b30e1686fdf964665ab48a6afd71d103e7a75"
  },
  "python": "3.11.9 (tags/v3.11.9:de54cf5, Apr  2 2024, 10:12:12) [MSC v.1938 64 bit (AMD64)]",
  "schema_version": 2
}
CuPy not found. Fallback to CPU processing.
