
[Licensing::Module] Trying to connect to existing licensing client channel...
Built from '6000.5/staging' branch; Version is '6000.5.7f1 (017862109af0) revision 96354'; Using compiler version '194234433'; Build Type 'Release'
[Licensing::IpcConnector] Channel LicenseClient-<redacted> doesn't exist
OS: 'Windows 11  (10.0.26200) Professional' Language: 'pt' Physical Memory: 32690 MB
BatchMode: 1, IsHumanControllingUs: 0, StartBugReporterOnCrash: 0, Is64bit: 1
System  architecture: x64
Process architecture: x64
<redacted-timestamp>
[Licensing::Module] Successfully launched the LicensingClient (PId: <redacted>)

COMMAND LINE ARGUMENTS:
<local-path>
-batchmode
-nographics
-quit
-projectPath
<local-path>\project
-executeMethod
NeoEng.DTrace.Editor.UnityImportGenerator.RunHeadlessImport
-logFile
<local-path>\project-RunHeadlessImport-02.log
Successfully changed project path to: <local-path>\project
<local-path>
[UnityMemory] Configuration Parameters - Can be set up in boot.config
    "memorysetup-temp-allocator-size-gi-baking-worker=262144"
    "memorysetup-temp-allocator-size-gi-baking-worker=262144"
    "memorysetup-temp-allocator-size-gi-baking-worker=262144"
    "memorysetup-temp-allocator-size-gi-baking-worker=262144"
    "memorysetup-temp-allocator-size-gi-baking-worker=262144"
    "memorysetup-temp-allocator-size-nav-mesh-worker=65536"
    "memorysetup-temp-allocator-size-audio-worker=65536"
    "memorysetup-temp-allocator-size-cloud-worker=32768"
    "memorysetup-temp-allocator-size-gfx=262144"
    "memorysetup-temp-allocator-size-preload-manager=33554432"
    "memorysetup-allocator-temp-initial-block-size-main=262144"
    "memorysetup-allocator-temp-initial-block-size-worker=262144"
    "memorysetup-temp-allocator-size-job-worker=262144"
    "memorysetup-temp-allocator-size-background-worker=32768"
    "memorysetup-bucket-allocator-granularity=16"
    "memorysetup-bucket-allocator-bucket-count=8"
    "memorysetup-bucket-allocator-block-size=33554432"
    "memorysetup-bucket-allocator-block-count=8"
    "memorysetup-main-allocator-block-size=16777216"
    "memorysetup-thread-allocator-block-size=16777216"
    "memorysetup-main-allocator-mimalloc-enabled=0"
    "memorysetup-gfx-main-allocator-block-size=16777216"
    "memorysetup-gfx-thread-allocator-block-size=16777216"
    "memorysetup-cache-allocator-block-size=4194304"
    "memorysetup-typetree-allocator-block-size=2097152"
    "memorysetup-profiler-bucket-allocator-granularity=16"
    "memorysetup-profiler-bucket-allocator-bucket-count=8"
    "memorysetup-profiler-bucket-allocator-block-size=33554432"
    "memorysetup-profiler-bucket-allocator-block-count=8"
    "memorysetup-profiler-allocator-block-size=16777216"
    "memorysetup-profiler-editor-allocator-block-size=1048576"
    "memorysetup-temp-allocator-size-main=16777216"
    "memorysetup-job-temp-allocator-block-size=2097152"
    "memorysetup-job-temp-allocator-block-size-background=1048576"
    "memorysetup-job-temp-allocator-reduction-small-platforms=262144"
<redacted-player-connection>

<redacted-player-connection>

<redacted-player-connection>

<redacted-player-connection>

<redacted-player-connection>

<redacted-player-connection>
<redacted-player-connection>
Input System module state changed to: Initialized.
[Physics::Module] Initialized fallback backend.
[Physics::Module] Id: 0xdecafbad
Starting IPC server.
Waiting for clients to connect on \\.\pipe\Unity-LicenseClient-<redacted>, press Ctrl-C to exit.
[Licensing::IpcConnector] Successfully connected to: "LicenseClient-<redacted>" at "2026-08-17T00:05:21.4277512Z"
[Licensing::Client] Code 10 while verifying Licensing Client signature (process Id: <redacted>, path: "<local-path>")
[Licensing::Module] LicensingClient has failed validation; ignoring
[Package Manager] Connected to IPC stream "Upm-30404" after 0.3 seconds.
[Licensing::Module] Licensing is not yet initialized.
[Licensing::Client] Handshaking with LicensingClient:
  Version:                 1.18.1+9fbee8e
<redacted-engine-identity>
<redacted-engine-identity>
<redacted-engine-identity>
<redacted-engine-identity>
[Licensing::Module] Successfully connected to LicensingClient on channel: "LicenseClient-<redacted>" (connect: 0.37s, validation: 0.04s, handshake: 0.04s)
[Licensing::IpcConnector] Successfully connected to: "LicenseClient-<redacted>" at "2026-08-17T00:05:21.5136725Z"
[Licensing::Module] Connected to LicensingClient (PId: <redacted>, launch time: 0.01, total connection time: 0.46s)
[Licensing::Module] Error: Access token is unavailable; failed to update
[Licensing::Client] Successfully resolved entitlement details
[Licensing::Module] License group:
  Id: 4674131544823-UnityPersXXXX
  Product: Unity Personal
  Type: Assigned
  Expiration: Unlimited
[Licensing::Client] Successfully updated license, isAsync: True, time: 0.01
[Licensing::Client] Successfully resolved entitlement details
[Licensing::Module] Licensing Background thread has ended after 0.49s
[Licensing::Module] Licensing is initialized (took 0.06s).
[Licensing::Client] Successfully resolved entitlement details
Library Redirect Path: Library/
[Physics::Module] Selected backend.
[Physics::Module] Name: PhysX
[Physics::Module] Id: 0xf2b8ea05
[Physics::Module] SDK Version: 4.1.2
[Physics::Module] Integration Version: 1.0.0
[Physics::Module] Threading Mode: Multi-Threaded
Initialize engine version: 6000.5.7f1 (017862109af0)
[Subsystems] Discovering subsystems at path <local-path>
[Subsystems] Discovering subsystems at path <local-path>
Forcing GfxDevice: Null
GfxDevice: creating device client; kGfxThreadingModeNonThreaded
NullGfxDevice:
    Version:  NULL 1.0 [1.0]
    Renderer: Null Device
    Vendor:   Unity Technologies
Initialize mono
Mono path[0] = '<local-path>
Mono path[1] = '<local-path>
Mono path[2] = '<local-path>
Mono config path = '<local-path>
<redacted-debug-endpoint>
CodeReloadManager initialized
ImportWorker Server TCP listen port: 0
AcceleratorClientConnectionCallback - disconnected - :0
Begin MonoManager ReloadAssembly
Registering precompiled unity dll's ...
Register platform support module: <local-path>
Register platform support module: <local-path>
Registered in 0.006309 seconds.
Native extension for WindowsStandalone target not found
Native extension for WebGL target not found
Package Manager log level set to [2]
ScheduleIndexationOnStartup MainProcess:False IndexOnStartup:False
Mono: successfully reloaded assembly
- Finished resetting the current domain, in  0.388 seconds
Domain Reload Profiling: 1039ms
	BeginReloadAssembly (196ms)
		CreateAndSetChildDomain (12ms)
	RebuildCommonClasses (5ms)
	RebuildNativeTypeToScriptingClass (17ms)
	initialDomainReloadingComplete (107ms)
	LoadAllAssembliesAndSetupDomain (322ms)
		LoadAssemblies (173ms)
		AnalyzeDomain (224ms)
			TypeCache.Refresh (223ms)
				TypeCache.ScanAssembly (209ms)
	FinalizeReload (391ms)
		SetupLoadedEditorAssemblies (0ms)
			InitializePlatformSupportModulesInManaged (3ms)
			BeforeProcessingInitializeOnLoad (92ms)
			ProcessInitializeOnLoadAttributes (96ms)
			ProcessInitializeOnLoadMethodAttributes (127ms)
[Licensing::Client] Successfully resolved entitlement details
Application.AssetDatabase Initial Refresh Start
[Package Manager] Restoring resolved packages state from cache
[Licensing::Client] Successfully resolved entitlement details
[Package Manager] Registered 1 packages:
  Local packages:
    com.neoeng.dtrace@file:<repo>\integrations\unity\package\com.neoeng.dtrace (location: <repo>\integrations\unity\package\com.neoeng.dtrace)
[Subsystems] No new subsystems found in resolved package list.
[Package Manager] Done registering packages in 0.00 seconds
info: Microsoft.Hosting.Lifetime[14]
      Now listening on: htt<local-path>
info: Microsoft.Hosting.Lifetime[0]
      Application started. Press Ctrl+C to shut down.
info: Microsoft.Hosting.Lifetime[0]
      Hosting environment: Production
info: Microsoft.Hosting.Lifetime[0]
      Content root path: <local-path>\project
info: Microsoft.AspNetCore.Hosting.Diagnostics[1]
      Request starting HTTP/2 POST htt<local-path>
info: Microsoft.AspNetCore.Routing.EndpointMiddleware[0]
      Executing endpoint 'gRPC - /UnityILPP.PostProcessing/Ping'
info: Microsoft.AspNetCore.Routing.EndpointMiddleware[1]
      Executed endpoint 'gRPC - /UnityILPP.PostProcessing/Ping'
info: Microsoft.AspNetCore.Hosting.Diagnostics[2]
      Request finished HTTP/2 POST htt<local-path>
Starting: <local-path>"Library/Bee/1900b0aE.dag" --continue-on-failure --profile="Library/Bee/backend1.traceevents" ScriptAssemblies
WorkingDir: <local-path>
DisplayProgressbar: Compiling Scripts
ExitCode: 0 Duration: 0s105ms
*** Tundra build success (0.07 seconds), 0 items updated, 168 evaluated
AssetDatabase: script compilation time: 0.494910s
Begin MonoManager ReloadAssembly
Native extension for WindowsStandalone target not found
Native extension for WebGL target not found
ScheduleIndexationOnStartup MainProcess:True IndexOnStartup:True
Mono: successfully reloaded assembly
- Finished resetting the current domain, in  0.470 seconds
Domain Reload Profiling: 1080ms
	BeginReloadAssembly (381ms)
		DisableScriptedObjects (33ms)
		CreateAndSetChildDomain (145ms)
	RebuildCommonClasses (9ms)
	RebuildNativeTypeToScriptingClass (18ms)
	initialDomainReloadingComplete (78ms)
	LoadAllAssembliesAndSetupDomain (122ms)
		LoadAssemblies (151ms)
		AnalyzeDomain (9ms)
			TypeCache.Refresh (4ms)
			BuildScriptInfoCaches (3ms)
	FinalizeReload (473ms)
		SetupLoadedEditorAssemblies (0ms)
			BeforeProcessingInitializeOnLoad (88ms)
			ProcessInitializeOnLoadAttributes (74ms)
			ProcessInitializeOnLoadMethodAttributes (67ms)
			AfterProcessingInitializeOnLoad (23ms)
		AwakeInstancesAfterBackupRestoration (21ms)
Importing 'GUID: cd7261f91d78e7744899f9f6a5e22638 - Path: Assets/NeoEngGenerated/hero.ndt.override.json' with importer (TextScriptImporter)
Imported 'GUID: cd7261f91d78e7744899f9f6a5e22638' -> (Import Result ID: 'b13750501aef5c625eb10b334717dfea') in 0.024 seconds [static dependencies only]. Details - ImportResultOutputID=a7c511f9dd439c6a79a807cae98a1a29 DependenciesID=4fcaf82d04a4f0d4d3a02558f783160d StaticDependenciesID=1897c07d3c73638d6208a4ab6b021c55 
Starting new worker id: 0 with log in <local-path>

Asset Pipeline Refresh (id=a271df78cea053340bdd0ed6ebb78a19): Total: 1.926 seconds - Initiated by InitialRefreshV2(ForceSynchronousImport)
	(Values over 0.05ms)
	Summary:
		Imports: total=1 (actual=1, local cache=0, cache server=0)
		Asset DB Process Time: managed=1 ms, native=654 ms
		Asset DB Callback time: managed=57 ms, native=6 ms
		Scripting: domain reloads=1, domain reload time=684 ms, compile time=497 ms, other=24 ms
		Project Asset Count: scripts=29, non-scripts=9
		Asset File Changes: new=1, changed=1, moved=0, deleted=0
		Scan Filter Count: 0
	InvokePackagesCallback: 12.013ms
	ApplyChangesToAssetFolders: 0.500ms
	Scan: 52.876ms
	Collect global state as custom dependencies: 11.868ms
	OnSourceAssetsModified: 0.576ms
	ProcessAssetsWithTransientArtifactChanges: 0.417ms
	CategorizeAssets: 0.255ms
	CompileScripts: 496.773ms
	ImportOutOfDateAssets: 513.780ms (477.328ms without children)
		ImportManagerImport: 24.657ms (0.872ms without children)
		UnloadImportedAssets: 0.127ms
		ImportSchedulerStart: 11.651ms
	PostProcessAllAssets: 56.680ms
		VersionControlSettings.HiddenFilePostprocess 0.125ms
		MonoPostProcessAllAssets: 55.947ms
			StyleCatalogPostProcessor.OnPostprocessAllAssets 13.099ms
			AssetPostprocessor.OnPostprocessAllAssets 11.905ms
			WindowAssetPostprocessingWatcher.OnPostprocessAllAssets 7.398ms
			BuilderAssetPostprocessor.OnPostprocessAllAssets 5.277ms
			SyncVS.PostprocessSyncProject 2.311ms
			AssetChangedListener.OnPostprocessAllAssets 1.904ms
			RetainedModeAssetPostprocessor.OnPostprocessAllAssets 1.162ms
			EditModeScopePostprocessor.OnPostprocessAllAssets 1.102ms
			SpeedTree9Postprocessor.OnPostprocessAllAssets 0.779ms
			TextAssetPostProcessor.OnPostprocessAllAssets 0.563ms
			ArtifactBrowserPostProcessor.OnPostprocessAllAssets 0.532ms
			ReferencedClipsPostProcessor.OnPostprocessAllAssets 0.292ms
			AudioMixerPostprocessor.OnPostprocessAllAssets 0.282ms
			AssetEvents.OnPostprocessAllAssets 0.215ms
			TerrainToolbarOverlayPostProcessor.OnPostprocessAllAssets 0.179ms
			AssetDatabaseCallbacks.OnPostprocessAllAssets 0.159ms
			SpeedTreePostProcessor.OnPostprocessAllAssets 0.137ms
			ConfigAssetsTracker.OnPostprocessAllAssets 0.136ms
			ScenarioDriftAssetsTracker.OnPostprocessAllAssets 0.130ms
			RenderPipelineGlobalSettingsPostprocessor.OnPostprocessAllAssets 0.085ms
			AudioContainerPostProcessor.OnPostprocessAllAssets 0.072ms
	PostAssetChangesProfiler: 0.839ms
	UnloadStreamsBegin: 1.291ms
	Untracked: 770.233ms

Application.AssetDatabase Initial Refresh End
Scanning for USB devices : 11.214ms
Initializing Unity extensions:
[MODES] ModeService[none].Initialize
[MODES] ModeService[none].LoadModes
[MODES] Loading mode Default (0) for mode-current-id-project
Unloading 3 Unused Serialized files (Serialized files now loaded: 0)
Unloading 19 unused Assets / (0.5 MB). Loaded Objects now: 659.
Memory consumption went from 185.7 MB to 185.2 MB.
Total: 4.644400 ms (FindLiveObjects: 0.031400 ms CreateObjectMapping: 0.004900 ms MarkObjects: 4.419300 ms  DeleteObjects: 0.184400 ms)

Importing 'GUID: 0f18c29b01d975f47a0bbbf9a7d8b590 - Path: Assets/source.png' with importer (TextureImporter)
Imported 'GUID: 0f18c29b01d975f47a0bbbf9a7d8b590' -> (Import Result ID: '777580b8b138980ee50efc179b9bd7ac') in 0.006 seconds [static and dynamic dependencies]. Details - ImportResultOutputID=ecd8927c8c28bb012b2ccb92b92f2725 DependenciesID=3a9dcaf073207ec16e715dc33e00218e StaticDependenciesID=1bf354da3a228cc0ab669e19d55a2ffc 
Asset Pipeline Refresh (id=94c36ced88b2c3d4190554f892b2fab1): Total: 0.040 seconds - Initiated by StopAssetImportingV2(NoUpdateAssetOptions)
Asset Pipeline Refresh (id=990577a917c83ec4c96d9295cf84276a): Total: 0.017 seconds - Initiated by StopAssetImportingV2(NoUpdateAssetOptions)
Asset Pipeline Refresh (id=96716f3f81504f2488ea92823d68b88e): Total: 0.030 seconds - Initiated by StopAssetImportingV2(NoUpdateAssetOptions)
Asset Pipeline Refresh (id=d272299a7904abe4493c68587d11674c): Total: 0.016 seconds - Initiated by StopAssetImportingV2(NoUpdateAssetOptions)
Importing 'GUID: 1e9563f5f18440e44827a2bd2f00e640 - Path: Assets/NeoEngGenerated/hero.metadata.asset' with importer (NativeFormatImporter)
Imported 'GUID: 1e9563f5f18440e44827a2bd2f00e640' -> (Import Result ID: 'a387531ea84ebeda6123087bcc3bd265') in 0.001 seconds [static dependencies only]. Details - ImportResultOutputID=fa7d0fcd4a462aafc400ead3a8802237 DependenciesID=aac45a2a3328dc26e4e4d5aa6482ace3 StaticDependenciesID=0036c54e11ad949d1770943f9edcd2d6 
Asset Pipeline Refresh (id=858cf64b42eb3a04fba62c102bc426c3): Total: 0.031 seconds - Initiated by StopAssetImportingV2(NoUpdateAssetOptions)
Asset Pipeline Refresh (id=053d05363d2c2974a921d5caee53aa39): Total: 0.016 seconds - Initiated by StopAssetImportingV2(NoUpdateAssetOptions)
Importing 'GUID: 7e23bd91b58ea7d448dc88c187417a40 - Path: Assets/NeoEngGenerated/hero.prefab' with importer (PrefabImporter)
Imported 'GUID: 7e23bd91b58ea7d448dc88c187417a40' -> (Import Result ID: '8104663a407a46c5679843b3e710f102') in 0.005 seconds [static and dynamic dependencies]. Details - ImportResultOutputID=f1507755e7ceaf11ea88062ac06a6e24 DependenciesID=7b845d8c5393c407bb9792b51d9182e7 StaticDependenciesID=e6308e8adb5093ec48329fb69a4e16b2 
Asset Pipeline Refresh (id=30a2ad6bc5d1ed34f89b17fba5250b75): Total: 0.038 seconds - Initiated by StopAssetImportingV2(NoUpdateAssetOptions)
Asset Pipeline Refresh (id=92d5b02884f4a8f4b90d24b8d243da7a): Total: 0.017 seconds - Initiated by RefreshV2(ForceUpdate)
UNITY_NATIVE_IMPORT_STAGE6=SUCCESS
UnityEngine.Debug:ExtractStackTraceNoAlloc (byte*,int,string)
UnityEngine.StackTraceUtility:ExtractStackTrace ()
UnityEngine.DebugLogHandler:Internal_Log (UnityEngine.LogType,UnityEngine.LogOption,string,UnityEngine.Object)
UnityEngine.DebugLogHandler:LogFormat (UnityEngine.LogType,UnityEngine.Object,string,object[])
UnityEngine.Logger:Log (UnityEngine.LogType,object)
UnityEngine.Debug:Log (object)
NeoEng.DTrace.Editor.UnityImportGenerator:RunHeadlessImport () (at <local-path>

(Filename: <local-path>

UNITY_NATIVE_SYNC_STAGE7=SUCCESS
UnityEngine.Debug:ExtractStackTraceNoAlloc (byte*,int,string)
UnityEngine.StackTraceUtility:ExtractStackTrace ()
UnityEngine.DebugLogHandler:Internal_Log (UnityEngine.LogType,UnityEngine.LogOption,string,UnityEngine.Object)
UnityEngine.DebugLogHandler:LogFormat (UnityEngine.LogType,UnityEngine.Object,string,object[])
UnityEngine.Logger:Log (UnityEngine.LogType,object)
UnityEngine.Debug:Log (object)
NeoEng.DTrace.Editor.UnityImportGenerator:RunHeadlessImport () (at <local-path>

(Filename: <local-path>

IMPORTED_SPRITES=1
UnityEngine.Debug:ExtractStackTraceNoAlloc (byte*,int,string)
UnityEngine.StackTraceUtility:ExtractStackTrace ()
UnityEngine.DebugLogHandler:Internal_Log (UnityEngine.LogType,UnityEngine.LogOption,string,UnityEngine.Object)
UnityEngine.DebugLogHandler:LogFormat (UnityEngine.LogType,UnityEngine.Object,string,object[])
UnityEngine.Logger:Log (UnityEngine.LogType,object)
UnityEngine.Debug:Log (object)
NeoEng.DTrace.Editor.UnityImportGenerator:RunHeadlessImport () (at <local-path>

(Filename: <local-path>

IMPORTED_PREFABS=1
UnityEngine.Debug:ExtractStackTraceNoAlloc (byte*,int,string)
UnityEngine.StackTraceUtility:ExtractStackTrace ()
UnityEngine.DebugLogHandler:Internal_Log (UnityEngine.LogType,UnityEngine.LogOption,string,UnityEngine.Object)
UnityEngine.DebugLogHandler:LogFormat (UnityEngine.LogType,UnityEngine.Object,string,object[])
UnityEngine.Logger:Log (UnityEngine.LogType,object)
UnityEngine.Debug:Log (object)
NeoEng.DTrace.Editor.UnityImportGenerator:RunHeadlessImport () (at <local-path>

(Filename: <local-path>

IMPORTED_COLLIDERS=1
UnityEngine.Debug:ExtractStackTraceNoAlloc (byte*,int,string)
UnityEngine.StackTraceUtility:ExtractStackTrace ()
UnityEngine.DebugLogHandler:Internal_Log (UnityEngine.LogType,UnityEngine.LogOption,string,UnityEngine.Object)
UnityEngine.DebugLogHandler:LogFormat (UnityEngine.LogType,UnityEngine.Object,string,object[])
UnityEngine.Logger:Log (UnityEngine.LogType,object)
UnityEngine.Debug:Log (object)
NeoEng.DTrace.Editor.UnityImportGenerator:RunHeadlessImport () (at <local-path>

(Filename: <local-path>

Batchmode quit successfully invoked - shutting down!
[Physics::Module] Cleanup current backend.
[Physics::Module] Id: 0xf2b8ea05
Input System module state changed to: ShutdownInProgress.
Input Polling Thread exited.
Input System module state changed to: Shutdown.
[Licensing::IpcConnector] LicenseClient-<redacted> channel disconnected successfully.
[Licensing::IpcConnector] LicenseClient-<redacted> channel disconnected successfully.
AcceleratorClientConnectionCallback - disconnected - :0
Cleanup mono
CodeReloadManager destroyed
Shut down.
abort_threads: Failed aborting id: 0000000000000C18, mono_thread_manage will ignore it

abort_threads: Failed aborting id: 0000000000000C18, mono_thread_manage will ignore it

<redacted-debug-endpoint>
Exiting batchmode successfully now!
Exiting without the bug reporter. Application will terminate with return code 0