[Licensing::Module] Trying to connect to existing licensing client channel...
Built from '6000.5/staging' branch; Version is '6000.5.7f1 (017862109af0) revision 96354'; Using compiler version '194234433'; Build Type 'Release'
OS: 'Windows 11  (10.0.26200) Professional' Language: 'pt' Physical Memory: 32690 MB
[Licensing::IpcConnector] Channel LicenseClient-<redacted> doesn't exist
BatchMode: 1, IsHumanControllingUs: 0, StartBugReporterOnCrash: 0, Is64bit: 1
System  architecture: x64
Process architecture: x64
<redacted-timestamp>
[Licensing::Module] Successfully launched the LicensingClient (PId: <redacted>)

COMMAND LINE ARGUMENTS:
<local-path>
-batchmode
-nographics
-quit
-projectPath
<local-path>\positive-one
-executeMethod
NeoEng.DTrace.Editor.PackageDiagnostics.RunHeadless
-logFile
<local-path>\first.log
Successfully changed project path to: <local-path>\positive-one
<local-path>
[UnityMemory] Configuration Parameters - Can be set up in boot.config
    "memorysetup-temp-allocator-size-gi-baking-worker=262144"
    "memorysetup-temp-allocator-size-gi-baking-worker=262144"
    "memorysetup-temp-allocator-size-gi-baking-worker=262144"
    "memorysetup-temp-allocator-size-gi-baking-worker=262144"
    "memorysetup-temp-allocator-size-gi-baking-worker=262144"
    "memorysetup-temp-allocator-size-nav-mesh-worker=65536"
    "memorysetup-temp-allocator-size-audio-worker=65536"
    "memorysetup-temp-allocator-size-cloud-worker=32768"
    "memorysetup-temp-allocator-size-gfx=262144"
    "memorysetup-temp-allocator-size-preload-manager=33554432"
    "memorysetup-allocator-temp-initial-block-size-main=262144"
    "memorysetup-allocator-temp-initial-block-size-worker=262144"
    "memorysetup-temp-allocator-size-job-worker=262144"
    "memorysetup-temp-allocator-size-background-worker=32768"
    "memorysetup-bucket-allocator-granularity=16"
    "memorysetup-bucket-allocator-bucket-count=8"
    "memorysetup-bucket-allocator-block-size=33554432"
    "memorysetup-bucket-allocator-block-count=8"
    "memorysetup-main-allocator-block-size=16777216"
    "memorysetup-thread-allocator-block-size=16777216"
    "memorysetup-main-allocator-mimalloc-enabled=0"
    "memorysetup-gfx-main-allocator-block-size=16777216"
    "memorysetup-gfx-thread-allocator-block-size=16777216"
    "memorysetup-cache-allocator-block-size=4194304"
    "memorysetup-typetree-allocator-block-size=2097152"
    "memorysetup-profiler-bucket-allocator-granularity=16"
    "memorysetup-profiler-bucket-allocator-bucket-count=8"
    "memorysetup-profiler-bucket-allocator-block-size=33554432"
    "memorysetup-profiler-bucket-allocator-block-count=8"
    "memorysetup-profiler-allocator-block-size=16777216"
    "memorysetup-profiler-editor-allocator-block-size=1048576"
    "memorysetup-temp-allocator-size-main=16777216"
    "memorysetup-job-temp-allocator-block-size=2097152"
    "memorysetup-job-temp-allocator-block-size-background=1048576"
    "memorysetup-job-temp-allocator-reduction-small-platforms=262144"
<redacted-player-connection>

<redacted-player-connection>

<redacted-player-connection>

<redacted-player-connection>

<redacted-player-connection>

<redacted-player-connection>
<redacted-player-connection>
Input System module state changed to: Initialized.
[Physics::Module] Initialized fallback backend.
[Physics::Module] Id: 0xdecafbad
Starting IPC server.
Waiting for clients to connect on \\.\pipe\Unity-LicenseClient-<redacted>, press Ctrl-C to exit.
[Licensing::IpcConnector] Successfully connected to: "LicenseClient-<redacted>" at "2026-08-16T15:38:25.6794954Z"
[Licensing::Client] Code 10 while verifying Licensing Client signature (process Id: <redacted>, path: "<local-path>")
[Licensing::Module] LicensingClient has failed validation; ignoring
[Package Manager] Connected to IPC stream "Upm-31948" after 0.3 seconds.
[Licensing::Module] Licensing is not yet initialized.
[Licensing::Client] Handshaking with LicensingClient:
  Version:                 1.18.1+9fbee8e
<redacted-engine-identity>
<redacted-engine-identity>
<redacted-engine-identity>
<redacted-engine-identity>
[Licensing::Module] Successfully connected to LicensingClient on channel: "LicenseClient-<redacted>" (connect: 0.37s, validation: 0.05s, handshake: 0.04s)
[Licensing::IpcConnector] Successfully connected to: "LicenseClient-<redacted>" at "2026-08-16T15:38:25.7699695Z"
[Licensing::Module] Connected to LicensingClient (PId: <redacted>, launch time: 0.01, total connection time: 0.46s)
[Licensing::Module] Error: Access token is unavailable; failed to update
[Licensing::Client] Successfully resolved entitlement details
[Licensing::Module] License group:
  Id: 4674131544823-UnityPersXXXX
  Product: Unity Personal
  Type: Assigned
  Expiration: Unlimited
[Licensing::Client] Successfully updated license, isAsync: True, time: 0.01
[Licensing::Client] Successfully resolved entitlement details
[Licensing::Module] Licensing Background thread has ended after 0.51s
[Licensing::Module] Licensing is initialized (took 0.08s).
[Licensing::Client] Successfully resolved entitlement details
Library Redirect Path: Library/
Rebuilding Library because the asset database could not be found!
[Physics::Module] Selected backend.
[Physics::Module] Name: PhysX
[Physics::Module] Id: 0xf2b8ea05
[Physics::Module] SDK Version: 4.1.2
[Physics::Module] Integration Version: 1.0.0
[Physics::Module] Threading Mode: Multi-Threaded
Initialize engine version: 6000.5.7f1 (017862109af0)
[Subsystems] Discovering subsystems at path <local-path>
[Subsystems] Discovering subsystems at path <local-path>
Forcing GfxDevice: Null
GfxDevice: creating device client; kGfxThreadingModeNonThreaded
NullGfxDevice:
    Version:  NULL 1.0 [1.0]
    Renderer: Null Device
    Vendor:   Unity Technologies
Initialize mono
Mono path[0] = '<local-path>
Mono path[1] = '<local-path>
Mono path[2] = '<local-path>
Mono config path = '<local-path>
<redacted-debug-endpoint>
CodeReloadManager initialized
ImportWorker Server TCP listen port: 0
AcceleratorClientConnectionCallback - disconnected - :0
Begin MonoManager ReloadAssembly
Registering precompiled unity dll's ...
Register platform support module: <local-path>
Register platform support module: <local-path>
Registered in 0.006230 seconds.
Native extension for WindowsStandalone target not found
Native extension for WebGL target not found
Package Manager log level set to [2]
ScheduleIndexationOnStartup MainProcess:False IndexOnStartup:False
Mono: successfully reloaded assembly
- Finished resetting the current domain, in  0.391 seconds
Domain Reload Profiling: 1068ms
	BeginReloadAssembly (202ms)
		CreateAndSetChildDomain (16ms)
	RebuildCommonClasses (5ms)
	RebuildNativeTypeToScriptingClass (17ms)
	initialDomainReloadingComplete (118ms)
	LoadAllAssembliesAndSetupDomain (332ms)
		LoadAssemblies (174ms)
		AnalyzeDomain (230ms)
			TypeCache.Refresh (229ms)
				TypeCache.ScanAssembly (215ms)
	FinalizeReload (394ms)
		SetupLoadedEditorAssemblies (0ms)
			InitializePlatformSupportModulesInManaged (3ms)
			BeforeProcessingInitializeOnLoad (94ms)
			ProcessInitializeOnLoadAttributes (103ms)
			ProcessInitializeOnLoadMethodAttributes (120ms)
[Licensing::Client] Successfully resolved entitlement details
Application.AssetDatabase Initial Refresh Start
[Package Manager] Done resolving packages in 0.52 seconds
[Licensing::Client] Successfully resolved entitlement details
[Package Manager] Lock file was created
[Package Manager] Registered 1 packages:
  Local packages:
    com.neoeng.dtrace@file:<repo>\integrations\unity\package\com.neoeng.dtrace (location: <repo>\integrations\unity\package\com.neoeng.dtrace)
[Subsystems] No new subsystems found in resolved package list.
[Package Manager] Done registering packages in 0.00 seconds
AcceleratorClientConnectionCallback - disconnected - :0
[ScriptCompilation] Requested script compilation because: Assembly Definition File(s) changed
[ScriptCompilation] Requested script compilation because: AssetDatabase observed changes in script compilation related files
info: Microsoft.Hosting.Lifetime[14]
      Now listening on: htt<local-path>
info: Microsoft.Hosting.Lifetime[0]
      Application started. Press Ctrl+C to shut down.
info: Microsoft.Hosting.Lifetime[0]
      Hosting environment: Production
info: Microsoft.Hosting.Lifetime[0]
      Content root path: <local-path>\positive-one
info: Microsoft.AspNetCore.Hosting.Diagnostics[1]
      Request starting HTTP/2 POST htt<local-path>
info: Microsoft.AspNetCore.Routing.EndpointMiddleware[0]
      Executing endpoint 'gRPC - /UnityILPP.PostProcessing/Ping'
info: Microsoft.AspNetCore.Routing.EndpointMiddleware[1]
      Executed endpoint 'gRPC - /UnityILPP.PostProcessing/Ping'
info: Microsoft.AspNetCore.Hosting.Diagnostics[2]
      Request finished HTTP/2 POST htt<local-path>
Starting: <local-path>"Library/Bee/1900b0aE.dag" --continue-on-failure --profile="Library/Bee/backend1.traceevents" ScriptAssemblies
WorkingDir: <local-path>
ExitCode: 4 Duration: 0s54ms
[             ] Require frontend run.  Library/Bee/1900b0aE.dag couldn't be loaded
DisplayProgressbar: Compiling Scripts
Starting: <local-path>"<local-path>" "Library/Bee/1900b0aE.dag.json" "Library/Bee/1900b0aE-inputdata.json" "Library\Bee\buildprogram0.traceevents"
WorkingDir: <local-path>
ExitCode: 0 Duration: 1s804ms
Starting: <local-path>"Library/Bee/1900b0aE.dag" --continue-on-failure --dagfilejson="Library\Bee\1900b0aE.dag.json" --profile="Library/Bee/backend2.traceevents" ScriptAssemblies
WorkingDir: <local-path>
ExitCode: 3 Duration: 7s983ms
Finished compiling graph: 171 nodes, 616 flattened edges (606 ToBuild, 4 ToUse), maximum node priority 18
[  1/168    0s] MovedFromExtractor Library/Bee/artifacts/mvdfrm/UnityEditor.SubstanceModule.dll_77857F2E15A99E33.mvfrm
[  2/168    0s] MovedFromExtractor Library/Bee/artifacts/mvdfrm/UnityEditor.ShaderBuildSettingsModule.dll_6CE3BB4B63CFCCEF.mvfrm
[  3/168    0s] MovedFromExtractor Library/Bee/artifacts/mvdfrm/UnityEditor.SpriteShapeModule.dll_65C440F1F8C96AFF.mvfrm
[  4/168    0s] MovedFromExtractor Library/Bee/artifacts/mvdfrm/UnityEditor.QuickInstallModule.dll_E870CF5853AAF76F.mvfrm
[  5/168    0s] MovedFromExtractor Library/Bee/artifacts/mvdfrm/UnityEditor.ShaderCompilationModule.dll_8BD4C024CDC49D21.mvfrm
[  6/168    0s] MovedFromExtractor Library/Bee/artifacts/mvdfrm/UnityEditor.ShaderFoundryModule.dll_597B3810C6A1EA97.mvfrm
[  7/168    0s] MovedFromExtractor Library/Bee/artifacts/mvdfrm/UnityEditor.SafeModeModule.dll_45C769F6FF45AC21.mvfrm
[  8/168    0s] MovedFromExtractor Library/Bee/artifacts/mvdfrm/UnityEditor.PropertiesModule.dll_96D41CF49DE40594.mvfrm
[  9/168    0s] MovedFromExtractor Library/Bee/artifacts/mvdfrm/UnityEditor.PresetsUIModule.dll_890C2B36884A1E2B.mvfrm
[ 10/168    0s] MovedFromExtractor Library/Bee/artifacts/mvdfrm/UnityEditor.SketchUpModule.dll_2DDC4F474A774838.mvfrm
[ 11/168    0s] MovedFromExtractor Library/Bee/artifacts/mvdfrm/UnityEditor.SpriteMaskModule.dll_52C550464C6836D2.mvfrm
[ 12/168    0s] MovedFromExtractor Library/Bee/artifacts/mvdfrm/UnityEditor.SceneTemplateModule.dll_1A9B67CDA3F26E09.mvfrm
[ 13/168    0s] MovedFromExtractor Library/Bee/artifacts/mvdfrm/UnityEditor.SceneViewModule.dll_0C55D55C7B149334.mvfrm
[ 14/168    0s] MovedFromExtractor Library/Bee/artifacts/mvdfrm/UnityEditor.QuickSearchModule.dll_0E3FB034F2FA8E88.mvfrm
[ 15/168    0s] MovedFromExtractor Library/Bee/artifacts/mvdfrm/UnityEditor.ProjectAuditorModule.dll_55D011101AD2D826.mvfrm
[ 16/168    0s] MovedFromExtractor Library/Bee/artifacts/mvdfrm/UnityEditor.TerrainModule.dll_E965A41AD55F18F8.mvfrm
[ 17/168    0s] MovedFromExtractor Library/Bee/artifacts/mvdfrm/UnityEditor.PlayModeModule.dll_8BBB5BB09E0EBB88.mvfrm
[ 18/168    0s] MovedFromExtractor Library/Bee/artifacts/mvdfrm/UnityEngine.InputLegacyModule.dll_E36DFE44ED52F96B.mvfrm
[ 19/168    0s] MovedFromExtractor Library/Bee/artifacts/mvdfrm/UnityEditor.PhysicsCore2DModule.dll_AEC3B8E88A15076B.mvfrm
[ 20/168    0s] MovedFromExtractor Library/Bee/artifacts/mvdfrm/UnityEditor.GridModule.dll_4D8EE9F7B6C08597.mvfrm
[ 21/168    0s] MovedFromExtractor Library/Bee/artifacts/mvdfrm/UnityEditor.PhysicsModule.dll_CF1F28ABFFA0D00A.mvfrm
[ 22/168    0s] MovedFromExtractor Library/Bee/artifacts/mvdfrm/UnityEditor.Physics2DModule.dll_32EB6D851BCBE07C.mvfrm
[ 23/168    0s] MovedFromExtractor Library/Bee/artifacts/mvdfrm/UnityEditor.MediaModule.dll_BD7E9226B571C0A7.mvfrm
[ 24/168    0s] MovedFromExtractor Library/Bee/artifacts/mvdfrm/UnityEditor.HierarchyModule.dll_BB19F93043D104E8.mvfrm
[ 25/168    0s] MovedFromExtractor Library/Bee/artifacts/mvdfrm/UnityEditor.MultiplayerModule.dll_CC0B3023FBEEC06D.mvfrm
[ 26/168    0s] MovedFromExtractor Library/Bee/artifacts/mvdfrm/UnityEditor.LightingModule.dll_3FCEE1735231754D.mvfrm
[ 27/168    0s] MovedFromExtractor Library/Bee/artifacts/mvdfrm/UnityEditor.GraphViewModule.dll_CDA5F25485F1C626.mvfrm
[ 28/168    0s] MovedFromExtractor Library/Bee/artifacts/mvdfrm/UnityEditor.GIModule.dll_C1D63A79B11DBE43.mvfrm
[ 29/168    0s] MovedFromExtractor Library/Bee/artifacts/mvdfrm/UnityEditor.GenericRemoteModule.dll_570137188D143B80.mvfrm
[ 30/168    0s] MovedFromExtractor Library/Bee/artifacts/mvdfrm/UnityEditor.MathematicsModule.dll_7177C170B79F2A29.mvfrm
[ 31/168    0s] MovedFromExtractor Library/Bee/artifacts/mvdfrm/UnityEditor.GridAndSnapModule.dll_8CE915A91D884F1E.mvfrm
[ 32/168    0s] MovedFromExtractor Library/Bee/artifacts/mvdfrm/UnityEditor.GraphToolkitModule.dll_256E65C402D3B7C1.mvfrm
[ 33/168    0s] MovedFromExtractor Library/Bee/artifacts/mvdfrm/UnityEditor.EmbreeModule.dll_325107F39E868BE9.mvfrm
[ 34/168    0s] MovedFromExtractor Library/Bee/artifacts/mvdfrm/UnityEditor.EditorToolbarModule.dll_F6FBF70FA505C3D1.mvfrm
[ 35/168    0s] MovedFromExtractor Library/Bee/artifacts/mvdfrm/UnityEditor.DiagnosticsModule.dll_83302F279A23922F.mvfrm
[ 36/168    0s] MovedFromExtractor Library/Bee/artifacts/mvdfrm/UnityEditor.DeviceSimulatorModule.dll_ADE4E55F9DD1D021.mvfrm
[ 37/168    0s] MovedFromExtractor Library/Bee/artifacts/mvdfrm/UnityEditor.CoreBusinessMetricsModule.dll_E4A86E1CB717CAA7.mvfrm
[ 38/168    0s] MovedFromExtractor Library/Bee/artifacts/mvdfrm/Unity.Scripting.dll_6312751106B582E1.mvfrm
[ 39/168    0s] MovedFromExtractor Library/Bee/artifacts/mvdfrm/UnityEditor.ClothModule.dll_58A6D590114216FD.mvfrm
[ 40/168    0s] MovedFromExtractor Library/Bee/artifacts/mvdfrm/UnityEditor.AssetComplianceModule.dll_E6BFF54E188DB44E.mvfrm
[ 41/168    0s] MovedFromExtractor Library/Bee/artifacts/mvdfrm/UnityEditor.AccessibilityModule.dll_C0FFE13D2B701281.mvfrm
[ 42/168    0s] MovedFromExtractor Library/Bee/artifacts/mvdfrm/UnityEditor.ContentLoadModule.dll_E5796CD811A9DAE2.mvfrm
[ 43/168    0s] MovedFromExtractor Library/Bee/artifacts/mvdfrm/UnityEditor.BuildProfileModule.dll_099181191224893C.mvfrm
[ 44/168    0s] MovedFromExtractor Library/Bee/artifacts/mvdfrm/UnityEditor.AdaptivePerformanceModule.dll_64BD74A290D09BAD.mvfrm
[ 45/168    0s] MovedFromExtractor Library/Bee/artifacts/mvdfrm/UnityEditor.WindowsStandalone.Extensions.dll_51E76FAEAFB11C00.mvfrm
[ 46/168    0s] MovedFromExtractor Library/Bee/artifacts/mvdfrm/UnityEditor.Graphs.dll_E035D55896AED9D2.mvfrm
[ 47/168    0s] MovedFromExtractor Library/Bee/artifacts/mvdfrm/UnityEditor.AIModule.dll_2999F16C156ED629.mvfrm
[ 48/168    0s] MovedFromExtractor Library/Bee/artifacts/mvdfrm/UnityEditor.CoreModule.dll_701DCE099E6BEFA0.mvfrm
[ 49/168    0s] MovedFromExtractor Library/Bee/artifacts/mvdfrm/UnityEngine.dll_A9B10FE8A27D34DA.mvfrm
[ 50/168    0s] MovedFromExtractor Library/Bee/artifacts/mvdfrm/UnityEditor.WebGL.Extensions.dll_4D57E384C9B75910.mvfrm
[ 51/168    0s] MovedFromExtractor Library/Bee/artifacts/mvdfrm/UnityEngine.VFXModule.dll_ABC6154FD31E85D0.mvfrm
[ 52/168    0s] MovedFromExtractor Library/Bee/artifacts/mvdfrm/UnityEngine.VirtualTexturingModule.dll_FC0F60CE6D32C5A9.mvfrm
[ 53/168    0s] MovedFromExtractor Library/Bee/artifacts/mvdfrm/UnityEngine.UnityCurlModule.dll_CF480FAED0628CB9.mvfrm
[ 54/168    0s] MovedFromExtractor Library/Bee/artifacts/mvdfrm/UnityEngine.UnityConnectModule.dll_F22B129E31906F01.mvfrm
[ 55/168    0s] MovedFromExtractor Library/Bee/artifacts/mvdfrm/UnityEngine.UnityConsentModule.dll_C3D0A9CA3E9B0551.mvfrm
[ 56/168    0s] MovedFromExtractor Library/Bee/artifacts/mvdfrm/UnityEngine.TextCoreFontEngineModule.dll_D3E40BC834CDEBE9.mvfrm
[ 57/168    0s] MovedFromExtractor Library/Bee/artifacts/mvdfrm/UnityEngine.U2DRuntimeModule.dll_8EFD74B6ED4FAE3D.mvfrm
[ 58/168    0s] MovedFromExtractor Library/Bee/artifacts/mvdfrm/UnityEngine.UnityAnalyticsCommonModule.dll_52088BBDF19918E8.mvfrm
[ 59/168    0s] MovedFromExtractor Library/Bee/artifacts/mvdfrm/UnityEngine.TLSModule.dll_2AE77CE0FCB11C63.mvfrm
[ 60/168    0s] MovedFromExtractor Library/Bee/artifacts/mvdfrm/UnityEngine.TextCoreTextEngineModule.dll_1BCC4239C451A507.mvfrm
[ 61/168    0s] MovedFromExtractor Library/Bee/artifacts/mvdfrm/UnityEngine.SubstanceModule.dll_2D6B7016FB295018.mvfrm
[ 62/168    0s] MovedFromExtractor Library/Bee/artifacts/mvdfrm/UnityEngine.SpriteMaskModule.dll_5373BD8E4EAC501D.mvfrm
[ 63/168    0s] MovedFromExtractor Library/Bee/artifacts/mvdfrm/UnityEngine.StreamingModule.dll_50C05BCDAFD6520A.mvfrm
[ 64/168    0s] MovedFromExtractor Library/Bee/artifacts/mvdfrm/UnityEngine.SpriteShapeModule.dll_6B8A10810B037B84.mvfrm
[ 65/168    0s] MovedFromExtractor Library/Bee/artifacts/mvdfrm/UnityEngine.TextRenderingModule.dll_F07F7C306F47A287.mvfrm
[ 66/168    0s] MovedFromExtractor Library/Bee/artifacts/mvdfrm/UnityEngine.SharedInternalsModule.dll_A394E45706DF90E9.mvfrm
[ 67/168    0s] MovedFromExtractor Library/Bee/artifacts/mvdfrm/UnityEngine.ShaderVariantAnalyticsModule.dll_4CC5DB256676EEB2.mvfrm
[ 68/168    0s] MovedFromExtractor Library/Bee/artifacts/mvdfrm/UnityEngine.ScriptingModule.dll_B34CC743DFD6497F.mvfrm
[ 69/168    0s] MovedFromExtractor Library/Bee/artifacts/mvdfrm/UnityEngine.RuntimeInitializeOnLoadManagerInitializerModule.dll_32FB239C5BF3452A.mvfrm
[ 70/168    0s] MovedFromExtractor Library/Bee/artifacts/mvdfrm/UnityEngine.RenderAs2DModule.dll_D8BA4CC27F826916.mvfrm
[ 71/168    0s] MovedFromExtractor Library/Bee/artifacts/mvdfrm/UnityEngine.PropertiesModule.dll_97828A3CA0281EDF.mvfrm
[ 72/168    0s] MovedFromExtractor Library/Bee/artifacts/mvdfrm/UnityEngine.PhysicsBackendPhysXModule.dll_FF60F0E5AED23171.mvfrm
[ 73/168    0s] MovedFromExtractor Library/Bee/artifacts/mvdfrm/UnityEngine.PerformanceReportingModule.dll_B6C9CE79D7B07A8A.mvfrm
[ 74/168    0s] MovedFromExtractor Library/Bee/artifacts/mvdfrm/UnityEngine.InputModule.dll_1E60FCA9DEDA8D62.mvfrm
[ 75/168    0s] MovedFromExtractor Library/Bee/artifacts/mvdfrm/UnityEngine.InputForUIModule.dll_6CF9A5178D5D575F.mvfrm
[ 76/168    0s] MovedFromExtractor Library/Bee/artifacts/mvdfrm/UnityEditor.GraphicsStateCollectionSerializerModule.dll_1F4A5F0762D36DE9.mvfrm
[ 77/168    0s] MovedFromExtractor Library/Bee/artifacts/mvdfrm/UnityEngine.MathematicsModule.dll_773D90FFC9D93AAE.mvfrm
[ 78/168    0s] MovedFromExtractor Library/Bee/artifacts/mvdfrm/UnityEngine.MarshallingModule.dll_FA9181BB398970CC.mvfrm
[ 79/168    0s] MovedFromExtractor Library/Bee/artifacts/mvdfrm/UnityEngine.IdentifiersModule.dll_2AB26B1C17DA1192.mvfrm
[ 80/168    0s] MovedFromExtractor Library/Bee/artifacts/mvdfrm/UnityEngine.GridModule.dll_70AFBD4A5EC5F0C2.mvfrm
[ 81/168    0s] MovedFromExtractor Library/Bee/artifacts/mvdfrm/UnityEngine.LocalizationModule.dll_C2B4CDF7800C3415.mvfrm
[ 82/168    0s] MovedFromExtractor Library/Bee/artifacts/mvdfrm/UnityEngine.HotReloadModule.dll_1D742C833B81B64E.mvfrm
[ 83/168    0s] MovedFromExtractor Library/Bee/artifacts/mvdfrm/UnityEngine.GraphicsStateCollectionSerializerModule.dll_283E2BF72FD2B74E.mvfrm
[ 84/168    0s] MovedFromExtractor Library/Bee/artifacts/mvdfrm/UnityEngine.InsightsModule.dll_DAA4F5080D8DD327.mvfrm
[ 85/168    0s] MovedFromExtractor Library/Bee/artifacts/mvdfrm/UnityEngine.MultiplayerModule.dll_D1D0FFB30E28D0F2.mvfrm
[ 86/168    0s] MovedFromExtractor Library/Bee/artifacts/mvdfrm/UnityEngine.GameCenterModule.dll_6A474AFE2D3CBAA3.mvfrm
[ 87/168    0s] MovedFromExtractor Library/Bee/artifacts/mvdfrm/UnityEngine.GIModule.dll_0044CC091C9AF20E.mvfrm
[ 88/168    0s] MovedFromExtractor Library/Bee/artifacts/mvdfrm/UnityEngine.DSPGraphModule.dll_462F8DE0F57154C9.mvfrm
[ 89/168    0s] MovedFromExtractor Library/Bee/artifacts/mvdfrm/UnityEngine.CrashReportingModule.dll_732D7EF974151B43.mvfrm
[ 90/168    0s] MovedFromExtractor Library/Bee/artifacts/mvdfrm/UnityEngine.ARModule.dll_217B47FEDE0968BD.mvfrm
[ 91/168    0s] MovedFromExtractor Library/Bee/artifacts/mvdfrm/UnityEngine.ClusterInputModule.dll_846803A4E890411C.mvfrm
[ 92/168    0s] MovedFromExtractor Library/Bee/artifacts/mvdfrm/UnityEngine.ContentLoadModule.dll_EB3F3C6723E3EB67.mvfrm
[ 93/168    0s] MovedFromExtractor Library/Bee/artifacts/mvdfrm/UnityEngine.ClusterRendererModule.dll_B391A7D10D8CDDA5.mvfrm
[ 94/168    0s] MovedFromExtractor Library/Bee/artifacts/mvdfrm/UnityEditor.XRModule.dll_AA9E79239CAAAEAB.mvfrm
[ 95/168    0s] MovedFromExtractor Library/Bee/artifacts/mvdfrm/UnityEditor.VideoModule.dll_16C7FCFFF9B753BE.mvfrm
[ 96/168    0s] MovedFromExtractor Library/Bee/artifacts/mvdfrm/UnityEditor.VectorGraphicsModule.dll_A2629CDF5840890F.mvfrm
[ 97/168    0s] MovedFromExtractor Library/Bee/artifacts/mvdfrm/UnityEngine.CoreModule.dll_933EA15C46715ACB.mvfrm
[ 98/168    0s] WriteText Library/Bee/artifacts/1900b0aE.dag/NeoEngDTrace.Runtime.rsp2
[ 99/168    0s] WriteText Library/Bee/artifacts/1900b0aE.dag/NeoEngDTrace.Runtime.UnityAdditionalFile.txt
[100/168    0s] WriteText Library/Bee/artifacts/1900b0aE.dag/NeoEngDTrace.Runtime.dll.mvfrm.rsp
[101/168    0s] WriteText Library/Bee/artifacts/1900b0aE.dag/NeoEngDTrace.Runtime.rsp
[102/168    0s] MovedFromExtractor Library/Bee/artifacts/mvdfrm/UnityEditor.dll_770CC9104409A7F5.mvfrm
[103/168    0s] MovedFromExtractor Library/Bee/artifacts/mvdfrm/UnityEditor.UmbraModule.dll_6C9324ADC44BE38C.mvfrm
[104/168    0s] MovedFromExtractor Library/Bee/artifacts/mvdfrm/UnityEditor.UnityConnectModule.dll_04CB8E8F37086E56.mvfrm
[105/168    0s] MovedFromExtractor Library/Bee/artifacts/mvdfrm/UnityEditor.UIElementsSamplesModule.dll_80065DACEAC0A851.mvfrm
[106/168    0s] MovedFromExtractor Library/Bee/artifacts/mvdfrm/UnityEditor.VFXModule.dll_9FA472FC636E77CB.mvfrm
[107/168    0s] MovedFromExtractor Library/Bee/artifacts/mvdfrm/UnityEditor.UIToolkitAuthoringModule.dll_88DB25024056B0DE.mvfrm
[108/168    0s] MovedFromExtractor Library/Bee/artifacts/mvdfrm/UnityEditor.UIElementsModule.dll_C1B118101DDC5ADC.mvfrm
[109/168    0s] MovedFromExtractor Library/Bee/artifacts/mvdfrm/UnityEditor.UIBuilderModule.dll_222E9F70F8AA3F5A.mvfrm
[110/168    0s] MovedFromExtractor Library/Bee/artifacts/mvdfrm/UnityEditor.UIAutomationModule.dll_BA327009AE9851FC.mvfrm
[111/168    0s] MovedFromExtractor Library/Bee/artifacts/mvdfrm/UnityEditor.U2DModule.dll_CB7D1DDF990AD82A.mvfrm
[112/168    0s] MovedFromExtractor Library/Bee/artifacts/mvdfrm/UnityEditor.TilemapModule.dll_88620B9BED1BFA01.mvfrm
[113/168    0s] MovedFromExtractor Library/Bee/artifacts/mvdfrm/UnityEditor.TreeModule.dll_CDC9C318263184DF.mvfrm
[114/168    0s] MovedFromExtractor Library/Bee/artifacts/mvdfrm/UnityEditor.TextRenderingModule.dll_643E8A08F64F1F62.mvfrm
[115/168    0s] MovedFromExtractor Library/Bee/artifacts/mvdfrm/UnityEditor.TextCoreTextEngineModule.dll_9D6CC6E6B153E63C.mvfrm
[116/168    0s] MovedFromExtractor Library/Bee/artifacts/mvdfrm/UnityEditor.TextCoreFontEngineModule.dll_5584907521D02D1E.mvfrm
[117/168    0s] MovedFromExtractor Library/Bee/artifacts/mvdfrm/UnityEngine.WindModule.dll_098D7C84D7A7D934.mvfrm
[118/168    0s] MovedFromExtractor Library/Bee/artifacts/mvdfrm/UnityEngine.ClothModule.dll_1ED391F442BF47A2.mvfrm
[119/168    0s] MovedFromExtractor Library/Bee/artifacts/mvdfrm/UnityEngine.AIModule.dll_680882FB80EC09F4.mvfrm
[120/168    0s] MovedFromExtractor Library/Bee/artifacts/mvdfrm/UnityEngine.UmbraModule.dll_32BFE111F5C91431.mvfrm
[121/168    0s] MovedFromExtractor Library/Bee/artifacts/mvdfrm/UnityEngine.XRModule.dll_E90D0AB30827E276.mvfrm
[122/168    0s] MovedFromExtractor Library/Bee/artifacts/mvdfrm/UnityEngine.VideoModule.dll_DCF4B9642B348463.mvfrm
[123/168    0s] MovedFromExtractor Library/Bee/artifacts/mvdfrm/UnityEngine.AMDModule.dll_2C57B97BD580A110.mvfrm
[124/168    0s] MovedFromExtractor Library/Bee/artifacts/mvdfrm/UnityEngine.VectorGraphicsModule.dll_5D86FE7A742D1D1A.mvfrm
[125/168    0s] MovedFromExtractor Library/Bee/artifacts/mvdfrm/UnityEngine.VehiclesModule.dll_B8A125F6FD3A5343.mvfrm
[126/168    0s] MovedFromExtractor Library/Bee/artifacts/mvdfrm/UnityEngine.UnityWebRequestWWWModule.dll_E68E8795B4116173.mvfrm
[127/168    0s] MovedFromExtractor Library/Bee/artifacts/mvdfrm/UnityEngine.UnityWebRequestTextureModule.dll_8C0BBD74BAAAB337.mvfrm
[128/168    0s] MovedFromExtractor Library/Bee/artifacts/mvdfrm/UnityEngine.UnityWebRequestModule.dll_3122AD2B9AA63018.mvfrm
[129/168    0s] MovedFromExtractor Library/Bee/artifacts/mvdfrm/UnityEngine.UnityWebRequestAudioModule.dll_2EC622585E1B4522.mvfrm
[130/168    0s] MovedFromExtractor Library/Bee/artifacts/mvdfrm/UnityEngine.UnityAnalyticsModule.dll_E5DF390F8E4DF8CD.mvfrm
[131/168    0s] MovedFromExtractor Library/Bee/artifacts/mvdfrm/UnityEngine.UnityWebRequestAssetBundleModule.dll_FA63CAE127646D5E.mvfrm
[132/168    0s] MovedFromExtractor-Combine Library/Bee/artifacts/1900b0aE.dag/NeoEngDTrace.Runtime.dll.mvfrm
[133/168    0s] MovedFromExtractor Library/Bee/artifacts/mvdfrm/UnityEngine.UIModule.dll_637C2128DD330FA0.mvfrm
[134/168    0s] MovedFromExtractor Library/Bee/artifacts/mvdfrm/UnityEngine.TerrainPhysicsModule.dll_C6BA7118FB69A15E.mvfrm
[135/168    0s] MovedFromExtractor Library/Bee/artifacts/mvdfrm/UnityEngine.PhysicsCore2DModule.dll_3B04AB10030D8A90.mvfrm
[136/168    0s] MovedFromExtractor Library/Bee/artifacts/mvdfrm/UnityEngine.TilemapModule.dll_7ADCC446522AE146.mvfrm
[137/168    0s] MovedFromExtractor Library/Bee/artifacts/mvdfrm/UnityEngine.SubsystemsModule.dll_BE2123F01CF43830.mvfrm
[138/168    0s] MovedFromExtractor Library/Bee/artifacts/mvdfrm/UnityEngine.TerrainModule.dll_DBE05CC53A6E003D.mvfrm
[139/168    0s] MovedFromExtractor Library/Bee/artifacts/mvdfrm/UnityEngine.ScreenCaptureModule.dll_C7400A25B8102292.mvfrm
[140/168    0s] MovedFromExtractor Library/Bee/artifacts/mvdfrm/UnityEngine.UIElementsModule.dll_C25F855820207427.mvfrm
[141/168    0s] MovedFromExtractor Library/Bee/artifacts/mvdfrm/UnityEngine.Physics2DModule.dll_E8D15E6E014B9261.mvfrm
[142/168    0s] MovedFromExtractor Library/Bee/artifacts/mvdfrm/UnityEngine.PhysicsModule.dll_C199E15664AFB74F.mvfrm
[143/168    0s] WriteText Library/Bee/artifacts/1900b0aE.dag/NeoEngDTrace.Editor.rsp2
[144/168    0s] WriteText Library/Bee/artifacts/1900b0aE.dag/NeoEngDTrace.Editor.UnityAdditionalFile.txt
[145/168    0s] WriteText Library/Bee/artifacts/1900b0aE.dag/NeoEngDTrace.Editor.dll.mvfrm.rsp
[146/168    0s] WriteText Library/Bee/artifacts/1900b0aE.dag/NeoEngDTrace.Editor.rsp
[147/168    0s] MovedFromExtractor Library/Bee/artifacts/mvdfrm/UnityEngine.JSONSerializeModule.dll_AD585CA0A3A3F630.mvfrm
[148/168    0s] MovedFromExtractor Library/Bee/artifacts/mvdfrm/UnityEngine.NVIDIAModule.dll_8A621FDAFC23A697.mvfrm
[149/168    0s] MovedFromExtractor Library/Bee/artifacts/mvdfrm/UnityEngine.ParticleSystemModule.dll_C63FC845E226A6D1.mvfrm
[150/168    0s] MovedFromExtractor Library/Bee/artifacts/mvdfrm/UnityEngine.ImageConversionModule.dll_1F83A5818FB19599.mvfrm
[151/168    0s] MovedFromExtractor Library/Bee/artifacts/mvdfrm/UnityEngine.IMGUIModule.dll_F04AD4602ED3FC9F.mvfrm
[152/168    0s] MovedFromExtractor Library/Bee/artifacts/mvdfrm/UnityEngine.HierarchyModule.dll_70FFEA192950B6CD.mvfrm
[153/168    0s] MovedFromExtractor Library/Bee/artifacts/mvdfrm/UnityEngine.HierarchyCoreModule.dll_C45B703F1315EE9C.mvfrm
[154/168    0s] MovedFromExtractor Library/Bee/artifacts/mvdfrm/UnityEngine.DirectorModule.dll_40DE2C77831083A8.mvfrm
[155/168    0s] MovedFromExtractor Library/Bee/artifacts/mvdfrm/UnityEngine.AudioModule.dll_B7EB34F968A268BE.mvfrm
[156/168    0s] MovedFromExtractor Library/Bee/artifacts/mvdfrm/UnityEngine.AdaptivePerformanceModule.dll_254D0958CC15EEB2.mvfrm
[157/168    0s] MovedFromExtractor Library/Bee/artifacts/mvdfrm/UnityEngine.AssetBundleModule.dll_5228E3265561437A.mvfrm
[158/168    0s] MovedFromExtractor Library/Bee/artifacts/mvdfrm/UnityEngine.AndroidJNIModule.dll_3FFA00E366FBC9B2.mvfrm
[159/168    0s] MovedFromExtractor Library/Bee/artifacts/mvdfrm/UnityEngine.AnimationModule.dll_9C2B6E7D604E9ACC.mvfrm
[160/168    0s] MovedFromExtractor Library/Bee/artifacts/mvdfrm/UnityEngine.AccessibilityModule.dll_4D40D364A46895A6.mvfrm
[161/168    0s] MovedFromExtractor-Combine Library/Bee/artifacts/1900b0aE.dag/NeoEngDTrace.Editor.dll.mvfrm
[           0s] Csc Library/Bee/artifacts/1900b0aE.dag/NeoEngDTrace.Runtime.dll (+2 others) [CacheMiss 64430e1a2118a8cfe131c679a252375200000000000000000000000000000006]
[162/168    1s] Csc Library/Bee/artifacts/1900b0aE.dag/NeoEngDTrace.Runtime.dll (+2 others)
[           0s] Csc Library/Bee/artifacts/1900b0aE.dag/NeoEngDTrace.Runtime.dll (+2 others) [CacheWrite 64430e1a2118a8cfe131c679a252375200000000000000000000000000000006]
[163/168    0s] CopyFiles Library/ScriptAssemblies/NeoEngDTrace.Runtime.dll
[164/168    0s] CopyFiles Library/ScriptAssemblies/NeoEngDTrace.Runtime.pdb
[           0s] Csc Library/Bee/artifacts/1900b0aE.dag/NeoEngDTrace.Editor.dll (+2 others) [CacheMiss b9acd46fcac065be94af3da0fb477ea400000000000000000000000000000006]
[165/168    0s] Csc Library/Bee/artifacts/1900b0aE.dag/NeoEngDTrace.Editor.dll (+2 others)
##### CommandLine
"<local-path>" exec "<local-path>" /nostdlib /noconfig /shared "@Library/Bee/artifacts/1900b0aE.dag/NeoEngDTrace.Editor.rsp" "@Library/Bee/artifacts/1900b0aE.dag/NeoEngDTrace.Editor.rsp2"
##### Contents of Library\Bee\artifacts\1900b0aE.dag\NeoEngDTrace.Editor.rsp
-target:library
-out:"Library/Bee/artifacts/1900b0aE.dag/NeoEngDTrace.Editor.dll"
-refout:"Library/Bee/artifacts/1900b0aE.dag/NeoEngDTrace.Editor.ref.dll"
-define:UNITY_6000_5_7
-define:UNITY_6000_5
-define:UNITY_6000
-define:UNITY_5_3_OR_NEWER
-define:UNITY_5_4_OR_NEWER
-define:UNITY_5_5_OR_NEWER
-define:UNITY_5_6_OR_NEWER
-define:UNITY_2017_1_OR_NEWER
-define:UNITY_2017_2_OR_NEWER
-define:UNITY_2017_3_OR_NEWER
-define:UNITY_2017_4_OR_NEWER
-define:UNITY_2018_1_OR_NEWER
-define:UNITY_2018_2_OR_NEWER
-define:UNITY_2018_3_OR_NEWER
-define:UNITY_2018_4_OR_NEWER
-define:UNITY_2019_1_OR_NEWER
-define:UNITY_2019_2_OR_NEWER
-define:UNITY_2019_3_OR_NEWER
-define:UNITY_2019_4_OR_NEWER
-define:UNITY_2020_1_OR_NEWER
-define:UNITY_2020_2_OR_NEWER
-define:UNITY_2020_3_OR_NEWER
-define:UNITY_2021_1_OR_NEWER
-define:UNITY_2021_2_OR_NEWER
-define:UNITY_2021_3_OR_NEWER
-define:UNITY_2022_1_OR_NEWER
-define:UNITY_2022_2_OR_NEWER
-define:UNITY_2022_3_OR_NEWER
-define:UNITY_2023_1_OR_NEWER
-define:UNITY_2023_2_OR_NEWER
-define:UNITY_2023_3_OR_NEWER
-define:UNITY_6000_0_OR_NEWER
-define:UNITY_6000_1_OR_NEWER
-define:UNITY_6000_2_OR_NEWER
-define:UNITY_6000_3_OR_NEWER
-define:UNITY_6000_4_OR_NEWER
-define:UNITY_6000_5_OR_NEWER
-define:PLATFORM_ARCH_64
-define:UNITY_64
-define:UNITY_INCLUDE_TESTS
-define:ENABLE_AR
-define:ENABLE_AUDIO
-define:ENABLE_AUDIO_SCRIPTABLE_PIPELINE
-define:ENABLE_CACHING
-define:ENABLE_CLOTH
-define:ENABLE_EVENT_QUEUE
-define:ENABLE_MICROPHONE
-define:ENABLE_MULTIPLE_DISPLAYS
-define:ENABLE_PHYSICS
-define:ENABLE_TEXTURE_STREAMING
-define:ENABLE_VIRTUALTEXTURING
-define:ENABLE_LZMA
-define:ENABLE_UNITYEVENTS
-define:ENABLE_VR
-define:ENABLE_WEBCAM
-define:ENABLE_UNITYWEBREQUEST
-define:ENABLE_WWW
-define:ENABLE_CLOUD_SERVICES
-define:ENABLE_CLOUD_SERVICES_ADS
-define:ENABLE_CLOUD_SERVICES_USE_WEBREQUEST
-define:ENABLE_UNITY_CONSENT
-define:ENABLE_UNITY_CLOUD_IDENTIFIERS
-define:ENABLE_CLOUD_SERVICES_CRASH_REPORTING
-define:ENABLE_CLOUD_SERVICES_NATIVE_CRASH_REPORTING
-define:ENABLE_CLOUD_SERVICES_PURCHASING
-define:ENABLE_CLOUD_SERVICES_ANALYTICS
-define:ENABLE_CLOUD_SERVICES_BUILD
-define:ENABLE_EDITOR_GAME_SERVICES
-define:ENABLE_UNITY_GAME_SERVICES_ANALYTICS_SUPPORT
-define:ENABLE_CLOUD_LICENSE
-define:ENABLE_EDITOR_HUB_LICENSE
-define:ENABLE_WEBSOCKET_CLIENT
-define:ENABLE_GENERATE_NATIVE_PLUGINS_FOR_ASSEMBLIES_API
-define:ENABLE_DIRECTOR_AUDIO
-define:ENABLE_DIRECTOR_TEXTURE
-define:ENABLE_MANAGED_JOBS
-define:ENABLE_MANAGED_TRANSFORM_JOBS
-define:ENABLE_MANAGED_ANIMATION_JOBS
-define:ENABLE_MANAGED_AUDIO_JOBS
-define:ENABLE_MANAGED_UNITYTLS
-define:INCLUDE_DYNAMIC_GI
-define:ENABLE_SCRIPTING_GC_WBARRIERS
-define:PLATFORM_SUPPORTS_MONO
-define:RENDER_SOFTWARE_CURSOR
-define:ENABLE_MARSHALLING_TESTS
-define:ENABLE_VIDEO
-define:ENABLE_NAVIGATION_OFFMESHLINK_TO_NAVMESHLINK
-define:ENABLE_ACCELERATOR_CLIENT_DEBUGGING
-define:ENABLE_ACCESSIBILITY_SCREEN_READER
-define:TEXTCORE_1_0_OR_NEWER
-define:EDITOR_ONLY_NAVMESH_BUILDER_DEPRECATED
-define:PLATFORM_STANDALONE_WIN
-define:PLATFORM_STANDALONE
-define:UNITY_STANDALONE_WIN
-define:UNITY_STANDALONE
-define:ENABLE_RUNTIME_GI
-define:ENABLE_MOVIES
-define:ENABLE_NETWORK
-define:ENABLE_NVIDIA
-define:ENABLE_AMD
-define:ENABLE_CRUNCH_TEXTURE_COMPRESSION
-define:ENABLE_CLOUD_SERVICES_ENGINE_DIAGNOSTICS
-define:ENABLE_OUT_OF_PROCESS_CRASH_HANDLER
-define:ENABLE_CLUSTER_SYNC
-define:ENABLE_CLUSTERINPUT
-define:PLATFORM_UPDATES_TIME_OUTSIDE_OF_PLAYER_LOOP
-define:GFXDEVICE_WAITFOREVENT_MESSAGEPUMP
-define:PLATFORM_USES_EXPLICIT_MEMORY_MANAGER_INITIALIZER
-define:PLATFORM_SUPPORTS_WAIT_FOR_PRESENTATION
-define:PLATFORM_SUPPORTS_SPLIT_GRAPHICS_JOBS
-define:PLATFORM_USES_VULKAN_OLD_SWAPCHAIN
-define:USE_READ_ASYNC_MANAGED_API
-define:ENABLE_MONO
-define:NET_4_6
-define:NET_UNITY_4_8
-define:ENABLE_PROFILER
-define:DEBUG
-define:TRACE
-define:UNITY_ASSERTIONS
-define:UNITY_EDITOR
-define:UNITY_EDITOR_64
-define:UNITY_EDITOR_WIN
-define:ENABLE_UNITY_COLLECTIONS_CHECKS
-define:ENABLE_BURST_AOT
-define:UNITY_TEAM_LICENSE
-define:ENABLE_CUSTOM_RENDER_TEXTURE
-define:ENABLE_DIRECTOR
-define:ENABLE_LOCALIZATION
-define:ENABLE_SPRITES
-define:ENABLE_TERRAIN
-define:ENABLE_TILEMAP
-define:ENABLE_TIMELINE
-define:ENABLE_LEGACY_INPUT_MANAGER
-define:TEXTCORE_FONT_ENGINE_1_5_OR_NEWER
-define:TEXTCORE_TEXT_ENGINE_1_5_OR_NEWER
-define:TEXTCORE_FONT_ENGINE_1_6_OR_NEWER
-define:CSHARP_7_OR_LATER
-define:CSHARP_7_3_OR_NEWER
-define:UNITY_EDITOR_ONLY_COMPILATION
-r:"<local-path>"
-r:"<local-path>"
-r:"<local-path>"
-r:"<local-path>"
-r:"<local-path>"
-r:"<local-path>"
-r:"<local-path>"
-r:"<local-path>"
-r:"<local-path>"
-r:"<local-path>"
-r:"<local-path>"
-r:"<local-path>"
-r:"<local-path>"
-r:"<local-path>"
-r:"<local-path>"
-r:"<local-path>"
-r:"<local-path>"
-r:"<local-path>"
-r:"<local-path>"
-r:"<local-path>"
-r:"<local-path>"
-r:"<local-path>"
-r:"<local-path>"
-r:"<local-path>"
-r:"<local-path>"
-r:"<local-path>"
-r:"<local-path>"
-r:"<local-path>"
-r:"<local-path>"
-r:"<local-path>"
-r:"<local-path>"
-r:"<local-path>"
-r:"<local-path>"
-r:"<local-path>"
-r:"<local-path>"
-r:"<local-path>"
-r:"<local-path>"
-r:"<local-path>"
-r:"<local-path>"
-r:"<local-path>"
-r:"<local-path>"
-r:"<local-path>"
-r:"<local-path>"
-r:"<local-path>"
-r:"<local-path>"
-r:"<local-path>"
-r:"<local-path>"
-r:"<local-path>"
-r:"<local-path>"
-r:"<local-path>"
-r:"<local-path>"
-r:"<local-path>"
-r:"<local-path>"
-r:"<local-path>"
-r:"<local-path>"
-r:"<local-path>"
-r:"<local-path>"
-r:"<local-path>"
-r:"<local-path>"
-r:"<local-path>"
-r:"<local-path>"
-r:"<local-path>"
-r:"<local-path>"
-r:"<local-path>"
-r:"<local-path>"
-r:"<local-path>"
-r:"<local-path>"
-r:"<local-path>"
-r:"<local-path>"
-r:"<local-path>"
-r:"<local-path>"
-r:"<local-path>"
-r:"<local-path>"
-r:"<local-path>"
-r:"<local-path>"
-r:"<local-path>"
-r:"<local-path>"
-r:"<local-path>"
-r:"<local-path>"
-r:"<local-path>"
-r:"<local-path>"
-r:"<local-path>"
-r:"<local-path>"
-r:"<local-path>"
-r:"<local-path>"
-r:"<local-path>"
-r:"<local-path>"
-r:"<local-path>"
-r:"<local-path>"
-r:"<local-path>"
-r:"<local-path>"
-r:"<local-path>"
-r:"<local-path>"
-r:"<local-path>"
-r:"<local-path>"
-r:"<local-path>"
-r:"<local-path>"
-r:"<local-path>"
-r:"<local-path>"
-r:"<local-path>"
-r:"<local-path>"
-r:"<local-path>"
-r:"<local-path>"
-r:"<local-path>"
-r:"<local-path>"
-r:"<local-path>"
-r:"<local-path>"
-r:"<local-path>"
-r:"<local-path>"
-r:"<local-path>"
-r:"<local-path>"
-r:"<local-path>"
-r:"<local-path>"
-r:"<local-path>"
-r:"<local-path>"
-r:"<local-path>"
-r:"<local-path>"
-r:"<local-path>"
-r:"<local-path>"
-r:"<local-path>"
-r:"<local-path>"
-r:"<local-path>"
-r:"<local-path>"
-r:"<local-path>"
-r:"<local-path>"
-r:"<local-path>"
-r:"<local-path>"
-r:"<local-path>"
-r:"<local-path>"
-r:"<local-path>"
-r:"<local-path>"
-r:"<local-path>"
-r:"<local-path>"
-r:"<local-path>"
-r:"<local-path>"
-r:"<local-path>"
-r:"<local-path>"
-r:"<local-path>"
-r:"<local-path>"
-r:"<local-path>"
-r:"<local-path>"
-r:"<local-path>"
-r:"<local-path>"
-r:"<local-path>"
-r:"<local-path>"
-r:"<local-path>"
-r:"<local-path>"
-r:"<local-path>"
-r:"<local-path>"
-r:"<local-path>"
-r:"<local-path>"
-r:"<local-path>"
-r:"<local-path>"
-r:"<local-path>"
-r:"<local-path>"
-r:"<local-path>"
-r:"<local-path>"
-r:"<local-path>"
-r:"<local-path>"
-r:"<local-path>"
-r:"<local-path>"
-r:"<local-path>"
-r:"<local-path>"
-r:"<local-path>"
-r:"<local-path>"
-r:"<local-path>"
-r:"<local-path>"
-r:"<local-path>"
-r:"<local-path>"
-r:"<local-path>"
-r:"<local-path>"
-r:"<local-path>"
-r:"<local-path>"
-r:"<local-path>"
-r:"<local-path>"
-r:"<local-path>"
-r:"<local-path>"
-r:"<local-path>"
-r:"<local-path>"
-r:"<local-path>"
-r:"<local-path>"
-r:"<local-path>"
-r:"<local-path>"
-r:"<local-path>"
-r:"<local-path>"
-r:"<local-path>"
-r:"<local-path>"
-r:"<local-path>"
-r:"<local-path>"
-r:"<local-path>"
-r:"<local-path>"
-r:"<local-path>"
-r:"<local-path>"
-r:"<local-path>"
-r:"<local-path>"
-r:"<local-path>"
-r:"<local-path>"
-r:"<local-path>"
-r:"<local-path>"
-r:"<local-path>"
-r:"<local-path>"
-r:"<local-path>"
-r:"<local-path>"
-r:"<local-path>"
-r:"<local-path>"
-r:"<local-path>"
-r:"<local-path>"
-r:"<local-path>"
-r:"<local-path>"
-r:"<local-path>"
-r:"<local-path>"
-r:"<local-path>"
-r:"<local-path>"
-r:"<local-path>"
-r:"<local-path>"
-r:"<local-path>"
-r:"<local-path>"
-r:"<local-path>"
-r:"<local-path>"
-r:"<local-path>"
-r:"<local-path>"
-r:"<local-path>"
-r:"<local-path>"
-r:"<local-path>"
-r:"<local-path>"
-r:"<local-path>"
-r:"<local-path>"
-r:"<local-path>"
-r:"<local-path>"
-r:"<local-path>"
-r:"<local-path>"
-r:"<local-path>"
-r:"<local-path>"
-r:"<local-path>"
-r:"<local-path>"
-r:"<local-path>"
-r:"<local-path>"
-r:"<local-path>"
-r:"<local-path>"
-r:"<local-path>"
-r:"<local-path>"
-r:"<local-path>"
-r:"<local-path>"
-r:"<local-path>"
-r:"<local-path>"
-r:"<local-path>"
-r:"<local-path>"
-r:"<local-path>"
-r:"<local-path>"
-r:"<local-path>"
-r:"<local-path>"
-r:"<local-path>"
-r:"<local-path>"
-r:"<local-path>"
-r:"<local-path>"
-r:"<local-path>"
-r:"<local-path>"
-r:"<local-path>"
-r:"<local-path>"
-r:"<local-path>"
-r:"<local-path>"
-r:"<local-path>"
-r:"<local-path>"
-r:"<local-path>"
-r:"<local-path>"
-r:"<local-path>"
-r:"<local-path>"
-r:"<local-path>"
-r:"<local-path>"
-r:"<local-path>"
-r:"<local-path>"
-r:"<local-path>"
-r:"<local-path>"
-r:"<local-path>"
-r:"<local-path>"
-r:"<local-path>"
-r:"<local-path>"
-r:"<local-path>"
-r:"<local-path>"
-r:"<local-path>"
-r:"<local-path>"
-r:"<local-path>"
-r:"<local-path>"
-r:"<local-path>"
-r:"<local-path>"
-r:"<local-path>"
-r:"Library/Bee/artifacts/1900b0aE.dag/NeoEngDTrace.Runtime.ref.dll"
-analyzer:"<local-path>"
-analyzer:"<local-path>"
-analyzer:"<local-path>"
-analyzer:"<local-path>"
-analyzer:"<local-path>"
-analyzer:"<local-path>"
-analyzer:"<local-path>"
"<local-path>"
-langversion:9.0
/deterministic
/optimize+
/debug:portable
/nologo
/RuntimeMetadataVersion:v4.0.30319
/nowarn:0169
/nowarn:0649
/nowarn:0282
/nowarn:1701
/nowarn:1702
/utf8output
/preferreduilang:en-US
/additionalfile:"Library/Bee/artifacts/1900b0aE.dag/NeoEngDTrace.Editor.UnityAdditionalFile.txt"
##### Custom Environment Variables
DOTNET_HOST_PATH=<local-path>
DOTNET_MULTILEVEL_LOOKUP=0
##### ExitCode
1
##### Output
<repo>\integrations\unity\package\com.neoeng.dtrace\Editor\PackageDiagnostics.cs(116,75): error CS0104: 'PackageInfo' is an ambiguous reference between 'UnityEditor.PackageManager.PackageInfo' and 'UnityEditor.PackageInfo'
*** Tundra build failed (7.95 seconds), 165 items updated, 168 evaluated
## Script Compilation Error for: Csc Library/Bee/artifacts/1900b0aE.dag/NeoEngDTrace.Editor.dll (+2 others)
## CmdLine: "<local-path>" exec "<local-path>" /nostdlib /noconfig /shared "@Library/Bee/artifacts/1900b0aE.dag/NeoEngDTrace.Editor.rsp" "@Library/Bee/artifacts/1900b0aE.dag/NeoEngDTrace.Editor.rsp2"
## Output:
<repo>\integrations\unity\package\com.neoeng.dtrace\Editor\PackageDiagnostics.cs(116,75): error CS0104: 'PackageInfo' is an ambiguous reference between 'UnityEditor.PackageManager.PackageInfo' and 'UnityEditor.PackageInfo'

<repo>\integrations\unity\package\com.neoeng.dtrace\Editor\PackageDiagnostics.cs(116,75): error CS0104: 'PackageInfo' is an ambiguous reference between 'UnityEditor.PackageManager.PackageInfo' and 'UnityEditor.PackageInfo'
AssetDatabase: script compilation time: 10.701245s
Scripts have compiler errors.
Exiting without the bug reporter. Application will terminate with return code 1Shut down.
