
[Licensing::Module] Trying to connect to existing licensing client channel...
Built from '6000.5/staging' branch; Version is '6000.5.7f1 (017862109af0) revision 96354'; Using compiler version '194234433'; Build Type 'Release'
OS: 'Windows 11  (10.0.26200) Professional' Language: 'pt' Physical Memory: 32690 MB
[Licensing::IpcConnector] Channel LicenseClient-<redacted> doesn't exist
BatchMode: 1, IsHumanControllingUs: 0, StartBugReporterOnCrash: 0, Is64bit: 1
System  architecture: x64
Process architecture: x64
Date: 2026-08-17T21:47:01Z
[Licensing::Module] Successfully launched the LicensingClient (PId: <redacted>)

COMMAND LINE ARGUMENTS:
<local-path>
-batchmode
-nographics
-projectPath
<local-path>\tileset-conflict
-logFile
<local-path>\unity-stage3-tileset-conflict.log
Successfully changed project path to: <local-path>\tileset-conflict
<local-path>
[UnityMemory] Configuration Parameters - Can be set up in boot.config
    "memorysetup-temp-allocator-size-gi-baking-worker=262144"
    "memorysetup-temp-allocator-size-gi-baking-worker=262144"
    "memorysetup-temp-allocator-size-gi-baking-worker=262144"
    "memorysetup-temp-allocator-size-gi-baking-worker=262144"
    "memorysetup-temp-allocator-size-gi-baking-worker=262144"
    "memorysetup-temp-allocator-size-nav-mesh-worker=65536"
    "memorysetup-temp-allocator-size-audio-worker=65536"
    "memorysetup-temp-allocator-size-cloud-worker=32768"
    "memorysetup-temp-allocator-size-gfx=262144"
    "memorysetup-temp-allocator-size-preload-manager=33554432"
    "memorysetup-allocator-temp-initial-block-size-main=262144"
    "memorysetup-allocator-temp-initial-block-size-worker=262144"
    "memorysetup-temp-allocator-size-job-worker=262144"
    "memorysetup-temp-allocator-size-background-worker=32768"
    "memorysetup-bucket-allocator-granularity=16"
    "memorysetup-bucket-allocator-bucket-count=8"
    "memorysetup-bucket-allocator-block-size=33554432"
    "memorysetup-bucket-allocator-block-count=8"
    "memorysetup-main-allocator-block-size=16777216"
    "memorysetup-thread-allocator-block-size=16777216"
    "memorysetup-main-allocator-mimalloc-enabled=0"
    "memorysetup-gfx-main-allocator-block-size=16777216"
    "memorysetup-gfx-thread-allocator-block-size=16777216"
    "memorysetup-cache-allocator-block-size=4194304"
    "memorysetup-typetree-allocator-block-size=2097152"
    "memorysetup-profiler-bucket-allocator-granularity=16"
    "memorysetup-profiler-bucket-allocator-bucket-count=8"
    "memorysetup-profiler-bucket-allocator-block-size=33554432"
    "memorysetup-profiler-bucket-allocator-block-count=8"
    "memorysetup-profiler-allocator-block-size=16777216"
    "memorysetup-profiler-editor-allocator-block-size=1048576"
    "memorysetup-temp-allocator-size-main=16777216"
    "memorysetup-job-temp-allocator-block-size=2097152"
    "memorysetup-job-temp-allocator-block-size-background=1048576"
    "memorysetup-job-temp-allocator-reduction-small-platforms=262144"
Logging is directed to a specific file, skipping project log.<redacted-player-connection>

<redacted-player-connection>"[IP] <network-address> [Port] 55504 [Flags] 2 [Guid] 3891428264 [EditorId] 3891428264 [Version] 1048832 [Id] WindowsEditor(<redacted>) [Debug] 1 [PackageName] WindowsEditor [ProjectName] Editor" 

<redacted-player-connection>"[IP] <network-address> [Port] 55504 [Flags] 2 [Guid] 3891428264 [EditorId] 3891428264 [Version] 1048832 [Id] WindowsEditor(<redacted>) [Debug] 1 [PackageName] WindowsEditor [ProjectName] Editor" 

<redacted-player-connection>"[IP] <network-address> [Port] 55504 [Flags] 2 [Guid] 3891428264 [EditorId] 3891428264 [Version] 1048832 [Id] WindowsEditor(<redacted>) [Debug] 1 [PackageName] WindowsEditor [ProjectName] Editor" 

<redacted-player-connection>"[IP] <network-address> [Port] 55504 [Flags] 2 [Guid] 3891428264 [EditorId] 3891428264 [Version] 1048832 [Id] WindowsEditor(<redacted>) [Debug] 1 [PackageName] WindowsEditor [ProjectName] Editor" 

<redacted-player-connection>
<redacted-player-connection>
Input System module state changed to: Initialized.
[Physics::Module] Initialized fallback backend.
[Physics::Module] Id: 0xdecafbad
Starting IPC server.
Waiting for clients to connect on \\.\pipe\Unity-LicenseClient-<redacted>, press Ctrl-C to exit.
[Licensing::IpcConnector] Successfully connected to: "LicenseClient-<redacted>" at "2026-08-17T21:47:01.8322568Z"
[Package Manager] Connected to IPC stream "Upm-24732" after 0.3 seconds.
[Licensing::Module] Licensing is not yet initialized.
[Licensing::Client] Code 10 while verifying Licensing Client signature (process Id: <redacted>, path: "<local-path>")
[Licensing::Module] LicensingClient has failed validation; ignoring
[Licensing::Client] Handshaking with LicensingClient:
  Version:                 1.18.1+9fbee8e
  Session Id:<redacted>
  Correlation Id:<redacted>
  External correlation Id:<redacted>
  Machine Id:<redacted>
[Licensing::Module] Successfully connected to LicensingClient on channel: "LicenseClient-<redacted>" (connect: 0.37s, validation: 0.05s, handshake: 0.04s)
[Licensing::IpcConnector] Successfully connected to: "LicenseClient-<redacted>" at "2026-08-17T21:47:01.9176703Z"
[Licensing::Module] Connected to LicensingClient (PId: <redacted>, launch time: 0.01, total connection time: 0.46s)
[Licensing::Module] Error: Access token is unavailable; failed to update
[Licensing::Client] Successfully resolved entitlement details
[Licensing::Module] License group:
  Id: 4674131544823-UnityPersXXXX
  Product: Unity Personal
  Type: Assigned
  Expiration: Unlimited
[Licensing::Client] Successfully updated license, isAsync: True, time: 0.01
[Licensing::Client] Successfully resolved entitlement details
[Licensing::Module] Licensing Background thread has ended after 0.49s
[Licensing::Module] Licensing is initialized (took 0.07s).
[Licensing::Client] Successfully resolved entitlement details
Library Redirect Path: Library/
Rebuilding Library because the asset database could not be found!
[Physics::Module] Selected backend.
[Physics::Module] Name: PhysX
[Physics::Module] Id: 0xf2b8ea05
[Physics::Module] SDK Version: 4.1.2
[Physics::Module] Integration Version: 1.0.0
[Physics::Module] Threading Mode: Multi-Threaded
Initialize engine version: 6000.5.7f1 (017862109af0)
[Subsystems] Discovering subsystems at path <local-path>
[Subsystems] Discovering subsystems at path <local-path>
Forcing GfxDevice: Null
GfxDevice: creating device client; kGfxThreadingModeNonThreaded
NullGfxDevice:
    Version:  NULL 1.0 [1.0]
    Renderer: Null Device
    Vendor:   Unity Technologies
Initialize mono
Mono path[0] = '<local-path>
Mono path[1] = '<local-path>
Mono path[2] = '<local-path>
Mono config path = '<local-path>
Using monoOptions --debugger-agent=transport=dt_socket,embedding=1,server=y,suspend=n,address=<network-address>:56732
CodeReloadManager initialized
ImportWorker Server TCP listen port: 0
AcceleratorClientConnectionCallback - disconnected - :0
Begin MonoManager ReloadAssembly
Registering precompiled unity dll's ...
Register platform support module: <local-path>
Register platform support module: <local-path>
Registered in 0.006565 seconds.
Native extension for WindowsStandalone target not found
Native extension for WebGL target not found
Package Manager log level set to [2]
ScheduleIndexationOnStartup MainProcess:False IndexOnStartup:False
Mono: successfully reloaded assembly
- Finished resetting the current domain, in  0.389 seconds
Domain Reload Profiling: 1060ms
	BeginReloadAssembly (202ms)
		CreateAndSetChildDomain (18ms)
	RebuildCommonClasses (6ms)
	RebuildNativeTypeToScriptingClass (18ms)
	initialDomainReloadingComplete (109ms)
	LoadAllAssembliesAndSetupDomain (334ms)
		LoadAssemblies (173ms)
		AnalyzeDomain (234ms)
			TypeCache.Refresh (232ms)
				TypeCache.ScanAssembly (219ms)
	FinalizeReload (392ms)
		SetupLoadedEditorAssemblies (0ms)
			InitializePlatformSupportModulesInManaged (3ms)
			BeforeProcessingInitializeOnLoad (96ms)
			ProcessInitializeOnLoadAttributes (102ms)
			ProcessInitializeOnLoadMethodAttributes (116ms)
[Licensing::Client] Successfully resolved entitlement details
Application.AssetDatabase Initial Refresh Start
[Package Manager] Done resolving packages in 0.49 seconds
[Licensing::Client] Successfully resolved entitlement details
[Package Manager] Lock file was created
[Package Manager] Registered 1 packages:
  Local packages:
    com.neoeng.dtrace@file:<repo>\integrations\unity\package\com.neoeng.dtrace (location: <repo>\integrations\unity\package\com.neoeng.dtrace)
[Subsystems] No new subsystems found in resolved package list.
[Package Manager] Done registering packages in 0.00 seconds
AcceleratorClientConnectionCallback - disconnected - :0
[ScriptCompilation] Requested script compilation because: Assembly Definition File(s) changed
[ScriptCompilation] Requested script compilation because: AssetDatabase observed changes in script compilation related files
info: Microsoft.Hosting.Lifetime[14]
      Now listening on: htt<local-path>
info: Microsoft.Hosting.Lifetime[0]
      Application started. Press Ctrl+C to shut down.
info: Microsoft.Hosting.Lifetime[0]
      Hosting environment: Production
info: Microsoft.Hosting.Lifetime[0]
      Content root path: <local-path>\tileset-conflict
info: Microsoft.AspNetCore.Hosting.Diagnostics[1]
      Request starting HTTP/2 POST htt<local-path>
info: Microsoft.AspNetCore.Routing.EndpointMiddleware[0]
      Executing endpoint 'gRPC - /UnityILPP.PostProcessing/Ping'
info: Microsoft.AspNetCore.Routing.EndpointMiddleware[1]
      Executed endpoint 'gRPC - /UnityILPP.PostProcessing/Ping'
info: Microsoft.AspNetCore.Hosting.Diagnostics[2]
      Request finished HTTP/2 POST htt<local-path>
Starting: <local-path>"Library/Bee/1900b0aE.dag" --continue-on-failure --profile="Library/Bee/backend1.traceevents" ScriptAssemblies
WorkingDir: <local-path>
ExitCode: 4 Duration: 0s39ms
[             ] Require frontend run.  Library/Bee/1900b0aE.dag couldn't be loaded
DisplayProgressbar: Compiling Scripts
Starting: <local-path>"<local-path>" "Library/Bee/1900b0aE.dag.json" "Library/Bee/1900b0aE-inputdata.json" "Library\Bee\buildprogram0.traceevents"
WorkingDir: <local-path>
ExitCode: 0 Duration: 0s241ms
Starting: <local-path>"Library/Bee/1900b0aE.dag" --continue-on-failure --dagfilejson="Library\Bee\1900b0aE.dag.json" --profile="Library/Bee/backend2.traceevents" ScriptAssemblies
WorkingDir: <local-path>
ExitCode: 0 Duration: 4s289ms
Finished compiling graph: 179 nodes, 794 flattened edges (776 ToBuild, 6 ToUse), maximum node priority 24
[  1/176    0s] MovedFromExtractor Library/Bee/artifacts/mvdfrm/UnityEditor.TextRenderingModule.dll_643E8A08F64F1F62.mvfrm
[  2/176    0s] MovedFromExtractor Library/Bee/artifacts/mvdfrm/UnityEditor.SubstanceModule.dll_77857F2E15A99E33.mvfrm
[  3/176    0s] MovedFromExtractor Library/Bee/artifacts/mvdfrm/UnityEditor.SketchUpModule.dll_2DDC4F474A774838.mvfrm
[  4/176    0s] MovedFromExtractor Library/Bee/artifacts/mvdfrm/UnityEditor.TextCoreTextEngineModule.dll_9D6CC6E6B153E63C.mvfrm
[  5/176    0s] MovedFromExtractor Library/Bee/artifacts/mvdfrm/UnityEditor.ShaderFoundryModule.dll_597B3810C6A1EA97.mvfrm
[  6/176    0s] MovedFromExtractor Library/Bee/artifacts/mvdfrm/UnityEditor.ShaderBuildSettingsModule.dll_6CE3BB4B63CFCCEF.mvfrm
[  7/176    0s] MovedFromExtractor Library/Bee/artifacts/mvdfrm/UnityEditor.TilemapModule.dll_88620B9BED1BFA01.mvfrm
[  8/176    0s] MovedFromExtractor Library/Bee/artifacts/mvdfrm/UnityEditor.ShaderCompilationModule.dll_8BD4C024CDC49D21.mvfrm
[  9/176    0s] MovedFromExtractor Library/Bee/artifacts/mvdfrm/UnityEditor.SafeModeModule.dll_45C769F6FF45AC21.mvfrm
[ 10/176    0s] MovedFromExtractor Library/Bee/artifacts/mvdfrm/UnityEditor.TextCoreFontEngineModule.dll_5584907521D02D1E.mvfrm
[ 11/176    0s] MovedFromExtractor Library/Bee/artifacts/mvdfrm/UnityEditor.SpriteMaskModule.dll_52C550464C6836D2.mvfrm
[ 12/176    0s] MovedFromExtractor Library/Bee/artifacts/mvdfrm/UnityEditor.SceneViewModule.dll_0C55D55C7B149334.mvfrm
[ 13/176    0s] MovedFromExtractor Library/Bee/artifacts/mvdfrm/UnityEditor.SpriteShapeModule.dll_65C440F1F8C96AFF.mvfrm
[ 14/176    0s] MovedFromExtractor Library/Bee/artifacts/mvdfrm/UnityEditor.QuickSearchModule.dll_0E3FB034F2FA8E88.mvfrm
[ 15/176    0s] MovedFromExtractor Library/Bee/artifacts/mvdfrm/UnityEditor.SceneTemplateModule.dll_1A9B67CDA3F26E09.mvfrm
[ 16/176    0s] MovedFromExtractor Library/Bee/artifacts/mvdfrm/UnityEditor.TerrainModule.dll_E965A41AD55F18F8.mvfrm
[ 17/176    0s] MovedFromExtractor Library/Bee/artifacts/mvdfrm/UnityEditor.QuickInstallModule.dll_E870CF5853AAF76F.mvfrm
[ 18/176    0s] MovedFromExtractor Library/Bee/artifacts/mvdfrm/UnityEditor.PropertiesModule.dll_96D41CF49DE40594.mvfrm
[ 19/176    0s] MovedFromExtractor Library/Bee/artifacts/mvdfrm/UnityEngine.InsightsModule.dll_DAA4F5080D8DD327.mvfrm
[ 20/176    0s] MovedFromExtractor Library/Bee/artifacts/mvdfrm/UnityEditor.ProjectAuditorModule.dll_55D011101AD2D826.mvfrm
[ 21/176    0s] MovedFromExtractor Library/Bee/artifacts/mvdfrm/UnityEditor.PlayModeModule.dll_8BBB5BB09E0EBB88.mvfrm
[ 22/176    0s] MovedFromExtractor Library/Bee/artifacts/mvdfrm/UnityEditor.MediaModule.dll_BD7E9226B571C0A7.mvfrm
[ 23/176    0s] MovedFromExtractor Library/Bee/artifacts/mvdfrm/UnityEditor.PhysicsModule.dll_CF1F28ABFFA0D00A.mvfrm
[ 24/176    0s] MovedFromExtractor Library/Bee/artifacts/mvdfrm/UnityEditor.PhysicsCore2DModule.dll_AEC3B8E88A15076B.mvfrm
[ 25/176    0s] MovedFromExtractor Library/Bee/artifacts/mvdfrm/UnityEditor.Physics2DModule.dll_32EB6D851BCBE07C.mvfrm
[ 26/176    0s] MovedFromExtractor Library/Bee/artifacts/mvdfrm/UnityEditor.LightingModule.dll_3FCEE1735231754D.mvfrm
[ 27/176    0s] MovedFromExtractor Library/Bee/artifacts/mvdfrm/UnityEditor.GraphicsStateCollectionSerializerModule.dll_1F4A5F0762D36DE9.mvfrm
[ 28/176    0s] MovedFromExtractor Library/Bee/artifacts/mvdfrm/UnityEditor.HierarchyModule.dll_BB19F93043D104E8.mvfrm
[ 29/176    0s] MovedFromExtractor Library/Bee/artifacts/mvdfrm/UnityEditor.MultiplayerModule.dll_CC0B3023FBEEC06D.mvfrm
[ 30/176    0s] MovedFromExtractor Library/Bee/artifacts/mvdfrm/UnityEditor.PresetsUIModule.dll_890C2B36884A1E2B.mvfrm
[ 31/176    0s] MovedFromExtractor Library/Bee/artifacts/mvdfrm/UnityEditor.MathematicsModule.dll_7177C170B79F2A29.mvfrm
[ 32/176    0s] MovedFromExtractor Library/Bee/artifacts/mvdfrm/UnityEditor.GridModule.dll_4D8EE9F7B6C08597.mvfrm
[ 33/176    0s] MovedFromExtractor Library/Bee/artifacts/mvdfrm/UnityEditor.GraphViewModule.dll_CDA5F25485F1C626.mvfrm
[ 34/176    0s] MovedFromExtractor Library/Bee/artifacts/mvdfrm/UnityEditor.GenericRemoteModule.dll_570137188D143B80.mvfrm
[ 35/176    0s] MovedFromExtractor Library/Bee/artifacts/mvdfrm/UnityEditor.GraphToolkitModule.dll_256E65C402D3B7C1.mvfrm
[ 36/176    0s] MovedFromExtractor Library/Bee/artifacts/mvdfrm/UnityEditor.EmbreeModule.dll_325107F39E868BE9.mvfrm
[ 37/176    0s] MovedFromExtractor Library/Bee/artifacts/mvdfrm/UnityEditor.EditorToolbarModule.dll_F6FBF70FA505C3D1.mvfrm
[ 38/176    0s] MovedFromExtractor Library/Bee/artifacts/mvdfrm/UnityEditor.GIModule.dll_C1D63A79B11DBE43.mvfrm
[ 39/176    0s] MovedFromExtractor Library/Bee/artifacts/mvdfrm/UnityEditor.CoreBusinessMetricsModule.dll_E4A86E1CB717CAA7.mvfrm
[ 40/176    0s] MovedFromExtractor Library/Bee/artifacts/mvdfrm/UnityEditor.DiagnosticsModule.dll_83302F279A23922F.mvfrm
[ 41/176    0s] MovedFromExtractor Library/Bee/artifacts/mvdfrm/UnityEditor.DeviceSimulatorModule.dll_ADE4E55F9DD1D021.mvfrm
[ 42/176    0s] MovedFromExtractor Library/Bee/artifacts/mvdfrm/UnityEditor.AssetComplianceModule.dll_E6BFF54E188DB44E.mvfrm
[ 43/176    0s] MovedFromExtractor Library/Bee/artifacts/mvdfrm/UnityEditor.ClothModule.dll_58A6D590114216FD.mvfrm
[ 44/176    0s] MovedFromExtractor Library/Bee/artifacts/mvdfrm/UnityEditor.AccessibilityModule.dll_C0FFE13D2B701281.mvfrm
[ 45/176    0s] MovedFromExtractor Library/Bee/artifacts/mvdfrm/UnityEditor.BuildProfileModule.dll_099181191224893C.mvfrm
[ 46/176    0s] MovedFromExtractor Library/Bee/artifacts/mvdfrm/UnityEditor.AdaptivePerformanceModule.dll_64BD74A290D09BAD.mvfrm
[ 47/176    0s] MovedFromExtractor Library/Bee/artifacts/mvdfrm/UnityEditor.ContentLoadModule.dll_E5796CD811A9DAE2.mvfrm
[ 48/176    0s] MovedFromExtractor Library/Bee/artifacts/mvdfrm/UnityEditor.CoreModule.dll_701DCE099E6BEFA0.mvfrm
[ 49/176    0s] MovedFromExtractor Library/Bee/artifacts/mvdfrm/UnityEditor.AIModule.dll_2999F16C156ED629.mvfrm
[ 50/176    0s] MovedFromExtractor Library/Bee/artifacts/mvdfrm/Unity.Scripting.dll_6312751106B582E1.mvfrm
[ 51/176    0s] MovedFromExtractor Library/Bee/artifacts/mvdfrm/UnityEditor.Graphs.dll_E035D55896AED9D2.mvfrm
[ 52/176    0s] MovedFromExtractor Library/Bee/artifacts/mvdfrm/UnityEditor.WebGL.Extensions.dll_4D57E384C9B75910.mvfrm
[ 53/176    0s] MovedFromExtractor Library/Bee/artifacts/mvdfrm/UnityEngine.dll_A9B10FE8A27D34DA.mvfrm
[ 54/176    0s] MovedFromExtractor Library/Bee/artifacts/mvdfrm/UnityEditor.WindowsStandalone.Extensions.dll_51E76FAEAFB11C00.mvfrm
[ 55/176    0s] MovedFromExtractor Library/Bee/artifacts/mvdfrm/UnityEngine.VirtualTexturingModule.dll_FC0F60CE6D32C5A9.mvfrm
[ 56/176    0s] MovedFromExtractor Library/Bee/artifacts/mvdfrm/UnityEngine.VFXModule.dll_ABC6154FD31E85D0.mvfrm
[ 57/176    0s] MovedFromExtractor Library/Bee/artifacts/mvdfrm/UnityEngine.UnityConsentModule.dll_C3D0A9CA3E9B0551.mvfrm
[ 58/176    0s] MovedFromExtractor Library/Bee/artifacts/mvdfrm/UnityEngine.UnityConnectModule.dll_F22B129E31906F01.mvfrm
[ 59/176    0s] MovedFromExtractor Library/Bee/artifacts/mvdfrm/UnityEngine.UnityCurlModule.dll_CF480FAED0628CB9.mvfrm
[ 60/176    0s] MovedFromExtractor Library/Bee/artifacts/mvdfrm/UnityEngine.TextRenderingModule.dll_F07F7C306F47A287.mvfrm
[ 61/176    0s] MovedFromExtractor Library/Bee/artifacts/mvdfrm/UnityEngine.TextCoreFontEngineModule.dll_D3E40BC834CDEBE9.mvfrm
[ 62/176    0s] MovedFromExtractor Library/Bee/artifacts/mvdfrm/UnityEngine.TextCoreTextEngineModule.dll_1BCC4239C451A507.mvfrm
[ 63/176    0s] MovedFromExtractor Library/Bee/artifacts/mvdfrm/UnityEngine.U2DRuntimeModule.dll_8EFD74B6ED4FAE3D.mvfrm
[ 64/176    0s] MovedFromExtractor Library/Bee/artifacts/mvdfrm/UnityEngine.UnityAnalyticsCommonModule.dll_52088BBDF19918E8.mvfrm
[ 65/176    0s] MovedFromExtractor Library/Bee/artifacts/mvdfrm/UnityEngine.TLSModule.dll_2AE77CE0FCB11C63.mvfrm
[ 66/176    0s] MovedFromExtractor Library/Bee/artifacts/mvdfrm/UnityEngine.StreamingModule.dll_50C05BCDAFD6520A.mvfrm
[ 67/176    0s] MovedFromExtractor Library/Bee/artifacts/mvdfrm/UnityEngine.SubstanceModule.dll_2D6B7016FB295018.mvfrm
[ 68/176    0s] MovedFromExtractor Library/Bee/artifacts/mvdfrm/UnityEngine.SharedInternalsModule.dll_A394E45706DF90E9.mvfrm
[ 69/176    0s] MovedFromExtractor Library/Bee/artifacts/mvdfrm/UnityEngine.RuntimeInitializeOnLoadManagerInitializerModule.dll_32FB239C5BF3452A.mvfrm
[ 70/176    0s] MovedFromExtractor Library/Bee/artifacts/mvdfrm/UnityEngine.SpriteShapeModule.dll_6B8A10810B037B84.mvfrm
[ 71/176    0s] MovedFromExtractor Library/Bee/artifacts/mvdfrm/UnityEngine.ShaderVariantAnalyticsModule.dll_4CC5DB256676EEB2.mvfrm
[ 72/176    0s] MovedFromExtractor Library/Bee/artifacts/mvdfrm/UnityEngine.PhysicsBackendPhysXModule.dll_FF60F0E5AED23171.mvfrm
[ 73/176    0s] MovedFromExtractor Library/Bee/artifacts/mvdfrm/UnityEngine.SpriteMaskModule.dll_5373BD8E4EAC501D.mvfrm
[ 74/176    0s] MovedFromExtractor Library/Bee/artifacts/mvdfrm/UnityEngine.RenderAs2DModule.dll_D8BA4CC27F826916.mvfrm
[ 75/176    0s] MovedFromExtractor Library/Bee/artifacts/mvdfrm/UnityEngine.ScriptingModule.dll_B34CC743DFD6497F.mvfrm
[ 76/176    0s] MovedFromExtractor Library/Bee/artifacts/mvdfrm/UnityEngine.MultiplayerModule.dll_D1D0FFB30E28D0F2.mvfrm
[ 77/176    0s] MovedFromExtractor Library/Bee/artifacts/mvdfrm/UnityEngine.MarshallingModule.dll_FA9181BB398970CC.mvfrm
[ 78/176    0s] MovedFromExtractor Library/Bee/artifacts/mvdfrm/UnityEngine.PerformanceReportingModule.dll_B6C9CE79D7B07A8A.mvfrm
[ 79/176    0s] MovedFromExtractor Library/Bee/artifacts/mvdfrm/UnityEngine.MathematicsModule.dll_773D90FFC9D93AAE.mvfrm
[ 80/176    0s] MovedFromExtractor Library/Bee/artifacts/mvdfrm/UnityEngine.PropertiesModule.dll_97828A3CA0281EDF.mvfrm
[ 81/176    0s] MovedFromExtractor Library/Bee/artifacts/mvdfrm/UnityEngine.LocalizationModule.dll_C2B4CDF7800C3415.mvfrm
[ 82/176    0s] MovedFromExtractor Library/Bee/artifacts/mvdfrm/UnityEditor.GridAndSnapModule.dll_8CE915A91D884F1E.mvfrm
[ 83/176    0s] MovedFromExtractor Library/Bee/artifacts/mvdfrm/UnityEngine.InputLegacyModule.dll_E36DFE44ED52F96B.mvfrm
[ 84/176    0s] MovedFromExtractor Library/Bee/artifacts/mvdfrm/UnityEngine.InputModule.dll_1E60FCA9DEDA8D62.mvfrm
[ 85/176    0s] MovedFromExtractor Library/Bee/artifacts/mvdfrm/UnityEngine.InputForUIModule.dll_6CF9A5178D5D575F.mvfrm
[ 86/176    0s] MovedFromExtractor Library/Bee/artifacts/mvdfrm/UnityEngine.HotReloadModule.dll_1D742C833B81B64E.mvfrm
[ 87/176    0s] MovedFromExtractor Library/Bee/artifacts/mvdfrm/UnityEngine.GraphicsStateCollectionSerializerModule.dll_283E2BF72FD2B74E.mvfrm
[ 88/176    0s] MovedFromExtractor Library/Bee/artifacts/mvdfrm/UnityEngine.GridModule.dll_70AFBD4A5EC5F0C2.mvfrm
[ 89/176    0s] MovedFromExtractor Library/Bee/artifacts/mvdfrm/UnityEngine.GIModule.dll_0044CC091C9AF20E.mvfrm
[ 90/176    0s] MovedFromExtractor Library/Bee/artifacts/mvdfrm/UnityEngine.DSPGraphModule.dll_462F8DE0F57154C9.mvfrm
[ 91/176    0s] MovedFromExtractor Library/Bee/artifacts/mvdfrm/UnityEngine.IdentifiersModule.dll_2AB26B1C17DA1192.mvfrm
[ 92/176    0s] MovedFromExtractor Library/Bee/artifacts/mvdfrm/UnityEngine.GameCenterModule.dll_6A474AFE2D3CBAA3.mvfrm
[ 93/176    0s] MovedFromExtractor Library/Bee/artifacts/mvdfrm/UnityEngine.ClusterRendererModule.dll_B391A7D10D8CDDA5.mvfrm
[ 94/176    0s] MovedFromExtractor Library/Bee/artifacts/mvdfrm/UnityEngine.ContentLoadModule.dll_EB3F3C6723E3EB67.mvfrm
[ 95/176    0s] MovedFromExtractor Library/Bee/artifacts/mvdfrm/UnityEngine.CrashReportingModule.dll_732D7EF974151B43.mvfrm
[ 96/176    0s] MovedFromExtractor Library/Bee/artifacts/mvdfrm/UnityEngine.CoreModule.dll_933EA15C46715ACB.mvfrm
[ 97/176    0s] MovedFromExtractor Library/Bee/artifacts/mvdfrm/UnityEngine.ClusterInputModule.dll_846803A4E890411C.mvfrm
[ 98/176    0s] WriteText Library/Bee/artifacts/1900b0aE.dag/NeoEngDTrace.Runtime.rsp2
[ 99/176    0s] WriteText Library/Bee/artifacts/1900b0aE.dag/NeoEngDTrace.Runtime.UnityAdditionalFile.txt
[100/176    0s] WriteText Library/Bee/artifacts/1900b0aE.dag/NeoEngDTrace.Runtime.dll.mvfrm.rsp
[101/176    0s] WriteText Library/Bee/artifacts/1900b0aE.dag/NeoEngDTrace.Runtime.rsp
[102/176    0s] MovedFromExtractor Library/Bee/artifacts/mvdfrm/UnityEditor.dll_770CC9104409A7F5.mvfrm
[103/176    0s] MovedFromExtractor Library/Bee/artifacts/mvdfrm/UnityEngine.ARModule.dll_217B47FEDE0968BD.mvfrm
[104/176    0s] MovedFromExtractor Library/Bee/artifacts/mvdfrm/UnityEditor.XRModule.dll_AA9E79239CAAAEAB.mvfrm
[105/176    0s] MovedFromExtractor Library/Bee/artifacts/mvdfrm/UnityEditor.VectorGraphicsModule.dll_A2629CDF5840890F.mvfrm
[106/176    0s] MovedFromExtractor Library/Bee/artifacts/mvdfrm/UnityEditor.UmbraModule.dll_6C9324ADC44BE38C.mvfrm
[107/176    0s] MovedFromExtractor Library/Bee/artifacts/mvdfrm/UnityEditor.UIToolkitAuthoringModule.dll_88DB25024056B0DE.mvfrm
[108/176    0s] MovedFromExtractor Library/Bee/artifacts/mvdfrm/UnityEditor.VideoModule.dll_16C7FCFFF9B753BE.mvfrm
[109/176    0s] MovedFromExtractor Library/Bee/artifacts/mvdfrm/UnityEditor.UnityConnectModule.dll_04CB8E8F37086E56.mvfrm
[110/176    0s] MovedFromExtractor Library/Bee/artifacts/mvdfrm/UnityEditor.UIElementsModule.dll_C1B118101DDC5ADC.mvfrm
[111/176    0s] MovedFromExtractor Library/Bee/artifacts/mvdfrm/UnityEditor.VFXModule.dll_9FA472FC636E77CB.mvfrm
[112/176    0s] MovedFromExtractor Library/Bee/artifacts/mvdfrm/UnityEditor.UIElementsSamplesModule.dll_80065DACEAC0A851.mvfrm
[113/176    0s] MovedFromExtractor Library/Bee/artifacts/mvdfrm/UnityEditor.UIBuilderModule.dll_222E9F70F8AA3F5A.mvfrm
[114/176    0s] MovedFromExtractor Library/Bee/artifacts/mvdfrm/UnityEditor.UIAutomationModule.dll_BA327009AE9851FC.mvfrm
[115/176    0s] MovedFromExtractor Library/Bee/artifacts/mvdfrm/UnityEditor.U2DModule.dll_CB7D1DDF990AD82A.mvfrm
[116/176    0s] MovedFromExtractor Library/Bee/artifacts/mvdfrm/UnityEditor.TreeModule.dll_CDC9C318263184DF.mvfrm
[117/176    0s] MovedFromExtractor Library/Bee/artifacts/mvdfrm/UnityEngine.UnityWebRequestAudioModule.dll_2EC622585E1B4522.mvfrm
[118/176    0s] MovedFromExtractor Library/Bee/artifacts/mvdfrm/UnityEngine.AndroidJNIModule.dll_3FFA00E366FBC9B2.mvfrm
[119/176    0s] MovedFromExtractor Library/Bee/artifacts/mvdfrm/UnityEngine.AccessibilityModule.dll_4D40D364A46895A6.mvfrm
[120/176    0s] MovedFromExtractor Library/Bee/artifacts/mvdfrm/UnityEngine.AnimationModule.dll_9C2B6E7D604E9ACC.mvfrm
[121/176    0s] MovedFromExtractor Library/Bee/artifacts/mvdfrm/UnityEngine.AdaptivePerformanceModule.dll_254D0958CC15EEB2.mvfrm
[122/176    0s] MovedFromExtractor Library/Bee/artifacts/mvdfrm/UnityEngine.AIModule.dll_680882FB80EC09F4.mvfrm
[123/176    0s] MovedFromExtractor Library/Bee/artifacts/mvdfrm/UnityEngine.XRModule.dll_E90D0AB30827E276.mvfrm
[124/176    0s] MovedFromExtractor Library/Bee/artifacts/mvdfrm/UnityEngine.AMDModule.dll_2C57B97BD580A110.mvfrm
[125/176    0s] MovedFromExtractor Library/Bee/artifacts/mvdfrm/UnityEngine.WindModule.dll_098D7C84D7A7D934.mvfrm
[126/176    0s] MovedFromExtractor Library/Bee/artifacts/mvdfrm/UnityEngine.VehiclesModule.dll_B8A125F6FD3A5343.mvfrm
[127/176    0s] MovedFromExtractor Library/Bee/artifacts/mvdfrm/UnityEngine.HierarchyCoreModule.dll_C45B703F1315EE9C.mvfrm
[128/176    0s] MovedFromExtractor Library/Bee/artifacts/mvdfrm/UnityEngine.VideoModule.dll_DCF4B9642B348463.mvfrm
[129/176    0s] MovedFromExtractor Library/Bee/artifacts/mvdfrm/UnityEngine.VectorGraphicsModule.dll_5D86FE7A742D1D1A.mvfrm
[130/176    0s] MovedFromExtractor Library/Bee/artifacts/mvdfrm/UnityEngine.UnityWebRequestTextureModule.dll_8C0BBD74BAAAB337.mvfrm
[131/176    0s] MovedFromExtractor Library/Bee/artifacts/mvdfrm/UnityEngine.UnityWebRequestWWWModule.dll_E68E8795B4116173.mvfrm
[132/176    0s] MovedFromExtractor-Combine Library/Bee/artifacts/1900b0aE.dag/NeoEngDTrace.Runtime.dll.mvfrm
[133/176    0s] MovedFromExtractor Library/Bee/artifacts/mvdfrm/UnityEngine.UnityWebRequestModule.dll_3122AD2B9AA63018.mvfrm
[134/176    0s] MovedFromExtractor Library/Bee/artifacts/mvdfrm/UnityEngine.UmbraModule.dll_32BFE111F5C91431.mvfrm
[135/176    0s] MovedFromExtractor Library/Bee/artifacts/mvdfrm/UnityEngine.UIModule.dll_637C2128DD330FA0.mvfrm
[136/176    0s] MovedFromExtractor Library/Bee/artifacts/mvdfrm/UnityEngine.UnityWebRequestAssetBundleModule.dll_FA63CAE127646D5E.mvfrm
[137/176    0s] MovedFromExtractor Library/Bee/artifacts/mvdfrm/UnityEngine.UnityAnalyticsModule.dll_E5DF390F8E4DF8CD.mvfrm
[138/176    0s] MovedFromExtractor Library/Bee/artifacts/mvdfrm/UnityEngine.TerrainPhysicsModule.dll_C6BA7118FB69A15E.mvfrm
[139/176    0s] MovedFromExtractor Library/Bee/artifacts/mvdfrm/UnityEngine.TilemapModule.dll_7ADCC446522AE146.mvfrm
[140/176    0s] MovedFromExtractor Library/Bee/artifacts/mvdfrm/UnityEngine.TerrainModule.dll_DBE05CC53A6E003D.mvfrm
[141/176    0s] MovedFromExtractor Library/Bee/artifacts/mvdfrm/UnityEngine.PhysicsModule.dll_C199E15664AFB74F.mvfrm
[142/176    0s] MovedFromExtractor Library/Bee/artifacts/mvdfrm/UnityEngine.ScreenCaptureModule.dll_C7400A25B8102292.mvfrm
[143/176    0s] MovedFromExtractor Library/Bee/artifacts/mvdfrm/UnityEngine.SubsystemsModule.dll_BE2123F01CF43830.mvfrm
[144/176    0s] WriteText Library/Bee/artifacts/1900b0aE.dag/NeoEngDTrace.Editor.rsp2
[145/176    0s] WriteText Library/Bee/artifacts/1900b0aE.dag/NeoEngDTrace.Editor.UnityAdditionalFile.txt
[146/176    0s] WriteText Library/Bee/artifacts/1900b0aE.dag/NeoEngDTrace.Editor.dll.mvfrm.rsp
[147/176    0s] WriteText Library/Bee/artifacts/1900b0aE.dag/NeoEngDTrace.Editor.rsp
[148/176    0s] WriteText Library/Bee/artifacts/1900b0aE.dag/Assembly-CSharp-Editor.rsp2
[149/176    0s] WriteText Library/Bee/artifacts/1900b0aE.dag/Assembly-CSharp-Editor.UnityAdditionalFile.txt
[150/176    0s] WriteText Library/Bee/artifacts/1900b0aE.dag/Assembly-CSharp-Editor.dll.mvfrm.rsp
[151/176    0s] WriteText Library/Bee/artifacts/1900b0aE.dag/Assembly-CSharp-Editor.rsp
[152/176    0s] MovedFromExtractor Library/Bee/artifacts/mvdfrm/UnityEngine.Physics2DModule.dll_E8D15E6E014B9261.mvfrm
[153/176    0s] MovedFromExtractor Library/Bee/artifacts/mvdfrm/UnityEngine.UIElementsModule.dll_C25F855820207427.mvfrm
[154/176    0s] MovedFromExtractor Library/Bee/artifacts/mvdfrm/UnityEngine.ParticleSystemModule.dll_C63FC845E226A6D1.mvfrm
[155/176    0s] MovedFromExtractor Library/Bee/artifacts/mvdfrm/UnityEngine.NVIDIAModule.dll_8A621FDAFC23A697.mvfrm
[156/176    0s] MovedFromExtractor Library/Bee/artifacts/mvdfrm/UnityEngine.PhysicsCore2DModule.dll_3B04AB10030D8A90.mvfrm
[156/176    0s] Csc Library/Bee/artifacts/1900b0aE.dag/NeoEngDTrace.Runtime.dll (+2 others) [CacheHit ea9348f0fe8b213c08943f3e026a608b00000000000000000000000000000006]
[157/176    0s] Csc Library/Bee/artifacts/1900b0aE.dag/NeoEngDTrace.Runtime.dll (+2 others)
[159/176    0s] MovedFromExtractor Library/Bee/artifacts/mvdfrm/UnityEngine.JSONSerializeModule.dll_AD585CA0A3A3F630.mvfrm
[160/176    0s] CopyFiles Library/ScriptAssemblies/NeoEngDTrace.Runtime.pdb
[161/176    0s] MovedFromExtractor Library/Bee/artifacts/mvdfrm/UnityEngine.ImageConversionModule.dll_1F83A5818FB19599.mvfrm
[162/176    0s] MovedFromExtractor Library/Bee/artifacts/mvdfrm/UnityEngine.HierarchyModule.dll_70FFEA192950B6CD.mvfrm
[163/176    0s] MovedFromExtractor Library/Bee/artifacts/mvdfrm/UnityEngine.IMGUIModule.dll_F04AD4602ED3FC9F.mvfrm
[164/176    0s] CopyFiles Library/ScriptAssemblies/NeoEngDTrace.Runtime.dll
[165/176    0s] MovedFromExtractor Library/Bee/artifacts/mvdfrm/UnityEngine.ClothModule.dll_1ED391F442BF47A2.mvfrm
[166/176    0s] MovedFromExtractor Library/Bee/artifacts/mvdfrm/UnityEngine.DirectorModule.dll_40DE2C77831083A8.mvfrm
[167/176    0s] MovedFromExtractor Library/Bee/artifacts/mvdfrm/UnityEngine.AssetBundleModule.dll_5228E3265561437A.mvfrm
[168/176    0s] MovedFromExtractor Library/Bee/artifacts/mvdfrm/UnityEngine.AudioModule.dll_B7EB34F968A268BE.mvfrm
[169/176    0s] MovedFromExtractor-Combine Library/Bee/artifacts/1900b0aE.dag/NeoEngDTrace.Editor.dll.mvfrm
[170/176    0s] MovedFromExtractor-Combine Library/Bee/artifacts/1900b0aE.dag/Assembly-CSharp-Editor.dll.mvfrm
[169/176    0s] Csc Library/Bee/artifacts/1900b0aE.dag/NeoEngDTrace.Editor.dll (+2 others) [CacheHit 78fcb3289e701f346b89ecc8c00c85f000000000000000000000000000000006]
[171/176    0s] Csc Library/Bee/artifacts/1900b0aE.dag/NeoEngDTrace.Editor.dll (+2 others)
[173/176    0s] CopyFiles Library/ScriptAssemblies/NeoEngDTrace.Editor.pdb
[174/176    0s] CopyFiles Library/ScriptAssemblies/NeoEngDTrace.Editor.dll
[175/176    1s] Csc Library/Bee/artifacts/1900b0aE.dag/Assembly-CSharp-Editor.dll (+2 others)
[176/176    0s] CopyFiles Library/ScriptAssemblies/Assembly-CSharp-Editor.pdb
[177/176    0s] CopyFiles Library/ScriptAssemblies/Assembly-CSharp-Editor.dll
*** Tundra build success (4.27 seconds), 173 items updated, 176 evaluated
AssetDatabase: script compilation time: 5.338755s
Begin MonoManager ReloadAssembly
Total cache size 173341256
Total cache size after purge 173341256, took 00:00:00.4742463
Importing 'GUID: 00000000000000001000000000000000 - Path: Assets' with importer (DefaultImporter)
Imported 'GUID: 00000000000000001000000000000000' -> (Import Result ID: 'd4b99c274a2bfd195a0fab07a219813d') in 0.013 seconds [static dependencies only]. Details - ImportResultOutputID=931399766a3d35f20ee4474945b75a67 DependenciesID=b70de132a7282aafa7414a97dcffc9e1 StaticDependenciesID=f5f353ad10b41c84dbd766055d9989c6 
Importing 'GUID: 00000000000000002000000000000000 - Path: ProjectSettings/InputManager.asset' with importer (LibraryAssetImporter)
Imported 'GUID: 00000000000000002000000000000000' -> (Import Result ID: '122dd9edfa1375de805a66904857642d') in 0.002 seconds [static dependencies only]. Details - ImportResultOutputID=0290babc70dea6fa2c98f564a251f1f8 DependenciesID=e13aed5572a9dfc6d157cca70707a022 StaticDependenciesID=233ebbccf2adc0a5c1ca8885eb2bc052 
Importing 'GUID: 00000000000000003000000000000000 - Path: ProjectSettings/TagManager.asset' with importer (LibraryAssetImporter)
Imported 'GUID: 00000000000000003000000000000000' -> (Import Result ID: 'e7f16330ab18354fa5c6c22588bd6b9e') in 0.001 seconds [static dependencies only]. Details - ImportResultOutputID=fd6696bcbef029973bb12ace65e33982 DependenciesID=f35365170e5d58c444badbe1c8e8a4fc StaticDependenciesID=bcd866a7c3956a26e77b74cfbc6210b0 
Importing 'GUID: 00000000000000004000000000000000 - Path: ProjectSettings/ProjectSettings.asset' with importer (LibraryAssetImporter)
Imported 'GUID: 00000000000000004000000000000000' -> (Import Result ID: '7115072e53488f40bdcfbf8b22639232') in 0.001 seconds [static dependencies only]. Details - ImportResultOutputID=276a810dac73e1f29404d5e5f692e214 DependenciesID=33b33fb1b2e5da240a6a0be69216c45d StaticDependenciesID=0b1c16520dc60dbfdeead6df629718ea 
Importing 'GUID: 00000000000000006000000000000000 - Path: ProjectSettings/AudioManager.asset' with importer (LibraryAssetImporter)
Imported 'GUID: 00000000000000006000000000000000' -> (Import Result ID: '222655a7ee09c701162a4a03301f329d') in 0.001 seconds [static dependencies only]. Details - ImportResultOutputID=acca44841ee8003c72d524064efb6e35 DependenciesID=1c867fc2eb1e33cbab379e9914026e24 StaticDependenciesID=c60a58a77039892abca1222b4524d2f6 
Importing 'GUID: 00000000000000007000000000000000 - Path: ProjectSettings/TimeManager.asset' with importer (LibraryAssetImporter)
Imported 'GUID: 00000000000000007000000000000000' -> (Import Result ID: 'b7cea43959c5a70f6cafb9d7bbf07204') in 0.001 seconds [static dependencies only]. Details - ImportResultOutputID=bcbe57e6eed4f14d697ceae3e9a4ee48 DependenciesID=b41fcbca90521a4ef76dc45abd5ee30f StaticDependenciesID=de80ff743d967013c06205e8643638c7 
Importing 'GUID: 00000000000000008000000000000000 - Path: ProjectSettings/DynamicsManager.asset' with importer (LibraryAssetImporter)
Imported 'GUID: 00000000000000008000000000000000' -> (Import Result ID: '01117e187546a80035e1d4d46e76d0d3') in 0.001 seconds [static dependencies only]. Details - ImportResultOutputID=af765d07e318cf68f695edacf91778bd DependenciesID=a72988d2a4e3c003a30c86e53a954198 StaticDependenciesID=7292a8773e09fece8a4831b39fe2006c 
Importing 'GUID: 00000000000000009000000000000000 - Path: ProjectSettings/QualitySettings.asset' with importer (LibraryAssetImporter)
Imported 'GUID: 00000000000000009000000000000000' -> (Import Result ID: '88b1caad7788adf2b3f6920226537fe1') in 0.001 seconds [static dependencies only]. Details - ImportResultOutputID=7b12711da11c94ad897442b4820d3f7b DependenciesID=253c850b96121a2945831e0885510615 StaticDependenciesID=3c048ebdf1fe67a565e3878bb03d32b6 
Importing 'GUID: 0000000000000000b000000000000000 - Path: ProjectSettings/EditorBuildSettings.asset' with importer (LibraryAssetImporter)
Imported 'GUID: 0000000000000000b000000000000000' -> (Import Result ID: '2e292a13dea8a88f7a8fdfa7e245ba03') in 0.001 seconds [static dependencies only]. Details - ImportResultOutputID=4647dd083cfc32cebcd7526e8846440c DependenciesID=3dbde5f0d39015c9d271c66bfeeb76cc StaticDependenciesID=bb1b3efeaa1814676e759f4b719a3637 
Importing 'GUID: 0000000000000000c000000000000000 - Path: ProjectSettings/EditorSettings.asset' with importer (LibraryAssetImporter)
Imported 'GUID: 0000000000000000c000000000000000' -> (Import Result ID: '27524ee8e486f2ffa050ba352ec7e2de') in 0.001 seconds [static dependencies only]. Details - ImportResultOutputID=fc08cc28cef36a03227c22ef67b54535 DependenciesID=a67e6951b1ff849fa93892b67cc04f3f StaticDependenciesID=6659f09da2fad0badc637a74ebfda2e2 
Importing 'GUID: 00000000000000004100000000000000 - Path: ProjectSettings/NavMeshAreas.asset' with importer (LibraryAssetImporter)
Imported 'GUID: 00000000000000004100000000000000' -> (Import Result ID: '46b5ec913a38468a6faec06896eae508') in 0.001 seconds [static dependencies only]. Details - ImportResultOutputID=90afd57cd2fd79df9534381ff5673272 DependenciesID=45d1aa60824ee9d69c2ca37e825a726b StaticDependenciesID=768cfffea40bf388eb2d762e3a890cea 
Importing 'GUID: 00000000000000005100000000000000 - Path: ProjectSettings/Physics2DSettings.asset' with importer (LibraryAssetImporter)
Imported 'GUID: 00000000000000005100000000000000' -> (Import Result ID: 'f668ca342e7e36520c736e6ebc6d382e') in 0.001 seconds [static dependencies only]. Details - ImportResultOutputID=51a8098361d5b0c1ab07bfc06e51f152 DependenciesID=cd9e79e3e3be26effd12085751c8f2bc StaticDependenciesID=4736f57993cccbae888eab25ec373e17 
Importing 'GUID: 00000000000000006100000000000000 - Path: ProjectSettings/GraphicsSettings.asset' with importer (LibraryAssetImporter)
Imported 'GUID: 00000000000000006100000000000000' -> (Import Result ID: '5bb79f5634c411213397437dc71f837f') in 0.001 seconds [static dependencies only]. Details - ImportResultOutputID=f9600466f06a676b7a4f639f6629ea48 DependenciesID=472884dae36dd4fa4029e0bfee54bb70 StaticDependenciesID=ce3f9b9b0558aee0455f15fbe1679d2d 
Importing 'GUID: 00000000000000007100000000000000 - Path: ProjectSettings/ClusterInputManager.asset' with importer (LibraryAssetImporter)
Imported 'GUID: 00000000000000007100000000000000' -> (Import Result ID: '6012ce5603f09e577aed0b98e99b19f6') in 0.001 seconds [static dependencies only]. Details - ImportResultOutputID=8ce0cedd10b8cd8471ed9838bfc872ed DependenciesID=2eeb3818bb72d92466f5f953bb62736b StaticDependenciesID=c84399ef936c24c7ddc46cfba0d9b6f9 
Importing 'GUID: 0000000000000000a100000000000000 - Path: ProjectSettings/UnityConnectSettings.asset' with importer (LibraryAssetImporter)
Imported 'GUID: 0000000000000000a100000000000000' -> (Import Result ID: '33ae2595f4bf6fdbcda99d991731ec59') in 0.001 seconds [static dependencies only]. Details - ImportResultOutputID=1989c27f310e62ee2c72d63f16a698d0 DependenciesID=95e5490b10cfbf0a98389d7a454554a7 StaticDependenciesID=e5799262eb4150d572a91320e9a15e14 
Importing 'GUID: 0000000000000000b100000000000000 - Path: ProjectSettings/PresetManager.asset' with importer (LibraryAssetImporter)
Imported 'GUID: 0000000000000000b100000000000000' -> (Import Result ID: '28ecaa07aa0626f067ead5bd138d0a69') in 0.001 seconds [static dependencies only]. Details - ImportResultOutputID=d271a469f14af9d29dbd89abc966f7ef DependenciesID=8e056439a10f7126afa94c46042b091c StaticDependenciesID=7b53acc339a522b0da4196921a41418e 
Importing 'GUID: 0000000000000000c100000000000000 - Path: ProjectSettings/VFXManager.asset' with importer (LibraryAssetImporter)
Imported 'GUID: 0000000000000000c100000000000000' -> (Import Result ID: '500a0c5a3eb90d0a1d5ec47a16bbfe30') in 0.001 seconds [static dependencies only]. Details - ImportResultOutputID=d5b1cc1b236d3087c4a5fc9e9cb18618 DependenciesID=ffec35c0b81aa3428ad4fd0a1cdbca40 StaticDependenciesID=73a7f55396d42bbd23b84f522c611c91 
Importing 'GUID: 0000000000000000d100000000000000 - Path: ProjectSettings/VersionControlSettings.asset' with importer (LibraryAssetImporter)
Imported 'GUID: 0000000000000000d100000000000000' -> (Import Result ID: '81e35fcbfa4800506724c99876c7088b') in 0.001 seconds [static dependencies only]. Details - ImportResultOutputID=0a19189542c4b1aa9afad4d76b36cbef DependenciesID=29b26ee47832bf1b39596302c61ef4b2 StaticDependenciesID=b5510de9c562b6e15681a7bd79c2c32e 
Importing 'GUID: 0000000000000000f100000000000000 - Path: ProjectSettings/MemorySettings.asset' with importer (LibraryAssetImporter)
Imported 'GUID: 0000000000000000f100000000000000' -> (Import Result ID: '0f1581ae83325c6e5d0e8c4cb170be96') in 0.001 seconds [static dependencies only]. Details - ImportResultOutputID=078c9215d0d3f7dcc6c2ea9c2e21e93e DependenciesID=bb7f7f7d6491522ddc09486deb395807 StaticDependenciesID=38dc31482a1c8109a46f25220dfbe454 
Importing 'GUID: 00000000000000000200000000000000 - Path: ProjectSettings/MultiplayerManager.asset' with importer (LibraryAssetImporter)
Imported 'GUID: 00000000000000000200000000000000' -> (Import Result ID: '6e3bb7f61b2e132c4c79fbeb19a1d328') in 0.001 seconds [static dependencies only]. Details - ImportResultOutputID=cc8bc420ff0fb13a9534be625b324364 DependenciesID=64d1db0c7eff66154c45d867da4ad13d StaticDependenciesID=5a00061f5d03ec70885cdd29485be38f 
Importing 'GUID: 00000000000000001200000000000000 - Path: ProjectSettings/PhysicsCoreProjectSettings2D.asset' with importer (LibraryAssetImporter)
Imported 'GUID: 00000000000000001200000000000000' -> (Import Result ID: '7db99f4ef78df8eea254cce16e190be4') in 0.001 seconds [static dependencies only]. Details - ImportResultOutputID=07b8874da21d0d67c4347d012422ba62 DependenciesID=c35a41b4dbc5a4a21cd219ec06d595b2 StaticDependenciesID=d7f6b6ebc14df93041ab7a97c0c9c64b 
Importing 'GUID: 00000000000000002300000000000000 - Path: Library/BuildInstructions' with importer (DefaultImporter)
Imported 'GUID: 00000000000000002300000000000000' -> (Import Result ID: 'd414f514f549833c39aae7152c59aeb3') in 0.001 seconds [static dependencies only]. Details - ImportResultOutputID=d2da4dbe7433590953d90148eb4e1f22 DependenciesID=f91b153018f3a82b66ea2319cf957f42 StaticDependenciesID=ef352f98b66d8f5b312774c3ee71f599 
Importing 'GUID: 01d82064e14e43d429ef2cc5b6af0807 - Path: Assets/frames' with importer (DefaultImporter)
Imported 'GUID: 01d82064e14e43d429ef2cc5b6af0807' -> (Import Result ID: '710e25c7c4bc8daff5628082148e0bd3') in 0.009 seconds [static dependencies only]. Details - ImportResultOutputID=ff44d86eb6e5ee99a334fb5652863caf DependenciesID=e82609a1cabe144511ba750f7e2f99e4 StaticDependenciesID=33b23c91c9d2e3db8f8ef64ec061b90c 
Importing 'GUID: e18b3bdb888fcc74c871a4dd8daae530 - Path: Assets/Editor' with importer (DefaultImporter)
Imported 'GUID: e18b3bdb888fcc74c871a4dd8daae530' -> (Import Result ID: '9c266f333f3847cdd32e486d13fe42b5') in 0.009 seconds [static dependencies only]. Details - ImportResultOutputID=7279fcfd9bbbb8e764bdb07bdd399d23 DependenciesID=2d828e27528bc3adab6c57c3a8db7eda StaticDependenciesID=f87b2c4f8dc6b9c6a228cd916a5bde2f 
Importing 'GUID: f4ecb5097f9444742a3d216f79aa3805 - Path: Assets/NeoEngInput' with importer (DefaultImporter)
Imported 'GUID: f4ecb5097f9444742a3d216f79aa3805' -> (Import Result ID: 'e8a5a876a6dea32340805f6370f2c4fb') in 0.008 seconds [static dependencies only]. Details - ImportResultOutputID=18957caeb152aff5a5103e4445e9108c DependenciesID=81f34014d8f7ebcbd07913df63f1fb22 StaticDependenciesID=32d9eccfeec5e7907484a2d6663861ac 
Importing 'GUID: 98b0a0cf5a1935bbaf60b9ac5a93abf8 - Path: Packages/com.neoeng.dtrace' with importer (DefaultImporter)
Imported 'GUID: 98b0a0cf5a1935bbaf60b9ac5a93abf8' -> (Import Result ID: 'd50b9e85004c8b0d45f25aecb9f10b74') in 0.001 seconds [static dependencies only]. Details - ImportResultOutputID=b6c4c185d9143dbe567c72c348d914c3 DependenciesID=c03fa5a395e4ae0b9c79cd71e742299d StaticDependenciesID=8b213288238789005e26ac911b72df79 
Importing 'GUID: 5b00f6b6a0bec8646b27eb70fc4a9465 - Path: Assets/animation_input' with importer (DefaultImporter)
Imported 'GUID: 5b00f6b6a0bec8646b27eb70fc4a9465' -> (Import Result ID: 'ba78c4f654c620e7dd1e0d7aa41096bc') in 0.009 seconds [static dependencies only]. Details - ImportResultOutputID=aac2d502becf6c9aef3b375c3da8d8ac DependenciesID=f5874e784c038b4d096384b88d90dbce StaticDependenciesID=af73ba901c0eebc9c15d350cc8eb6344 
Importing 'GUID: 6e21d7dddcf826347b1c2deee8873b72 - Path: Packages/com.neoeng.dtrace/Editor' with importer (DefaultImporter)
Imported 'GUID: 6e21d7dddcf826347b1c2deee8873b72' -> (Import Result ID: '6c9916ed1d404efb0dd2fb2608b0b744') in 0.001 seconds [static dependencies only]. Details - ImportResultOutputID=d96fe135304bd8e86432b47eebfed8bd DependenciesID=dad63c2b45cec5162db767a47efe5519 StaticDependenciesID=c23c7dec6407c8a12544e0cc89b4daa6 
Importing 'GUID: 1f0a2e6f903ed2744b7335c190dd9010 - Path: Packages/com.neoeng.dtrace/Runtime' with importer (DefaultImporter)
Imported 'GUID: 1f0a2e6f903ed2744b7335c190dd9010' -> (Import Result ID: 'a7f3e7b90c0ddcbba2bb127d5e57d547') in 0.002 seconds [static dependencies only]. Details - ImportResultOutputID=5e6f01b66698b8aa5d494ebb1446ee4d DependenciesID=c3016889d88ee2fb4a39db21b4a5920e StaticDependenciesID=0f5fa5dc4df8931baf2effe211f8639d 
Importing 'GUID: 89566322e2ee35f4b838703dc7f05a10 - Path: Packages/com.neoeng.dtrace/Runtime/NeoEngDTrace.Runtime.asmdef' with importer (AssemblyDefinitionImporter)
Imported 'GUID: 89566322e2ee35f4b838703dc7f05a10' -> (Import Result ID: '628f52f995bcda421be89b585dd0f111') in 0.002 seconds [static dependencies only]. Details - ImportResultOutputID=9c4d44037f6324c1b040159c4bbe049d DependenciesID=46e9ea51a91f82d976798aa2a6702085 StaticDependenciesID=754e99df77ff6d2abf88d57453cbfe12 
Importing 'GUID: db48c8a94bd60b947b9c3368b52aac33 - Path: Packages/com.neoeng.dtrace/Editor/NeoEngDTrace.Editor.asmdef' with importer (AssemblyDefinitionImporter)
Imported 'GUID: db48c8a94bd60b947b9c3368b52aac33' -> (Import Result ID: '66df88169f45bb94f44dcebe84a87c15') in 0.002 seconds [static dependencies only]. Details - ImportResultOutputID=366b3f9ec22b45499f47695f70b758f7 DependenciesID=b5a717b05b2820435e5c723c5cc80473 StaticDependenciesID=5f306aa7170af30109b853a865e7bbdb 
Native extension for WindowsStandalone target not found
Native extension for WebGL target not found
ScheduleIndexationOnStartup MainProcess:True IndexOnStartup:True
Mono: successfully reloaded assembly
- Finished resetting the current domain, in  0.442 seconds
Domain Reload Profiling: 979ms
	BeginReloadAssembly (292ms)
		DisableScriptedObjects (32ms)
		CreateAndSetChildDomain (50ms)
	RebuildCommonClasses (9ms)
	RebuildNativeTypeToScriptingClass (17ms)
	initialDomainReloadingComplete (75ms)
	LoadAllAssembliesAndSetupDomain (142ms)
		LoadAssemblies (166ms)
		AnalyzeDomain (9ms)
			TypeCache.Refresh (5ms)
			BuildScriptInfoCaches (3ms)
	FinalizeReload (444ms)
		SetupLoadedEditorAssemblies (0ms)
			InitializePlatformSupportModulesInManaged (3ms)
			BeforeProcessingInitializeOnLoad (91ms)
			ProcessInitializeOnLoadAttributes (79ms)
			ProcessInitializeOnLoadMethodAttributes (73ms)
			AfterProcessingInitializeOnLoad (24ms)
		AwakeInstancesAfterBackupRestoration (25ms)
Importing 'GUID: 00000000000000005000000000000000 - Path: Library/BuildPlayer.prefs' with importer (DefaultImporter)
Imported 'GUID: 00000000000000005000000000000000' -> (Import Result ID: '968deb36040bbb7258278f93cba63355') in 0.007 seconds [static dependencies only]. Details - ImportResultOutputID=1f9c19b30680da8dab47159f77a4e657 DependenciesID=08a1ec4b674aa66bb1ce753815d843ed StaticDependenciesID=d072ca1f0d6ee50a54e7e140cc588a10 
Importing 'GUID: b468744aa0ad40849a5e9e618208e8d4 - Path: Assets/animation_input/frame_0.png' with importer (TextureImporter)
Imported 'GUID: b468744aa0ad40849a5e9e618208e8d4' -> (Import Result ID: 'f94665b49544478415ed15c3a2533a40') in 0.022 seconds [static and dynamic dependencies]. Details - ImportResultOutputID=ee84b39a92d40006aaa2cf6d35449e82 DependenciesID=265de74f5d7e6e460e4714dd1253dfd0 StaticDependenciesID=545dd7b02c9f4dd4fb0c022aa769d8f6 
Importing 'GUID: c864f3c237c23684baf28a859597c71a - Path: Assets/animation_input/frame_1.png' with importer (TextureImporter)
Imported 'GUID: c864f3c237c23684baf28a859597c71a' -> (Import Result ID: '67eba5e0c2e7f2cdf0831305ecaef0e4') in 0.011 seconds [static and dynamic dependencies]. Details - ImportResultOutputID=af4a2ab2833008b170736fe6d8ccf64f DependenciesID=e66eaa83942b895b7d72dc23a0524325 StaticDependenciesID=5ae272387a819dad90c6077c67f56dc1 
Importing 'GUID: cac0dbebfd23d8345b28429c8cb4fa6a - Path: Assets/source.png' with importer (TextureImporter)
Imported 'GUID: cac0dbebfd23d8345b28429c8cb4fa6a' -> (Import Result ID: '5fea3c6a6ade6fb89d297304418db3a6') in 0.011 seconds [static and dynamic dependencies]. Details - ImportResultOutputID=409fced418c3c260e13a8293e3b2981b DependenciesID=627b2f242c514fbe70d1f5828466c088 StaticDependenciesID=a5a08cfb12307dcf338751583449cd65 
Importing 'GUID: 4eff871c65ddb9849bc7da6a0bf3ac8d - Path: Assets/frames/frame_0001.png' with importer (TextureImporter)
Imported 'GUID: 4eff871c65ddb9849bc7da6a0bf3ac8d' -> (Import Result ID: '716c25b0e60ee64eb74a58d3187fbd40') in 0.010 seconds [static and dynamic dependencies]. Details - ImportResultOutputID=72fd07aff91cf7951ca6239a46bfd271 DependenciesID=fb917685c187767170e91df31a112676 StaticDependenciesID=e71985e06a5a3130f0080dfa6c869514 
Importing 'GUID: aff7bc8577a57814d92891814cade49e - Path: Assets/frames/frame_0000.png' with importer (TextureImporter)
Imported 'GUID: aff7bc8577a57814d92891814cade49e' -> (Import Result ID: '015137fc09e03df15b31d9123f45c328') in 0.010 seconds [static and dynamic dependencies]. Details - ImportResultOutputID=49b728dcae182578d6cef71182535e9d DependenciesID=6b1f0b12fcd49ecc6b4acca68d3d1964 StaticDependenciesID=b4423f2d65f4301e302d9898de90f81f 
Importing 'GUID: 216385aee1ce67c48876839104e9bc85 - Path: Packages/com.neoeng.dtrace/README.md' with importer (TextScriptImporter)
Imported 'GUID: 216385aee1ce67c48876839104e9bc85' -> (Import Result ID: '3153ad16d5559bbb26cfb7bd0c72aedb') in 0.002 seconds [static dependencies only]. Details - ImportResultOutputID=7a18c799650a19085748ff6cab33df05 DependenciesID=2b17eaee171889f416cfd0157ab395a1 StaticDependenciesID=ca03a2722bbe30bbe0b7e0b8d041f78a 
Importing 'GUID: 745379bf215fa14479bfb33e75c7b317 - Path: Assets/frames/animation.json' with importer (TextScriptImporter)
Imported 'GUID: 745379bf215fa14479bfb33e75c7b317' -> (Import Result ID: '23cc37a2253adf5e058b580d1779742f') in 0.009 seconds [static dependencies only]. Details - ImportResultOutputID=f5f83dab5eca7c84b4a88246b5d3d0c6 DependenciesID=549c6afe830c95ee818c4a86411811ed StaticDependenciesID=3238ee135a9588397aed9402b6fad7cb 
Importing 'GUID: f7ac11c5473b133418eca84bae07ff8b - Path: Assets/NeoEngInput/hero.ndt.integration.json' with importer (TextScriptImporter)
Imported 'GUID: f7ac11c5473b133418eca84bae07ff8b' -> (Import Result ID: '56a1675b9c6203854995d560a952097b') in 0.010 seconds [static dependencies only]. Details - ImportResultOutputID=901821590e06d60032a9492f39c26286 DependenciesID=5ec7a24abfba517215b9168856d7bc60 StaticDependenciesID=399969da098a50e9cbc77a4d772682a5 
Importing 'GUID: 3ce275752c8ea7144aa046b9e356de89 - Path: Packages/com.neoeng.dtrace/package.json' with importer (PackageManifestImporter)
Imported 'GUID: 3ce275752c8ea7144aa046b9e356de89' -> (Import Result ID: '51240aa114e3e9993e6fb47684a14839') in 0.002 seconds [static dependencies only]. Details - ImportResultOutputID=4559b875f090ac2275feaacc02d514d5 DependenciesID=cbfde069c36de0dd9491991ae0d187b9 StaticDependenciesID=5ad163b283f1626bef5be24e0b56fcb9 
Starting new worker id: 0 with log in <local-path>
Loading style catalogs (6)
	StyleSheets/Extensions/base/common.uss
	UIPackageResources/StyleSheets/Default/Variables/Public/common.uss
	StyleSheets/Northstar/common.uss
	StyleSheets/Extensions/fonts/inter.uss
	StyleSheets/Extensions/base/dark.uss
	UIPackageResources/StyleSheets/Default/Northstar/Palette/dark.uss

Asset Pipeline Refresh (id=cd0977680eeb5fb43a74a4cb292f17a4): Total: 7.506 seconds - Initiated by InitialRefreshV2(ForceSynchronousImport)
	(Values over 0.05ms)
	Summary:
		Imports: total=41 (actual=41, local cache=0, cache server=0)
		Asset DB Process Time: managed=5 ms, native=846 ms
		Asset DB Callback time: managed=151 ms, native=525 ms
		Scripting: domain reloads=1, domain reload time=610 ms, compile time=5341 ms, other=25 ms
		Project Asset Count: scripts=31, non-scripts=10
		Asset File Changes: new=52, changed=52, moved=0, deleted=0
		Scan Filter Count: 0
	InvokePackagesCallback: 500.998ms
	ApplyChangesToAssetFolders: 0.580ms
	Scan: 110.486ms
	Collect global state as custom dependencies: 13.173ms
	OnSourceAssetsModified: 0.691ms
	CategorizeScriptCompilationAssets: 0.076ms
	ProcessAssetsWithTransientArtifactChanges: 0.459ms
	CategorizeAssets: 0.293ms
	CompileScripts: 5340.654ms
	ImportOutOfDateAssets: 645.761ms (452.043ms without children)
		ImportManagerImport: 180.270ms (4.743ms without children)
			UpdateCategorizedAssets: 0.080ms
		UnloadImportedAssets: 0.328ms
		ImportSchedulerStart: 13.102ms
	PostProcessAllAssets: 199.341ms
		VersionControlSettings.HiddenFilePostprocess 5.027ms
		AssemblyValidation.PostprocessAllAssets 0.785ms
		PostProcessCallbackCreateDeferredMaterials 0.064ms
		ShaderAssetModifiedCallback 0.055ms
		RaytracingShaderImportPostprocess 0.051ms
		MonoPostProcessAllAssets: 150.031ms
			StyleCatalogPostProcessor.OnPostprocessAllAssets 103.211ms
			AssetPostprocessor.OnPostprocessAllAssets 11.546ms
			WindowAssetPostprocessingWatcher.OnPostprocessAllAssets 8.116ms
			BuilderAssetPostprocessor.OnPostprocessAllAssets 5.501ms
			AssetChangedListener.OnPostprocessAllAssets 2.790ms
			SyncVS.PostprocessSyncProject 2.098ms
			RetainedModeAssetPostprocessor.OnPostprocessAllAssets 1.967ms
			TextAssetPostProcessor.OnPostprocessAllAssets 1.936ms
			EditModeScopePostprocessor.OnPostprocessAllAssets 0.909ms
			SpeedTree9Postprocessor.OnPostprocessAllAssets 0.820ms
			ArtifactBrowserPostProcessor.OnPostprocessAllAssets 0.508ms
			AutoSyncPostprocessor.OnPostprocessAllAssets 0.501ms
			ReferencedClipsPostProcessor.OnPostprocessAllAssets 0.300ms
			AudioMixerPostprocessor.OnPostprocessAllAssets 0.291ms
			AssetEvents.OnPostprocessAllAssets 0.247ms
			TerrainToolbarOverlayPostProcessor.OnPostprocessAllAssets 0.221ms
			AssetDatabaseCallbacks.OnPostprocessAllAssets 0.173ms
			SpeedTreePostProcessor.OnPostprocessAllAssets 0.149ms
			ConfigAssetsTracker.OnPostprocessAllAssets 0.144ms
			ScenarioDriftAssetsTracker.OnPostprocessAllAssets 0.134ms
			RenderPipelineGlobalSettingsPostprocessor.OnPostprocessAllAssets 0.090ms
			AudioContainerPostProcessor.OnPostprocessAllAssets 0.074ms
	PostAssetChangesProfiler: 0.854ms
	UnloadStreamsBegin: 1.146ms
	PersistCurrentRevisions: 0.051ms
	Untracked: 697.248ms

Application.AssetDatabase Initial Refresh End
Scanning for USB devices : 10.526ms
Initializing Unity extensions:
[MODES] ModeService[none].Initialize
[MODES] ModeService[none].LoadModes
[MODES] Loading mode Default (0) for mode-current-id-tileset-conflict
Unloading 3 Unused Serialized files (Serialized files now loaded: 0)
Unloading 25 unused Assets / (0.5 MB). Loaded Objects now: 677.
Memory consumption went from 188.6 MB to 188.1 MB.
Total: 4.772300 ms (FindLiveObjects: 0.035400 ms CreateObjectMapping: 0.008000 ms MarkObjects: 4.539700 ms  DeleteObjects: 0.186700 ms)

Microsoft Media Foundation video decoding to texture disabled: graphics device is Null, only Direct3D 11 and Direct3D 12 (only on desktop) are supported for hardware-accelerated video decoding.
[Project] Loading completed in 9.737 seconds
	Project init time: 				9.546 seconds
		Template init time: 		0.000 seconds
		Package Manager init time: 		0.345 seconds
		Asset Database init time: 		0.333 seconds
		Global illumination init time: 	0.002 seconds
		Assemblies load time: 			1.149 seconds
		Unity extensions init time: 	0.000 seconds
		Asset Database refresh time: 	7.506 seconds
	Scene opening time: 			0.081 seconds
##utp:{"type":"ProjectInfo","version":2,"phase":"Immediate","time":1787003231180,"processId: <redacted>,"projectLoad":9.7366072,"projectInit":9.5463048,"templateInit":0.0,"packageManagerInit":0.3453405,"assetDatabaseInit":0.3332163,"globalIlluminationInit":0.0023781,"assembliesLoad":1.1488579,"unityExtensionsInit":0.0002787,"assetDatabaseRefresh":7.5057108,"sceneOpening":0.0806806}
##utp:{"type":"EditorInfo","version":2,"phase":"Immediate","time":1787003231180,"processId: <redacted>,"editorVersion":"6000.5.7f1 (017862109af0)","branch":"6000.5/staging","buildType":"Release","platform":"Windows"}
[MODES] ModeService[default].LoadModes
[Licensing::Client] Successfully resolved entitlement details
Importing 'GUID: 9321b327065c62c43bda9e18da43a99c - Path: Assets/NeoEngGenerated' with importer (DefaultImporter)
Imported 'GUID: 9321b327065c62c43bda9e18da43a99c' -> (Import Result ID: '15c38f84bab3330a9579539184f2b409') in 0.009 seconds [static dependencies only]. Details - ImportResultOutputID=3c9bac6a2bf0f7ef06f1fb314d812d39 DependenciesID=f0a4515c9f3535221a96352eefd5e791 StaticDependenciesID=dc9c19efcaead0f7807e7d18d7875e56 
Asset Pipeline Refresh (id=1f4e4e79a35294848acc363c0fb315ff): Total: 0.063 seconds - Initiated by RefreshV2(NoUpdateAssetOptions)
Importing 'GUID: cac0dbebfd23d8345b28429c8cb4fa6a - Path: Assets/source.png' with importer (TextureImporter)
Imported 'GUID: cac0dbebfd23d8345b28429c8cb4fa6a' -> (Import Result ID: '5fea3c6a6ade6fb89d297304418db3a6') in 0.001 seconds [static and dynamic dependencies]. Details - ImportResultOutputID=409fced418c3c260e13a8293e3b2981b DependenciesID=627b2f242c514fbe70d1f5828466c088 StaticDependenciesID=a5a08cfb12307dcf338751583449cd65 
Asset Pipeline Refresh (id=7cc61e00f9ffe3248a79a1ba5e2a5fa2): Total: 0.018 seconds - Initiated by StopAssetImportingV2(NoUpdateAssetOptions)
Importing 'GUID: 6500b092af5beef4c86ac6156c72cb7b - Path: Assets/NeoEngGenerated/hero.sprite.asset' with importer (NativeFormatImporter)
Imported 'GUID: 6500b092af5beef4c86ac6156c72cb7b' -> (Import Result ID: '14319df89b15c7820fc502d43f32f77f') in 0.002 seconds [static dependencies only]. Details - ImportResultOutputID=ed2321c90340f398d30d3788a79a06a7 DependenciesID=ed04b1c768419998fee1c276483b0489 StaticDependenciesID=d9889a147d4a35f35a2f942cc3fc2ae7 
Asset Pipeline Refresh (id=89f1533a292cf4c42b7d731a481db379): Total: 0.022 seconds - Initiated by StopAssetImportingV2(NoUpdateAssetOptions)
Importing 'GUID: 72ad9d60f59a14b4b8ed7faabf269d90 - Path: Assets/NeoEngGenerated/hero.metadata.asset' with importer (NativeFormatImporter)
Imported 'GUID: 72ad9d60f59a14b4b8ed7faabf269d90' -> (Import Result ID: '12434f7bf4ad89e92b54d599d3692bba') in 0.002 seconds [static dependencies only]. Details - ImportResultOutputID=1d09566ab1a36652f4abcf5ccf6cee7b DependenciesID=6aec0e0bd7353ca211bff40ffd0a482d StaticDependenciesID=d4d7195e5733ac874ea7a3bc73f4fc21 
Asset Pipeline Refresh (id=4a5592171b371294da74526f0b359de4): Total: 0.025 seconds - Initiated by StopAssetImportingV2(NoUpdateAssetOptions)
Importing 'GUID: 623ccf567d49eb543a2a39fb2d45ec97 - Path: Assets/NeoEngGenerated/hero.prefab' with importer (PrefabImporter)
Imported 'GUID: 623ccf567d49eb543a2a39fb2d45ec97' -> (Import Result ID: '9bf9381fb355244921b6816d2e7244d2') in 0.014 seconds [static and dynamic dependencies]. Details - ImportResultOutputID=cd0ded480677f763761d95bba267dc17 DependenciesID=3f3a94e845728368e71a67066142bc73 StaticDependenciesID=8a83118045c7adb8e433a2018cb5f6b0 
Asset Pipeline Refresh (id=c1274330e8ca42e4d9c8f9c271e6c48d): Total: 0.036 seconds - Initiated by StopAssetImportingV2(NoUpdateAssetOptions)
Importing 'GUID: aff7bc8577a57814d92891814cade49e - Path: Assets/frames/frame_0000.png' with importer (TextureImporter)
Imported 'GUID: aff7bc8577a57814d92891814cade49e' -> (Import Result ID: '015137fc09e03df15b31d9123f45c328') in 0.001 seconds [static and dynamic dependencies]. Details - ImportResultOutputID=49b728dcae182578d6cef71182535e9d DependenciesID=6b1f0b12fcd49ecc6b4acca68d3d1964 StaticDependenciesID=b4423f2d65f4301e302d9898de90f81f 
Asset Pipeline Refresh (id=a2ec8f28121c1844fb8c6a1ff6b1cf03): Total: 0.018 seconds - Initiated by StopAssetImportingV2(NoUpdateAssetOptions)
Importing 'GUID: 4eff871c65ddb9849bc7da6a0bf3ac8d - Path: Assets/frames/frame_0001.png' with importer (TextureImporter)
Imported 'GUID: 4eff871c65ddb9849bc7da6a0bf3ac8d' -> (Import Result ID: '716c25b0e60ee64eb74a58d3187fbd40') in 0.001 seconds [static and dynamic dependencies]. Details - ImportResultOutputID=72fd07aff91cf7951ca6239a46bfd271 DependenciesID=fb917685c187767170e91df31a112676 StaticDependenciesID=e71985e06a5a3130f0080dfa6c869514 
Asset Pipeline Refresh (id=f865d23aef2c4d145b6593102b5f03cd): Total: 0.019 seconds - Initiated by StopAssetImportingV2(NoUpdateAssetOptions)
Importing 'GUID: cac0dbebfd23d8345b28429c8cb4fa6a - Path: Assets/source.png' with importer (TextureImporter)
Imported 'GUID: cac0dbebfd23d8345b28429c8cb4fa6a' -> (Import Result ID: '5fea3c6a6ade6fb89d297304418db3a6') in 0.002 seconds [static and dynamic dependencies]. Details - ImportResultOutputID=409fced418c3c260e13a8293e3b2981b DependenciesID=627b2f242c514fbe70d1f5828466c088 StaticDependenciesID=a5a08cfb12307dcf338751583449cd65 
Asset Pipeline Refresh (id=d1f0294edcc67a34086ef2f665c7bada): Total: 0.018 seconds - Initiated by StopAssetImportingV2(NoUpdateAssetOptions)
Importing 'GUID: cac0dbebfd23d8345b28429c8cb4fa6a - Path: Assets/source.png' with importer (TextureImporter)
Imported 'GUID: cac0dbebfd23d8345b28429c8cb4fa6a' -> (Import Result ID: '5fea3c6a6ade6fb89d297304418db3a6') in 0.001 seconds [static and dynamic dependencies]. Details - ImportResultOutputID=409fced418c3c260e13a8293e3b2981b DependenciesID=627b2f242c514fbe70d1f5828466c088 StaticDependenciesID=a5a08cfb12307dcf338751583449cd65 
Asset Pipeline Refresh (id=806b3b8ea367d044c9de4b569768e7c3): Total: 0.018 seconds - Initiated by StopAssetImportingV2(NoUpdateAssetOptions)
Importing 'GUID: aff7bc8577a57814d92891814cade49e - Path: Assets/frames/frame_0000.png' with importer (TextureImporter)
Imported 'GUID: aff7bc8577a57814d92891814cade49e' -> (Import Result ID: '015137fc09e03df15b31d9123f45c328') in 0.001 seconds [static and dynamic dependencies]. Details - ImportResultOutputID=49b728dcae182578d6cef71182535e9d DependenciesID=6b1f0b12fcd49ecc6b4acca68d3d1964 StaticDependenciesID=b4423f2d65f4301e302d9898de90f81f 
Asset Pipeline Refresh (id=dcb1d1c8165f9584a9de033078e60cbb): Total: 0.017 seconds - Initiated by StopAssetImportingV2(NoUpdateAssetOptions)
Importing 'GUID: 185fceb70cc6d734d80ee5671a6da589 - Path: Assets/NeoEngGenerated/hero_animation.animation' with importer (DefaultImporter)
Imported 'GUID: 185fceb70cc6d734d80ee5671a6da589' -> (Import Result ID: 'e044118077f161fe599b33c8095ff970') in 0.015 seconds [static dependencies only]. Details - ImportResultOutputID=f425e85e8e4c38cc50a6e9cc5d305ca4 DependenciesID=06841018fd659c1bcea3033c740208a3 StaticDependenciesID=51b912051a30fc273db04cc643bb26db 
Importing 'GUID: bd06166672437bc42aa1ebfb0f27f827 - Path: Assets/NeoEngGenerated/hero_animation.animation/frame_0000.sprite.asset' with importer (NativeFormatImporter)
Imported 'GUID: bd06166672437bc42aa1ebfb0f27f827' -> (Import Result ID: '62c12c1c0cdcce6e9c0b21cb5fb54887') in 0.001 seconds [static dependencies only]. Details - ImportResultOutputID=73969fb928ae2a395a5b23b6511eb265 DependenciesID=e4977cd2e61a3d673f946db8f8d3807a StaticDependenciesID=3ce2cff4ab34ade22aee2b2d090ea926 
Asset Pipeline Refresh (id=a6a6010cc9655f046877666535e2feaa): Total: 0.041 seconds - Initiated by StopAssetImportingV2(NoUpdateAssetOptions)
Importing 'GUID: 4eff871c65ddb9849bc7da6a0bf3ac8d - Path: Assets/frames/frame_0001.png' with importer (TextureImporter)
Imported 'GUID: 4eff871c65ddb9849bc7da6a0bf3ac8d' -> (Import Result ID: '716c25b0e60ee64eb74a58d3187fbd40') in 0.001 seconds [static and dynamic dependencies]. Details - ImportResultOutputID=72fd07aff91cf7951ca6239a46bfd271 DependenciesID=fb917685c187767170e91df31a112676 StaticDependenciesID=e71985e06a5a3130f0080dfa6c869514 
Asset Pipeline Refresh (id=0b9e3d7a7945bad408fe058e4e8f114c): Total: 0.018 seconds - Initiated by StopAssetImportingV2(NoUpdateAssetOptions)
Importing 'GUID: 860d794d463fd5b419c103d94dc90667 - Path: Assets/NeoEngGenerated/hero_animation.animation/frame_0001.sprite.asset' with importer (NativeFormatImporter)
Imported 'GUID: 860d794d463fd5b419c103d94dc90667' -> (Import Result ID: '6bc5d6e2ff9c43cc5564965703add1b8') in 0.002 seconds [static dependencies only]. Details - ImportResultOutputID=d16bb7fcda031845d1caf4f5ee667df1 DependenciesID=1d8d8743f007bdea10fbe3a96985aea3 StaticDependenciesID=2a3453b5dbaadd72b68d7877faa3a78b 
Asset Pipeline Refresh (id=e605652078c606d4ea08022645e41e20): Total: 0.025 seconds - Initiated by StopAssetImportingV2(NoUpdateAssetOptions)
Importing 'GUID: 12bf9e5eac3458742b7999332c0dc009 - Path: Assets/NeoEngGenerated/hero_animation.animation/hero_animation.metadata.asset' with importer (NativeFormatImporter)
Imported 'GUID: 12bf9e5eac3458742b7999332c0dc009' -> (Import Result ID: '04645348b8c24c3c576b9f036e85bb93') in 0.001 seconds [static dependencies only]. Details - ImportResultOutputID=6f5f23b3bb1833d120c906c70387022c DependenciesID=c063423e9d447ec1e83aebcc28d0372c StaticDependenciesID=e6f268b2cb0daaf1343fb6c6959cf6ff 
Asset Pipeline Refresh (id=b102727ed90728c47aa661478594db86): Total: 0.026 seconds - Initiated by StopAssetImportingV2(NoUpdateAssetOptions)
Importing 'GUID: b18eb1ad502076e45904ff8897e0bfad - Path: Assets/NeoEngGenerated/hero_animation.animation/hero_animation.anim' with importer (NativeFormatImporter)
Imported 'GUID: b18eb1ad502076e45904ff8897e0bfad' -> (Import Result ID: '624a9cd4ff43fc847dabf02453d20fda') in 0.003 seconds [static dependencies only]. Details - ImportResultOutputID=7ac5d829d42a56247199314652546fd5 DependenciesID=552fe138d045673d7ea759fa2268e197 StaticDependenciesID=3a213fec4e58aee44e0fcc8dedf4dd7f 
Asset Pipeline Refresh (id=2e7e5a23b9eae9440b56ad5469fe7e21): Total: 0.025 seconds - Initiated by StopAssetImportingV2(NoUpdateAssetOptions)
Importing 'GUID: bf66dc8b443fe3345b8fd240e68a7cf2 - Path: Assets/NeoEngGenerated/hero_animation.animation/hero_animation.controller' with importer (NativeFormatImporter)
Imported 'GUID: bf66dc8b443fe3345b8fd240e68a7cf2' -> (Import Result ID: '07f21820e998d1f0c62ae482e349e201') in 0.003 seconds [static dependencies only]. Details - ImportResultOutputID=af8b0bb0cca2281a977eb706eba5d43b DependenciesID=140e04828da3f879af56183f569c7093 StaticDependenciesID=2292422560442d31bb61f73aac86e617 
Asset Pipeline Refresh (id=2e1e30b6391caa349b0a0d6e247a773b): Total: 0.025 seconds - Initiated by StopAssetImportingV2(NoUpdateAssetOptions)
Importing 'GUID: bf66dc8b443fe3345b8fd240e68a7cf2 - Path: Assets/NeoEngGenerated/hero_animation.animation/hero_animation.controller' with importer (NativeFormatImporter)
Imported 'GUID: bf66dc8b443fe3345b8fd240e68a7cf2' -> (Import Result ID: 'a1b07027b089ddc3129d7c9ef340a71e') in 0.001 seconds [static dependencies only]. Details - ImportResultOutputID=af8b0bb0cca2281a977eb706eba5d43b DependenciesID=a29b32f5c2c596e49a2804dc9844d338 StaticDependenciesID=ff9cefde32333c2e5d7877e961988f92 
Asset Pipeline Refresh (id=76c3f6df6056e9840a3467a3e93bead9): Total: 0.018 seconds - Initiated by StopAssetImportingV2(NoUpdateAssetOptions)
Importing 'GUID: 37a7f727215280944b2ceaf21fab4841 - Path: Assets/NeoEngGenerated/hero_animation.animation/hero_animation.prefab' with importer (PrefabImporter)
Imported 'GUID: 37a7f727215280944b2ceaf21fab4841' -> (Import Result ID: '6b945755e1bc24df42386c57775ffa58') in 0.014 seconds [static and dynamic dependencies]. Details - ImportResultOutputID=4af3ab85dd3e3eb2aee723fce23922a0 DependenciesID=ee3316c6eb93216d7e5f12dfc4fcf9a2 StaticDependenciesID=a52b220e59eb33ce020031b00d78c0c4 
Asset Pipeline Refresh (id=02e99ccbdadd41340a90917071d177f9): Total: 0.038 seconds - Initiated by StopAssetImportingV2(NoUpdateAssetOptions)
Importing 'GUID: cac0dbebfd23d8345b28429c8cb4fa6a - Path: Assets/source.png' with importer (TextureImporter)
Imported 'GUID: cac0dbebfd23d8345b28429c8cb4fa6a' -> (Import Result ID: '5fea3c6a6ade6fb89d297304418db3a6') in 0.001 seconds [static and dynamic dependencies]. Details - ImportResultOutputID=409fced418c3c260e13a8293e3b2981b DependenciesID=627b2f242c514fbe70d1f5828466c088 StaticDependenciesID=a5a08cfb12307dcf338751583449cd65 
Asset Pipeline Refresh (id=2ad3a1b222282c14caab79c6d4a07363): Total: 0.018 seconds - Initiated by StopAssetImportingV2(NoUpdateAssetOptions)
Importing 'GUID: 80ee3abf599cd5941bb4c0b851980892 - Path: Assets/NeoEngGenerated/hero_tileset.tileset' with importer (DefaultImporter)
Imported 'GUID: 80ee3abf599cd5941bb4c0b851980892' -> (Import Result ID: '6283624288d06a4f2d925b27c0ac1d9e') in 0.012 seconds [static dependencies only]. Details - ImportResultOutputID=7c29e9364e8bf4b26290ebcb9679073b DependenciesID=b333233bbc45dfec707b4feea89390aa StaticDependenciesID=d301e70e782cd1dd73bd9505c0280c90 
Importing 'GUID: 9790013f246fb5a45bf7225b3165e2ad - Path: Assets/NeoEngGenerated/hero_tileset.tileset/tile_0000.sprite.asset' with importer (NativeFormatImporter)
Imported 'GUID: 9790013f246fb5a45bf7225b3165e2ad' -> (Import Result ID: '61a4784daa653316c221ebf8c0258af6') in 0.002 seconds [static dependencies only]. Details - ImportResultOutputID=45a4dbcc93643838ff9c6965e1d7ea5c DependenciesID=15dd6dfcf328849c71fe05039163bf3d StaticDependenciesID=8ad293de17acf6845af8d6866a41f7cb 
Asset Pipeline Refresh (id=11c4e4b790db0484a8c2fa36a6bd8353): Total: 0.036 seconds - Initiated by StopAssetImportingV2(NoUpdateAssetOptions)
Importing 'GUID: b6a7c832988c17448accaede733bab64 - Path: Assets/NeoEngGenerated/hero_tileset.tileset/tile_0000.tile.asset' with importer (NativeFormatImporter)
Imported 'GUID: b6a7c832988c17448accaede733bab64' -> (Import Result ID: 'bd146728a7eaef0adf93522001a6afd2') in 0.001 seconds [static dependencies only]. Details - ImportResultOutputID=555445add84925b5bc1fd496e6fc8fa5 DependenciesID=965283b5ef937639f77f0d021eabb27c StaticDependenciesID=9d27e27dda7bb1be7205f4471d9101ff 
Asset Pipeline Refresh (id=918929a75d01a57478ef93225a626ba9): Total: 0.025 seconds - Initiated by StopAssetImportingV2(NoUpdateAssetOptions)
Importing 'GUID: cac0dbebfd23d8345b28429c8cb4fa6a - Path: Assets/source.png' with importer (TextureImporter)
Imported 'GUID: cac0dbebfd23d8345b28429c8cb4fa6a' -> (Import Result ID: '5fea3c6a6ade6fb89d297304418db3a6') in 0.001 seconds [static and dynamic dependencies]. Details - ImportResultOutputID=409fced418c3c260e13a8293e3b2981b DependenciesID=627b2f242c514fbe70d1f5828466c088 StaticDependenciesID=a5a08cfb12307dcf338751583449cd65 
Asset Pipeline Refresh (id=11d0e6bc827ad214585d72c22f126bdf): Total: 0.017 seconds - Initiated by StopAssetImportingV2(NoUpdateAssetOptions)
Importing 'GUID: 9c675a99d5957c44bac1b7b1edbba119 - Path: Assets/NeoEngGenerated/hero_tileset.tileset/tile_0001.sprite.asset' with importer (NativeFormatImporter)
Imported 'GUID: 9c675a99d5957c44bac1b7b1edbba119' -> (Import Result ID: 'c1a5b41089264367c97e34e6b95a6dc2') in 0.001 seconds [static dependencies only]. Details - ImportResultOutputID=b0980d6811874cae964750a409bcc8a4 DependenciesID=7c5dddeb62f9ed3f50028c0eb9a648da StaticDependenciesID=734d2890a5396fef663f8558b630a3df 
Asset Pipeline Refresh (id=9ae560e717e2d7840b958fd9ea099575): Total: 0.023 seconds - Initiated by StopAssetImportingV2(NoUpdateAssetOptions)
Importing 'GUID: 8c69473c308853f4297e78f0158d61d1 - Path: Assets/NeoEngGenerated/hero_tileset.tileset/tile_0001.tile.asset' with importer (NativeFormatImporter)
Imported 'GUID: 8c69473c308853f4297e78f0158d61d1' -> (Import Result ID: 'dd506f654d7430658005a45a937c0e0f') in 0.002 seconds [static dependencies only]. Details - ImportResultOutputID=cffaacd31aa2af444414a15b951e0597 DependenciesID=6a39fe46d410f7957858c6b527621d48 StaticDependenciesID=72d46106a0349f9686f33756dcfbf7d2 
Asset Pipeline Refresh (id=c77250b55695bfd4db6ddc8ee2ef0cf5): Total: 0.021 seconds - Initiated by StopAssetImportingV2(NoUpdateAssetOptions)
Importing 'GUID: 90db5173b5043d04b88900bda5580815 - Path: Assets/NeoEngGenerated/hero_tileset.tileset/hero_tileset.metadata.asset' with importer (NativeFormatImporter)
Imported 'GUID: 90db5173b5043d04b88900bda5580815' -> (Import Result ID: '20c43bf5aaf36f830ca93030e25140c4') in 0.001 seconds [static dependencies only]. Details - ImportResultOutputID=016c6c61c7c47c8eecc189efe4a6c110 DependenciesID=0adab70a0c66818023e9726bdb09b956 StaticDependenciesID=f234e4c0dc48889cf3d145f0d7121a0d 
Asset Pipeline Refresh (id=9c5e467b6ee795f4f866fbd098029158): Total: 0.023 seconds - Initiated by StopAssetImportingV2(NoUpdateAssetOptions)
Importing 'GUID: 1a509b612deba9243be052a6259901fa - Path: Assets/NeoEngGenerated/hero_tileset.tileset/hero_tileset.prefab' with importer (PrefabImporter)
Imported 'GUID: 1a509b612deba9243be052a6259901fa' -> (Import Result ID: '01c9e2735e62c03ab7790b1fb3dc5915') in 0.013 seconds [static and dynamic dependencies]. Details - ImportResultOutputID=e676b0e0e75a1da66b43d54735827764 DependenciesID=7a2316324a2ac1f7cabe9506535bc467 StaticDependenciesID=b9d527b64970ffb98e5b572519c703e5 
Asset Pipeline Refresh (id=ba79c55d7cf14bb4c85eb2c6e4d459e0): Total: 0.035 seconds - Initiated by StopAssetImportingV2(NoUpdateAssetOptions)
Asset Pipeline Refresh (id=0bb5a4760bf4b5f42b6bd40300599f4d): Total: 0.020 seconds - Initiated by RefreshV2(ForceUpdate)
Loaded scene 'Library/Unused/4d529046d4a23564b9ed3eca701a2744'
	Deserialize:            0.335 ms
	Integration:            1.915 ms
	Integration of assets:  0.002 ms
	Thread Wait Time:       13.544 ms
	Total Operation Time:   15.795 ms
Importing 'GUID: 1a509b612deba9243be052a6259901fa - Path: Assets/NeoEngGenerated/hero_tileset.tileset/hero_tileset.prefab' with importer (PrefabImporter)
Imported 'GUID: 1a509b612deba9243be052a6259901fa' -> (Import Result ID: 'fa3112174daebf23739e2247b30e405d') in 0.003 seconds [static and dynamic dependencies]. Details - ImportResultOutputID=b55b3f77c5a519907fd90f285d1aeb8d DependenciesID=285a6d895401e0dc8803d887ded8e156 StaticDependenciesID=1083ccf3810c98d57ed263bd93a9a948 
Asset Pipeline Refresh (id=98fb5b8f891bfd244998bad498472b65): Total: 0.029 seconds - Initiated by StopAssetImportingV2(NoUpdateAssetOptions)
Asset Pipeline Refresh (id=b6cedddfc3cb2c44db91201efb6e8a00): Total: 0.018 seconds - Initiated by RefreshV2(ForceUpdate)
Importing 'GUID: cac0dbebfd23d8345b28429c8cb4fa6a - Path: Assets/source.png' with importer (TextureImporter)
Imported 'GUID: cac0dbebfd23d8345b28429c8cb4fa6a' -> (Import Result ID: '5fea3c6a6ade6fb89d297304418db3a6') in 0.001 seconds [static and dynamic dependencies]. Details - ImportResultOutputID=409fced418c3c260e13a8293e3b2981b DependenciesID=627b2f242c514fbe70d1f5828466c088 StaticDependenciesID=a5a08cfb12307dcf338751583449cd65 
Asset Pipeline Refresh (id=beaaf95cfaeea93419ac88ddc1c3e5c5): Total: 0.019 seconds - Initiated by StopAssetImportingV2(NoUpdateAssetOptions)
Importing 'GUID: aff7bc8577a57814d92891814cade49e - Path: Assets/frames/frame_0000.png' with importer (TextureImporter)
Imported 'GUID: aff7bc8577a57814d92891814cade49e' -> (Import Result ID: '015137fc09e03df15b31d9123f45c328') in 0.001 seconds [static and dynamic dependencies]. Details - ImportResultOutputID=49b728dcae182578d6cef71182535e9d DependenciesID=6b1f0b12fcd49ecc6b4acca68d3d1964 StaticDependenciesID=b4423f2d65f4301e302d9898de90f81f 
Asset Pipeline Refresh (id=b6cac897d6a966d4095ea248b2bbffb2): Total: 0.018 seconds - Initiated by StopAssetImportingV2(NoUpdateAssetOptions)
Importing 'GUID: 4eff871c65ddb9849bc7da6a0bf3ac8d - Path: Assets/frames/frame_0001.png' with importer (TextureImporter)
Imported 'GUID: 4eff871c65ddb9849bc7da6a0bf3ac8d' -> (Import Result ID: '716c25b0e60ee64eb74a58d3187fbd40') in 0.001 seconds [static and dynamic dependencies]. Details - ImportResultOutputID=72fd07aff91cf7951ca6239a46bfd271 DependenciesID=fb917685c187767170e91df31a112676 StaticDependenciesID=e71985e06a5a3130f0080dfa6c869514 
Asset Pipeline Refresh (id=b25b1c7275dcaf246beb782dededd7da): Total: 0.018 seconds - Initiated by StopAssetImportingV2(NoUpdateAssetOptions)
Importing 'GUID: cac0dbebfd23d8345b28429c8cb4fa6a - Path: Assets/source.png' with importer (TextureImporter)
Imported 'GUID: cac0dbebfd23d8345b28429c8cb4fa6a' -> (Import Result ID: '5fea3c6a6ade6fb89d297304418db3a6') in 0.002 seconds [static and dynamic dependencies]. Details - ImportResultOutputID=409fced418c3c260e13a8293e3b2981b DependenciesID=627b2f242c514fbe70d1f5828466c088 StaticDependenciesID=a5a08cfb12307dcf338751583449cd65 
Asset Pipeline Refresh (id=85fe1df924faa0847a5721826c8a61f8): Total: 0.018 seconds - Initiated by StopAssetImportingV2(NoUpdateAssetOptions)
Importing 'GUID: cac0dbebfd23d8345b28429c8cb4fa6a - Path: Assets/source.png' with importer (TextureImporter)
Imported 'GUID: cac0dbebfd23d8345b28429c8cb4fa6a' -> (Import Result ID: '5fea3c6a6ade6fb89d297304418db3a6') in 0.001 seconds [static and dynamic dependencies]. Details - ImportResultOutputID=409fced418c3c260e13a8293e3b2981b DependenciesID=627b2f242c514fbe70d1f5828466c088 StaticDependenciesID=a5a08cfb12307dcf338751583449cd65 
Asset Pipeline Refresh (id=3325f56a2df1cfa44bca7902187dfaf8): Total: 0.018 seconds - Initiated by StopAssetImportingV2(NoUpdateAssetOptions)
Worker ready: AssetImportWorkerHW0 0
Asset Pipeline Refresh (id=d0590ce44555b9b43a0b1867702cb10b): Total: 0.043 seconds - Initiated by RefreshV2(ForceUpdate)
UNITY_STAGE3_TILESET_CONFLICT_BLOCKED=PASS
UnityEngine.Debug:ExtractStackTraceNoAlloc (byte*,int,string)
UnityEngine.StackTraceUtility:ExtractStackTrace ()
UnityEngine.DebugLogHandler:Internal_Log (UnityEngine.LogType,UnityEngine.LogOption,string,UnityEngine.Object)
UnityEngine.DebugLogHandler:LogFormat (UnityEngine.LogType,UnityEngine.Object,string,object[])
UnityEngine.Logger:Log (UnityEngine.LogType,object)
UnityEngine.Debug:Log (object)
NeoEngStage3Runner:RunConflict (bool) (at Assets/Editor/NeoEngStage3Runner.cs:143)
NeoEngStage3Runner:Begin () (at Assets/Editor/NeoEngStage3Runner.cs:30)
UnityEditor.EditorApplication:Internal_CallDelayFunctions ()

(Filename: Assets/Editor/NeoEngStage3Runner.cs Line: 143)

MonoPathRemapper: Attempts to remap: 5082; Successful remaps: 0
Serialized file version minimum: 23, current 23
[Physics::Module] Cleanup current backend.
[Physics::Module] Id: 0xf2b8ea05
Input System module state changed to: ShutdownInProgress.
Input Polling Thread exited.
Input System module state changed to: Shutdown.
[Licensing::IpcConnector] LicenseClient-<redacted> channel disconnected successfully.
[Licensing::IpcConnector] LicenseClient-<redacted> channel disconnected successfully.
Shut down.
AcceleratorClientConnectionCallback - disconnected - :0
Cleanup mono
CodeReloadManager destroyed
abort_threads: Failed aborting id: 0000000000007B4C, mono_thread_manage will ignore it

abort_threads: Failed aborting id: 0000000000000AE8, mono_thread_manage will ignore it

abort_threads: Failed aborting id: 0000000000007B4C, mono_thread_manage will ignore it

abort_threads: Failed aborting id: 0000000000000AE8, mono_thread_manage will ignore it

debugger-agent: Unable to listen on 3392
Checking for leaked weakptr:
  Found no leaked weakptrs.
[Package Manager] Server process was shutdown
##utp:{"type":"MemoryLeaks","version":2,"phase":"Immediate","time":1787003233754,"processId: <redacted>,"allocatedMemory":11412261,"memoryLabels":[{"Default":172498},{"Permanent":15516},{"NewDelete":65763},{"Thread":4197560},{"Manager":33605},{"VertexData":8},{"Geometry":816},{"Texture":24},{"Shader":831192},{"Material":24},{"GfxDevice":55328},{"Animation":5816},{"Audio":1544},{"FreeType":8},{"FontEngine":736},{"Physics":2146},{"Physics2D":16},{"Serialization":912},{"Input":42840},{"JobScheduler":256},{"TextLib":280},{"Mono":48},{"ScriptingNativeRuntime":674964},{"BaseObject":1627168},{"Resource":1208},{"Renderer":3080},{"Transform":4685},{"File":1032},{"WebCam":616},{"Culling":32},{"Terrain":11442},{"Wind":24},{"STL":40},{"String":37336},{"StaticString":3808},{"Utility":2673782},{"Curl":2559},{"PoolAlloc":2168},{"AI":80},{"TypeTree":17165},{"CodeReload":448},{"RuntimeInitializeOnLoadManager":64},{"Sprites":102},{"SpriteAtlas":120},{"GI":7816},{"Director":3432},{"CloudService":16424},{"WebRequest":552},{"VR":47114},{"SceneManager":608},{"Video":64},{"LazyScriptCache":32},{"Camera":17},{"Secure":2377},{"Image":65536},{"SerializationCache":1576},{"APIUpdating":10320},{"Subsystems":336},{"VirtualTexturing":57888},{"StaticSafetyDebugInfo":278528},{"Analytics":552},{"Hierarchy":1176},{"UIElements":72},{"CoreStats":13688},{"Identifiers":6768},{"Gui":128},{"EditorUtility":98480},{"VersionControl":8},{"Undo":931},{"AssetDatabase":252521},{"AssetImporter":40},{"EditorGi":328},{"UnityConnect":38929},{"Upm":1912},{"UpmDiagnostics":8},{"AssetCompliance":64},{"DrivenProperties":72},{"LocalIPC":211},{"ProfilerEditor":9746},{"CoreBusinessMetrics":3500},{"Windowing":456},{"Licensing":1232},{"AssetReference":32},{"IPCStream":32}]}
